

   Time         sum(rTop)     sum(rRoot)    sum(vTop)     sum(vRoot)     sum(vBot)    hTop       hRoot      hBot      A-level
    [T]           [L]           [L]           [L]           [L]            [L]        [L]         [L]       [L] 

     1.00000  0.000000E+00  0.000000E+00  0.244861E-07  0.000000E+00 -0.555813E-05    -15.009     -7.550    -15.005       1
     2.00000  0.355600E-01  0.000000E+00  0.355600E-01  0.000000E+00 -0.111014E-04    -47.004     -7.551    -15.009       2
     3.00000  0.142240E+00  0.000000E+00  0.142240E+00  0.000000E+00 -0.166446E-04  -6497.053     -7.568    -15.014       3
     4.00000  0.218440E+00  0.000000E+00  0.162201E+00  0.000000E+00 -0.221878E-04***********     -7.608    -15.018       4
     5.00000  0.251460E+00  0.000000E+00  0.162732E+00  0.000000E+00 -0.277162E-04***********     -7.610    -15.023       5
     6.00000  0.299720E+00  0.000000E+00  0.163243E+00  0.000000E+00 -0.332594E-04***********     -7.611    -15.027       6
     7.00000  0.426720E+00  0.000000E+00  0.163738E+00  0.000000E+00 -0.387728E-04***********     -7.613    -15.032       7
     8.00000  0.612140E+00  0.000000E+00  0.164217E+00  0.000000E+00 -0.442863E-04***********     -7.614    -15.036       8
     9.00000  0.789940E+00  0.000000E+00  0.164680E+00  0.000000E+00 -0.497997E-04***********     -7.615    -15.041       9
    10.00000  0.886460E+00  0.000000E+00  0.165128E+00  0.000000E+00 -0.553131E-04***********     -7.617    -15.046      10
    11.00000  0.932180E+00  0.000000E+00  0.165562E+00  0.000000E+00 -0.608116E-04***********     -7.618    -15.050      11
    12.00000  0.112522E+01  0.000000E+00  0.165982E+00  0.000000E+00 -0.662953E-04***********     -7.619    -15.055      12
    13.00000  0.135636E+01  0.000000E+00  0.166389E+00  0.000000E+00 -0.717789E-04***********     -7.620    -15.059      13
    14.00000  0.152908E+01  0.000000E+00  0.166783E+00  0.000000E+00 -0.772625E-04***********     -7.621    -15.064      14
    15.00000  0.156210E+01  0.000000E+00  0.167164E+00  0.000000E+00 -0.827462E-04***********     -7.622    -15.068      15
    16.00000  0.158242E+01  0.000000E+00  0.167534E+00  0.000000E+00 -0.882000E-04***********     -7.623    -15.073      16
    17.00000  0.162560E+01  0.000000E+00  0.167892E+00  0.000000E+00 -0.936538E-04***********     -7.624    -15.077      17
    18.00000  0.178562E+01  0.000000E+00  0.168239E+00  0.000000E+00 -0.991076E-04***********     -7.625    -15.082      18
    19.00000  0.189230E+01  0.000000E+00  0.168576E+00  0.000000E+00 -0.104561E-03***********     -7.626    -15.086      19
    20.00000  0.201930E+01  0.000000E+00  0.168902E+00  0.000000E+00 -0.110000E-03***********     -7.627    -15.090      20
    21.00000  0.220218E+01  0.000000E+00  0.169218E+00  0.000000E+00 -0.115424E-03***********     -7.628    -15.095      21
    22.00000  0.228092E+01  0.000000E+00  0.169525E+00  0.000000E+00 -0.120848E-03***********     -7.629    -15.099      22
    23.00000  0.236982E+01  0.000000E+00  0.169822E+00  0.000000E+00 -0.126272E-03***********     -7.630    -15.104      23
    24.00000  0.245364E+01  0.000000E+00  0.170111E+00  0.000000E+00 -0.131696E-03***********     -7.631    -15.108      24
    25.00000  0.251460E+01  0.000000E+00  0.170391E+00  0.000000E+00 -0.137106E-03***********     -7.631    -15.113      25
    26.00000  0.266700E+01  0.000000E+00  0.170663E+00  0.000000E+00 -0.142500E-03***********     -7.632    -15.117      26
    27.00000  0.271272E+01  0.000000E+00  0.170927E+00  0.000000E+00 -0.147894E-03***********     -7.633    -15.122      27
    28.00000  0.274701E+01  0.000000E+00  0.171183E+00  0.000000E+00 -0.153288E-03***********     -7.634    -15.126      28
    29.00000  0.276987E+01  0.000000E+00  0.171432E+00  0.000000E+00 -0.158682E-03***********     -7.634    -15.131      29
    30.00000  0.282575E+01  0.000000E+00  0.171673E+00  0.000000E+00 -0.164047E-03***********     -7.635    -15.135      30
    31.00000  0.292989E+01  0.000000E+00  0.171908E+00  0.000000E+00 -0.169411E-03***********     -7.636    -15.139      31
    32.00000  0.304165E+01  0.000000E+00  0.172136E+00  0.000000E+00 -0.174776E-03***********     -7.636    -15.144      32
    33.00000  0.318643E+01  0.000000E+00  0.172358E+00  0.000000E+00 -0.180140E-03***********     -7.637    -15.148      33
    34.00000  0.344805E+01  0.000000E+00  0.172574E+00  0.000000E+00 -0.185490E-03***********     -7.638    -15.153      34
    35.00000  0.364109E+01  0.000000E+00  0.172783E+00  0.000000E+00 -0.190824E-03***********     -7.638    -15.157      35
    36.00000  0.384175E+01  0.000000E+00  0.172987E+00  0.000000E+00 -0.196159E-03***********     -7.639    -15.161      36
    37.00000  0.399415E+01  0.000000E+00  0.173186E+00  0.000000E+00 -0.201494E-03***********     -7.639    -15.166      37
    38.00000  0.420751E+01  0.000000E+00  0.173378E+00  0.000000E+00 -0.206828E-03***********     -7.640    -15.170      38
    39.00000  0.431165E+01  0.000000E+00  0.173566E+00  0.000000E+00 -0.212133E-03***********     -7.640    -15.175      39
    40.00000  0.454787E+01  0.000000E+00  0.173749E+00  0.000000E+00 -0.217438E-03***********     -7.641    -15.179      40
    41.00000  0.481965E+01  0.000000E+00  0.173927E+00  0.000000E+00 -0.222743E-03***********     -7.641    -15.183      41
    42.00000  0.499745E+01  0.000000E+00  0.174100E+00  0.000000E+00 -0.228047E-03***********     -7.642    -15.188      42
    43.00000  0.531495E+01  0.000000E+00  0.174269E+00  0.000000E+00 -0.233352E-03***********     -7.642    -15.192      43
    44.00000  0.555117E+01  0.000000E+00  0.174433E+00  0.000000E+00 -0.238627E-03***********     -7.643    -15.196      44
    45.00000  0.561721E+01  0.000000E+00  0.174594E+00  0.000000E+00 -0.243902E-03***********     -7.643    -15.201      45
    46.00000  0.574929E+01  0.000000E+00  0.174750E+00  0.000000E+00 -0.249177E-03***********     -7.644    -15.205      46
    47.00000  0.603631E+01  0.000000E+00  0.174902E+00  0.000000E+00 -0.254452E-03***********     -7.644    -15.209      47
    48.00000  0.627761E+01  0.000000E+00  0.175051E+00  0.000000E+00 -0.259712E-03***********     -7.644    -15.214      48
    49.00000  0.642239E+01  0.000000E+00  0.175195E+00  0.000000E+00 -0.264958E-03***********     -7.645    -15.218      49
    50.00000  0.658749E+01  0.000000E+00  0.175337E+00  0.000000E+00 -0.270203E-03***********     -7.645    -15.222      50
    51.00000  0.666369E+01  0.000000E+00  0.175474E+00  0.000000E+00 -0.275448E-03***********     -7.646    -15.227      51
    52.00000  0.672973E+01  0.000000E+00  0.175609E+00  0.000000E+00 -0.280693E-03***********     -7.646    -15.231      52
    53.00000  0.675259E+01  0.000000E+00  0.175740E+00  0.000000E+00 -0.285909E-03***********     -7.646    -15.235      53
    54.00000  0.677037E+01  0.000000E+00  0.175869E+00  0.000000E+00 -0.291124E-03***********     -7.647    -15.239      54
    55.00000  0.682625E+01  0.000000E+00  0.175994E+00  0.000000E+00 -0.296339E-03***********     -7.647    -15.244      55
    56.00000  0.701167E+01  0.000000E+00  0.176116E+00  0.000000E+00 -0.301555E-03***********     -7.647    -15.248      56
    57.00000  0.721233E+01  0.000000E+00  0.176236E+00  0.000000E+00 -0.306770E-03***********     -7.648    -15.252      57
    58.00000  0.735965E+01  0.000000E+00  0.176353E+00  0.000000E+00 -0.311956E-03***********     -7.648    -15.257      58
    59.00000  0.741553E+01  0.000000E+00  0.176467E+00  0.000000E+00 -0.317141E-03***********     -7.648    -15.261      59
    60.00000  0.753999E+01  0.000000E+00  0.176579E+00  0.000000E+00 -0.322327E-03***********     -7.649    -15.265      60
    61.00000  0.775843E+01  0.000000E+00  0.176688E+00  0.000000E+00 -0.327513E-03***********     -7.649    -15.269      61
    62.00000  0.791337E+01  0.000000E+00  0.176795E+00  0.000000E+00 -0.332683E-03***********     -7.649    -15.274      62
    63.00000  0.808863E+01  0.000000E+00  0.176900E+00  0.000000E+00 -0.337839E-03***********     -7.650    -15.278      63
    64.00000  0.812419E+01  0.000000E+00  0.177002E+00  0.000000E+00 -0.342995E-03***********     -7.650    -15.282      64
    65.00000  0.817499E+01  0.000000E+00  0.177102E+00  0.000000E+00 -0.348151E-03***********     -7.650    -15.286      65
    66.00000  0.823595E+01  0.000000E+00  0.177201E+00  0.000000E+00 -0.353307E-03***********     -7.650    -15.291      66
    67.00000  0.827913E+01  0.000000E+00  0.177297E+00  0.000000E+00 -0.358447E-03***********     -7.651    -15.295      67
    68.00000  0.834263E+01  0.000000E+00  0.177391E+00  0.000000E+00 -0.363573E-03***********     -7.651    -15.299      68
    69.00000  0.837057E+01  0.000000E+00  0.177483E+00  0.000000E+00 -0.368699E-03***********     -7.651    -15.303      69
    70.00000  0.842137E+01  0.000000E+00  0.177574E+00  0.000000E+00 -0.373825E-03***********     -7.651    -15.308      70
    71.00000  0.848741E+01  0.000000E+00  0.177662E+00  0.000000E+00 -0.378951E-03***********     -7.652    -15.312      71
    72.00000  0.866013E+01  0.000000E+00  0.177749E+00  0.000000E+00 -0.384063E-03***********     -7.652    -15.316      72
    73.00000  0.888111E+01  0.000000E+00  0.177835E+00  0.000000E+00 -0.389159E-03***********     -7.652    -15.320      73
    74.00000  0.897509E+01  0.000000E+00  0.177918E+00  0.000000E+00 -0.394255E-03***********     -7.652    -15.324      74
    75.00000  0.908431E+01  0.000000E+00  0.178000E+00  0.000000E+00 -0.399351E-03***********     -7.653    -15.329      75
    76.00000  0.921639E+01  0.000000E+00  0.178081E+00  0.000000E+00 -0.404447E-03***********     -7.653    -15.333      76
    77.00000  0.940943E+01  0.000000E+00  0.178160E+00  0.000000E+00 -0.409514E-03***********     -7.653    -15.337      77
    78.00000  0.956437E+01  0.000000E+00  0.178238E+00  0.000000E+00 -0.414580E-03***********     -7.653    -15.341      78
    79.00000  0.965073E+01  0.000000E+00  0.178314E+00  0.000000E+00 -0.419647E-03***********     -7.653    -15.345      79
    80.00000  0.978027E+01  0.000000E+00  0.178389E+00  0.000000E+00 -0.424713E-03***********     -7.654    -15.349      80
    81.00000  0.991997E+01  0.000000E+00  0.178462E+00  0.000000E+00 -0.429779E-03***********     -7.654    -15.354      81
    82.00000  0.101232E+02  0.000000E+00  0.178535E+00  0.000000E+00 -0.434816E-03***********     -7.654    -15.358      82
    83.00000  0.102781E+02  0.000000E+00  0.178606E+00  0.000000E+00 -0.439852E-03***********     -7.654    -15.362      83
    84.00000  0.103899E+02  0.000000E+00  0.178676E+00  0.000000E+00 -0.444889E-03***********     -7.654    -15.366      84
    85.00000  0.104991E+02  0.000000E+00  0.178744E+00  0.000000E+00 -0.449926E-03***********     -7.655    -15.370      85
    86.00000  0.106693E+02  0.000000E+00  0.178812E+00  0.000000E+00 -0.454962E-03***********     -7.655    -15.374      86
    87.00000  0.107912E+02  0.000000E+00  0.178878E+00  0.000000E+00 -0.459969E-03***********     -7.655    -15.378      87
    88.00000  0.109131E+02  0.000000E+00  0.178944E+00  0.000000E+00 -0.464976E-03***********     -7.655    -15.383      88
    89.00000  0.109944E+02  0.000000E+00  0.179008E+00  0.000000E+00 -0.469983E-03***********     -7.655    -15.387      89
    90.00000  0.111900E+02  0.000000E+00  0.179071E+00  0.000000E+00 -0.474989E-03***********     -7.655    -15.391      90
    91.00000  0.111900E+02  0.254000E+00  0.179071E+00  0.254000E+00 -0.479996E-03-828301.125    -23.223    -15.395      91
    92.00000  0.111900E+02  0.485140E+00  0.179071E+00  0.485140E+00 -0.484973E-03-828629.188    -37.339    -15.399      92
    93.00000  0.111900E+02  0.594360E+00  0.179071E+00  0.594360E+00 -0.489950E-03-828708.438    -50.938    -15.403      93
    94.00000  0.111900E+02  0.660400E+00  0.179071E+00  0.660400E+00 -0.494927E-03-828701.688    -60.268    -15.407      94
    95.00000  0.111900E+02  0.822960E+00  0.179071E+00  0.822960E+00 -0.499904E-03-828705.688    -76.654    -15.411      95
    96.00000  0.111900E+02  0.115570E+01  0.179071E+00  0.112771E+01 -0.504881E-03-828709.688   -146.007    -15.415      96
    97.00000  0.111900E+02  0.152908E+01  0.179071E+00  0.138438E+01 -0.509828E-03-828702.938   -319.843    -15.419      97
    98.00000  0.111900E+02  0.190754E+01  0.179071E+00  0.157418E+01 -0.514776E-03-828706.938   -532.013    -15.423      98
    99.00000  0.111900E+02  0.236474E+01  0.179071E+00  0.173373E+01 -0.519723E-03-828710.938   -726.720    -15.428      99
   100.00000  0.111900E+02  0.291338E+01  0.179071E+00  0.186217E+01 -0.524670E-03-828704.188   -900.228    -15.432     100
   101.00000  0.111900E+02  0.338582E+01  0.179071E+00  0.194079E+01 -0.529617E-03-828708.188  -1041.681    -15.436     101
   102.00000  0.111900E+02  0.356870E+01  0.179071E+00  0.196921E+01 -0.534534E-03-828712.188  -1122.923    -15.440     102
   103.00000  0.111900E+02  0.366522E+01  0.179071E+00  0.198318E+01 -0.539452E-03-828705.438  -1160.052    -15.444     103
   104.00000  0.111900E+02  0.384556E+01  0.179071E+00  0.200645E+01 -0.544369E-03-828709.438  -1200.594    -15.448     104
   105.00000  0.111900E+02  0.413766E+01  0.179071E+00  0.202986E+01 -0.549287E-03-828702.688  -1250.595    -15.452     105
   106.00000  0.111900E+02  0.454406E+01  0.179071E+00  0.205844E+01 -0.554204E-03-828706.688  -1271.642    -15.456     106
   107.00000  0.111900E+02  0.489458E+01  0.179071E+00  0.208256E+01 -0.559092E-03-828710.688  -1287.051    -15.460     107
   108.00000  0.111900E+02  0.501904E+01  0.179071E+00  0.209105E+01 -0.563979E-03-828703.938  -1298.335    -15.464     108
   109.00000  0.111900E+02  0.514350E+01  0.179071E+00  0.209954E+01 -0.568867E-03-828707.938  -1305.728    -15.468     109
   110.00000  0.111900E+02  0.528066E+01  0.179071E+00  0.210889E+01 -0.573754E-03-828711.938  -1316.080    -15.472     110
   111.00000  0.111900E+02  0.539496E+01  0.179071E+00  0.211668E+01 -0.578642E-03-828705.188  -1328.714    -15.476     111
   112.00000  0.111900E+02  0.561086E+01  0.179071E+00  0.213079E+01 -0.583500E-03-828709.188  -1353.154    -15.480     112
   113.00000  0.111900E+02  0.586994E+01  0.179071E+00  0.214255E+01 -0.588357E-03-828702.438  -1395.395    -15.484     113
   114.00000  0.111900E+02  0.615188E+01  0.179071E+00  0.215060E+01 -0.593215E-03-828706.438  -1422.649    -15.488     114
   115.00000  0.111900E+02  0.651256E+01  0.179071E+00  0.215921E+01 -0.598073E-03-828710.438  -1432.195    -15.492     115
   116.00000  0.111900E+02  0.688086E+01  0.179071E+00  0.216765E+01 -0.602931E-03-828703.688  -1435.941    -15.496     116
   117.00000  0.111900E+02  0.711708E+01  0.179071E+00  0.217302E+01 -0.607759E-03-828707.688  -1437.050    -15.500     117
   118.00000  0.111900E+02  0.749554E+01  0.179071E+00  0.218162E+01 -0.612587E-03-828711.688  -1438.473    -15.504     118
   119.00000  0.111900E+02  0.785876E+01  0.179071E+00  0.218987E+01 -0.617415E-03-828704.938  -1440.129    -15.508     119
   120.00000  0.111900E+02  0.827024E+01  0.179071E+00  0.219922E+01 -0.622243E-03-828708.938  -1442.565    -15.512     120
   121.00000  0.111900E+02  0.866648E+01  0.179071E+00  0.231108E+01 -0.627071E-03-828702.188   -694.699    -15.516     121
   122.00000  0.111900E+02  0.901954E+01  0.179071E+00  0.243772E+01 -0.631884E-03-828706.188   -703.909    -15.520     122
   123.00000  0.111900E+02  0.938276E+01  0.179071E+00  0.256797E+01 -0.636682E-03-828710.188   -720.698    -15.524     123
   124.00000  0.111900E+02  0.978154E+01  0.179071E+00  0.269530E+01 -0.641480E-03-828703.438   -753.230    -15.528     124
   125.00000  0.111900E+02  0.100203E+02  0.179071E+00  0.276870E+01 -0.646278E-03-828707.438   -771.425    -15.532     125
   126.00000  0.111900E+02  0.101143E+02  0.179071E+00  0.279720E+01 -0.651076E-03-828711.438   -776.712    -15.536     126
   127.00000  0.111900E+02  0.104038E+02  0.179071E+00  0.288395E+01 -0.655860E-03-828704.688   -780.087    -15.540     127
   128.00000  0.111900E+02  0.107747E+02  0.179071E+00  0.299480E+01 -0.660628E-03-828708.688   -783.908    -15.543     128
   129.00000  0.111900E+02  0.110490E+02  0.179071E+00  0.307679E+01 -0.665396E-03-828701.938   -787.969    -15.547     129
   130.00000  0.111900E+02  0.113741E+02  0.179071E+00  0.317398E+01 -0.670165E-03-828705.938   -792.641    -15.551     130
   131.00000  0.111900E+02  0.116027E+02  0.179071E+00  0.324231E+01 -0.674933E-03-828709.938   -797.838    -15.555     131
   132.00000  0.111900E+02  0.119024E+02  0.179071E+00  0.333190E+01 -0.679687E-03-828703.188   -804.171    -15.559     132
   133.00000  0.111900E+02  0.120853E+02  0.179071E+00  0.338656E+01 -0.684425E-03-828707.188   -811.927    -15.563     133
   134.00000  0.111900E+02  0.122987E+02  0.179071E+00  0.345034E+01 -0.689164E-03-828711.188   -820.372    -15.567     134
   135.00000  0.111900E+02  0.127279E+02  0.179071E+00  0.357779E+01 -0.693902E-03-828704.438   -841.473    -15.571     135
   136.00000  0.111900E+02  0.132461E+02  0.179071E+00  0.371234E+01 -0.698641E-03-828708.438   -892.930    -15.575     136
   137.00000  0.111900E+02  0.134315E+02  0.179071E+00  0.375898E+01 -0.703380E-03-828701.688   -940.300    -15.579     137
   138.00000  0.111900E+02  0.137668E+02  0.179071E+00  0.383030E+01 -0.708088E-03-828705.688   -976.350    -15.583     138
   139.00000  0.111900E+02  0.141935E+02  0.179071E+00  0.391117E+01 -0.712797E-03-828709.688  -1016.187    -15.586     139
   140.00000  0.111900E+02  0.145999E+02  0.179071E+00  0.397782E+01 -0.717506E-03-828702.938  -1057.753    -15.590     140
   141.00000  0.111900E+02  0.150444E+02  0.179071E+00  0.404290E+01 -0.722215E-03-828706.938  -1093.330    -15.594     141
   142.00000  0.111900E+02  0.153949E+02  0.179071E+00  0.408795E+01 -0.726923E-03-828710.938  -1128.203    -15.598     142
   143.00000  0.111900E+02  0.158039E+02  0.179071E+00  0.413569E+01 -0.731602E-03-828704.188  -1151.498    -15.602     143
   144.00000  0.111900E+02  0.160833E+02  0.179071E+00  0.416660E+01 -0.736281E-03-828708.188  -1173.983    -15.606     144
   145.00000  0.111900E+02  0.162306E+02  0.179071E+00  0.418178E+01 -0.740960E-03-828712.188  -1189.581    -15.610     145
   146.00000  0.111900E+02  0.163500E+02  0.179071E+00  0.419331E+01 -0.745639E-03-828705.438  -1200.015    -15.613     146
   147.00000  0.111900E+02  0.164592E+02  0.179071E+00  0.420328E+01 -0.750318E-03-828709.438  -1207.268    -15.617     147
   148.00000  0.111900E+02  0.168377E+02  0.179071E+00  0.423556E+01 -0.754982E-03-828702.688  -1217.694    -15.621     148
   149.00000  0.111900E+02  0.172796E+02  0.179071E+00  0.427173E+01 -0.759631E-03-828706.688  -1231.536    -15.625     149
   150.00000  0.111900E+02  0.177292E+02  0.179071E+00  0.430545E+01 -0.764281E-03-828710.688  -1250.370    -15.629     150
   151.00000  0.111900E+02  0.180645E+02  0.179071E+00  0.432835E+01 -0.768930E-03-828703.938  -1269.467    -15.633     151
   152.00000  0.111900E+02  0.183261E+02  0.179071E+00  0.438373E+01 -0.773579E-03-828707.938   -847.921    -15.636     152
   153.00000  0.111900E+02  0.184302E+02  0.179071E+00  0.441024E+01 -0.778228E-03-828711.938   -853.775    -15.640     153
   154.00000  0.111900E+02  0.186207E+02  0.179071E+00  0.445831E+01 -0.782847E-03-828705.188   -857.838    -15.644     154
   155.00000  0.111900E+02  0.190373E+02  0.179071E+00  0.456252E+01 -0.787467E-03-828709.188   -865.993    -15.648     155
   156.00000  0.111900E+02  0.194132E+02  0.179071E+00  0.465357E+01 -0.792086E-03-828702.438   -880.916    -15.652     156
   157.00000  0.111900E+02  0.197358E+02  0.179071E+00  0.472788E+01 -0.796705E-03-828706.438   -896.244    -15.655     157
   158.00000  0.111900E+02  0.201549E+02  0.179071E+00  0.482025E+01 -0.801325E-03-828710.438   -907.987    -15.659     158
   159.00000  0.111900E+02  0.204394E+02  0.179071E+00  0.488226E+01 -0.805914E-03-828703.688   -915.554    -15.663     159
   160.00000  0.111900E+02  0.206324E+02  0.179071E+00  0.492414E+01 -0.810504E-03-828707.688   -921.273    -15.667     160
   161.00000  0.111900E+02  0.208788E+02  0.179071E+00  0.497754E+01 -0.815094E-03-828711.688   -927.950    -15.671     161
   162.00000  0.111900E+02  0.212903E+02  0.179071E+00  0.506235E+01 -0.819683E-03-828704.938   -940.244    -15.674     162
   163.00000  0.111900E+02  0.217043E+02  0.179071E+00  0.514307E+01 -0.824273E-03-828708.938   -955.931    -15.678     163
   164.00000  0.111900E+02  0.221691E+02  0.179071E+00  0.523042E+01 -0.828847E-03-828702.188   -965.764    -15.682     164
   165.00000  0.111900E+02  0.226187E+02  0.179071E+00  0.531416E+01 -0.833407E-03-828706.188   -974.173    -15.686     165
   166.00000  0.111900E+02  0.228879E+02  0.179071E+00  0.536418E+01 -0.837967E-03-828710.188   -982.882    -15.689     166
   167.00000  0.111900E+02  0.233197E+02  0.179071E+00  0.544076E+01 -0.842527E-03-828703.438   -994.019    -15.693     167
   168.00000  0.111900E+02  0.237134E+02  0.179071E+00  0.550692E+01 -0.847086E-03-828707.438  -1008.395    -15.697     168
   169.00000  0.111900E+02  0.240538E+02  0.179071E+00  0.556188E+01 -0.851646E-03-828711.438  -1018.042    -15.701     169
   170.00000  0.111900E+02  0.245237E+02  0.179071E+00  0.563624E+01 -0.856176E-03-828704.688  -1024.812    -15.704     170
   171.00000  0.111900E+02  0.249682E+02  0.179071E+00  0.570619E+01 -0.860706E-03-828708.688  -1031.920    -15.708     171
   172.00000  0.111900E+02  0.253162E+02  0.179071E+00  0.576087E+01 -0.865236E-03-828701.938  -1039.691    -15.712     172
   173.00000  0.111900E+02  0.257226E+02  0.179071E+00  0.582238E+01 -0.869766E-03-828705.938  -1050.841    -15.715     173
   174.00000  0.111900E+02  0.260426E+02  0.179071E+00  0.586883E+01 -0.874296E-03-828709.938  -1062.815    -15.719     174
   175.00000  0.111900E+02  0.264439E+02  0.179071E+00  0.592401E+01 -0.878811E-03-828703.188  -1074.196    -15.723     175
   176.00000  0.902888E+01  0.267843E+02 -0.108149E+01  0.601539E+01 -0.882655E-03      0.000   -861.044    -15.726     176
   177.00000  0.736768E+01  0.272237E+02 -0.172192E+01  0.616936E+01 -0.887156E-03      0.000   -758.048    -15.730     177
   178.00000  0.539718E+01  0.275641E+02 -0.228571E+01  0.629524E+01 -0.891596E-03      0.000   -655.785    -15.733     178
   179.00000  0.539718E+01  0.279146E+02 -0.228571E+01  0.649894E+01 -0.896081E-03    -10.387   -665.650    -15.737     179
   180.00000  0.209008E+01  0.283845E+02 -0.287996E+01  0.669215E+01 -0.900567E-03      0.000   -619.357    -15.741     180
   181.00000  0.209008E+01  0.288493E+02 -0.287996E+01  0.698143E+01 -0.905082E-03    -10.703   -639.654    -15.745     181
   182.00000 -0.121192E+01  0.294386E+02 -0.348621E+01  0.723649E+01 -0.909537E-03      0.000   -609.448    -15.748     182
   183.00000 -0.121192E+01  0.298882E+02 -0.348621E+01  0.753018E+01 -0.914022E-03    -10.673   -630.271    -15.752     183
   184.00000 -0.368922E+01  0.302641E+02 -0.407771E+01  0.768742E+01 -0.918373E-03      0.000   -619.389    -15.755     184
   185.00000 -0.368922E+01  0.305638E+02 -0.407771E+01  0.789365E+01 -0.922829E-03    -10.233   -611.632    -15.759     185
   186.00000 -0.368922E+01  0.309575E+02 -0.407771E+01  0.815716E+01 -0.927299E-03    -11.758   -642.347    -15.763     186
   187.00000 -0.368922E+01  0.313512E+02 -0.407771E+01  0.840866E+01 -0.931740E-03    -12.906   -672.654    -15.766     187
   188.00000 -0.368922E+01  0.317627E+02 -0.407771E+01  0.866641E+01 -0.936180E-03    -13.886   -693.979    -15.770     188
   189.00000 -0.368922E+01  0.321894E+02 -0.407771E+01  0.893112E+01 -0.940621E-03    -14.554   -712.374    -15.774     189
   190.00000 -0.368922E+01  0.326542E+02 -0.407771E+01  0.921708E+01 -0.945061E-03    -14.919   -729.731    -15.777     190
   191.00000 -0.368922E+01  0.330733E+02 -0.407771E+01  0.947347E+01 -0.949502E-03    -15.243   -748.234    -15.781     191
   192.00000 -0.368922E+01  0.334035E+02 -0.407771E+01  0.967461E+01 -0.953928E-03    -15.638   -767.373    -15.785     192
   193.00000 -0.368922E+01  0.338379E+02 -0.407771E+01  0.993733E+01 -0.958338E-03    -16.103   -791.185    -15.788     193
   194.00000 -0.504943E+01  0.342316E+02 -0.504788E+01  0.101639E+02 -0.962332E-03      0.000   -782.184    -15.792     194
   195.00000 -0.631943E+01  0.345846E+02 -0.564878E+01  0.103332E+02 -0.966698E-03      0.000   -777.018    -15.795     195
   196.00000 -0.758943E+01  0.349987E+02 -0.619348E+01  0.104982E+02 -0.971049E-03      0.000   -771.399    -15.799     196
   197.00000 -0.885943E+01  0.354305E+02 -0.671512E+01  0.106353E+02 -0.975460E-03      0.000   -719.695    -15.802     197
   198.00000 -0.101396E+02  0.358978E+02 -0.722661E+01  0.107703E+02 -0.979930E-03      0.000   -663.689    -15.806     198
   199.00000 -0.126796E+02  0.363423E+02 -0.773186E+01  0.108935E+02 -0.984266E-03      0.000   -597.694    -15.810     199
   200.00000 -0.126796E+02  0.367614E+02 -0.773186E+01  0.112092E+02 -0.988632E-03    -10.595   -592.061    -15.813     200
   201.00000 -0.139496E+02  0.372008E+02 -0.830909E+01  0.114076E+02 -0.993028E-03      0.000   -578.048    -15.817     201
   202.00000 -0.139496E+02  0.376733E+02 -0.830909E+01  0.117630E+02 -0.997394E-03    -10.707   -589.736    -15.820     202
   203.00000 -0.139496E+02  0.381406E+02 -0.830909E+01  0.121139E+02 -0.100176E-02    -12.249   -600.984    -15.824     203
   204.00000 -0.139496E+02  0.386004E+02 -0.830909E+01  0.124582E+02 -0.100611E-02    -13.455   -613.294    -15.828     204
   205.00000 -0.139496E+02  0.390703E+02 -0.830909E+01  0.128092E+02 -0.101046E-02    -14.343   -627.954    -15.831     205
   206.00000 -0.139496E+02  0.395351E+02 -0.830909E+01  0.131557E+02 -0.101481E-02    -14.817   -645.493    -15.835     206
   207.00000 -0.139496E+02  0.399847E+02 -0.830909E+01  0.134894E+02 -0.101916E-02    -15.160   -669.744    -15.838     207
   208.00000 -0.139496E+02  0.403250E+02 -0.830909E+01  0.137385E+02 -0.102352E-02    -15.568   -700.626    -15.842     208
   209.00000 -0.139496E+02  0.406857E+02 -0.830909E+01  0.139957E+02 -0.102785E-02    -16.042   -733.448    -15.846     209
   210.00000 -0.139496E+02  0.410794E+02 -0.830909E+01  0.142730E+02 -0.103217E-02    -16.586   -767.244    -15.849     210
   211.00000 -0.139496E+02  0.414706E+02 -0.830909E+01  0.145476E+02 -0.103649E-02    -17.215   -820.682    -15.853     211
   212.00000 -0.139496E+02  0.418846E+02 -0.830909E+01  0.148027E+02 -0.104082E-02    -17.897   -942.570    -15.856     212
   213.00000 -0.139496E+02  0.423240E+02 -0.830909E+01  0.149674E+02 -0.104514E-02    -18.461  -1101.045    -15.860     213
   214.00000 -0.139496E+02  0.427609E+02 -0.830909E+01  0.150755E+02 -0.104946E-02    -18.702  -1215.929    -15.863     214
   215.00000 -0.139496E+02  0.431571E+02 -0.830909E+01  0.151417E+02 -0.105375E-02    -18.828  -1299.006    -15.867     215
   216.00000 -0.139496E+02  0.435153E+02 -0.830909E+01  0.151781E+02 -0.105804E-02    -18.956  -1361.282    -15.870     216
   217.00000 -0.139496E+02  0.437109E+02 -0.830909E+01  0.151909E+02 -0.106233E-02    -19.083  -1395.514    -15.874     217
   218.00000 -0.139496E+02  0.438607E+02 -0.830909E+01  0.151971E+02 -0.106663E-02    -19.206  -1410.568    -15.877     218
   219.00000 -0.139496E+02  0.442011E+02 -0.830909E+01  0.152059E+02 -0.107092E-02    -19.326  -1419.441    -15.881     219
   220.00000 -0.139496E+02  0.445567E+02 -0.830909E+01  0.152136E+02 -0.107521E-02    -19.442  -1425.236    -15.884     220
   221.00000 -0.139496E+02  0.449631E+02 -0.830909E+01  0.152215E+02 -0.107947E-02    -19.556  -1429.751    -15.888     221
   222.00000 -0.139496E+02  0.454254E+02 -0.830909E+01  0.152300E+02 -0.108373E-02    -19.667  -1433.546    -15.892     222
   223.00000 -0.139496E+02  0.458241E+02 -0.830909E+01  0.152370E+02 -0.108799E-02    -19.774  -1437.469    -15.895     223
   224.00000 -0.139496E+02  0.460934E+02 -0.830909E+01  0.152417E+02 -0.109226E-02    -19.879  -1440.312    -15.899     224
   225.00000 -0.139496E+02  0.464490E+02 -0.830909E+01  0.152475E+02 -0.109652E-02    -19.981  -1442.655    -15.902     225
   226.00000 -0.139496E+02  0.468605E+02 -0.830909E+01  0.152541E+02 -0.110078E-02    -20.080  -1444.815    -15.906     226
   227.00000 -0.139496E+02  0.472974E+02 -0.830909E+01  0.152608E+02 -0.110501E-02    -20.177  -1446.693    -15.909     227
   228.00000 -0.139496E+02  0.476199E+02 -0.830909E+01  0.152658E+02 -0.110924E-02    -20.271  -1448.181    -15.913     228
   229.00000 -0.139496E+02  0.480695E+02 -0.830909E+01  0.152725E+02 -0.111347E-02    -20.363  -1449.691    -15.916     229
   230.00000 -0.139496E+02  0.486232E+02 -0.830909E+01  0.152807E+02 -0.111771E-02    -20.452  -1451.488    -15.919     230
   231.00000 -0.139496E+02  0.489229E+02 -0.830909E+01  0.152852E+02 -0.112194E-02    -20.538  -1452.796    -15.923     231
   232.00000 -0.139496E+02  0.491744E+02 -0.830909E+01  0.152889E+02 -0.112616E-02    -20.623  -1453.818    -15.926     232
   233.00000 -0.139496E+02  0.492938E+02 -0.830909E+01  0.152907E+02 -0.113036E-02    -20.705  -1454.390    -15.930     233
   234.00000 -0.139496E+02  0.496545E+02 -0.830909E+01  0.152960E+02 -0.113456E-02    -20.784  -1455.363    -15.933     234
   235.00000 -0.139496E+02  0.500583E+02 -0.830909E+01  0.153019E+02 -0.113876E-02    -20.862  -1456.662    -15.937     235
   236.00000 -0.139496E+02  0.504215E+02 -0.830909E+01  0.153072E+02 -0.114296E-02    -20.938  -1458.258    -15.940     236
   237.00000 -0.139496E+02  0.507035E+02 -0.830909E+01  0.153113E+02 -0.114717E-02    -21.011  -1459.667    -15.944     237
   238.00000 -0.139496E+02  0.510718E+02 -0.830909E+01  0.153167E+02 -0.115135E-02    -21.083  -1461.194    -15.947     238
   239.00000 -0.139496E+02  0.513918E+02 -0.830909E+01  0.153213E+02 -0.115553E-02    -21.152  -1463.064    -15.951     239
   240.00000 -0.139496E+02  0.516915E+02 -0.830909E+01  0.153257E+02 -0.115970E-02    -21.220  -1464.999    -15.954     240
   241.00000 -0.139496E+02  0.520700E+02 -0.830909E+01  0.153309E+02 -0.116387E-02    -21.286  -1467.063    -15.957     241
   242.00000 -0.139496E+02  0.525348E+02 -0.830909E+01  0.153367E+02 -0.116804E-02    -21.350  -1469.899    -15.961     242
   243.00000 -0.139496E+02  0.529107E+02 -0.830909E+01  0.153414E+02 -0.117221E-02    -21.413  -1472.644    -15.964     243
   244.00000 -0.139496E+02  0.531927E+02 -0.830909E+01  0.211282E+02 -0.117637E-02    -21.474   -291.489    -15.968     244
   245.00000 -0.139496E+02  0.536219E+02 -0.830909E+01  0.254683E+02 -0.118051E-02    -21.533   -364.350    -15.971     245
   246.00000 -0.139496E+02  0.539928E+02 -0.830909E+01  0.265534E+02 -0.118466E-02    -21.590   -533.457    -15.975     246
   247.00000 -0.139496E+02  0.541655E+02 -0.830909E+01  0.268247E+02 -0.118880E-02    -21.647   -696.402    -15.978     247
   248.00000 -0.139496E+02  0.544398E+02 -0.830909E+01  0.268926E+02 -0.119294E-02    -21.701   -766.351    -15.981     248
   249.00000 -0.139496E+02  0.547827E+02 -0.830909E+01  0.269096E+02 -0.119708E-02    -21.754   -788.594    -15.985     249
   250.00000 -0.139496E+02  0.550520E+02 -0.830909E+01  0.269125E+02 -0.120121E-02    -21.806   -795.108    -15.988     250
   251.00000 -0.139496E+02  0.553060E+02 -0.830909E+01  0.269125E+02 -0.120533E-02    -21.856   -795.240    -15.992     251
   252.00000 -0.139496E+02  0.555193E+02 -0.830909E+01  0.269126E+02 -0.120944E-02    -21.905   -795.231    -15.995     252
   253.00000 -0.139496E+02  0.557556E+02 -0.830909E+01  0.269126E+02 -0.121355E-02    -21.953   -795.213    -15.998     253
   254.00000 -0.139496E+02  0.560070E+02 -0.830909E+01  0.269127E+02 -0.121766E-02    -21.999   -795.225    -16.002     254
   255.00000 -0.139496E+02  0.562991E+02 -0.830909E+01  0.269127E+02 -0.122178E-02    -22.044   -795.214    -16.005     255
   256.00000 -0.139496E+02  0.565455E+02 -0.830909E+01  0.269128E+02 -0.122587E-02    -22.088   -795.209    -16.008     256
   257.00000 -0.139496E+02  0.567639E+02 -0.830909E+01  0.269129E+02 -0.122996E-02    -22.130   -795.214    -16.012     257
   258.00000 -0.139496E+02  0.570560E+02 -0.830909E+01  0.269129E+02 -0.123404E-02    -22.172   -795.212    -16.015     258
   259.00000 -0.139496E+02  0.573786E+02 -0.830909E+01  0.269130E+02 -0.123812E-02    -22.212   -795.212    -16.019     259
   260.00000 -0.139496E+02  0.578409E+02 -0.830909E+01  0.269130E+02 -0.124221E-02    -22.252   -795.213    -16.022     260
   261.00000 -0.139496E+02  0.582168E+02 -0.830909E+01  0.269130E+02 -0.124629E-02    -22.290   -795.214    -16.025     261
   262.00000 -0.139496E+02  0.584175E+02 -0.830909E+01  0.269131E+02 -0.125036E-02    -22.327   -795.216    -16.029     262
   263.00000 -0.139496E+02  0.586004E+02 -0.830909E+01  0.269131E+02 -0.125441E-02    -22.363   -795.218    -16.032     263
   264.00000 -0.139496E+02  0.586486E+02 -0.830909E+01  0.269132E+02 -0.125846E-02    -22.398   -795.219    -16.035     264
   265.00000 -0.139496E+02  0.586943E+02 -0.830909E+01  0.269132E+02 -0.126252E-02    -22.433   -795.221    -16.039     265
   266.00000 -0.139496E+02  0.589306E+02 -0.830909E+01  0.269133E+02 -0.126657E-02    -22.466   -795.223    -16.042     266
   267.00000 -0.139496E+02  0.591592E+02 -0.830909E+01  0.269133E+02 -0.127062E-02    -22.499   -795.225    -16.045     267
   268.00000 -0.139496E+02  0.593852E+02 -0.830909E+01  0.269134E+02 -0.127466E-02    -22.530   -795.227    -16.049     268
   269.00000 -0.139496E+02  0.596748E+02 -0.830909E+01  0.269134E+02 -0.127868E-02    -22.561   -795.228    -16.052     269
   270.00000 -0.139496E+02  0.598958E+02 -0.830909E+01  0.269134E+02 -0.128271E-02    -22.591   -795.230    -16.055     270
   271.00000 -0.139496E+02  0.601828E+02 -0.830909E+01  0.269135E+02 -0.128673E-02    -22.620   -795.231    -16.059     271
   272.00000 -0.139496E+02  0.604139E+02 -0.830909E+01  0.269135E+02 -0.129075E-02    -22.648   -795.232    -16.062     272
   273.00000 -0.139496E+02  0.604800E+02 -0.830909E+01  0.269135E+02 -0.129478E-02    -22.676   -795.220    -16.065     273
   274.00000 -0.139268E+02  0.604800E+02 -0.828623E+01  0.269135E+02 -0.129879E-02    -43.690   -795.253    -16.068     274
   275.00000 -0.137083E+02  0.604800E+02 -0.817744E+01  0.269135E+02 -0.130279E-02***********   -795.255    -16.072     275
   276.00000 -0.135737E+02  0.604800E+02 -0.817744E+01  0.269135E+02 -0.130682E-02***********   -795.255    -16.075     276
   277.00000 -0.133832E+02  0.604800E+02 -0.817744E+01  0.269135E+02 -0.131081E-02***********   -795.255    -16.078     277
   278.00000 -0.132638E+02  0.604800E+02 -0.817744E+01  0.269135E+02 -0.131480E-02***********   -795.255    -16.082     278
   279.00000 -0.130683E+02  0.604800E+02 -0.817744E+01  0.269135E+02 -0.131880E-02***********   -795.255    -16.085     279
   280.00000 -0.128803E+02  0.604800E+02 -0.817744E+01  0.269135E+02 -0.132279E-02***********   -795.255    -16.088     280
   281.00000 -0.126466E+02  0.604800E+02 -0.817744E+01  0.269135E+02 -0.132677E-02***********   -795.255    -16.091     281
   282.00000 -0.124053E+02  0.604800E+02 -0.817744E+01  0.269135E+02 -0.133073E-02***********   -795.255    -16.095     282
   283.00000 -0.121945E+02  0.604800E+02 -0.817744E+01  0.269135E+02 -0.133470E-02***********   -795.255    -16.098     283
   284.00000 -0.120396E+02  0.604800E+02 -0.817744E+01  0.269135E+02 -0.133866E-02***********   -795.255    -16.101     284
   285.00000 -0.120192E+02  0.604800E+02 -0.817744E+01  0.269135E+02 -0.134262E-02***********   -795.255    -16.104     285
   286.00000 -0.119456E+02  0.604800E+02 -0.817744E+01  0.269135E+02 -0.134659E-02***********   -795.255    -16.108     286
   287.00000 -0.118084E+02  0.604800E+02 -0.817744E+01  0.269135E+02 -0.135052E-02***********   -795.255    -16.111     287
   288.00000 -0.116306E+02  0.604800E+02 -0.817744E+01  0.269135E+02 -0.135446E-02***********   -795.255    -16.114     288
   289.00000 -0.114477E+02  0.604800E+02 -0.817744E+01  0.269135E+02 -0.135839E-02***********   -795.255    -16.117     289
   290.00000 -0.111988E+02  0.604800E+02 -0.817744E+01  0.269135E+02 -0.136232E-02***********   -795.255    -16.121     290
   291.00000 -0.108356E+02  0.604800E+02 -0.817744E+01  0.269135E+02 -0.136626E-02***********   -795.255    -16.124     291
   292.00000 -0.104140E+02  0.604800E+02 -0.817744E+01  0.269135E+02 -0.137019E-02***********   -795.255    -16.127     292
   293.00000 -0.101447E+02  0.604800E+02 -0.817744E+01  0.269135E+02 -0.137411E-02***********   -795.255    -16.130     293
   294.00000 -0.100355E+02  0.604800E+02 -0.817744E+01  0.269135E+02 -0.137801E-02***********   -795.255    -16.134     294
   295.00000 -0.996691E+01  0.604800E+02 -0.817744E+01  0.269135E+02 -0.138192E-02***********   -795.255    -16.137     295
   296.00000 -0.993389E+01  0.604800E+02 -0.817744E+01  0.269135E+02 -0.138582E-02***********   -795.255    -16.140     296
   297.00000 -0.991103E+01  0.604800E+02 -0.817744E+01  0.269135E+02 -0.138973E-02***********   -795.255    -16.143     297
   298.00000 -0.988309E+01  0.604800E+02 -0.817744E+01  0.269135E+02 -0.139363E-02***********   -795.255    -16.146     298
   299.00000 -0.985769E+01  0.604800E+02 -0.817744E+01  0.269135E+02 -0.139754E-02***********   -795.255    -16.150     299
   300.00000 -0.983483E+01  0.604800E+02 -0.817744E+01  0.269135E+02 -0.140141E-02***********   -795.255    -16.153     300
   301.00000 -0.979419E+01  0.604800E+02 -0.817744E+01  0.269135E+02 -0.140528E-02***********   -795.255    -16.156     301
   302.00000 -0.972815E+01  0.604800E+02 -0.817744E+01  0.269135E+02 -0.140916E-02***********   -795.255    -16.159     302
   303.00000 -0.962655E+01  0.604800E+02 -0.817744E+01  0.269135E+02 -0.141303E-02***********   -795.255    -16.162     303
   304.00000 -0.949193E+01  0.604800E+02 -0.817744E+01  0.269135E+02 -0.141691E-02***********   -795.255    -16.166     304
   305.00000 -0.933445E+01  0.604800E+02 -0.817744E+01  0.269135E+02 -0.142078E-02***********   -795.255    -16.169     305
   306.00000 -0.922269E+01  0.604800E+02 -0.817744E+01  0.269135E+02 -0.142463E-02***********   -795.255    -16.172     306
   307.00000 -0.907791E+01  0.604800E+02 -0.817744E+01  0.269135E+02 -0.142847E-02***********   -795.255    -16.175     307
   308.00000 -0.888741E+01  0.604800E+02 -0.817744E+01  0.269135E+02 -0.143231E-02***********   -795.255    -16.178     308
   309.00000 -0.864865E+01  0.604800E+02 -0.817744E+01  0.269135E+02 -0.143616E-02***********   -795.255    -16.181     309
   310.00000 -0.853435E+01  0.604800E+02 -0.817744E+01  0.269135E+02 -0.144000E-02***********   -795.255    -16.185     310
   311.00000 -0.833115E+01  0.604800E+02 -0.817744E+01  0.269135E+02 -0.144385E-02***********   -795.255    -16.188     311
   312.00000 -0.820161E+01  0.604800E+02 -0.817744E+01  0.269135E+02 -0.144768E-02***********   -795.255    -16.191     312
   313.00000 -0.807715E+01  0.604800E+02 -0.817744E+01  0.269135E+02 -0.145149E-02***********   -795.255    -16.194     313
   314.00000 -0.792221E+01  0.604800E+02 -0.817744E+01  0.269135E+02 -0.145531E-02***********   -795.255    -16.197     314
   315.00000 -0.763265E+01  0.604800E+02 -0.817744E+01  0.269135E+02 -0.145912E-02***********   -795.255    -16.200     315
   316.00000 -0.749803E+01  0.604800E+02 -0.817744E+01  0.269135E+02 -0.146294E-02***********   -795.255    -16.203     316
   317.00000 -0.724911E+01  0.604800E+02 -0.817744E+01  0.269135E+02 -0.146675E-02***********   -795.255    -16.207     317
   318.00000 -0.706369E+01  0.604800E+02 -0.817744E+01  0.269135E+02 -0.147057E-02***********   -795.255    -16.210     318
   319.00000 -0.687573E+01  0.604800E+02 -0.817744E+01  0.269135E+02 -0.147435E-02***********   -795.255    -16.213     319
   320.00000 -0.677667E+01  0.604800E+02 -0.817744E+01  0.269135E+02 -0.147814E-02***********   -795.255    -16.216     320
   321.00000 -0.650235E+01  0.604800E+02 -0.817744E+01  0.269135E+02 -0.148192E-02***********   -795.256    -16.219     321
   322.00000 -0.630931E+01  0.604800E+02 -0.817744E+01  0.269135E+02 -0.148571E-02***********   -795.256    -16.222     322
   323.00000 -0.612135E+01  0.604800E+02 -0.817744E+01  0.269135E+02 -0.148949E-02***********   -795.256    -16.225     323
   324.00000 -0.595625E+01  0.604800E+02 -0.817744E+01  0.269135E+02 -0.149328E-02***********   -795.256    -16.228     324
   325.00000 -0.562351E+01  0.604800E+02 -0.817744E+01  0.269135E+02 -0.149706E-02***********   -795.256    -16.232     325
   326.00000 -0.547111E+01  0.604800E+02 -0.817744E+01  0.269135E+02 -0.150082E-02***********   -795.256    -16.235     326
   327.00000 -0.546095E+01  0.604800E+02 -0.817744E+01  0.269135E+02 -0.150457E-02***********   -795.256    -16.238     327
   328.00000 -0.544317E+01  0.604800E+02 -0.817744E+01  0.269135E+02 -0.150833E-02***********   -795.256    -16.241     328
   329.00000 -0.538221E+01  0.604800E+02 -0.817744E+01  0.269135E+02 -0.151208E-02***********   -795.256    -16.244     329
   330.00000 -0.532379E+01  0.604800E+02 -0.817744E+01  0.269135E+02 -0.151584E-02***********   -795.256    -16.247     330
   331.00000 -0.514091E+01  0.604800E+02 -0.817744E+01  0.269135E+02 -0.151959E-02***********   -795.256    -16.250     331
   332.00000 -0.485897E+01  0.604800E+02 -0.817744E+01  0.269135E+02 -0.152332E-02***********   -795.256    -16.253     332
   333.00000 -0.475229E+01  0.604800E+02 -0.817744E+01  0.269135E+02 -0.152704E-02***********   -795.256    -16.256     333
   334.00000 -0.472689E+01  0.604800E+02 -0.817744E+01  0.269135E+02 -0.153077E-02***********   -795.256    -16.259     334
   335.00000 -0.461259E+01  0.604800E+02 -0.817744E+01  0.269135E+02 -0.153449E-02***********   -795.256    -16.262     335
   336.00000 -0.444749E+01  0.604800E+02 -0.817744E+01  0.269135E+02 -0.153822E-02***********   -795.256    -16.265     336
   337.00000 -0.427731E+01  0.604800E+02 -0.817744E+01  0.269135E+02 -0.154194E-02***********   -795.256    -16.268     337
   338.00000 -0.411475E+01  0.604800E+02 -0.817744E+01  0.269135E+02 -0.154567E-02***********   -795.256    -16.272     338
   339.00000 -0.377693E+01  0.604800E+02 -0.817744E+01  0.269135E+02 -0.154936E-02***********   -795.256    -16.275     339
   340.00000 -0.352547E+01  0.604800E+02 -0.817744E+01  0.269135E+02 -0.155306E-02***********   -795.256    -16.278     340
   341.00000 -0.343403E+01  0.604800E+02 -0.817744E+01  0.269135E+02 -0.155675E-02***********   -795.256    -16.281     341
   342.00000 -0.340101E+01  0.604800E+02 -0.817744E+01  0.269135E+02 -0.156045E-02***********   -795.256    -16.284     342
   343.00000 -0.326131E+01  0.604800E+02 -0.817744E+01  0.269135E+02 -0.156415E-02***********   -795.256    -16.287     343
   344.00000 -0.305049E+01  0.604800E+02 -0.817744E+01  0.269135E+02 -0.156784E-02***********   -795.256    -16.290     344
   345.00000 -0.300477E+01  0.604800E+02 -0.817744E+01  0.269135E+02 -0.157154E-02***********   -795.256    -16.293     345
   346.00000 -0.296413E+01  0.604800E+02 -0.817744E+01  0.269135E+02 -0.157520E-02***********   -795.256    -16.296     346
   347.00000 -0.282697E+01  0.604800E+02 -0.817744E+01  0.269135E+02 -0.157887E-02***********   -795.256    -16.299     347
   348.00000 -0.271013E+01  0.604800E+02 -0.817744E+01  0.269135E+02 -0.158253E-02***********   -795.256    -16.302     348
   349.00000 -0.260345E+01  0.604800E+02 -0.817744E+01  0.269135E+02 -0.158620E-02***********   -795.256    -16.305     349
   350.00000 -0.227325E+01  0.604800E+02 -0.817744E+01  0.269135E+02 -0.158986E-02***********   -795.256    -16.308     350
   351.00000 -0.220721E+01  0.604800E+02 -0.817744E+01  0.269135E+02 -0.159353E-02***********   -795.256    -16.311     351
   352.00000 -0.197861E+01  0.604800E+02 -0.817744E+01  0.269135E+02 -0.159718E-02***********   -795.256    -16.314     352
   353.00000 -0.178557E+01  0.604800E+02 -0.817744E+01  0.269135E+02 -0.160082E-02***********   -795.256    -16.317     353
   354.00000 -0.157983E+01  0.604800E+02 -0.817744E+01  0.269135E+02 -0.160445E-02***********   -795.256    -16.320     354
   355.00000 -0.141473E+01  0.604800E+02 -0.817744E+01  0.269135E+02 -0.160809E-02***********   -795.256    -16.323     355
   356.00000 -0.121153E+01  0.604800E+02 -0.817744E+01  0.269135E+02 -0.161172E-02***********   -795.256    -16.326     356
   357.00000 -0.113787E+01  0.604800E+02 -0.817744E+01  0.269135E+02 -0.161536E-02***********   -795.256    -16.329     357
   358.00000 -0.106167E+01  0.604800E+02 -0.817744E+01  0.269135E+02 -0.161900E-02***********   -795.256    -16.332     358
   359.00000 -0.932131E+00  0.604800E+02 -0.817744E+01  0.269135E+02 -0.162260E-02***********   -795.256    -16.335     359
   360.00000 -0.767031E+00  0.604800E+02 -0.817744E+01  0.269135E+02 -0.162621E-02***********   -795.256    -16.338     360
   361.00000 -0.675591E+00  0.604800E+02 -0.817744E+01  0.269135E+02 -0.162981E-02***********   -795.256    -16.341     361
   362.00000 -0.485091E+00  0.604800E+02 -0.817744E+01  0.269135E+02 -0.163342E-02***********   -795.256    -16.344     362
   363.00000 -0.406351E+00  0.604800E+02 -0.817744E+01  0.269135E+02 -0.163703E-02***********   -795.256    -16.347     363
   364.00000 -0.373331E+00  0.604800E+02 -0.817744E+01  0.269135E+02 -0.164063E-02***********   -795.256    -16.350     364
   365.00000 -0.266651E+00  0.604800E+02 -0.817744E+01  0.269135E+02 -0.164424E-02***********   -795.256    -16.353     365
   366.00000 -0.139651E+00  0.604800E+02 -0.817744E+01  0.269135E+02 -0.164782E-02***********   -795.256    -16.356     366
   367.00000 -0.228106E-01  0.604800E+02 -0.817744E+01  0.269135E+02 -0.165139E-02***********   -795.257    -16.358     367
   368.00000  0.178294E-01  0.604800E+02 -0.817744E+01  0.269135E+02 -0.165497E-02***********   -795.257    -16.361     368
   369.00000  0.129589E+00  0.604800E+02 -0.817744E+01  0.269135E+02 -0.165854E-02***********   -795.257    -16.364     369
   370.00000  0.221029E+00  0.604800E+02 -0.817744E+01  0.269135E+02 -0.166212E-02***********   -795.257    -16.367     370
   371.00000  0.373429E+00  0.604800E+02 -0.817744E+01  0.269135E+02 -0.166570E-02***********   -795.257    -16.370     371
   372.00000  0.401369E+00  0.604800E+02 -0.817744E+01  0.269135E+02 -0.166927E-02***********   -795.257    -16.373     372
   373.00000  0.485189E+00  0.604800E+02 -0.817744E+01  0.269135E+02 -0.167282E-02***********   -795.257    -16.376     373
   374.00000  0.675689E+00  0.604800E+02 -0.817744E+01  0.269135E+02 -0.167637E-02***********   -795.257    -16.379     374
   375.00000  0.713789E+00  0.604800E+02 -0.817744E+01  0.269135E+02 -0.167991E-02***********   -795.257    -16.382     375
   376.00000  0.729029E+00  0.604800E+02 -0.817744E+01  0.269135E+02 -0.168346E-02***********   -795.257    -16.385     376
   377.00000  0.734109E+00  0.604800E+02 -0.817744E+01  0.269135E+02 -0.168701E-02***********   -795.257    -16.388     377
   378.00000  0.741729E+00  0.604800E+02 -0.817744E+01  0.269135E+02 -0.169055E-02***********   -795.257    -16.391     378
   379.00000  0.746809E+00  0.604800E+02 -0.817744E+01  0.269135E+02 -0.169410E-02***********   -795.257    -16.394     379
   380.00000  0.767129E+00  0.604800E+02 -0.817744E+01  0.269135E+02 -0.169761E-02***********   -795.257    -16.397     380
   381.00000  0.845869E+00  0.604800E+02 -0.817744E+01  0.269135E+02 -0.170113E-02***********   -795.257    -16.399     381
   382.00000  0.863649E+00  0.604800E+02 -0.817744E+01  0.269135E+02 -0.170465E-02***********   -795.257    -16.402     382
   383.00000  0.880159E+00  0.604800E+02 -0.817744E+01  0.269135E+02 -0.170816E-02***********   -795.257    -16.405     383
   384.00000  0.895399E+00  0.604800E+02 -0.817744E+01  0.269135E+02 -0.171168E-02***********   -795.257    -16.408     384
   385.00000  0.100970E+01  0.604800E+02 -0.817744E+01  0.269135E+02 -0.171520E-02***********   -795.257    -16.411     385
   386.00000  0.113924E+01  0.604800E+02 -0.817744E+01  0.269135E+02 -0.171871E-02***********   -795.257    -16.414     386
   387.00000  0.117734E+01  0.604800E+02 -0.817744E+01  0.269135E+02 -0.172222E-02***********   -795.257    -16.417     387
   388.00000  0.133228E+01  0.604800E+02 -0.817744E+01  0.269135E+02 -0.172570E-02***********   -795.257    -16.420     388
   389.00000  0.147960E+01  0.604800E+02 -0.817744E+01  0.269135E+02 -0.172919E-02***********   -795.257    -16.422     389
   390.00000  0.164470E+01  0.604800E+02 -0.817744E+01  0.269135E+02 -0.173268E-02***********   -795.257    -16.425     390
   391.00000  0.183774E+01  0.604800E+02 -0.817744E+01  0.269135E+02 -0.173616E-02***********   -795.257    -16.428     391
   392.00000  0.204348E+01  0.604800E+02 -0.817744E+01  0.269135E+02 -0.173965E-02***********   -795.257    -16.431     392
   393.00000  0.230510E+01  0.604800E+02 -0.817744E+01  0.269135E+02 -0.174314E-02***********   -795.257    -16.434     393
   394.00000  0.252862E+01  0.604800E+02 -0.817744E+01  0.269135E+02 -0.174661E-02***********   -795.257    -16.437     394
   395.00000  0.277754E+01  0.604800E+02 -0.817744E+01  0.269135E+02 -0.175007E-02***********   -795.257    -16.440     395
   396.00000  0.301884E+01  0.604800E+02 -0.817744E+01  0.269135E+02 -0.175352E-02***********   -795.257    -16.443     396
   397.00000  0.321442E+01  0.604800E+02 -0.817744E+01  0.269135E+02 -0.175698E-02***********   -795.257    -16.445     397
   398.00000  0.329570E+01  0.604800E+02 -0.817744E+01  0.269135E+02 -0.176044E-02***********   -795.257    -16.448     398
   399.00000  0.332618E+01  0.604800E+02 -0.817744E+01  0.269135E+02 -0.176390E-02***********   -795.257    -16.451     399
   400.00000  0.336428E+01  0.604800E+02 -0.817744E+01  0.269135E+02 -0.176735E-02***********   -795.257    -16.454     400
   401.00000  0.341000E+01  0.604800E+02 -0.817744E+01  0.269135E+02 -0.177078E-02***********   -795.257    -16.457     401
   402.00000  0.343794E+01  0.604800E+02 -0.817744E+01  0.269135E+02 -0.177421E-02***********   -795.257    -16.460     402
   403.00000  0.347096E+01  0.604800E+02 -0.817744E+01  0.269135E+02 -0.177763E-02***********   -795.257    -16.462     403
   404.00000  0.350906E+01  0.604800E+02 -0.817744E+01  0.269135E+02 -0.178106E-02***********   -795.257    -16.465     404
   405.00000  0.354716E+01  0.604800E+02 -0.817744E+01  0.269135E+02 -0.178449E-02***********   -795.257    -16.468     405
   406.00000  0.361574E+01  0.604800E+02 -0.817744E+01  0.269135E+02 -0.178792E-02***********   -795.257    -16.471     406
   407.00000  0.369194E+01  0.604800E+02 -0.817744E+01  0.269135E+02 -0.179134E-02***********   -795.257    -16.474     407
   408.00000  0.376306E+01  0.604800E+02 -0.817744E+01  0.269135E+02 -0.179476E-02***********   -795.257    -16.476     408
   409.00000  0.379862E+01  0.604800E+02 -0.817744E+01  0.269135E+02 -0.179815E-02***********   -795.257    -16.479     409
   410.00000  0.383037E+01  0.604800E+02 -0.817744E+01  0.269135E+02 -0.180155E-02***********   -795.257    -16.482     410
   411.00000  0.385831E+01  0.604800E+02 -0.817744E+01  0.269135E+02 -0.180495E-02***********   -795.257    -16.485     411
   412.00000  0.389133E+01  0.604800E+02 -0.817744E+01  0.269135E+02 -0.180835E-02***********   -795.257    -16.488     412
   413.00000  0.398023E+01  0.604800E+02 -0.817744E+01  0.269135E+02 -0.181174E-02***********   -795.257    -16.490     413
   414.00000  0.413263E+01  0.604800E+02 -0.817744E+01  0.269135E+02 -0.181514E-02***********   -795.257    -16.493     414
   415.00000  0.423423E+01  0.604800E+02 -0.817744E+01  0.269135E+02 -0.181852E-02***********   -795.257    -16.496     415
   416.00000  0.440949E+01  0.604800E+02 -0.817744E+01  0.269135E+02 -0.182191E-02***********   -795.257    -16.499     416
   417.00000  0.454411E+01  0.604800E+02 -0.817744E+01  0.269135E+02 -0.182527E-02***********   -795.257    -16.502     417
   418.00000  0.467111E+01  0.604800E+02 -0.817744E+01  0.269135E+02 -0.182864E-02***********   -795.257    -16.504     418
   419.00000  0.487177E+01  0.604800E+02 -0.817744E+01  0.269135E+02 -0.183201E-02***********   -795.258    -16.507     419
   420.00000  0.504195E+01  0.604800E+02 -0.817744E+01  0.269135E+02 -0.183538E-02***********   -795.258    -16.510     420
   421.00000  0.530357E+01  0.604800E+02 -0.817744E+01  0.269135E+02 -0.183874E-02***********   -795.258    -16.513     421
   422.00000  0.539755E+01  0.604800E+02 -0.817744E+01  0.269135E+02 -0.184211E-02***********   -795.258    -16.515     422
   423.00000  0.544835E+01  0.604800E+02 -0.817744E+01  0.269135E+02 -0.184546E-02***********   -795.258    -16.518     423
   424.00000  0.567187E+01  0.604800E+02 -0.817744E+01  0.269135E+02 -0.184880E-02***********   -795.258    -16.521     424
   425.00000  0.600207E+01  0.604800E+02 -0.817744E+01  0.269135E+02 -0.185214E-02***********   -795.258    -16.524     425
   426.00000  0.619765E+01  0.604800E+02 -0.817744E+01  0.269135E+02 -0.185548E-02***********   -795.258    -16.526     426
   427.00000  0.623829E+01  0.604800E+02 -0.817744E+01  0.269135E+02 -0.185882E-02***********   -795.258    -16.529     427
   428.00000  0.628147E+01  0.604800E+02 -0.817744E+01  0.269135E+02 -0.186215E-02***********   -795.258    -16.532     428
   429.00000  0.633481E+01  0.604800E+02 -0.817744E+01  0.269135E+02 -0.186549E-02***********   -795.258    -16.535     429
   430.00000  0.642625E+01  0.604800E+02 -0.817744E+01  0.269135E+02 -0.186881E-02***********   -795.258    -16.537     430
   431.00000  0.650245E+01  0.604800E+02 -0.817744E+01  0.269135E+02 -0.187212E-02***********   -795.258    -16.540     431
   432.00000  0.661929E+01  0.604800E+02 -0.817744E+01  0.269135E+02 -0.187543E-02***********   -795.258    -16.543     432
   433.00000  0.693679E+01  0.604800E+02 -0.817744E+01  0.269135E+02 -0.187874E-02***********   -795.258    -16.546     433
   434.00000  0.735335E+01  0.604800E+02 -0.817744E+01  0.269135E+02 -0.188205E-02***********   -795.258    -16.548     434
   435.00000  0.766577E+01  0.604800E+02 -0.817744E+01  0.269135E+02 -0.188535E-02***********   -795.258    -16.551     435
   436.00000  0.788167E+01  0.604800E+02 -0.817744E+01  0.269135E+02 -0.188866E-02***********   -795.258    -16.554     436
   437.00000  0.812043E+01  0.604800E+02 -0.817744E+01  0.269135E+02 -0.189197E-02***********   -795.258    -16.556     437
   438.00000  0.825759E+01  0.604800E+02 -0.817744E+01  0.269135E+02 -0.189525E-02***********   -795.258    -16.559     438
   439.00000  0.839475E+01  0.604800E+02 -0.817744E+01  0.269135E+02 -0.189853E-02***********   -795.258    -16.562     439
   440.00000  0.861573E+01  0.604800E+02 -0.817744E+01  0.269135E+02 -0.190181E-02***********   -795.258    -16.564     440
   441.00000  0.878083E+01  0.604800E+02 -0.817744E+01  0.269135E+02 -0.190508E-02***********   -795.258    -16.567     441
   442.00000  0.896371E+01  0.604800E+02 -0.817744E+01  0.269135E+02 -0.190836E-02***********   -795.258    -16.570     442
   443.00000  0.925581E+01  0.604800E+02 -0.817744E+01  0.269135E+02 -0.191164E-02***********   -795.258    -16.573     443
   444.00000  0.947679E+01  0.604800E+02 -0.817744E+01  0.269135E+02 -0.191492E-02***********   -795.258    -16.575     444
   445.00000  0.954283E+01  0.604800E+02 -0.817744E+01  0.269135E+02 -0.191820E-02***********   -795.258    -16.578     445
   446.00000  0.965713E+01  0.604800E+02 -0.817744E+01  0.269135E+02 -0.192145E-02***********   -795.258    -16.581     446
   447.00000  0.972571E+01  0.604800E+02 -0.817744E+01  0.269135E+02 -0.192469E-02***********   -795.258    -16.583     447
   448.00000  0.976381E+01  0.604800E+02 -0.817744E+01  0.269135E+02 -0.192794E-02***********   -795.258    -16.586     448
   449.00000  0.984255E+01  0.604800E+02 -0.817744E+01  0.269135E+02 -0.193119E-02***********   -795.258    -16.589     449
   450.00000  0.996193E+01  0.604800E+02 -0.817744E+01  0.269135E+02 -0.193444E-02***********   -795.258    -16.591     450
   451.00000  0.101016E+02  0.604800E+02 -0.817744E+01  0.269135E+02 -0.193769E-02***********   -795.258    -16.594     451
   452.00000  0.103480E+02  0.604800E+02 -0.817744E+01  0.269135E+02 -0.194094E-02***********   -795.258    -16.597     452
   453.00000  0.104801E+02  0.604800E+02 -0.817744E+01  0.269135E+02 -0.194417E-02***********   -795.258    -16.599     453
   454.00000  0.105741E+02  0.604800E+02 -0.817744E+01  0.269135E+02 -0.194739E-02***********   -795.258    -16.602     454
   455.00000  0.106884E+02  0.604800E+02 -0.817744E+01  0.269135E+02 -0.195061E-02***********   -795.258    -16.605     455
   456.00000  0.107290E+02  0.604800E+02 -0.817744E+01  0.269135E+02 -0.195383E-02***********   -795.258    -16.607     456
   457.00000  0.107290E+02  0.607289E+02 -0.817744E+01  0.269135E+02 -0.195704E-02***********  -1600.798    -16.610     457
   458.00000  0.107290E+02  0.611124E+02 -0.817744E+01  0.269135E+02 -0.196026E-02***********  -1600.798    -16.613     458
   459.00000  0.107290E+02  0.614451E+02 -0.817744E+01  0.269135E+02 -0.196348E-02***********  -1600.798    -16.615     459
   460.00000  0.107290E+02  0.614985E+02 -0.817744E+01  0.269135E+02 -0.196670E-02***********  -1600.798    -16.618     460
   461.00000  0.107290E+02  0.615391E+02 -0.817744E+01  0.269135E+02 -0.196989E-02***********  -1600.798    -16.620     461
   462.00000  0.107290E+02  0.615925E+02 -0.817744E+01  0.269135E+02 -0.197308E-02***********  -1600.798    -16.623     462
   463.00000  0.107290E+02  0.616915E+02 -0.817744E+01  0.269135E+02 -0.197627E-02***********  -1600.798    -16.626     463
   464.00000  0.107290E+02  0.619481E+02 -0.817744E+01  0.269135E+02 -0.197946E-02***********  -1600.798    -16.628     464
   465.00000  0.107290E+02  0.623113E+02 -0.817744E+01  0.269135E+02 -0.198264E-02***********  -1600.798    -16.631     465
   466.00000  0.107290E+02  0.625399E+02 -0.817744E+01  0.269135E+02 -0.198583E-02***********  -1600.798    -16.634     466
   467.00000  0.107290E+02  0.628472E+02 -0.817744E+01  0.269135E+02 -0.198902E-02***********  -1600.798    -16.636     467
   468.00000  0.107290E+02  0.631520E+02 -0.817744E+01  0.269135E+02 -0.199221E-02***********  -1600.798    -16.639     468
   469.00000  0.107290E+02  0.635330E+02 -0.817744E+01  0.269135E+02 -0.199537E-02***********  -1600.798    -16.641     469
   470.00000  0.107290E+02  0.638429E+02 -0.817744E+01  0.269135E+02 -0.199853E-02***********  -1600.798    -16.644     470
   471.00000  0.107290E+02  0.641350E+02 -0.817744E+01  0.269135E+02 -0.200169E-02***********  -1600.798    -16.647     471
   472.00000  0.107290E+02  0.643966E+02 -0.817744E+01  0.269135E+02 -0.200485E-02***********  -1600.798    -16.649     472
   473.00000  0.107290E+02  0.645160E+02 -0.817744E+01  0.269135E+02 -0.200801E-02***********  -1600.798    -16.652     473
   474.00000  0.107290E+02  0.646557E+02 -0.817744E+01  0.269135E+02 -0.201117E-02***********  -1600.798    -16.654     474
   475.00000  0.107290E+02  0.647599E+02 -0.817744E+01  0.269135E+02 -0.201432E-02***********  -1600.798    -16.657     475
   476.00000  0.107290E+02  0.649961E+02 -0.817744E+01  0.269135E+02 -0.201748E-02***********  -1600.798    -16.660     476
   477.00000  0.107290E+02  0.654304E+02 -0.817744E+01  0.269135E+02 -0.202061E-02***********  -1600.798    -16.662     477
   478.00000  0.107290E+02  0.657809E+02 -0.817744E+01  0.269135E+02 -0.202374E-02***********  -1600.798    -16.665     478
   479.00000  0.107290E+02  0.661061E+02 -0.817744E+01  0.269135E+02 -0.202687E-02***********  -1600.798    -16.667     479
   480.00000  0.107290E+02  0.665531E+02 -0.817744E+01  0.269135E+02 -0.203000E-02***********  -1600.798    -16.670     480
   481.00000  0.107290E+02  0.668274E+02 -0.817744E+01  0.269135E+02 -0.203313E-02***********  -1600.798    -16.673     481
   482.00000  0.107290E+02  0.670814E+02 -0.817744E+01  0.269135E+02 -0.203626E-02***********  -1600.798    -16.675     482
   483.00000  0.107290E+02  0.672110E+02 -0.817744E+01  0.269135E+02 -0.203939E-02***********  -1600.798    -16.678     483
   484.00000  0.107290E+02  0.675640E+02 -0.817744E+01  0.269135E+02 -0.204252E-02***********  -1600.798    -16.680     484
   485.00000  0.107290E+02  0.678841E+02 -0.817744E+01  0.269135E+02 -0.204562E-02***********  -1600.798    -16.683     485
   486.00000  0.107290E+02  0.681787E+02 -0.817744E+01  0.269135E+02 -0.204872E-02***********  -1600.798    -16.685     486
   487.00000  0.107290E+02  0.683743E+02 -0.817744E+01  0.269135E+02 -0.205182E-02***********  -1600.439    -16.688     487
   488.00000  0.107290E+02  0.685064E+02 -0.817744E+01  0.269135E+02 -0.205491E-02***********  -1600.439    -16.690     488
   489.00000  0.107290E+02  0.687020E+02 -0.817744E+01  0.269135E+02 -0.205801E-02***********  -1600.439    -16.693     489
   490.00000  0.107290E+02  0.690296E+02 -0.817744E+01  0.269135E+02 -0.206111E-02***********  -1600.439    -16.696     490
   491.00000  0.107290E+02  0.692557E+02 -0.817744E+01  0.269135E+02 -0.206421E-02***********  -1600.439    -16.698     491
   492.00000  0.107290E+02  0.695580E+02 -0.817744E+01  0.269135E+02 -0.206731E-02***********  -1600.439    -16.701     492
   493.00000  0.107290E+02  0.696875E+02 -0.817744E+01  0.269135E+02 -0.207038E-02***********  -1600.439    -16.703     493
   494.00000  0.107290E+02  0.697332E+02 -0.817744E+01  0.269135E+02 -0.207345E-02***********  -1600.439    -16.706     494
   495.00000  0.107290E+02  0.699999E+02 -0.817744E+01  0.269135E+02 -0.207652E-02***********  -1600.439    -16.708     495
   496.00000  0.107290E+02  0.703987E+02 -0.817744E+01  0.269135E+02 -0.207959E-02***********  -1600.439    -16.711     496
   497.00000  0.107290E+02  0.708279E+02 -0.817744E+01  0.269135E+02 -0.208266E-02***********  -1600.439    -16.713     497
   498.00000  0.107290E+02  0.712521E+02 -0.817744E+01  0.269135E+02 -0.208573E-02***********  -1600.439    -16.716     498
   499.00000  0.107290E+02  0.716331E+02 -0.817744E+01  0.269135E+02 -0.208880E-02***********  -1600.439    -16.718     499
   500.00000  0.107290E+02  0.718516E+02 -0.817744E+01  0.269135E+02 -0.209185E-02***********  -1600.439    -16.721     500
   501.00000  0.107290E+02  0.722097E+02 -0.817744E+01  0.269135E+02 -0.209489E-02***********  -1600.439    -16.723     501
   502.00000  0.107290E+02  0.726898E+02 -0.817744E+01  0.269135E+02 -0.209793E-02***********  -1600.439    -16.726     502
   503.00000  0.107290E+02  0.730504E+02 -0.817744E+01  0.269135E+02 -0.210097E-02***********  -1600.439    -16.728     503
   504.00000  0.107290E+02  0.734035E+02 -0.817744E+01  0.269135E+02 -0.210401E-02***********  -1600.439    -16.731     504
   505.00000  0.107290E+02  0.736524E+02 -0.817744E+01  0.269135E+02 -0.210705E-02***********  -1600.439    -16.733     505
   506.00000  0.107290E+02  0.739496E+02 -0.817744E+01  0.269135E+02 -0.211009E-02***********  -1600.439    -16.736     506
   507.00000  0.107290E+02  0.742392E+02 -0.817744E+01  0.269135E+02 -0.211313E-02***********  -1600.439    -16.738     507
   508.00000  0.107290E+02  0.744728E+02 -0.817744E+01  0.269135E+02 -0.211616E-02***********  -1600.439    -16.741     508
   509.00000  0.107290E+02  0.747294E+02 -0.817744E+01  0.269135E+02 -0.211917E-02***********  -1600.439    -16.743     509
   510.00000  0.107290E+02  0.751282E+02 -0.817744E+01  0.269135E+02 -0.212218E-02***********  -1600.439    -16.746     510
   511.00000  0.107290E+02  0.754431E+02 -0.817744E+01  0.269135E+02 -0.212519E-02***********  -1600.439    -16.748     511
   512.00000  0.107290E+02  0.758648E+02 -0.817744E+01  0.269135E+02 -0.212820E-02***********  -1600.439    -16.751     512
   513.00000  0.107290E+02  0.762762E+02 -0.817744E+01  0.269135E+02 -0.213121E-02***********  -1600.439    -16.753     513
   514.00000  0.107290E+02  0.767461E+02 -0.817744E+01  0.269135E+02 -0.213422E-02***********  -1600.439    -16.756     514
   515.00000  0.107290E+02  0.771576E+02 -0.817744E+01  0.269135E+02 -0.213723E-02***********  -1600.439    -16.758     515
   516.00000  0.107290E+02  0.775234E+02 -0.817744E+01  0.269135E+02 -0.214024E-02***********  -1600.439    -16.761     516
   517.00000  0.107290E+02  0.779247E+02 -0.817744E+01  0.269135E+02 -0.214322E-02***********  -1600.439    -16.763     517
   518.00000  0.107290E+02  0.782930E+02 -0.817744E+01  0.269135E+02 -0.214620E-02***********  -1600.703    -16.766     518
   519.00000  0.107290E+02  0.787045E+02 -0.817744E+01  0.269135E+02 -0.214918E-02***********  -1600.703    -16.768     519
   520.00000  0.107290E+02  0.791693E+02 -0.817744E+01  0.269135E+02 -0.215216E-02***********  -1600.703    -16.770     520
   521.00000  0.107290E+02  0.796468E+02 -0.817744E+01  0.269135E+02 -0.215514E-02***********  -1600.703    -16.773     521
   522.00000  0.107290E+02  0.800913E+02 -0.817744E+01  0.269135E+02 -0.215812E-02***********  -1600.703    -16.775     522
   523.00000  0.107290E+02  0.805333E+02 -0.817744E+01  0.269135E+02 -0.216110E-02***********  -1600.703    -16.778     523
   524.00000  0.107290E+02  0.809600E+02 -0.817744E+01  0.269135E+02 -0.216408E-02***********  -1600.703    -16.780     524
   525.00000  0.107290E+02  0.813766E+02 -0.817744E+01  0.269135E+02 -0.216705E-02***********  -1600.703    -16.783     525
   526.00000  0.107290E+02  0.817753E+02 -0.817744E+01  0.269135E+02 -0.217000E-02***********  -1600.703    -16.785     526
   527.00000  0.107290E+02  0.822351E+02 -0.817744E+01  0.269135E+02 -0.217295E-02***********  -1600.703    -16.788     527
   528.00000  0.107290E+02  0.827863E+02 -0.817744E+01  0.269135E+02 -0.217590E-02***********  -1600.703    -16.790     528
   529.00000  0.920500E+01  0.833069E+02 -0.936703E+01  0.269761E+02 -0.217807E-02      0.000  -1383.040    -16.792     529
   530.00000  0.768101E+01  0.837615E+02 -0.100264E+02  0.270715E+02 -0.218104E-02      0.000  -1272.671    -16.794     530
   531.00000  0.615700E+01  0.841781E+02 -0.105984E+02  0.271694E+02 -0.218399E-02      0.000  -1169.196    -16.797     531
   532.00000  0.450720E+01  0.845058E+02 -0.111359E+02  0.272519E+02 -0.218694E-02      0.000  -1105.372    -16.799     532
   533.00000  0.292200E+01  0.849376E+02 -0.116558E+02  0.273613E+02 -0.218989E-02      0.000  -1000.815    -16.801     533
   534.00000 -0.671297E+00  0.850341E+02 -0.121641E+02  0.273833E+02 -0.219285E-02      0.000   -929.618    -16.804     534
   535.00000 -0.671297E+00  0.852678E+02 -0.121641E+02  0.275412E+02 -0.219576E-02    -10.034   -901.260    -16.806     535
   536.00000 -0.671297E+00  0.856437E+02 -0.121641E+02  0.277954E+02 -0.219867E-02    -11.689   -910.712    -16.809     536
   537.00000 -0.671297E+00  0.860628E+02 -0.121641E+02  0.280742E+02 -0.220159E-02    -12.772   -928.096    -16.811     537
   538.00000 -0.671297E+00  0.863981E+02 -0.121641E+02  0.282912E+02 -0.220451E-02    -13.755   -946.389    -16.813     538
   539.00000 -0.671297E+00  0.868248E+02 -0.121641E+02  0.285634E+02 -0.220743E-02    -14.450   -955.993    -16.816     539
   540.00000 -0.671297E+00  0.873811E+02 -0.121641E+02  0.289173E+02 -0.221035E-02    -14.833   -964.591    -16.818     540
   541.00000 -0.671297E+00  0.878713E+02 -0.121641E+02  0.292289E+02 -0.221327E-02    -15.161   -975.241    -16.821     541
   542.00000 -0.671297E+00  0.882828E+02 -0.121641E+02  0.294905E+02 -0.221618E-02    -15.586   -988.597    -16.823     542
   543.00000 -0.671297E+00  0.887247E+02 -0.121641E+02  0.297715E+02 -0.221907E-02    -16.101  -1008.263    -16.825     543
   544.00000 -0.671297E+00  0.890473E+02 -0.121641E+02  0.299765E+02 -0.222196E-02    -16.721  -1037.990    -16.828     544
   545.00000 -0.671297E+00  0.892658E+02 -0.121641E+02  0.301154E+02 -0.222485E-02    -17.345  -1075.246    -16.830     545
   546.00000 -0.671297E+00  0.896417E+02 -0.121641E+02  0.303423E+02 -0.222774E-02    -17.920  -1150.809    -16.833     546
   547.00000 -0.671297E+00  0.899109E+02 -0.121641E+02  0.304615E+02 -0.223063E-02    -18.442  -1294.507    -16.835     547
   548.00000 -0.671297E+00  0.902818E+02 -0.121641E+02  0.305556E+02 -0.223352E-02    -18.713  -1402.166    -16.837     548
   549.00000 -0.206830E+01  0.907085E+02 -0.132565E+02  0.306925E+02 -0.223553E-02      0.000  -1273.288    -16.839     549
   550.00000 -0.206830E+01  0.909549E+02 -0.132565E+02  0.307795E+02 -0.223839E-02    -10.227  -1320.329    -16.841     550
   551.00000 -0.487420E+01  0.913130E+02 -0.139330E+02  0.308747E+02 -0.224133E-02      0.000  -1249.389    -16.844     551
   552.00000 -0.487420E+01  0.916889E+02 -0.139330E+02  0.310090E+02 -0.224420E-02    -10.465  -1269.234    -16.846     552
   553.00000 -0.783650E+01  0.920369E+02 -0.145545E+02  0.310930E+02 -0.224705E-02      0.000  -1180.257    -16.848     553
   554.00000 -0.783650E+01  0.924814E+02 -0.145545E+02  0.312930E+02 -0.224991E-02    -10.654  -1184.306    -16.851     554
   555.00000 -0.106305E+02  0.929437E+02 -0.151650E+02  0.314264E+02 -0.225282E-02      0.000  -1129.078    -16.853     555
   556.00000 -0.106305E+02  0.934009E+02 -0.151650E+02  0.316543E+02 -0.225571E-02    -10.702  -1131.899    -16.856     556
   557.00000 -0.134245E+02  0.938784E+02 -0.157680E+02  0.318020E+02 -0.225855E-02      0.000  -1105.133    -16.858     557
   558.00000 -0.148658E+02  0.943101E+02 -0.162878E+02  0.319107E+02 -0.226147E-02      0.000   -999.572    -16.860     558
   559.00000 -0.148658E+02  0.947470E+02 -0.162878E+02  0.321693E+02 -0.226432E-02    -10.622  -1003.830    -16.863     559
   560.00000 -0.148658E+02  0.951966E+02 -0.162878E+02  0.324359E+02 -0.226718E-02    -12.137  -1008.943    -16.865     560
   561.00000 -0.148658E+02  0.956233E+02 -0.162878E+02  0.326889E+02 -0.227001E-02    -13.339  -1015.366    -16.867     561
   562.00000 -0.148658E+02  0.961059E+02 -0.162878E+02  0.329750E+02 -0.227284E-02    -14.252  -1025.234    -16.870     562
   563.00000 -0.148658E+02  0.965682E+02 -0.162878E+02  0.332454E+02 -0.227568E-02    -14.751  -1044.599    -16.872     563
   564.00000 -0.148658E+02  0.970203E+02 -0.162878E+02  0.334984E+02 -0.227851E-02    -15.065  -1069.582    -16.874     564
   565.00000 -0.148658E+02  0.973962E+02 -0.162878E+02  0.337056E+02 -0.228134E-02    -15.462  -1086.852    -16.877     565
   566.00000 -0.148658E+02  0.978051E+02 -0.162878E+02  0.339299E+02 -0.228417E-02    -15.938  -1103.786    -16.879     566
   567.00000 -0.148658E+02  0.982192E+02 -0.162878E+02  0.341567E+02 -0.228700E-02    -16.510  -1129.932    -16.881     567
   568.00000 -0.148658E+02  0.985900E+02 -0.162878E+02  0.343597E+02 -0.228983E-02    -17.173  -1177.173    -16.884     568
   569.00000 -0.148658E+02  0.989761E+02 -0.162878E+02  0.345438E+02 -0.229263E-02    -17.870  -1288.913    -16.886     569
   570.00000 -0.148658E+02  0.994587E+02 -0.162878E+02  0.346451E+02 -0.229543E-02    -18.455  -1440.002    -16.888     570
   571.00000 -0.148658E+02  0.100015E+03 -0.162878E+02  0.346780E+02 -0.229824E-02    -18.708  -1540.357    -16.891     571
   572.00000 -0.148658E+02  0.100604E+03 -0.162878E+02  0.346864E+02 -0.230104E-02    -18.846  -1583.709    -16.893     572
   573.00000 -0.148658E+02  0.101077E+03 -0.162878E+02  0.346884E+02 -0.230384E-02    -18.975  -1596.894    -16.895     573
   574.00000 -0.148658E+02  0.101483E+03 -0.162878E+02  0.346889E+02 -0.230664E-02    -19.101  -1600.106    -16.898     574
   575.00000 -0.148658E+02  0.101826E+03 -0.162878E+02  0.346890E+02 -0.230944E-02    -19.223  -1600.469    -16.900     575
   576.00000 -0.148658E+02  0.102268E+03 -0.162878E+02  0.346892E+02 -0.231224E-02    -19.343  -1600.513    -16.902     576
   577.00000 -0.148658E+02  0.102649E+03 -0.162878E+02  0.346893E+02 -0.231503E-02    -19.459  -1600.532    -16.904     577
   578.00000 -0.148658E+02  0.103119E+03 -0.162878E+02  0.346895E+02 -0.231780E-02    -19.573  -1600.548    -16.907     578
   579.00000 -0.148658E+02  0.103533E+03 -0.162878E+02  0.346896E+02 -0.232057E-02    -19.683  -1600.563    -16.909     579
   580.00000 -0.148658E+02  0.103962E+03 -0.162878E+02  0.346898E+02 -0.232334E-02    -19.790  -1600.577    -16.911     580
   581.00000 -0.148658E+02  0.104325E+03 -0.162878E+02  0.346899E+02 -0.232612E-02    -19.894  -1600.590    -16.914     581
   582.00000 -0.148658E+02  0.104457E+03 -0.162878E+02  0.346900E+02 -0.232889E-02    -19.996  -1600.471    -16.916     582
   583.00000 -0.148658E+02  0.104790E+03 -0.162878E+02  0.346901E+02 -0.233166E-02    -20.095  -1600.534    -16.918     583
   584.00000 -0.148658E+02  0.105136E+03 -0.162878E+02  0.346902E+02 -0.233443E-02    -20.191  -1600.606    -16.920     584
   585.00000 -0.148658E+02  0.105255E+03 -0.162878E+02  0.346903E+02 -0.233720E-02    -20.284  -1600.488    -16.923     585
   586.00000 -0.148658E+02  0.105506E+03 -0.162878E+02  0.346905E+02 -0.233996E-02    -20.375  -1600.558    -16.925     586
   587.00000 -0.148658E+02  0.105819E+03 -0.162878E+02  0.346906E+02 -0.234270E-02    -20.464  -1600.622    -16.927     587
   588.00000 -0.148658E+02  0.106134E+03 -0.162878E+02  0.346907E+02 -0.234544E-02    -20.550  -1600.622    -16.929     588
   589.00000 -0.148658E+02  0.106500E+03 -0.162878E+02  0.346908E+02 -0.234818E-02    -20.634  -1600.645    -16.932     589
   590.00000 -0.148658E+02  0.106878E+03 -0.162878E+02  0.346909E+02 -0.235093E-02    -20.716  -1600.651    -16.934     590
   591.00000 -0.148658E+02  0.107203E+03 -0.162878E+02  0.346910E+02 -0.235367E-02    -20.795  -1600.634    -16.936     591
   592.00000 -0.148658E+02  0.107526E+03 -0.162878E+02  0.346911E+02 -0.235641E-02    -20.873  -1600.637    -16.938     592
   593.00000 -0.148658E+02  0.107930E+03 -0.162878E+02  0.346912E+02 -0.235915E-02    -20.948  -1600.670    -16.941     593
   594.00000 -0.148658E+02  0.108311E+03 -0.162878E+02  0.346913E+02 -0.236189E-02    -21.021  -1600.665    -16.943     594
   595.00000 -0.148658E+02  0.108669E+03 -0.162878E+02  0.346913E+02 -0.236464E-02    -21.093  -1600.660    -16.945     595
   596.00000 -0.148658E+02  0.109045E+03 -0.162878E+02  0.346914E+02 -0.236735E-02    -21.162  -1600.670    -16.947     596
   597.00000 -0.148658E+02  0.109479E+03 -0.162878E+02  0.346915E+02 -0.237006E-02    -21.230  -1600.688    -16.950     597
   598.00000 -0.148658E+02  0.109822E+03 -0.162878E+02  0.346916E+02 -0.237277E-02    -21.295  -1600.667    -16.952     598
   599.00000 -0.148658E+02  0.110111E+03 -0.162878E+02  0.346917E+02 -0.237548E-02    -21.359  -1600.654    -16.954     599
   600.00000 -0.148658E+02  0.110426E+03 -0.162878E+02  0.346917E+02 -0.237820E-02    -21.422  -1600.668    -16.956     600
   601.00000 -0.148658E+02  0.110805E+03 -0.162878E+02  0.346918E+02 -0.238091E-02    -21.482  -1600.690    -16.959     601
   602.00000 -0.148658E+02  0.111148E+03 -0.162878E+02  0.346919E+02 -0.238362E-02    -21.541  -1600.683    -16.961     602
   603.00000 -0.148658E+02  0.111519E+03 -0.162878E+02  0.346920E+02 -0.238633E-02    -21.598  -1600.692    -16.963     603
   604.00000 -0.148658E+02  0.111867E+03 -0.162878E+02  0.346920E+02 -0.238903E-02    -21.654  -1600.689    -16.965     604
   605.00000 -0.148658E+02  0.112329E+03 -0.162878E+02  0.346921E+02 -0.239173E-02    -21.708  -1600.717    -16.968     605
   606.00000 -0.148658E+02  0.112593E+03 -0.162878E+02  0.346922E+02 -0.239441E-02    -21.761  -1600.676    -16.970     606
   607.00000 -0.148658E+02  0.112989E+03 -0.162878E+02  0.346922E+02 -0.239709E-02    -21.813  -1600.713    -16.972     607
   608.00000 -0.148658E+02  0.113355E+03 -0.162878E+02  0.346923E+02 -0.239977E-02    -21.863  -1600.707    -16.974     608
   609.00000 -0.148658E+02  0.113660E+03 -0.162878E+02  0.346923E+02 -0.240245E-02    -21.911  -1600.694    -16.976     609
   610.00000 -0.148658E+02  0.113949E+03 -0.162878E+02  0.346924E+02 -0.240514E-02    -21.959   -795.276    -16.979     610
   611.00000 -0.148658E+02  0.114252E+03 -0.162878E+02  0.346925E+02 -0.240782E-02    -22.005   -795.262    -16.981     611
   612.00000 -0.148658E+02  0.114549E+03 -0.162878E+02  0.346925E+02 -0.241050E-02    -22.050   -795.256    -16.983     612
   613.00000 -0.148658E+02  0.114843E+03 -0.162878E+02  0.346926E+02 -0.241318E-02    -22.094   -795.279    -16.985     613
   614.00000 -0.148658E+02  0.115133E+03 -0.162878E+02  0.346926E+02 -0.241585E-02    -22.136   -795.261    -16.987     614
   615.00000 -0.148658E+02  0.115435E+03 -0.162878E+02  0.346927E+02 -0.241850E-02    -22.177   -795.258    -16.990     615
   616.00000 -0.148658E+02  0.115727E+03 -0.162878E+02  0.346927E+02 -0.242116E-02    -22.218   -795.259    -16.992     616
   617.00000 -0.148658E+02  0.116012E+03 -0.162878E+02  0.346928E+02 -0.242381E-02    -22.257   -795.260    -16.994     617
   618.00000 -0.148658E+02  0.116408E+03 -0.162878E+02  0.346928E+02 -0.242646E-02    -22.295   -795.261    -16.996     618
   619.00000 -0.148658E+02  0.116591E+03 -0.162878E+02  0.346929E+02 -0.242911E-02    -22.332   -795.263    -16.998     619
   620.00000 -0.148658E+02  0.116743E+03 -0.162878E+02  0.346929E+02 -0.243177E-02    -22.368   -795.265    -17.000     620
   621.00000 -0.148658E+02  0.116807E+03 -0.162878E+02  0.346930E+02 -0.243442E-02    -22.403   -795.267    -17.003     621
   622.00000 -0.148658E+02  0.117046E+03 -0.162878E+02  0.346930E+02 -0.243707E-02    -22.437   -795.269    -17.005     622
   623.00000 -0.148658E+02  0.117404E+03 -0.162878E+02  0.346931E+02 -0.243972E-02    -22.471   -795.271    -17.007     623
   624.00000 -0.148658E+02  0.117576E+03 -0.162878E+02  0.346931E+02 -0.244235E-02    -22.503   -795.272    -17.009     624
   625.00000 -0.148658E+02  0.117775E+03 -0.162878E+02  0.346931E+02 -0.244497E-02    -22.534   -795.274    -17.011     625
   626.00000 -0.148658E+02  0.117942E+03 -0.162878E+02  0.346932E+02 -0.244759E-02    -22.565   -795.276    -17.013     626
   627.00000 -0.148658E+02  0.118031E+03 -0.162878E+02  0.346932E+02 -0.245021E-02    -22.595   -795.277    -17.016     627
   628.00000 -0.148658E+02  0.118275E+03 -0.162878E+02  0.346932E+02 -0.245284E-02    -22.624   -795.271    -17.018     628
   629.00000 -0.148658E+02  0.118620E+03 -0.162878E+02  0.346933E+02 -0.245546E-02    -22.652   -795.276    -17.020     629
   630.00000 -0.148658E+02  0.118816E+03 -0.162878E+02  0.346933E+02 -0.245808E-02    -22.679   -795.280    -17.022     630
   631.00000 -0.148658E+02  0.119139E+03 -0.162878E+02  0.346933E+02 -0.246070E-02    -22.706   -795.294    -17.024     631
   632.00000 -0.148658E+02  0.119405E+03 -0.162878E+02  0.346933E+02 -0.246333E-02    -22.732   -795.282    -17.026     632
   633.00000 -0.148658E+02  0.119847E+03 -0.162878E+02  0.346934E+02 -0.246592E-02    -22.758   -795.292    -17.029     633
   634.00000 -0.148658E+02  0.120243E+03 -0.162878E+02  0.346934E+02 -0.246851E-02    -22.782   -795.298    -17.031     634
   635.00000 -0.148658E+02  0.120561E+03 -0.162878E+02  0.346935E+02 -0.247110E-02    -22.806   -795.274    -17.033     635
   636.00000 -0.148658E+02  0.120970E+03 -0.162878E+02  0.346935E+02 -0.247370E-02    -22.829   -795.282    -17.035     636
   637.00000 -0.148658E+02  0.121204E+03 -0.162878E+02  0.346935E+02 -0.247629E-02    -22.852   -795.295    -17.037     637
   638.00000 -0.148658E+02  0.121521E+03 -0.162878E+02  0.346936E+02 -0.247888E-02    -22.874   -795.274    -17.039     638
   639.00000 -0.148658E+02  0.121729E+03 -0.162878E+02  0.346936E+02 -0.248148E-02    -22.896   -795.283    -17.041     639
   640.00000 -0.143248E+02  0.121729E+03 -0.161564E+02  0.346936E+02 -0.248407E-02***********   -795.285    -17.043     640
   641.00000 -0.141317E+02  0.121729E+03 -0.161564E+02  0.346936E+02 -0.248666E-02***********   -795.285    -17.046     641
   642.00000 -0.139565E+02  0.121729E+03 -0.161564E+02  0.346936E+02 -0.248924E-02***********   -795.285    -17.048     642
   643.00000 -0.134942E+02  0.121729E+03 -0.161564E+02  0.346936E+02 -0.249180E-02***********   -795.285    -17.050     643
   644.00000 -0.132402E+02  0.121729E+03 -0.161564E+02  0.346936E+02 -0.249436E-02***********   -795.285    -17.052     644
   645.00000 -0.130167E+02  0.121729E+03 -0.161564E+02  0.346936E+02 -0.249693E-02***********   -795.285    -17.054     645
   646.00000 -0.126814E+02  0.121729E+03 -0.161564E+02  0.346936E+02 -0.249949E-02***********   -795.285    -17.056     646
   647.00000 -0.123283E+02  0.121729E+03 -0.161564E+02  0.346936E+02 -0.250205E-02***********   -795.285    -17.058     647
   648.00000 -0.120489E+02  0.121729E+03 -0.161564E+02  0.346936E+02 -0.250462E-02***********   -795.285    -17.060     648
   649.00000 -0.118737E+02  0.121729E+03 -0.161564E+02  0.346936E+02 -0.250718E-02***********   -795.285    -17.062     649
   650.00000 -0.117441E+02  0.121729E+03 -0.161564E+02  0.346936E+02 -0.250974E-02***********   -795.285    -17.065     650
   651.00000 -0.115968E+02  0.121729E+03 -0.161564E+02  0.346936E+02 -0.251231E-02***********   -795.285    -17.067     651
   652.00000 -0.114419E+02  0.121729E+03 -0.161564E+02  0.346936E+02 -0.251485E-02***********   -795.285    -17.069     652
   653.00000 -0.111371E+02  0.121729E+03 -0.161564E+02  0.346936E+02 -0.251739E-02***********   -795.285    -17.071     653
   654.00000 -0.109034E+02  0.121729E+03 -0.161564E+02  0.346936E+02 -0.251992E-02***********   -795.285    -17.073     654
   655.00000 -0.106443E+02  0.121729E+03 -0.161564E+02  0.346936E+02 -0.252245E-02***********   -795.285    -17.075     655
   656.00000 -0.105072E+02  0.121729E+03 -0.161564E+02  0.346936E+02 -0.252499E-02***********   -795.285    -17.077     656
   657.00000 -0.102506E+02  0.121729E+03 -0.161564E+02  0.346936E+02 -0.252752E-02***********   -795.285    -17.079     657
   658.00000 -0.976293E+01  0.121729E+03 -0.161564E+02  0.346936E+02 -0.253005E-02***********   -795.285    -17.081     658
   659.00000 -0.935653E+01  0.121729E+03 -0.161564E+02  0.346936E+02 -0.253259E-02***********   -795.285    -17.083     659
   660.00000 -0.915587E+01  0.121729E+03 -0.161564E+02  0.346936E+02 -0.253512E-02***********   -795.285    -17.085     660
   661.00000 -0.898315E+01  0.121729E+03 -0.161564E+02  0.346936E+02 -0.253764E-02***********   -795.285    -17.088     661
   662.00000 -0.872915E+01  0.121729E+03 -0.161564E+02  0.346936E+02 -0.254016E-02***********   -795.285    -17.090     662
   663.00000 -0.856405E+01  0.121729E+03 -0.161564E+02  0.346936E+02 -0.254266E-02***********   -795.285    -17.092     663
   664.00000 -0.845737E+01  0.121729E+03 -0.161564E+02  0.346936E+02 -0.254516E-02***********   -795.285    -17.094     664
   665.00000 -0.818051E+01  0.121729E+03 -0.161564E+02  0.346936E+02 -0.254767E-02***********   -795.285    -17.096     665
   666.00000 -0.785285E+01  0.121729E+03 -0.161564E+02  0.346936E+02 -0.255017E-02***********   -795.285    -17.098     666
   667.00000 -0.763949E+01  0.121729E+03 -0.161564E+02  0.346936E+02 -0.255267E-02***********   -795.285    -17.100     667
   668.00000 -0.755821E+01  0.121729E+03 -0.161564E+02  0.346936E+02 -0.255518E-02***********   -795.285    -17.102     668
   669.00000 -0.738295E+01  0.121729E+03 -0.161564E+02  0.346936E+02 -0.255768E-02***********   -795.285    -17.104     669
   670.00000 -0.723563E+01  0.121729E+03 -0.161564E+02  0.346936E+02 -0.256018E-02***********   -795.285    -17.106     670
   671.00000 -0.706545E+01  0.121729E+03 -0.161564E+02  0.346936E+02 -0.256267E-02***********   -795.285    -17.108     671
   672.00000 -0.685463E+01  0.121729E+03 -0.161564E+02  0.346936E+02 -0.256516E-02***********   -795.285    -17.110     672
   673.00000 -0.675303E+01  0.121729E+03 -0.161564E+02  0.346936E+02 -0.256763E-02***********   -795.285    -17.112     673
   674.00000 -0.653459E+01  0.121729E+03 -0.161564E+02  0.346936E+02 -0.257011E-02***********   -795.285    -17.114     674
   675.00000 -0.645585E+01  0.121729E+03 -0.161564E+02  0.346936E+02 -0.257258E-02***********   -795.285    -17.116     675
   676.00000 -0.630345E+01  0.121729E+03 -0.161564E+02  0.346936E+02 -0.257505E-02***********   -795.285    -17.118     676
   677.00000 -0.601643E+01  0.121729E+03 -0.161564E+02  0.346936E+02 -0.257753E-02***********   -795.285    -17.120     677
   678.00000 -0.576497E+01  0.121729E+03 -0.161564E+02  0.346936E+02 -0.258000E-02***********   -795.285    -17.122     678
   679.00000 -0.565321E+01  0.121729E+03 -0.161564E+02  0.346936E+02 -0.258248E-02***********   -795.285    -17.124     679
   680.00000 -0.554907E+01  0.121729E+03 -0.161564E+02  0.346936E+02 -0.258495E-02***********   -795.285    -17.126     680
   681.00000 -0.536365E+01  0.121729E+03 -0.161564E+02  0.346936E+02 -0.258741E-02***********   -795.285    -17.128     681
   682.00000 -0.518077E+01  0.121729E+03 -0.161564E+02  0.346936E+02 -0.258987E-02***********   -795.285    -17.131     682
   683.00000 -0.490137E+01  0.121729E+03 -0.161564E+02  0.346936E+02 -0.259231E-02***********   -795.285    -17.133     683
   684.00000 -0.466007E+01  0.121729E+03 -0.161564E+02  0.346936E+02 -0.259475E-02***********   -795.285    -17.135     684
   685.00000 -0.459149E+01  0.121729E+03 -0.161564E+02  0.346936E+02 -0.259720E-02***********   -795.285    -17.137     685
   686.00000 -0.444163E+01  0.121729E+03 -0.161564E+02  0.346936E+02 -0.259964E-02***********   -795.285    -17.139     686
   687.00000 -0.412413E+01  0.121729E+03 -0.161564E+02  0.346936E+02 -0.260209E-02***********   -795.286    -17.141     687
   688.00000 -0.398951E+01  0.121729E+03 -0.161564E+02  0.346936E+02 -0.260453E-02***********   -795.286    -17.143     688
   689.00000 -0.394887E+01  0.121729E+03 -0.161564E+02  0.346936E+02 -0.260697E-02***********   -795.286    -17.145     689
   690.00000 -0.391839E+01  0.121729E+03 -0.161564E+02  0.346936E+02 -0.260942E-02***********   -795.286    -17.147     690
   691.00000 -0.387775E+01  0.121729E+03 -0.161564E+02  0.346936E+02 -0.261186E-02***********   -795.286    -17.149     691
   692.00000 -0.386505E+01  0.121729E+03 -0.161564E+02  0.346936E+02 -0.261427E-02***********   -795.286    -17.151     692
   693.00000 -0.384473E+01  0.121729E+03 -0.161564E+02  0.346936E+02 -0.261669E-02***********   -795.286    -17.153     693
   694.00000 -0.382695E+01  0.121729E+03 -0.161564E+02  0.346936E+02 -0.261910E-02***********   -795.286    -17.155     694
   695.00000 -0.380917E+01  0.121729E+03 -0.161564E+02  0.346936E+02 -0.262152E-02***********   -795.286    -17.157     695
   696.00000 -0.373297E+01  0.121729E+03 -0.161564E+02  0.346936E+02 -0.262393E-02***********   -795.286    -17.159     696
   697.00000 -0.371011E+01  0.121729E+03 -0.161564E+02  0.346936E+02 -0.262634E-02***********   -795.286    -17.161     697
   698.00000 -0.366947E+01  0.121729E+03 -0.161564E+02  0.346936E+02 -0.262876E-02***********   -795.286    -17.162     698
   699.00000 -0.365169E+01  0.121729E+03 -0.161564E+02  0.346936E+02 -0.263117E-02***********   -795.286    -17.164     699
   700.00000 -0.353231E+01  0.121729E+03 -0.161564E+02  0.346936E+02 -0.263359E-02***********   -795.286    -17.166     700
   701.00000 -0.349929E+01  0.121729E+03 -0.161564E+02  0.346936E+02 -0.263600E-02***********   -795.286    -17.168     701
   702.00000 -0.341801E+01  0.121729E+03 -0.161564E+02  0.346936E+02 -0.263838E-02***********   -795.286    -17.170     702
   703.00000 -0.326053E+01  0.121729E+03 -0.161564E+02  0.346936E+02 -0.264077E-02***********   -795.286    -17.172     703
   704.00000 -0.321227E+01  0.121729E+03 -0.161564E+02  0.346936E+02 -0.264315E-02***********   -795.286    -17.174     704
   705.00000 -0.303193E+01  0.121729E+03 -0.161564E+02  0.346936E+02 -0.264554E-02***********   -795.286    -17.176     705
   706.00000 -0.274237E+01  0.121729E+03 -0.161564E+02  0.346936E+02 -0.264792E-02***********   -795.286    -17.178     706
   707.00000 -0.237661E+01  0.121729E+03 -0.161564E+02  0.346936E+02 -0.265031E-02***********   -795.286    -17.180     707
   708.00000 -0.224707E+01  0.121729E+03 -0.161564E+02  0.346936E+02 -0.265269E-02***********   -795.286    -17.182     708
   709.00000 -0.218865E+01  0.121729E+03 -0.161564E+02  0.346936E+02 -0.265507E-02***********   -795.286    -17.184     709
   710.00000 -0.212007E+01  0.121729E+03 -0.161564E+02  0.346936E+02 -0.265746E-02***********   -795.286    -17.186     710
   711.00000 -0.201339E+01  0.121729E+03 -0.161564E+02  0.346936E+02 -0.265984E-02***********   -795.286    -17.188     711
   712.00000 -0.195751E+01  0.121729E+03 -0.161564E+02  0.346936E+02 -0.266223E-02***********   -795.286    -17.190     712
   713.00000 -0.182289E+01  0.121729E+03 -0.161564E+02  0.346936E+02 -0.266458E-02***********   -795.286    -17.192     713
   714.00000 -0.163747E+01  0.121729E+03 -0.161564E+02  0.346936E+02 -0.266694E-02***********   -795.286    -17.194     714
   715.00000 -0.152825E+01  0.121729E+03 -0.161564E+02  0.346936E+02 -0.266929E-02***********   -795.286    -17.196     715
   716.00000 -0.146983E+01  0.121729E+03 -0.161564E+02  0.346936E+02 -0.267164E-02***********   -795.286    -17.198     716
   717.00000 -0.144951E+01  0.121729E+03 -0.161564E+02  0.346936E+02 -0.267400E-02***********   -795.286    -17.200     717
   718.00000 -0.127679E+01  0.121729E+03 -0.161564E+02  0.346936E+02 -0.267635E-02***********   -795.286    -17.202     718
   719.00000 -0.115487E+01  0.121729E+03 -0.161564E+02  0.346936E+02 -0.267871E-02***********   -795.286    -17.204     719
   720.00000 -0.936431E+00  0.121729E+03 -0.161564E+02  0.346936E+02 -0.268106E-02***********   -795.286    -17.206     720
   721.00000 -0.684971E+00  0.121729E+03 -0.161564E+02  0.346936E+02 -0.268342E-02***********   -795.286    -17.207     721
   722.00000 -0.512251E+00  0.121729E+03 -0.161564E+02  0.346936E+02 -0.268576E-02***********   -795.286    -17.209     722
   723.00000 -0.314131E+00  0.121729E+03 -0.161564E+02  0.346936E+02 -0.268809E-02***********   -795.286    -17.211     723
   724.00000 -0.126171E+00  0.121729E+03 -0.161564E+02  0.346936E+02 -0.269042E-02***********   -795.286    -17.213     724
   725.00000  0.770290E-01  0.121729E+03 -0.161564E+02  0.346936E+02 -0.269274E-02***********   -795.286    -17.215     725
   726.00000  0.295469E+00  0.121729E+03 -0.161564E+02  0.346936E+02 -0.269507E-02***********   -795.286    -17.217     726
   727.00000  0.470729E+00  0.121729E+03 -0.161564E+02  0.346936E+02 -0.269739E-02***********   -795.286    -17.219     727
   728.00000  0.676469E+00  0.121729E+03 -0.161564E+02  0.346936E+02 -0.269972E-02***********   -795.286    -17.221     728
   729.00000  0.755209E+00  0.121729E+03 -0.161564E+02  0.346936E+02 -0.270204E-02***********   -795.286    -17.223     729
   730.00000  0.770449E+00  0.121729E+03 -0.161564E+02  0.346936E+02 -0.270437E-02***********   -795.286    -17.225     730
   731.00000  0.770449E+00  0.121729E+03 -0.161564E+02  0.346936E+02 -0.270669E-02***********   -795.286    -17.227     731
   732.00000  0.783149E+00  0.121729E+03 -0.161564E+02  0.346936E+02 -0.270902E-02***********   -795.286    -17.229     732
   733.00000  0.795849E+00  0.121729E+03 -0.161564E+02  0.346936E+02 -0.271134E-02***********   -795.286    -17.230     733
   734.00000  0.808549E+00  0.121729E+03 -0.161564E+02  0.346936E+02 -0.271364E-02***********   -795.286    -17.232     734
   735.00000  0.818709E+00  0.121729E+03 -0.161564E+02  0.346936E+02 -0.271593E-02***********   -795.286    -17.234     735
   736.00000  0.823789E+00  0.121729E+03 -0.161564E+02  0.346936E+02 -0.271823E-02***********   -795.286    -17.236     736
   737.00000  0.839029E+00  0.121729E+03 -0.161564E+02  0.346936E+02 -0.272052E-02***********   -795.286    -17.238     737
   738.00000  0.910149E+00  0.121729E+03 -0.161564E+02  0.346936E+02 -0.272281E-02***********   -795.286    -17.240     738
   739.00000  0.101683E+01  0.121729E+03 -0.161564E+02  0.346936E+02 -0.272511E-02***********   -795.286    -17.242     739
   740.00000  0.108287E+01  0.121729E+03 -0.161564E+02  0.346936E+02 -0.272740E-02***********   -795.286    -17.244     740
   741.00000  0.127337E+01  0.121729E+03 -0.161564E+02  0.346936E+02 -0.272970E-02***********   -795.286    -17.246     741
   742.00000  0.131909E+01  0.121729E+03 -0.161564E+02  0.346936E+02 -0.273199E-02***********   -795.286    -17.247     742
   743.00000  0.134195E+01  0.121729E+03 -0.161564E+02  0.346936E+02 -0.273429E-02***********   -795.286    -17.249     743
   744.00000  0.139783E+01  0.121729E+03 -0.161564E+02  0.346936E+02 -0.273658E-02***********   -795.286    -17.251     744
   745.00000  0.150451E+01  0.121729E+03 -0.161564E+02  0.346936E+02 -0.273885E-02***********   -795.286    -17.253     745
   746.00000  0.163151E+01  0.121729E+03 -0.161564E+02  0.346936E+02 -0.274111E-02***********   -795.286    -17.255     746
   747.00000  0.183725E+01  0.121729E+03 -0.161564E+02  0.346936E+02 -0.274338E-02***********   -795.286    -17.257     747
   748.00000  0.187789E+01  0.121729E+03 -0.161564E+02  0.346936E+02 -0.274564E-02***********   -795.286    -17.259     748
   749.00000  0.189821E+01  0.121729E+03 -0.161564E+02  0.346936E+02 -0.274791E-02***********   -795.286    -17.261     749
   750.00000  0.191599E+01  0.121729E+03 -0.161564E+02  0.346936E+02 -0.275017E-02***********   -795.286    -17.262     750
   751.00000  0.197187E+01  0.121729E+03 -0.161564E+02  0.346936E+02 -0.275244E-02***********   -795.286    -17.264     751
   752.00000  0.212173E+01  0.121729E+03 -0.161564E+02  0.346936E+02 -0.275470E-02***********   -795.286    -17.266     752
   753.00000  0.216745E+01  0.121729E+03 -0.161564E+02  0.346936E+02 -0.275697E-02***********   -795.286    -17.268     753
   754.00000  0.232239E+01  0.121729E+03 -0.161564E+02  0.346936E+02 -0.275923E-02***********   -795.286    -17.270     754
   755.00000  0.235033E+01  0.121729E+03 -0.161564E+02  0.346936E+02 -0.276148E-02***********   -795.286    -17.272     755
   756.00000  0.238335E+01  0.121729E+03 -0.161564E+02  0.346936E+02 -0.276372E-02***********   -795.286    -17.274     756
end
