 ******* Program HYDRUS
 ******* 
 None                                                                    
 Date:  16. 1.    Time:  15: 8:27
 Units: L = mm   , T = days , M = mmol 
 
 CosAlf,MaxIt,TolTh,  TolH
 1.000   10   0.001 1.00000
 
 TopInF,BotInF,AtmBC,SinkF,WLayer,qGWLF,FreeD,SeepF,lWat,lChem,lTemp,lRoot,lWDep
     T     F     T     T     F     F     T     F     T     F     F     T     F

Nodal point information

node      x         hOld    MatN LayN  Beta      Ah       AK      ATh     Temp    Conc(1...NS)         Sorb(1...NS)

   1      0.000    -15.000    1    1   0.000    1.000    1.000    1.000
   2     -1.000    -15.000    1    1   0.000    1.000    1.000    1.000
   3     -2.000    -15.000    1    1   0.000    1.000    1.000    1.000
   4     -3.000    -15.000    1    1   0.000    1.000    1.000    1.000
   5     -4.000    -15.000    1    1   0.000    1.000    1.000    1.000
   6     -5.000    -15.000    1    1   0.000    1.000    1.000    1.000
   7     -6.000    -15.000    1    1   0.000    1.000    1.000    1.000
   8     -7.000    -15.000    1    1   0.000    1.000    1.000    1.000
   9     -8.000    -15.000    1    1   0.000    1.000    1.000    1.000
  10     -9.000    -15.000    1    1   0.000    1.000    1.000    1.000
  11    -10.000    -15.000    1    1   0.000    1.000    1.000    1.000
  12    -11.000    -15.000    1    1   0.000    1.000    1.000    1.000
  13    -12.000    -15.000    1    1   0.000    1.000    1.000    1.000
  14    -13.000    -15.000    1    1   0.000    1.000    1.000    1.000
  15    -14.000    -15.000    1    1   0.000    1.000    1.000    1.000
  16    -15.000    -15.000    1    1   0.000    1.000    1.000    1.000
  17    -16.000    -15.000    1    1   0.000    1.000    1.000    1.000
  18    -17.000    -15.000    1    1   0.000    1.000    1.000    1.000
  19    -18.000    -15.000    1    1   0.000    1.000    1.000    1.000
  20    -19.000    -15.000    1    1   0.000    1.000    1.000    1.000
  21    -20.000    -15.000    1    1   0.000    1.000    1.000    1.000
  22    -21.000    -15.000    1    1   0.000    1.000    1.000    1.000
  23    -22.000    -15.000    1    1   0.000    1.000    1.000    1.000
  24    -23.000    -15.000    1    1   0.000    1.000    1.000    1.000
  25    -24.000    -15.000    1    1   0.000    1.000    1.000    1.000
  26    -25.000    -15.000    1    1   0.000    1.000    1.000    1.000
  27    -26.000    -15.000    1    1   0.000    1.000    1.000    1.000
  28    -27.000    -15.000    1    1   0.000    1.000    1.000    1.000
  29    -28.000    -15.000    1    1   0.000    1.000    1.000    1.000
  30    -29.000    -15.000    1    1   0.000    1.000    1.000    1.000
  31    -30.000    -15.000    1    1   0.000    1.000    1.000    1.000
  32    -31.000    -15.000    1    1   0.000    1.000    1.000    1.000
  33    -32.000    -15.000    1    1   0.000    1.000    1.000    1.000
  34    -33.000    -15.000    1    1   0.000    1.000    1.000    1.000
  35    -34.000    -15.000    1    1   0.000    1.000    1.000    1.000
  36    -35.000    -15.000    1    1   0.000    1.000    1.000    1.000
  37    -36.000    -15.000    1    1   0.000    1.000    1.000    1.000
  38    -37.000    -15.000    1    1   0.000    1.000    1.000    1.000
  39    -38.000    -15.000    1    1   0.000    1.000    1.000    1.000
  40    -39.000    -15.000    1    1   0.000    1.000    1.000    1.000
  41    -40.000    -15.000    1    1   0.000    1.000    1.000    1.000
  42    -41.000    -15.000    1    1   0.000    1.000    1.000    1.000
  43    -42.000    -15.000    1    1   0.000    1.000    1.000    1.000
  44    -43.000    -15.000    1    1   0.000    1.000    1.000    1.000
  45    -44.000    -15.000    1    1   0.000    1.000    1.000    1.000
  46    -45.000    -15.000    1    1   0.000    1.000    1.000    1.000
  47    -46.000    -15.000    1    1   0.000    1.000    1.000    1.000
  48    -47.000    -15.000    1    1   0.000    1.000    1.000    1.000
  49    -48.000    -15.000    1    1   0.000    1.000    1.000    1.000
  50    -49.000    -15.000    1    1   0.000    1.000    1.000    1.000
  51    -50.000    -15.000    1    1   0.000    1.000    1.000    1.000
  52    -51.000    -15.000    1    1   0.000    1.000    1.000    1.000
  53    -52.000    -15.000    1    1   0.000    1.000    1.000    1.000
  54    -53.000    -15.000    1    1   0.000    1.000    1.000    1.000
  55    -54.000    -15.000    1    1   0.000    1.000    1.000    1.000
  56    -55.000    -15.000    1    1   0.000    1.000    1.000    1.000
  57    -56.000    -15.000    1    1   0.000    1.000    1.000    1.000
  58    -57.000    -15.000    1    1   0.000    1.000    1.000    1.000
  59    -58.000    -15.000    1    1   0.000    1.000    1.000    1.000
  60    -59.000    -15.000    1    1   0.000    1.000    1.000    1.000
  61    -60.000    -15.000    1    1   0.000    1.000    1.000    1.000
  62    -61.000    -15.000    1    1   0.000    1.000    1.000    1.000
  63    -62.000    -15.000    1    1   0.000    1.000    1.000    1.000
  64    -63.000    -15.000    1    1   0.000    1.000    1.000    1.000
  65    -64.000    -15.000    1    1   0.000    1.000    1.000    1.000
  66    -65.000    -15.000    1    1   0.000    1.000    1.000    1.000
  67    -66.000    -15.000    1    1   0.000    1.000    1.000    1.000
  68    -67.000    -15.000    1    1   0.000    1.000    1.000    1.000
  69    -68.000    -15.000    1    1   0.000    1.000    1.000    1.000
  70    -69.000    -15.000    1    1   0.000    1.000    1.000    1.000
  71    -70.000    -15.000    1    1   0.000    1.000    1.000    1.000
  72    -71.000    -15.000    1    1   0.000    1.000    1.000    1.000
  73    -72.000    -15.000    1    1   0.000    1.000    1.000    1.000
  74    -73.000    -15.000    1    1   0.000    1.000    1.000    1.000
  75    -74.000    -15.000    2    1   0.000    1.000    1.000    1.000
  76    -75.000    -15.000    2    1   0.000    1.000    1.000    1.000
  77    -76.000    -15.000    2    1   0.000    1.000    1.000    1.000
  78    -77.000    -15.000    2    1   0.000    1.000    1.000    1.000
  79    -78.000    -15.000    2    1   0.000    1.000    1.000    1.000
  80    -79.000    -15.000    2    1   0.000    1.000    1.000    1.000
  81    -80.000    -15.000    2    1   0.000    1.000    1.000    1.000
  82    -81.000    -15.000    2    1   0.000    1.000    1.000    1.000
  83    -82.000    -15.000    2    1   0.000    1.000    1.000    1.000
  84    -83.000    -15.000    2    1   0.000    1.000    1.000    1.000
  85    -84.000    -15.000    2    1   0.000    1.000    1.000    1.000
  86    -85.000    -15.000    2    1   0.000    1.000    1.000    1.000
  87    -86.000    -15.000    2    1   0.000    1.000    1.000    1.000
  88    -87.000    -15.000    2    1   0.000    1.000    1.000    1.000
  89    -88.000    -15.000    2    1   0.000    1.000    1.000    1.000
  90    -89.000    -15.000    2    1   0.000    1.000    1.000    1.000
  91    -90.000    -15.000    2    1   0.000    1.000    1.000    1.000
  92    -91.000    -15.000    2    1   0.000    1.000    1.000    1.000
  93    -92.000    -15.000    2    1   0.000    1.000    1.000    1.000
  94    -93.000    -15.000    2    1   0.000    1.000    1.000    1.000
  95    -94.000    -15.000    2    1   0.000    1.000    1.000    1.000
  96    -95.000    -15.000    2    1   0.000    1.000    1.000    1.000
  97    -96.000    -15.000    2    1   0.000    1.000    1.000    1.000
  98    -97.000    -15.000    2    1   0.000    1.000    1.000    1.000
  99    -98.000    -15.000    2    1   0.000    1.000    1.000    1.000
 100    -99.000    -15.000    2    1   0.000    1.000    1.000    1.000
 101   -100.000    -15.000    3    1   0.000    1.000    1.000    1.000
 102   -101.000    -15.000    3    1   0.000    1.000    1.000    1.000
 103   -102.000    -15.000    3    1   0.000    1.000    1.000    1.000
 104   -103.000    -15.000    3    1   0.000    1.000    1.000    1.000
 105   -104.000    -15.000    3    1   0.000    1.000    1.000    1.000
 106   -105.000    -15.000    3    1   0.000    1.000    1.000    1.000
 107   -106.000    -15.000    3    1   0.000    1.000    1.000    1.000
 108   -107.000    -15.000    3    1   0.000    1.000    1.000    1.000
 109   -108.000    -15.000    3    1   0.000    1.000    1.000    1.000
 110   -109.000    -15.000    3    1   0.000    1.000    1.000    1.000
 111   -110.000    -15.000    3    1   0.000    1.000    1.000    1.000
 112   -111.000    -15.000    3    1   0.000    1.000    1.000    1.000
 113   -112.000    -15.000    3    1   0.000    1.000    1.000    1.000
 114   -113.000    -15.000    3    1   0.000    1.000    1.000    1.000
 115   -114.000    -15.000    3    1   0.000    1.000    1.000    1.000
 116   -115.000    -15.000    3    1   0.000    1.000    1.000    1.000
 117   -116.000    -15.000    3    1   0.000    1.000    1.000    1.000
 118   -117.000    -15.000    3    1   0.000    1.000    1.000    1.000
 119   -118.000    -15.000    3    1   0.000    1.000    1.000    1.000
 120   -119.000    -15.000    3    1   0.000    1.000    1.000    1.000
 121   -120.000    -15.000    3    1   0.000    1.000    1.000    1.000
 122   -121.000    -15.000    3    1   0.000    1.000    1.000    1.000
 123   -122.000    -15.000    3    1   0.000    1.000    1.000    1.000
 124   -123.000    -15.000    3    1   0.000    1.000    1.000    1.000
 125   -124.000    -15.000    3    1   0.000    1.000    1.000    1.000
 126   -125.000    -15.000    3    1   0.000    1.000    1.000    1.000
 127   -126.000    -15.000    3    1   0.000    1.000    1.000    1.000
 128   -127.000    -15.000    3    1   0.000    1.000    1.000    1.000
 129   -128.000    -15.000    3    1   0.000    1.000    1.000    1.000
 130   -129.000    -15.000    3    1   0.000    1.000    1.000    1.000
 131   -130.000    -15.000    3    1   0.000    1.000    1.000    1.000
 132   -131.000    -15.000    3    1   0.000    1.000    1.000    1.000
 133   -132.000    -15.000    3    1   0.000    1.000    1.000    1.000
 134   -133.000    -15.000    3    1   0.000    1.000    1.000    1.000
 135   -134.000    -15.000    3    1   0.000    1.000    1.000    1.000
 136   -135.000    -15.000    3    1   0.000    1.000    1.000    1.000
 137   -136.000    -15.000    3    1   0.000    1.000    1.000    1.000
 138   -137.000    -15.000    3    1   0.000    1.000    1.000    1.000
 139   -138.000    -15.000    3    1   0.000    1.000    1.000    1.000
 140   -139.000    -15.000    3    1   0.000    1.000    1.000    1.000
 141   -140.000    -15.000    3    1   0.000    1.000    1.000    1.000
 142   -141.000    -15.000    3    1   0.000    1.000    1.000    1.000
 143   -142.000    -15.000    3    1   0.000    1.000    1.000    1.000
 144   -143.000    -15.000    3    1   0.000    1.000    1.000    1.000
 145   -144.000    -15.000    3    1   0.000    1.000    1.000    1.000
 146   -145.000    -15.000    3    1   0.000    1.000    1.000    1.000
 147   -146.000    -15.000    3    1   0.000    1.000    1.000    1.000
 148   -147.000    -15.000    3    1   0.000    1.000    1.000    1.000
 149   -148.000    -15.000    3    1   0.000    1.000    1.000    1.000
 150   -149.000    -15.000    3    1   0.000    1.000    1.000    1.000
 151   -150.000    -15.000    1    1   0.000    1.000    1.000    1.000
end

 Number of species in the chain :   0


MatNum, Param. array:

   Mat     Qr     Qs        Alfa         n          Ks      l

    1    0.051  0.359   0.282E-01   0.165E+01   0.500E+00109.141

       Table of Hydraulic Properties which are interpolated in simulation
       =================================================================

  theta         h        log h        C             K        log K          S          Kv
 
  0.3588  -0.100E-05 -0.6000E+01  0.6920E-07  0.5000E+00 -0.3010E+00    1.0000  0.0000E+00
  0.3588  -0.126E-05 -0.5899E+01  0.8050E-07  0.5000E+00 -0.3010E+00    1.0000  0.0000E+00
  0.3588  -0.159E-05 -0.5798E+01  0.9366E-07  0.5000E+00 -0.3010E+00    1.0000  0.0000E+00
  0.3588  -0.201E-05 -0.5697E+01  0.1090E-06  0.5000E+00 -0.3010E+00    1.0000  0.0000E+00
  0.3588  -0.254E-05 -0.5596E+01  0.1268E-06  0.5000E+00 -0.3010E+00    1.0000  0.0000E+00
  0.3588  -0.320E-05 -0.5495E+01  0.1475E-06  0.5000E+00 -0.3011E+00    1.0000  0.0000E+00
  0.3588  -0.404E-05 -0.5394E+01  0.1716E-06  0.5000E+00 -0.3011E+00    1.0000  0.0000E+00
  0.3588  -0.509E-05 -0.5293E+01  0.1996E-06  0.5000E+00 -0.3011E+00    1.0000  0.0000E+00
  0.3588  -0.643E-05 -0.5192E+01  0.2322E-06  0.5000E+00 -0.3011E+00    1.0000  0.0000E+00
  0.3588  -0.811E-05 -0.5091E+01  0.2702E-06  0.5000E+00 -0.3011E+00    1.0000  0.0000E+00
  0.3588  -0.102E-04 -0.4990E+01  0.3143E-06  0.4999E+00 -0.3011E+00    1.0000  0.0000E+00
  0.3588  -0.129E-04 -0.4889E+01  0.3657E-06  0.4999E+00 -0.3011E+00    1.0000  0.0000E+00
  0.3588  -0.163E-04 -0.4788E+01  0.4254E-06  0.4999E+00 -0.3011E+00    1.0000  0.0000E+00
  0.3588  -0.206E-04 -0.4687E+01  0.4950E-06  0.4999E+00 -0.3011E+00    1.0000  0.0000E+00
  0.3588  -0.260E-04 -0.4586E+01  0.5758E-06  0.4999E+00 -0.3011E+00    1.0000  0.0000E+00
  0.3588  -0.327E-04 -0.4485E+01  0.6699E-06  0.4999E+00 -0.3011E+00    1.0000  0.0000E+00
  0.3588  -0.413E-04 -0.4384E+01  0.7794E-06  0.4999E+00 -0.3011E+00    1.0000  0.0000E+00
  0.3588  -0.521E-04 -0.4283E+01  0.9068E-06  0.4998E+00 -0.3012E+00    1.0000  0.0000E+00
  0.3588  -0.658E-04 -0.4182E+01  0.1055E-05  0.4998E+00 -0.3012E+00    1.0000  0.0000E+00
  0.3588  -0.830E-04 -0.4081E+01  0.1227E-05  0.4998E+00 -0.3012E+00    1.0000  0.0000E+00
  0.3588  -0.105E-03 -0.3980E+01  0.1428E-05  0.4997E+00 -0.3012E+00    1.0000  0.0000E+00
  0.3588  -0.132E-03 -0.3879E+01  0.1661E-05  0.4997E+00 -0.3013E+00    1.0000  0.0000E+00
  0.3588  -0.167E-03 -0.3778E+01  0.1933E-05  0.4997E+00 -0.3013E+00    1.0000  0.0000E+00
  0.3588  -0.210E-03 -0.3677E+01  0.2248E-05  0.4996E+00 -0.3014E+00    1.0000  0.0000E+00
  0.3588  -0.266E-03 -0.3576E+01  0.2616E-05  0.4995E+00 -0.3014E+00    1.0000  0.0000E+00
  0.3588  -0.335E-03 -0.3475E+01  0.3043E-05  0.4995E+00 -0.3015E+00    1.0000  0.0000E+00
  0.3588  -0.423E-03 -0.3374E+01  0.3540E-05  0.4994E+00 -0.3016E+00    1.0000  0.0000E+00
  0.3588  -0.534E-03 -0.3273E+01  0.4119E-05  0.4993E+00 -0.3017E+00    1.0000  0.0000E+00
  0.3588  -0.673E-03 -0.3172E+01  0.4792E-05  0.4992E+00 -0.3018E+00    1.0000  0.0000E+00
  0.3588  -0.850E-03 -0.3071E+01  0.5575E-05  0.4990E+00 -0.3019E+00    1.0000  0.0000E+00
  0.3588  -0.107E-02 -0.2970E+01  0.6486E-05  0.4989E+00 -0.3020E+00    1.0000  0.0000E+00
  0.3588  -0.135E-02 -0.2869E+01  0.7546E-05  0.4987E+00 -0.3022E+00    1.0000  0.0000E+00
  0.3588  -0.171E-02 -0.2768E+01  0.8779E-05  0.4984E+00 -0.3024E+00    1.0000  0.0000E+00
  0.3588  -0.215E-02 -0.2667E+01  0.1021E-04  0.4982E+00 -0.3026E+00    1.0000  0.0000E+00
  0.3588  -0.272E-02 -0.2566E+01  0.1188E-04  0.4979E+00 -0.3029E+00    1.0000  0.1689E-29
  0.3588  -0.343E-02 -0.2465E+01  0.1382E-04  0.4976E+00 -0.3032E+00    1.0000  0.1689E-29
  0.3588  -0.433E-02 -0.2364E+01  0.1608E-04  0.4972E+00 -0.3035E+00    1.0000  0.1689E-29
  0.3588  -0.546E-02 -0.2263E+01  0.1871E-04  0.4967E+00 -0.3039E+00    1.0000  0.1702E-28
  0.3588  -0.689E-02 -0.2162E+01  0.2177E-04  0.4961E+00 -0.3044E+00    1.0000  0.6575E-28
  0.3588  -0.870E-02 -0.2061E+01  0.2533E-04  0.4955E+00 -0.3049E+00    1.0000  0.1715E-27
  0.3588  -0.110E-01 -0.1960E+01  0.2946E-04  0.4948E+00 -0.3056E+00    1.0000  0.1108E-26
  0.3588  -0.138E-01 -0.1859E+01  0.3428E-04  0.4939E+00 -0.3064E+00    1.0000  0.3638E-26
  0.3588  -0.175E-01 -0.1758E+01  0.3988E-04  0.4929E+00 -0.3072E+00    1.0000  0.1117E-25
  0.3588  -0.221E-01 -0.1657E+01  0.4640E-04  0.4917E+00 -0.3083E+00    1.0000  0.4314E-25
  0.3588  -0.278E-01 -0.1556E+01  0.5398E-04  0.4903E+00 -0.3095E+00    1.0000  0.1580E-24
  0.3588  -0.351E-01 -0.1455E+01  0.6280E-04  0.4887E+00 -0.3109E+00    1.0000  0.5473E-24
  0.3588  -0.443E-01 -0.1354E+01  0.7306E-04  0.4868E+00 -0.3126E+00    1.0000  0.1962E-23
  0.3588  -0.559E-01 -0.1253E+01  0.8499E-04  0.4846E+00 -0.3146E+00    1.0000  0.7081E-23
  0.3588  -0.705E-01 -0.1152E+01  0.9888E-04  0.4819E+00 -0.3170E+00    1.0000  0.2522E-22
  0.3588  -0.890E-01 -0.1051E+01  0.1150E-03  0.4788E+00 -0.3198E+00    1.0000  0.9003E-22
  0.3588  -0.112E+00 -0.9495E+00  0.1338E-03  0.4751E+00 -0.3232E+00    1.0000  0.3260E-21
  0.3588  -0.142E+00 -0.8485E+00  0.1557E-03  0.4706E+00 -0.3273E+00    1.0000  0.1170E-20
  0.3588  -0.179E+00 -0.7475E+00  0.1811E-03  0.4652E+00 -0.3323E+00    0.9999  0.4205E-20
  0.3588  -0.226E+00 -0.6465E+00  0.2107E-03  0.4587E+00 -0.3385E+00    0.9999  0.1510E-19
  0.3588  -0.285E+00 -0.5455E+00  0.2451E-03  0.4508E+00 -0.3460E+00    0.9999  0.5422E-19
  0.3588  -0.359E+00 -0.4444E+00  0.2851E-03  0.4410E+00 -0.3555E+00    0.9998  0.1949E-18
  0.3587  -0.453E+00 -0.3434E+00  0.3315E-03  0.4290E+00 -0.3676E+00    0.9997  0.7009E-18
  0.3587  -0.572E+00 -0.2424E+00  0.3855E-03  0.4140E+00 -0.3830E+00    0.9996  0.2518E-17
  0.3586  -0.722E+00 -0.1414E+00  0.4482E-03  0.3953E+00 -0.4031E+00    0.9994  0.9042E-17
  0.3585  -0.911E+00 -0.4040E-01  0.5209E-03  0.3719E+00 -0.4295E+00    0.9991  0.3245E-16
  0.3584  -0.115E+01  0.6061E-01  0.6050E-03  0.3429E+00 -0.4648E+00    0.9986  0.1164E-15
  0.3582  -0.145E+01  0.1616E+00  0.7023E-03  0.3074E+00 -0.5124E+00    0.9980  0.4169E-15
  0.3579  -0.183E+01  0.2626E+00  0.8143E-03  0.2647E+00 -0.5772E+00    0.9970  0.1491E-14
  0.3575  -0.231E+01  0.3636E+00  0.9428E-03  0.2155E+00 -0.6666E+00    0.9957  0.5318E-14
  0.3569  -0.292E+01  0.4646E+00  0.1089E-02  0.1619E+00 -0.7908E+00    0.9937  0.1890E-13
  0.3560  -0.368E+01  0.5657E+00  0.1254E-02  0.1086E+00 -0.9643E+00    0.9908  0.6678E-13
  0.3547  -0.464E+01  0.6667E+00  0.1437E-02  0.6196E-01 -0.1208E+01    0.9866  0.2341E-12
  0.3528  -0.586E+01  0.7677E+00  0.1636E-02  0.2814E-01 -0.1551E+01    0.9805  0.8117E-12
  0.3501  -0.739E+01  0.8687E+00  0.1844E-02  0.9271E-02 -0.2033E+01    0.9718  0.2769E-11
  0.3464  -0.933E+01  0.9697E+00  0.2051E-02  0.1958E-02 -0.2708E+01    0.9595  0.9230E-11
  0.3411  -0.118E+02  0.1071E+01  0.2239E-02  0.2253E-03 -0.3647E+01    0.9424  0.2982E-10
  0.3340  -0.148E+02  0.1172E+01  0.2385E-02  0.1158E-04 -0.4936E+01    0.9192  0.9230E-10
  0.3245  -0.187E+02  0.1273E+01  0.2460E-02  0.2115E-06 -0.6675E+01    0.8885  0.2702E-09
  0.3124  -0.236E+02  0.1374E+01  0.2440E-02  0.1084E-08 -0.8965E+01    0.8493  0.7376E-09
  0.2977  -0.298E+02  0.1475E+01  0.2312E-02  0.1272E-11 -0.1190E+02    0.8013  0.1852E-08
  0.2805  -0.376E+02  0.1576E+01  0.2083E-02  0.2994E-15 -0.1552E+02    0.7455  0.4229E-08
  0.2615  -0.475E+02  0.1677E+01  0.1783E-02  0.1380E-19 -0.1986E+02    0.6836  0.8736E-08
  0.2414  -0.599E+02  0.1778E+01  0.1455E-02  0.1361E-24 -0.2487E+02    0.6183  0.1632E-07
  0.2212  -0.756E+02  0.1879E+01  0.1138E-02  0.3438E-30 -0.3046E+02    0.5526  0.2771E-07
  0.2016  -0.955E+02  0.1980E+01  0.8586E-03  0.2799E-36 -0.3655E+02    0.4890  0.4318E-07
  0.1832  -0.120E+03  0.2081E+01  0.6300E-03  0.1000E-36 -0.3700E+02    0.4292  0.6242E-07
  0.1664  -0.152E+03  0.2182E+01  0.4525E-03  0.1000E-36 -0.3700E+02    0.3745  0.8469E-07
  0.1512  -0.192E+03  0.2283E+01  0.3199E-03  0.1000E-36 -0.3700E+02    0.3253  0.1090E-06
  0.1378  -0.242E+03  0.2384E+01  0.2237E-03  0.1000E-36 -0.3700E+02    0.2817  0.1343E-06
  0.1260  -0.305E+03  0.2485E+01  0.1551E-03  0.1000E-36 -0.3700E+02    0.2434  0.1597E-06
  0.1157  -0.385E+03  0.2586E+01  0.1070E-03  0.1000E-36 -0.3700E+02    0.2099  0.1845E-06
  0.1068  -0.486E+03  0.2687E+01  0.7350E-04  0.1000E-36 -0.3700E+02    0.1809  0.2081E-06
  0.0990  -0.614E+03  0.2788E+01  0.5036E-04  0.1000E-36 -0.3700E+02    0.1557  0.2302E-06
  0.0924  -0.774E+03  0.2889E+01  0.3444E-04  0.1000E-36 -0.3700E+02    0.1340  0.2505E-06
  0.0866  -0.977E+03  0.2990E+01  0.2352E-04  0.1000E-36 -0.3700E+02    0.1153  0.2690E-06
  0.0816  -0.123E+04  0.3091E+01  0.1605E-04  0.1000E-36 -0.3700E+02    0.0991  0.2857E-06
  0.0773  -0.156E+04  0.3192E+01  0.1095E-04  0.1000E-36 -0.3700E+02    0.0852  0.3007E-06
  0.0737  -0.196E+04  0.3293E+01  0.7465E-05  0.1000E-36 -0.3700E+02    0.0733  0.3139E-06
  0.0705  -0.248E+04  0.3394E+01  0.5088E-05  0.1000E-36 -0.3700E+02    0.0630  0.3257E-06
  0.0678  -0.313E+04  0.3495E+01  0.3467E-05  0.1000E-36 -0.3700E+02    0.0542  0.3360E-06
  0.0654  -0.394E+04  0.3596E+01  0.2362E-05  0.1000E-36 -0.3700E+02    0.0466  0.3451E-06
  0.0634  -0.498E+04  0.3697E+01  0.1609E-05  0.1000E-36 -0.3700E+02    0.0400  0.3530E-06
  0.0617  -0.628E+04  0.3798E+01  0.1096E-05  0.1000E-36 -0.3700E+02    0.0344  0.3599E-06
  0.0602  -0.792E+04  0.3899E+01  0.7469E-06  0.1000E-36 -0.3700E+02    0.0296  0.3659E-06
  0.0589  -0.100E+05  0.4000E+01  0.5088E-06  0.1000E-36 -0.3700E+02    0.0254  0.3711E-06
end
