 ******* Program HYDRUS
 ******* 
 None                                                                    
 Date:  16. 1.    Time:  15: 8:27
 Units: L = mm   , T = days , M = mmol 


    TLevel      Time          dt      Iter    ItCum  KodT  KodB  Convergency

       22  0.1000000E+01  0.19550E+00    2       44    -4    -5     T
       26  0.2000000E+01  0.25000E+00    2       54    -4    -5     T
       28  0.3000000E+01  0.50000E+00    6       66    -4    -5     T
       37  0.4000000E+01  0.13229E+00    2      116     4    -5     T
       41  0.5000000E+01  0.26667E+00    2      124     4    -5     T
       43  0.6000000E+01  0.50000E+00    2      128     4    -5     T
       45  0.7000000E+01  0.50000E+00    2      132     4    -5     T
       47  0.8000000E+01  0.50000E+00    2      136     4    -5     T
       49  0.9000000E+01  0.50000E+00    2      140     4    -5     T
       51  0.1000000E+02  0.50000E+00    2      144     4    -5     T
       53  0.1100000E+02  0.50000E+00    2      148     4    -5     T
       55  0.1200000E+02  0.50000E+00    2      152     4    -5     T
       57  0.1300000E+02  0.50000E+00    2      156     4    -5     T
       59  0.1400000E+02  0.50000E+00    2      160     4    -5     T
       61  0.1500000E+02  0.50000E+00    2      164     4    -5     T
       63  0.1600000E+02  0.50000E+00    2      168     4    -5     T
       65  0.1700000E+02  0.50000E+00    2      172     4    -5     T
       67  0.1800000E+02  0.50000E+00    2      176     4    -5     T
       69  0.1900000E+02  0.50000E+00    2      180     4    -5     T
       71  0.2000000E+02  0.50000E+00    2      184     4    -5     T
       73  0.2100000E+02  0.50000E+00    2      188     4    -5     T
       75  0.2200000E+02  0.50000E+00    2      192     4    -5     T
       77  0.2300000E+02  0.50000E+00    2      196     4    -5     T
       79  0.2400000E+02  0.50000E+00    2      200     4    -5     T
       81  0.2500000E+02  0.50000E+00    2      204     4    -5     T
       83  0.2600000E+02  0.50000E+00    2      208     4    -5     T
       85  0.2700000E+02  0.50000E+00    2      212     4    -5     T
       87  0.2800000E+02  0.50000E+00    2      216     4    -5     T
       89  0.2900000E+02  0.50000E+00    2      220     4    -5     T
       91  0.3000000E+02  0.50000E+00    2      224     4    -5     T
       93  0.3100000E+02  0.50000E+00    2      228     4    -5     T
       95  0.3200000E+02  0.50000E+00    2      232     4    -5     T
       97  0.3300000E+02  0.50000E+00    2      236     4    -5     T
       99  0.3400000E+02  0.50000E+00    2      240     4    -5     T
      101  0.3500000E+02  0.50000E+00    2      244     4    -5     T
      103  0.3600000E+02  0.50000E+00    2      248     4    -5     T
      105  0.3700000E+02  0.50000E+00    2      252     4    -5     T
      107  0.3800000E+02  0.50000E+00    2      256     4    -5     T
      109  0.3900000E+02  0.50000E+00    2      260     4    -5     T
      111  0.4000000E+02  0.50000E+00    2      264     4    -5     T
      113  0.4100000E+02  0.50000E+00    2      268     4    -5     T
      115  0.4200000E+02  0.50000E+00    2      272     4    -5     T
      117  0.4300000E+02  0.50000E+00    2      276     4    -5     T
      119  0.4400000E+02  0.50000E+00    2      280     4    -5     T
      121  0.4500000E+02  0.50000E+00    2      284     4    -5     T
      123  0.4600000E+02  0.50000E+00    2      288     4    -5     T
      125  0.4700000E+02  0.50000E+00    2      292     4    -5     T
      127  0.4800000E+02  0.50000E+00    2      296     4    -5     T
      129  0.4900000E+02  0.50000E+00    2      300     4    -5     T
      131  0.5000000E+02  0.50000E+00    2      304     4    -5     T
      133  0.5100000E+02  0.50000E+00    2      308     4    -5     T
      135  0.5200000E+02  0.50000E+00    2      312     4    -5     T
      137  0.5300000E+02  0.50000E+00    2      316     4    -5     T
      139  0.5400000E+02  0.50000E+00    2      320     4    -5     T
      141  0.5500000E+02  0.50000E+00    2      324     4    -5     T
      143  0.5600000E+02  0.50000E+00    2      328     4    -5     T
      145  0.5700000E+02  0.50000E+00    2      332     4    -5     T
      147  0.5800000E+02  0.50000E+00    2      336     4    -5     T
      149  0.5900000E+02  0.50000E+00    2      340     4    -5     T
      151  0.6000000E+02  0.50000E+00    2      344     4    -5     T
      153  0.6100000E+02  0.50000E+00    2      348     4    -5     T
      155  0.6200000E+02  0.50000E+00    2      352     4    -5     T
      157  0.6300000E+02  0.50000E+00    2      356     4    -5     T
      159  0.6400000E+02  0.50000E+00    2      360     4    -5     T
      161  0.6500000E+02  0.50000E+00    2      364     4    -5     T
      163  0.6600000E+02  0.50000E+00    2      368     4    -5     T
      165  0.6700000E+02  0.50000E+00    2      372     4    -5     T
      167  0.6800000E+02  0.50000E+00    2      376     4    -5     T
      169  0.6900000E+02  0.50000E+00    2      380     4    -5     T
      171  0.7000000E+02  0.50000E+00    2      384     4    -5     T
      173  0.7100000E+02  0.50000E+00    2      388     4    -5     T
      175  0.7200000E+02  0.50000E+00    2      392     4    -5     T
      177  0.7300000E+02  0.50000E+00    2      396     4    -5     T
      179  0.7400000E+02  0.50000E+00    2      400     4    -5     T
      181  0.7500000E+02  0.50000E+00    2      404     4    -5     T
      183  0.7600000E+02  0.50000E+00    2      408     4    -5     T
      185  0.7700000E+02  0.50000E+00    2      412     4    -5     T
      187  0.7800000E+02  0.50000E+00    2      416     4    -5     T
      189  0.7900000E+02  0.50000E+00    2      420     4    -5     T
      191  0.8000000E+02  0.50000E+00    2      424     4    -5     T
      193  0.8100000E+02  0.50000E+00    2      428     4    -5     T
      195  0.8200000E+02  0.50000E+00    2      432     4    -5     T
      197  0.8300000E+02  0.50000E+00    2      436     4    -5     T
      199  0.8400000E+02  0.50000E+00    2      440     4    -5     T
      201  0.8500000E+02  0.50000E+00    2      444     4    -5     T
      203  0.8600000E+02  0.50000E+00    2      448     4    -5     T
      205  0.8700000E+02  0.50000E+00    2      452     4    -5     T
      207  0.8800000E+02  0.50000E+00    2      456     4    -5     T
      209  0.8900000E+02  0.50000E+00    2      460     4    -5     T
      211  0.9000000E+02  0.50000E+00    2      464     4    -5     T
      213  0.9100000E+02  0.50000E+00    5      471    -4    -5     T
      215  0.9200000E+02  0.50000E+00    2      477    -4    -5     T
      217  0.9300000E+02  0.50000E+00    4      485    -4    -5     T
      219  0.9400000E+02  0.50000E+00    4      491    -4    -5     T
      221  0.9500000E+02  0.50000E+00    4      497    -4    -5     T
      223  0.9600000E+02  0.50000E+00    5      505    -4    -5     T
      225  0.9700000E+02  0.50000E+00    5      515    -4    -5     T
      227  0.9800000E+02  0.50000E+00    4      523    -4    -5     T
      229  0.9900000E+02  0.50000E+00    4      531    -4    -5     T
      231  0.1000000E+03  0.50000E+00    3      538    -4    -5     T
      233  0.1010000E+03  0.50000E+00    4      546    -4    -5     T
      235  0.1020000E+03  0.50000E+00    4      553    -4    -5     T
      237  0.1030000E+03  0.50000E+00    2      557    -4    -5     T
      239  0.1040000E+03  0.50000E+00    3      562    -4    -5     T
      241  0.1050000E+03  0.50000E+00    3      567    -4    -5     T
      243  0.1060000E+03  0.50000E+00    4      573    -4    -5     T
      245  0.1070000E+03  0.50000E+00    2      577    -4    -5     T
      247  0.1080000E+03  0.50000E+00    3      582    -4    -5     T
      249  0.1090000E+03  0.50000E+00    2      586    -4    -5     T
      251  0.1100000E+03  0.50000E+00    2      590    -4    -5     T
      253  0.1110000E+03  0.50000E+00    2      594    -4    -5     T
      255  0.1120000E+03  0.50000E+00    3      599    -4    -5     T
      257  0.1130000E+03  0.50000E+00    2      603    -4    -5     T
      259  0.1140000E+03  0.50000E+00    2      607    -4    -5     T
      261  0.1150000E+03  0.50000E+00    2      611    -4    -5     T
      263  0.1160000E+03  0.50000E+00    2      615    -4    -5     T
      265  0.1170000E+03  0.50000E+00    2      619    -4    -5     T
      267  0.1180000E+03  0.50000E+00    2      623    -4    -5     T
      269  0.1190000E+03  0.50000E+00    2      627    -4    -5     T
      271  0.1200000E+03  0.50000E+00    2      631    -4    -5     T
      273  0.1210000E+03  0.50000E+00    4      637    -4    -5     T
      275  0.1220000E+03  0.50000E+00    2      643    -4    -5     T
      277  0.1230000E+03  0.50000E+00    3      649    -4    -5     T
      279  0.1240000E+03  0.50000E+00    2      654    -4    -5     T
      281  0.1250000E+03  0.50000E+00    4      660    -4    -5     T
      283  0.1260000E+03  0.50000E+00    4      666    -4    -5     T
      285  0.1270000E+03  0.50000E+00    4      672    -4    -5     T
      287  0.1280000E+03  0.50000E+00    3      677    -4    -5     T
      289  0.1290000E+03  0.50000E+00    3      683    -4    -5     T
      291  0.1300000E+03  0.50000E+00    2      687    -4    -5     T
      293  0.1310000E+03  0.50000E+00    2      691    -4    -5     T
      295  0.1320000E+03  0.50000E+00    3      696    -4    -5     T
      297  0.1330000E+03  0.50000E+00    4      703    -4    -5     T
      299  0.1340000E+03  0.50000E+00    2      707    -4    -5     T
      301  0.1350000E+03  0.50000E+00    4      713    -4    -5     T
      303  0.1360000E+03  0.50000E+00    3      719    -4    -5     T
      305  0.1370000E+03  0.50000E+00    4      726    -4    -5     T
      307  0.1380000E+03  0.50000E+00    3      731    -4    -5     T
      309  0.1390000E+03  0.50000E+00    3      737    -4    -5     T
      311  0.1400000E+03  0.50000E+00    3      743    -4    -5     T
      313  0.1410000E+03  0.50000E+00    3      749    -4    -5     T
      315  0.1420000E+03  0.50000E+00    2      753    -4    -5     T
      317  0.1430000E+03  0.50000E+00    2      757    -4    -5     T
      319  0.1440000E+03  0.50000E+00    2      761    -4    -5     T
      321  0.1450000E+03  0.50000E+00    2      765    -4    -5     T
      323  0.1460000E+03  0.50000E+00    2      769    -4    -5     T
      325  0.1470000E+03  0.50000E+00    2      773    -4    -5     T
      327  0.1480000E+03  0.50000E+00    3      778    -4    -5     T
      329  0.1490000E+03  0.50000E+00    3      783    -4    -5     T
      331  0.1500000E+03  0.50000E+00    2      787    -4    -5     T
      333  0.1510000E+03  0.50000E+00    2      791    -4    -5     T
      335  0.1520000E+03  0.50000E+00    2      795    -4    -5     T
      337  0.1530000E+03  0.50000E+00    3      800    -4    -5     T
      339  0.1540000E+03  0.50000E+00    3      805    -4    -5     T
      341  0.1550000E+03  0.50000E+00    4      811    -4    -5     T
      343  0.1560000E+03  0.50000E+00    2      815    -4    -5     T
      345  0.1570000E+03  0.50000E+00    2      819    -4    -5     T
      347  0.1580000E+03  0.50000E+00    3      824    -4    -5     T
      349  0.1590000E+03  0.50000E+00    2      828    -4    -5     T
      351  0.1600000E+03  0.50000E+00    2      832    -4    -5     T
      353  0.1610000E+03  0.50000E+00    2      836    -4    -5     T
      355  0.1620000E+03  0.50000E+00    3      841    -4    -5     T
      357  0.1630000E+03  0.50000E+00    2      845    -4    -5     T
      359  0.1640000E+03  0.50000E+00    3      850    -4    -5     T
      361  0.1650000E+03  0.50000E+00    2      854    -4    -5     T
      363  0.1660000E+03  0.50000E+00    3      859    -4    -5     T
      365  0.1670000E+03  0.50000E+00    3      864    -4    -5     T
      367  0.1680000E+03  0.50000E+00    2      868    -4    -5     T
      369  0.1690000E+03  0.50000E+00    2      872    -4    -5     T
      371  0.1700000E+03  0.50000E+00    3      877    -4    -5     T
      373  0.1710000E+03  0.50000E+00    2      881    -4    -5     T
      375  0.1720000E+03  0.50000E+00    2      885    -4    -5     T
      377  0.1730000E+03  0.50000E+00    2      889    -4    -5     T
      379  0.1740000E+03  0.50000E+00    2      893    -4    -5     T
      381  0.1750000E+03  0.50000E+00    2      897    -4    -5     T
      769  0.1760000E+03  0.16855E-01    3     2621     4    -5     T
      871  0.1770000E+03  0.30701E-01    2     3062     4    -5     T
      948  0.1780000E+03  0.82679E-02    6     3431     4    -5     T
      963  0.1790000E+03  0.19744E+00    2     3467    -4    -5     T
     1052  0.1800000E+03  0.96061E-02    2     3863     4    -5     T
     1066  0.1810000E+03  0.31589E+00    2     3897    -4    -5     T
     1148  0.1820000E+03  0.63326E-02    2     4263     4    -5     T
     1165  0.1830000E+03  0.20499E+00    2     4306    -4    -5     T
     1242  0.1840000E+03  0.11028E-01    4     4646     4    -5     T
     1263  0.1850000E+03  0.19032E+00    2     4712    -4    -5     T
     1266  0.1860000E+03  0.50000E+00    2     4718    -4    -5     T
     1268  0.1870000E+03  0.50000E+00    2     4722    -4    -5     T
     1270  0.1880000E+03  0.50000E+00    2     4726    -4    -5     T
     1272  0.1890000E+03  0.50000E+00    2     4730    -4    -5     T
     1274  0.1900000E+03  0.50000E+00    4     4736    -4    -5     T
     1276  0.1910000E+03  0.50000E+00    2     4741    -4    -5     T
     1278  0.1920000E+03  0.50000E+00    3     4747    -4    -5     T
     1280  0.1930000E+03  0.50000E+00    4     4754    -4    -5     T
     1569  0.1940000E+03  0.57737E-02    2     6049     4    -5     T
     1647  0.1950000E+03  0.24352E-01    4     6392     4    -5     T
     1712  0.1960000E+03  0.14683E-01    3     6694     4    -5     T
     1781  0.1970000E+03  0.59924E-02    2     7026     4    -5     T
     1848  0.1980000E+03  0.14043E-01    2     7329     4    -5     T
     1920  0.1990000E+03  0.11039E-01    9     7642     4    -5     T
     1941  0.2000000E+03  0.17987E+00    2     7704    -4    -5     T
     2027  0.2010000E+03  0.19526E-01    2     8086     4    -5     T
     2042  0.2020000E+03  0.19988E+00    2     8129    -4    -5     T
     2046  0.2030000E+03  0.26667E+00    2     8138    -4    -5     T
     2048  0.2040000E+03  0.50000E+00    2     8142    -4    -5     T
     2050  0.2050000E+03  0.50000E+00    2     8147    -4    -5     T
     2052  0.2060000E+03  0.50000E+00    2     8151    -4    -5     T
     2054  0.2070000E+03  0.50000E+00    2     8155    -4    -5     T
     2056  0.2080000E+03  0.50000E+00    3     8161    -4    -5     T
     2058  0.2090000E+03  0.50000E+00    3     8167    -4    -5     T
     2060  0.2100000E+03  0.50000E+00    4     8174    -4    -5     T
     2062  0.2110000E+03  0.50000E+00    3     8180    -4    -5     T
     2064  0.2120000E+03  0.50000E+00    4     8188    -4    -5     T
     2066  0.2130000E+03  0.50000E+00    4     8196    -4    -5     T
     2068  0.2140000E+03  0.50000E+00    3     8202    -4    -5     T
     2070  0.2150000E+03  0.50000E+00    3     8208    -4    -5     T
     2072  0.2160000E+03  0.50000E+00    2     8213    -4    -5     T
     2074  0.2170000E+03  0.50000E+00    2     8217    -4    -5     T
     2076  0.2180000E+03  0.50000E+00    2     8221    -4    -5     T
     2078  0.2190000E+03  0.50000E+00    2     8225    -4    -5     T
     2080  0.2200000E+03  0.50000E+00    2     8229    -4    -5     T
     2082  0.2210000E+03  0.50000E+00    2     8233    -4    -5     T
     2084  0.2220000E+03  0.50000E+00    2     8237    -4    -5     T
     2086  0.2230000E+03  0.50000E+00    2     8241    -4    -5     T
     2088  0.2240000E+03  0.50000E+00    2     8245    -4    -5     T
     2090  0.2250000E+03  0.50000E+00    2     8249    -4    -5     T
     2092  0.2260000E+03  0.50000E+00    2     8253    -4    -5     T
     2094  0.2270000E+03  0.50000E+00    2     8257    -4    -5     T
     2096  0.2280000E+03  0.50000E+00    2     8261    -4    -5     T
     2098  0.2290000E+03  0.50000E+00    2     8265    -4    -5     T
     2100  0.2300000E+03  0.50000E+00    2     8269    -4    -5     T
     2102  0.2310000E+03  0.50000E+00    2     8273    -4    -5     T
     2104  0.2320000E+03  0.50000E+00    2     8277    -4    -5     T
     2106  0.2330000E+03  0.50000E+00    2     8281    -4    -5     T
     2108  0.2340000E+03  0.50000E+00    2     8285    -4    -5     T
     2110  0.2350000E+03  0.50000E+00    2     8289    -4    -5     T
     2112  0.2360000E+03  0.50000E+00    2     8293    -4    -5     T
     2114  0.2370000E+03  0.50000E+00    2     8297    -4    -5     T
     2116  0.2380000E+03  0.50000E+00    2     8301    -4    -5     T
     2118  0.2390000E+03  0.50000E+00    2     8305    -4    -5     T
     2120  0.2400000E+03  0.50000E+00    2     8309    -4    -5     T
     2122  0.2410000E+03  0.50000E+00    2     8313    -4    -5     T
     2124  0.2420000E+03  0.50000E+00    2     8317    -4    -5     T
     2126  0.2430000E+03  0.50000E+00    2     8321    -4    -5     T
     2128  0.2440000E+03  0.50000E+00    2     8325    -4    -5     T
     2130  0.2450000E+03  0.50000E+00    5     8336    -4    -5     T
     2132  0.2460000E+03  0.50000E+00    3     8343    -4    -5     T
     2134  0.2470000E+03  0.50000E+00    2     8347    -4    -5     T
     2136  0.2480000E+03  0.50000E+00    2     8351    -4    -5     T
     2138  0.2490000E+03  0.50000E+00    2     8355    -4    -5     T
     2140  0.2500000E+03  0.50000E+00    2     8359    -4    -5     T
     2142  0.2510000E+03  0.50000E+00    2     8363    -4    -5     T
     2144  0.2520000E+03  0.50000E+00    2     8367    -4    -5     T
     2146  0.2530000E+03  0.50000E+00    2     8371    -4    -5     T
     2148  0.2540000E+03  0.50000E+00    2     8375    -4    -5     T
     2150  0.2550000E+03  0.50000E+00    2     8379    -4    -5     T
     2152  0.2560000E+03  0.50000E+00    2     8383    -4    -5     T
     2154  0.2570000E+03  0.50000E+00    2     8387    -4    -5     T
     2156  0.2580000E+03  0.50000E+00    2     8391    -4    -5     T
     2158  0.2590000E+03  0.50000E+00    2     8395    -4    -5     T
     2160  0.2600000E+03  0.50000E+00    2     8399    -4    -5     T
     2162  0.2610000E+03  0.50000E+00    2     8403    -4    -5     T
     2164  0.2620000E+03  0.50000E+00    2     8407    -4    -5     T
     2166  0.2630000E+03  0.50000E+00    2     8411    -4    -5     T
     2168  0.2640000E+03  0.50000E+00    2     8415    -4    -5     T
     2170  0.2650000E+03  0.50000E+00    2     8419    -4    -5     T
     2172  0.2660000E+03  0.50000E+00    2     8423    -4    -5     T
     2174  0.2670000E+03  0.50000E+00    2     8427    -4    -5     T
     2176  0.2680000E+03  0.50000E+00    2     8431    -4    -5     T
     2178  0.2690000E+03  0.50000E+00    2     8435    -4    -5     T
     2180  0.2700000E+03  0.50000E+00    2     8439    -4    -5     T
     2182  0.2710000E+03  0.50000E+00    2     8443    -4    -5     T
     2184  0.2720000E+03  0.50000E+00    2     8447    -4    -5     T
     2186  0.2730000E+03  0.50000E+00    2     8451    -4    -5     T
     2188  0.2740000E+03  0.50000E+00    2     8458    -4    -5     T
     2194  0.2750000E+03  0.18750E+00    2     8494     4    -5     T
     2198  0.2760000E+03  0.26667E+00    2     8502     4    -5     T
     2200  0.2770000E+03  0.50000E+00    2     8506     4    -5     T
     2202  0.2780000E+03  0.50000E+00    2     8510     4    -5     T
     2204  0.2790000E+03  0.50000E+00    2     8514     4    -5     T
     2206  0.2800000E+03  0.50000E+00    2     8518     4    -5     T
     2208  0.2810000E+03  0.50000E+00    2     8522     4    -5     T
     2210  0.2820000E+03  0.50000E+00    2     8526     4    -5     T
     2212  0.2830000E+03  0.50000E+00    2     8530     4    -5     T
     2214  0.2840000E+03  0.50000E+00    2     8534     4    -5     T
     2216  0.2850000E+03  0.50000E+00    2     8538     4    -5     T
     2218  0.2860000E+03  0.50000E+00    2     8542     4    -5     T
     2220  0.2870000E+03  0.50000E+00    2     8546     4    -5     T
     2222  0.2880000E+03  0.50000E+00    2     8550     4    -5     T
     2224  0.2890000E+03  0.50000E+00    2     8554     4    -5     T
     2226  0.2900000E+03  0.50000E+00    2     8558     4    -5     T
     2228  0.2910000E+03  0.50000E+00    2     8562     4    -5     T
     2230  0.2920000E+03  0.50000E+00    2     8566     4    -5     T
     2232  0.2930000E+03  0.50000E+00    2     8570     4    -5     T
     2234  0.2940000E+03  0.50000E+00    2     8574     4    -5     T
     2236  0.2950000E+03  0.50000E+00    2     8578     4    -5     T
     2238  0.2960000E+03  0.50000E+00    2     8582     4    -5     T
     2240  0.2970000E+03  0.50000E+00    2     8586     4    -5     T
     2242  0.2980000E+03  0.50000E+00    2     8590     4    -5     T
     2244  0.2990000E+03  0.50000E+00    2     8594     4    -5     T
     2246  0.3000000E+03  0.50000E+00    2     8598     4    -5     T
     2248  0.3010000E+03  0.50000E+00    2     8602     4    -5     T
     2250  0.3020000E+03  0.50000E+00    2     8606     4    -5     T
     2252  0.3030000E+03  0.50000E+00    2     8610     4    -5     T
     2254  0.3040000E+03  0.50000E+00    2     8614     4    -5     T
     2256  0.3050000E+03  0.50000E+00    2     8618     4    -5     T
     2258  0.3060000E+03  0.50000E+00    2     8622     4    -5     T
     2260  0.3070000E+03  0.50000E+00    2     8626     4    -5     T
     2262  0.3080000E+03  0.50000E+00    2     8630     4    -5     T
     2264  0.3090000E+03  0.50000E+00    2     8634     4    -5     T
     2266  0.3100000E+03  0.50000E+00    2     8638     4    -5     T
     2268  0.3110000E+03  0.50000E+00    2     8642     4    -5     T
     2270  0.3120000E+03  0.50000E+00    2     8646     4    -5     T
     2272  0.3130000E+03  0.50000E+00    2     8650     4    -5     T
     2274  0.3140000E+03  0.50000E+00    2     8654     4    -5     T
     2276  0.3150000E+03  0.50000E+00    2     8658     4    -5     T
     2278  0.3160000E+03  0.50000E+00    2     8662     4    -5     T
     2280  0.3170000E+03  0.50000E+00    2     8666     4    -5     T
     2282  0.3180000E+03  0.50000E+00    2     8670     4    -5     T
     2284  0.3190000E+03  0.50000E+00    2     8674     4    -5     T
     2286  0.3200000E+03  0.50000E+00    2     8678     4    -5     T
     2288  0.3210000E+03  0.50000E+00    2     8682     4    -5     T
     2290  0.3220000E+03  0.50000E+00    2     8686     4    -5     T
     2292  0.3230000E+03  0.50000E+00    2     8690     4    -5     T
     2294  0.3240000E+03  0.50000E+00    2     8694     4    -5     T
     2296  0.3250000E+03  0.50000E+00    2     8698     4    -5     T
     2298  0.3260000E+03  0.50000E+00    2     8702     4    -5     T
     2300  0.3270000E+03  0.50000E+00    2     8706     4    -5     T
     2302  0.3280000E+03  0.50000E+00    2     8710     4    -5     T
     2304  0.3290000E+03  0.50000E+00    2     8714     4    -5     T
     2306  0.3300000E+03  0.50000E+00    2     8718     4    -5     T
     2308  0.3310000E+03  0.50000E+00    2     8722     4    -5     T
     2310  0.3320000E+03  0.50000E+00    2     8726     4    -5     T
     2312  0.3330000E+03  0.50000E+00    2     8730     4    -5     T
     2314  0.3340000E+03  0.50000E+00    2     8734     4    -5     T
     2316  0.3350000E+03  0.50000E+00    2     8738     4    -5     T
     2318  0.3360000E+03  0.50000E+00    2     8742     4    -5     T
     2320  0.3370000E+03  0.50000E+00    2     8746     4    -5     T
     2322  0.3380000E+03  0.50000E+00    2     8750     4    -5     T
     2324  0.3390000E+03  0.50000E+00    2     8754     4    -5     T
     2326  0.3400000E+03  0.50000E+00    2     8758     4    -5     T
     2328  0.3410000E+03  0.50000E+00    2     8762     4    -5     T
     2330  0.3420000E+03  0.50000E+00    2     8766     4    -5     T
     2332  0.3430000E+03  0.50000E+00    2     8770     4    -5     T
     2334  0.3440000E+03  0.50000E+00    2     8774     4    -5     T
     2336  0.3450000E+03  0.50000E+00    2     8778     4    -5     T
     2338  0.3460000E+03  0.50000E+00    2     8782     4    -5     T
     2340  0.3470000E+03  0.50000E+00    2     8786     4    -5     T
     2342  0.3480000E+03  0.50000E+00    2     8790     4    -5     T
     2344  0.3490000E+03  0.50000E+00    2     8794     4    -5     T
     2346  0.3500000E+03  0.50000E+00    2     8798     4    -5     T
     2348  0.3510000E+03  0.50000E+00    2     8802     4    -5     T
     2350  0.3520000E+03  0.50000E+00    2     8806     4    -5     T
     2352  0.3530000E+03  0.50000E+00    2     8810     4    -5     T
     2354  0.3540000E+03  0.50000E+00    2     8814     4    -5     T
     2356  0.3550000E+03  0.50000E+00    2     8818     4    -5     T
     2358  0.3560000E+03  0.50000E+00    2     8822     4    -5     T
     2360  0.3570000E+03  0.50000E+00    2     8826     4    -5     T
     2362  0.3580000E+03  0.50000E+00    2     8830     4    -5     T
     2364  0.3590000E+03  0.50000E+00    2     8834     4    -5     T
     2366  0.3600000E+03  0.50000E+00    2     8838     4    -5     T
     2368  0.3610000E+03  0.50000E+00    2     8842     4    -5     T
     2370  0.3620000E+03  0.50000E+00    2     8846     4    -5     T
     2372  0.3630000E+03  0.50000E+00    2     8850     4    -5     T
     2374  0.3640000E+03  0.50000E+00    2     8854     4    -5     T
     2376  0.3650000E+03  0.50000E+00    2     8858     4    -5     T
     2378  0.3660000E+03  0.50000E+00    2     8862     4    -5     T
     2380  0.3670000E+03  0.50000E+00    2     8866     4    -5     T
     2382  0.3680000E+03  0.50000E+00    2     8870     4    -5     T
     2384  0.3690000E+03  0.50000E+00    2     8874     4    -5     T
     2386  0.3700000E+03  0.50000E+00    2     8878     4    -5     T
     2388  0.3710000E+03  0.50000E+00    2     8882     4    -5     T
     2390  0.3720000E+03  0.50000E+00    2     8886     4    -5     T
     2392  0.3730000E+03  0.50000E+00    2     8890     4    -5     T
     2394  0.3740000E+03  0.50000E+00    2     8894     4    -5     T
     2396  0.3750000E+03  0.50000E+00    2     8898     4    -5     T
     2398  0.3760000E+03  0.50000E+00    2     8902     4    -5     T
     2400  0.3770000E+03  0.50000E+00    2     8906     4    -5     T
     2402  0.3780000E+03  0.50000E+00    2     8910     4    -5     T
     2404  0.3790000E+03  0.50000E+00    2     8914     4    -5     T
     2406  0.3800000E+03  0.50000E+00    2     8918     4    -5     T
     2408  0.3810000E+03  0.50000E+00    2     8922     4    -5     T
     2410  0.3820000E+03  0.50000E+00    2     8926     4    -5     T
     2412  0.3830000E+03  0.50000E+00    2     8930     4    -5     T
     2414  0.3840000E+03  0.50000E+00    2     8934     4    -5     T
     2416  0.3850000E+03  0.50000E+00    2     8938     4    -5     T
     2418  0.3860000E+03  0.50000E+00    2     8942     4    -5     T
     2420  0.3870000E+03  0.50000E+00    2     8946     4    -5     T
     2422  0.3880000E+03  0.50000E+00    2     8950     4    -5     T
     2424  0.3890000E+03  0.50000E+00    2     8954     4    -5     T
     2426  0.3900000E+03  0.50000E+00    2     8958     4    -5     T
     2428  0.3910000E+03  0.50000E+00    2     8962     4    -5     T
     2430  0.3920000E+03  0.50000E+00    2     8966     4    -5     T
     2432  0.3930000E+03  0.50000E+00    2     8970     4    -5     T
     2434  0.3940000E+03  0.50000E+00    2     8974     4    -5     T
     2436  0.3950000E+03  0.50000E+00    2     8978     4    -5     T
     2438  0.3960000E+03  0.50000E+00    2     8982     4    -5     T
     2440  0.3970000E+03  0.50000E+00    2     8986     4    -5     T
     2442  0.3980000E+03  0.50000E+00    2     8990     4    -5     T
     2444  0.3990000E+03  0.50000E+00    2     8994     4    -5     T
     2446  0.4000000E+03  0.50000E+00    2     8998     4    -5     T
     2448  0.4010000E+03  0.50000E+00    2     9002     4    -5     T
     2450  0.4020000E+03  0.50000E+00    2     9006     4    -5     T
     2452  0.4030000E+03  0.50000E+00    2     9010     4    -5     T
     2454  0.4040000E+03  0.50000E+00    2     9014     4    -5     T
     2456  0.4050000E+03  0.50000E+00    2     9018     4    -5     T
     2458  0.4060000E+03  0.50000E+00    2     9022     4    -5     T
     2460  0.4070000E+03  0.50000E+00    2     9026     4    -5     T
     2462  0.4080000E+03  0.50000E+00    2     9030     4    -5     T
     2464  0.4090000E+03  0.50000E+00    2     9034     4    -5     T
     2466  0.4100000E+03  0.50000E+00    2     9038     4    -5     T
     2468  0.4110000E+03  0.50000E+00    2     9042     4    -5     T
     2470  0.4120000E+03  0.50000E+00    2     9046     4    -5     T
     2472  0.4130000E+03  0.50000E+00    2     9050     4    -5     T
     2474  0.4140000E+03  0.50000E+00    2     9054     4    -5     T
     2476  0.4150000E+03  0.50000E+00    2     9058     4    -5     T
     2478  0.4160000E+03  0.50000E+00    2     9062     4    -5     T
     2480  0.4170000E+03  0.50000E+00    2     9066     4    -5     T
     2482  0.4180000E+03  0.50000E+00    2     9070     4    -5     T
     2484  0.4190000E+03  0.50000E+00    2     9074     4    -5     T
     2486  0.4200000E+03  0.50000E+00    2     9078     4    -5     T
     2488  0.4210000E+03  0.50000E+00    2     9082     4    -5     T
     2490  0.4220000E+03  0.50000E+00    2     9086     4    -5     T
     2492  0.4230000E+03  0.50000E+00    2     9090     4    -5     T
     2494  0.4240000E+03  0.50000E+00    2     9094     4    -5     T
     2496  0.4250000E+03  0.50000E+00    2     9098     4    -5     T
     2498  0.4260000E+03  0.50000E+00    2     9102     4    -5     T
     2500  0.4270000E+03  0.50000E+00    2     9106     4    -5     T
     2502  0.4280000E+03  0.50000E+00    2     9110     4    -5     T
     2504  0.4290000E+03  0.50000E+00    2     9114     4    -5     T
     2506  0.4300000E+03  0.50000E+00    2     9118     4    -5     T
     2508  0.4310000E+03  0.50000E+00    2     9122     4    -5     T
     2510  0.4320000E+03  0.50000E+00    2     9126     4    -5     T
     2512  0.4330000E+03  0.50000E+00    2     9130     4    -5     T
     2514  0.4340000E+03  0.50000E+00    2     9134     4    -5     T
     2516  0.4350000E+03  0.50000E+00    2     9138     4    -5     T
     2518  0.4360000E+03  0.50000E+00    2     9142     4    -5     T
     2520  0.4370000E+03  0.50000E+00    2     9146     4    -5     T
     2522  0.4380000E+03  0.50000E+00    2     9150     4    -5     T
     2524  0.4390000E+03  0.50000E+00    2     9154     4    -5     T
     2526  0.4400000E+03  0.50000E+00    2     9158     4    -5     T
     2528  0.4410000E+03  0.50000E+00    2     9162     4    -5     T
     2530  0.4420000E+03  0.50000E+00    2     9166     4    -5     T
     2532  0.4430000E+03  0.50000E+00    2     9170     4    -5     T
     2534  0.4440000E+03  0.50000E+00    2     9174     4    -5     T
     2536  0.4450000E+03  0.50000E+00    2     9178     4    -5     T
     2538  0.4460000E+03  0.50000E+00    2     9182     4    -5     T
     2540  0.4470000E+03  0.50000E+00    2     9186     4    -5     T
     2542  0.4480000E+03  0.50000E+00    2     9190     4    -5     T
     2544  0.4490000E+03  0.50000E+00    2     9194     4    -5     T
     2546  0.4500000E+03  0.50000E+00    2     9198     4    -5     T
     2548  0.4510000E+03  0.50000E+00    2     9202     4    -5     T
     2550  0.4520000E+03  0.50000E+00    2     9206     4    -5     T
     2552  0.4530000E+03  0.50000E+00    2     9210     4    -5     T
     2554  0.4540000E+03  0.50000E+00    2     9214     4    -5     T
     2556  0.4550000E+03  0.50000E+00    2     9218     4    -5     T
     2558  0.4560000E+03  0.50000E+00    2     9222     4    -5     T
     2560  0.4570000E+03  0.50000E+00    2     9226     4    -5     T
     2562  0.4580000E+03  0.50000E+00    2     9230     4    -5     T
     2564  0.4590000E+03  0.50000E+00    2     9234     4    -5     T
     2566  0.4600000E+03  0.50000E+00    2     9238     4    -5     T
     2568  0.4610000E+03  0.50000E+00    2     9242     4    -5     T
     2570  0.4620000E+03  0.50000E+00    2     9246     4    -5     T
     2572  0.4630000E+03  0.50000E+00    2     9250     4    -5     T
     2574  0.4640000E+03  0.50000E+00    2     9254     4    -5     T
     2576  0.4650000E+03  0.50000E+00    2     9258     4    -5     T
     2578  0.4660000E+03  0.50000E+00    2     9262     4    -5     T
     2580  0.4670000E+03  0.50000E+00    2     9266     4    -5     T
     2582  0.4680000E+03  0.50000E+00    2     9270     4    -5     T
     2584  0.4690000E+03  0.50000E+00    2     9274     4    -5     T
     2586  0.4700000E+03  0.50000E+00    2     9278     4    -5     T
     2588  0.4710000E+03  0.50000E+00    2     9282     4    -5     T
     2590  0.4720000E+03  0.50000E+00    2     9286     4    -5     T
     2592  0.4730000E+03  0.50000E+00    2     9290     4    -5     T
     2594  0.4740000E+03  0.50000E+00    2     9294     4    -5     T
     2596  0.4750000E+03  0.50000E+00    2     9298     4    -5     T
     2598  0.4760000E+03  0.50000E+00    2     9302     4    -5     T
     2600  0.4770000E+03  0.50000E+00    2     9306     4    -5     T
     2602  0.4780000E+03  0.50000E+00    2     9310     4    -5     T
     2604  0.4790000E+03  0.50000E+00    2     9314     4    -5     T
     2606  0.4800000E+03  0.50000E+00    2     9318     4    -5     T
     2608  0.4810000E+03  0.50000E+00    2     9322     4    -5     T
     2610  0.4820000E+03  0.50000E+00    2     9326     4    -5     T
     2612  0.4830000E+03  0.50000E+00    2     9330     4    -5     T
     2614  0.4840000E+03  0.50000E+00    2     9334     4    -5     T
     2616  0.4850000E+03  0.50000E+00    2     9338     4    -5     T
     2618  0.4860000E+03  0.50000E+00    2     9342     4    -5     T
     2620  0.4870000E+03  0.50000E+00    2     9346     4    -5     T
     2622  0.4880000E+03  0.50000E+00    2     9350     4    -5     T
     2624  0.4890000E+03  0.50000E+00    2     9354     4    -5     T
     2626  0.4900000E+03  0.50000E+00    2     9358     4    -5     T
     2628  0.4910000E+03  0.50000E+00    2     9362     4    -5     T
     2630  0.4920000E+03  0.50000E+00    2     9366     4    -5     T
     2632  0.4930000E+03  0.50000E+00    2     9370     4    -5     T
     2634  0.4940000E+03  0.50000E+00    2     9374     4    -5     T
     2636  0.4950000E+03  0.50000E+00    2     9378     4    -5     T
     2638  0.4960000E+03  0.50000E+00    2     9382     4    -5     T
     2640  0.4970000E+03  0.50000E+00    2     9386     4    -5     T
     2642  0.4980000E+03  0.50000E+00    2     9390     4    -5     T
     2644  0.4990000E+03  0.50000E+00    2     9394     4    -5     T
     2646  0.5000000E+03  0.50000E+00    2     9398     4    -5     T
     2648  0.5010000E+03  0.50000E+00    2     9402     4    -5     T
     2650  0.5020000E+03  0.50000E+00    2     9406     4    -5     T
     2652  0.5030000E+03  0.50000E+00    2     9410     4    -5     T
     2654  0.5040000E+03  0.50000E+00    2     9414     4    -5     T
     2656  0.5050000E+03  0.50000E+00    2     9418     4    -5     T
     2658  0.5060000E+03  0.50000E+00    2     9422     4    -5     T
     2660  0.5070000E+03  0.50000E+00    2     9426     4    -5     T
     2662  0.5080000E+03  0.50000E+00    2     9430     4    -5     T
     2664  0.5090000E+03  0.50000E+00    2     9434     4    -5     T
     2666  0.5100000E+03  0.50000E+00    2     9438     4    -5     T
     2668  0.5110000E+03  0.50000E+00    2     9442     4    -5     T
     2670  0.5120000E+03  0.50000E+00    2     9446     4    -5     T
     2672  0.5130000E+03  0.50000E+00    2     9450     4    -5     T
     2674  0.5140000E+03  0.50000E+00    2     9454     4    -5     T
     2676  0.5150000E+03  0.50000E+00    2     9458     4    -5     T
     2678  0.5160000E+03  0.50000E+00    2     9462     4    -5     T
     2680  0.5170000E+03  0.50000E+00    2     9466     4    -5     T
     2682  0.5180000E+03  0.50000E+00    2     9470     4    -5     T
     2684  0.5190000E+03  0.50000E+00    2     9474     4    -5     T
     2686  0.5200000E+03  0.50000E+00    2     9478     4    -5     T
     2688  0.5210000E+03  0.50000E+00    2     9482     4    -5     T
     2690  0.5220000E+03  0.50000E+00    2     9486     4    -5     T
     2692  0.5230000E+03  0.50000E+00    2     9490     4    -5     T
     2694  0.5240000E+03  0.50000E+00    2     9494     4    -5     T
     2696  0.5250000E+03  0.50000E+00    2     9498     4    -5     T
     2698  0.5260000E+03  0.50000E+00    2     9502     4    -5     T
     2700  0.5270000E+03  0.50000E+00    2     9506     4    -5     T
     2702  0.5280000E+03  0.50000E+00    2     9510     4    -5     T
     3108  0.5290000E+03  0.12527E-01    2    11322     4    -5     T
     3206  0.5300000E+03  0.63716E-02    2    11785     4    -5     T
     3292  0.5310000E+03  0.56923E-02    2    12190     4    -5     T
     3363  0.5320000E+03  0.54230E-01    9    12510     4    -5     T
     3440  0.5330000E+03  0.10961E-01    2    12866     4    -5     T
     3519  0.5340000E+03  0.82942E-02    3    13202     4    -5     T
     3543  0.5350000E+03  0.14306E+00    2    13283    -4    -5     T
     3547  0.5360000E+03  0.26667E+00    2    13292    -4    -5     T
     3549  0.5370000E+03  0.50000E+00    2    13296    -4    -5     T
     3551  0.5380000E+03  0.50000E+00    2    13300    -4    -5     T
     3553  0.5390000E+03  0.50000E+00    3    13305    -4    -5     T
     3555  0.5400000E+03  0.50000E+00    4    13311    -4    -5     T
     3557  0.5410000E+03  0.50000E+00    2    13316    -4    -5     T
     3559  0.5420000E+03  0.50000E+00    2    13321    -4    -5     T
     3561  0.5430000E+03  0.50000E+00    4    13328    -4    -5     T
     3563  0.5440000E+03  0.50000E+00    2    13334    -4    -5     T
     3565  0.5450000E+03  0.50000E+00    3    13340    -4    -5     T
     3567  0.5460000E+03  0.50000E+00    4    13346    -4    -5     T
     3569  0.5470000E+03  0.50000E+00    2    13351    -4    -5     T
     3571  0.5480000E+03  0.50000E+00    4    13357    -4    -5     T
     3967  0.5490000E+03  0.79088E-02    5    15125     4    -5     T
     3983  0.5500000E+03  0.20305E+00    2    15164    -4    -5     T
     4095  0.5510000E+03  0.18427E-01    3    15652     4    -5     T
     4107  0.5520000E+03  0.31876E+00    2    15686    -4    -5     T
     4196  0.5530000E+03  0.21631E-01    5    16082     4    -5     T
     4211  0.5540000E+03  0.19739E+00    2    16120    -4    -5     T
     4306  0.5550000E+03  0.86142E-02    2    16544     4    -5     T
     4322  0.5560000E+03  0.15728E+00    2    16590    -4    -5     T
     4417  0.5570000E+03  0.39066E-01    3    17005     4    -5     T
     4500  0.5580000E+03  0.19391E-01    2    17358     4    -5     T
     4516  0.5590000E+03  0.31131E+00    2    17406    -4    -5     T
     4519  0.5600000E+03  0.37500E+00    2    17413    -4    -5     T
     4521  0.5610000E+03  0.50000E+00    2    17418    -4    -5     T
     4523  0.5620000E+03  0.50000E+00    3    17424    -4    -5     T
     4525  0.5630000E+03  0.50000E+00    3    17430    -4    -5     T
     4527  0.5640000E+03  0.50000E+00    2    17434    -4    -5     T
     4529  0.5650000E+03  0.50000E+00    2    17439    -4    -5     T
     4531  0.5660000E+03  0.50000E+00    4    17446    -4    -5     T
     4533  0.5670000E+03  0.50000E+00    4    17453    -4    -5     T
     4535  0.5680000E+03  0.50000E+00    3    17460    -4    -5     T
     4537  0.5690000E+03  0.50000E+00    4    17468    -4    -5     T
     4539  0.5700000E+03  0.50000E+00    3    17474    -4    -5     T
     4541  0.5710000E+03  0.50000E+00    2    17479    -4    -5     T
     4543  0.5720000E+03  0.50000E+00    2    17483    -4    -5     T
     4545  0.5730000E+03  0.50000E+00    2    17487    -4    -5     T
     4547  0.5740000E+03  0.50000E+00    2    17491    -4    -5     T
     4549  0.5750000E+03  0.50000E+00    2    17495    -4    -5     T
     4551  0.5760000E+03  0.50000E+00    2    17499    -4    -5     T
     4553  0.5770000E+03  0.50000E+00    2    17503    -4    -5     T
     4555  0.5780000E+03  0.50000E+00    2    17507    -4    -5     T
     4557  0.5790000E+03  0.50000E+00    2    17511    -4    -5     T
     4559  0.5800000E+03  0.50000E+00    2    17515    -4    -5     T
     4561  0.5810000E+03  0.50000E+00    2    17519    -4    -5     T
     4563  0.5820000E+03  0.50000E+00    2    17523    -4    -5     T
     4565  0.5830000E+03  0.50000E+00    2    17527    -4    -5     T
     4567  0.5840000E+03  0.50000E+00    2    17531    -4    -5     T
     4569  0.5850000E+03  0.50000E+00    2    17535    -4    -5     T
     4571  0.5860000E+03  0.50000E+00    2    17539    -4    -5     T
     4573  0.5870000E+03  0.50000E+00    2    17543    -4    -5     T
     4575  0.5880000E+03  0.50000E+00    2    17547    -4    -5     T
     4577  0.5890000E+03  0.50000E+00    2    17551    -4    -5     T
     4579  0.5900000E+03  0.50000E+00    2    17555    -4    -5     T
     4581  0.5910000E+03  0.50000E+00    2    17559    -4    -5     T
     4583  0.5920000E+03  0.50000E+00    2    17563    -4    -5     T
     4585  0.5930000E+03  0.50000E+00    2    17567    -4    -5     T
     4587  0.5940000E+03  0.50000E+00    2    17571    -4    -5     T
     4589  0.5950000E+03  0.50000E+00    2    17575    -4    -5     T
     4591  0.5960000E+03  0.50000E+00    2    17579    -4    -5     T
     4593  0.5970000E+03  0.50000E+00    2    17583    -4    -5     T
     4595  0.5980000E+03  0.50000E+00    2    17587    -4    -5     T
     4597  0.5990000E+03  0.50000E+00    2    17591    -4    -5     T
     4599  0.6000000E+03  0.50000E+00    2    17595    -4    -5     T
     4601  0.6010000E+03  0.50000E+00    2    17599    -4    -5     T
     4603  0.6020000E+03  0.50000E+00    2    17603    -4    -5     T
     4605  0.6030000E+03  0.50000E+00    2    17607    -4    -5     T
     4607  0.6040000E+03  0.50000E+00    2    17611    -4    -5     T
     4609  0.6050000E+03  0.50000E+00    2    17615    -4    -5     T
     4611  0.6060000E+03  0.50000E+00    2    17619    -4    -5     T
     4613  0.6070000E+03  0.50000E+00    2    17623    -4    -5     T
     4615  0.6080000E+03  0.50000E+00    2    17627    -4    -5     T
     4617  0.6090000E+03  0.50000E+00    2    17631    -4    -5     T
     4619  0.6100000E+03  0.50000E+00    2    17635    -4    -5     T
     4621  0.6110000E+03  0.50000E+00    2    17639    -4    -5     T
     4623  0.6120000E+03  0.50000E+00    2    17643    -4    -5     T
     4625  0.6130000E+03  0.50000E+00    2    17647    -4    -5     T
     4627  0.6140000E+03  0.50000E+00    2    17651    -4    -5     T
     4629  0.6150000E+03  0.50000E+00    2    17655    -4    -5     T
     4631  0.6160000E+03  0.50000E+00    2    17659    -4    -5     T
     4633  0.6170000E+03  0.50000E+00    2    17663    -4    -5     T
     4635  0.6180000E+03  0.50000E+00    2    17667    -4    -5     T
     4637  0.6190000E+03  0.50000E+00    2    17671    -4    -5     T
     4639  0.6200000E+03  0.50000E+00    2    17675    -4    -5     T
     4641  0.6210000E+03  0.50000E+00    2    17679    -4    -5     T
     4643  0.6220000E+03  0.50000E+00    2    17683    -4    -5     T
     4645  0.6230000E+03  0.50000E+00    2    17687    -4    -5     T
     4647  0.6240000E+03  0.50000E+00    2    17691    -4    -5     T
     4649  0.6250000E+03  0.50000E+00    2    17695    -4    -5     T
     4651  0.6260000E+03  0.50000E+00    2    17699    -4    -5     T
     4653  0.6270000E+03  0.50000E+00    2    17703    -4    -5     T
     4655  0.6280000E+03  0.50000E+00    2    17707    -4    -5     T
     4657  0.6290000E+03  0.50000E+00    2    17711    -4    -5     T
     4659  0.6300000E+03  0.50000E+00    2    17715    -4    -5     T
     4661  0.6310000E+03  0.50000E+00    2    17719    -4    -5     T
     4663  0.6320000E+03  0.50000E+00    2    17723    -4    -5     T
     4665  0.6330000E+03  0.50000E+00    2    17727    -4    -5     T
     4667  0.6340000E+03  0.50000E+00    2    17731    -4    -5     T
     4669  0.6350000E+03  0.50000E+00    2    17735    -4    -5     T
     4671  0.6360000E+03  0.50000E+00    2    17739    -4    -5     T
     4673  0.6370000E+03  0.50000E+00    2    17743    -4    -5     T
     4675  0.6380000E+03  0.50000E+00    2    17747    -4    -5     T
     4677  0.6390000E+03  0.50000E+00    2    17751    -4    -5     T
     4679  0.6400000E+03  0.50000E+00    2    17758     4    -5     T
     4681  0.6410000E+03  0.50000E+00    2    17762     4    -5     T
     4683  0.6420000E+03  0.50000E+00    2    17766     4    -5     T
     4685  0.6430000E+03  0.50000E+00    2    17770     4    -5     T
     4687  0.6440000E+03  0.50000E+00    2    17774     4    -5     T
     4689  0.6450000E+03  0.50000E+00    2    17778     4    -5     T
     4691  0.6460000E+03  0.50000E+00    2    17782     4    -5     T
     4693  0.6470000E+03  0.50000E+00    2    17786     4    -5     T
     4695  0.6480000E+03  0.50000E+00    2    17790     4    -5     T
     4697  0.6490000E+03  0.50000E+00    2    17794     4    -5     T
     4699  0.6500000E+03  0.50000E+00    2    17798     4    -5     T
     4701  0.6510000E+03  0.50000E+00    2    17802     4    -5     T
     4703  0.6520000E+03  0.50000E+00    2    17806     4    -5     T
     4705  0.6530000E+03  0.50000E+00    2    17810     4    -5     T
     4707  0.6540000E+03  0.50000E+00    2    17814     4    -5     T
     4709  0.6550000E+03  0.50000E+00    2    17818     4    -5     T
     4711  0.6560000E+03  0.50000E+00    2    17822     4    -5     T
     4713  0.6570000E+03  0.50000E+00    2    17826     4    -5     T
     4715  0.6580000E+03  0.50000E+00    2    17830     4    -5     T
     4717  0.6590000E+03  0.50000E+00    2    17834     4    -5     T
     4719  0.6600000E+03  0.50000E+00    2    17838     4    -5     T
     4721  0.6610000E+03  0.50000E+00    2    17842     4    -5     T
     4723  0.6620000E+03  0.50000E+00    2    17846     4    -5     T
     4725  0.6630000E+03  0.50000E+00    2    17850     4    -5     T
     4727  0.6640000E+03  0.50000E+00    2    17854     4    -5     T
     4729  0.6650000E+03  0.50000E+00    2    17858     4    -5     T
     4731  0.6660000E+03  0.50000E+00    2    17862     4    -5     T
     4733  0.6670000E+03  0.50000E+00    2    17866     4    -5     T
     4735  0.6680000E+03  0.50000E+00    2    17870     4    -5     T
     4737  0.6690000E+03  0.50000E+00    2    17874     4    -5     T
     4739  0.6700000E+03  0.50000E+00    2    17878     4    -5     T
     4741  0.6710000E+03  0.50000E+00    2    17882     4    -5     T
     4743  0.6720000E+03  0.50000E+00    2    17886     4    -5     T
     4745  0.6730000E+03  0.50000E+00    2    17890     4    -5     T
     4747  0.6740000E+03  0.50000E+00    2    17894     4    -5     T
     4749  0.6750000E+03  0.50000E+00    2    17898     4    -5     T
     4751  0.6760000E+03  0.50000E+00    2    17902     4    -5     T
     4753  0.6770000E+03  0.50000E+00    2    17906     4    -5     T
     4755  0.6780000E+03  0.50000E+00    2    17910     4    -5     T
     4757  0.6790000E+03  0.50000E+00    2    17914     4    -5     T
     4759  0.6800000E+03  0.50000E+00    2    17918     4    -5     T
     4761  0.6810000E+03  0.50000E+00    2    17922     4    -5     T
     4763  0.6820000E+03  0.50000E+00    2    17926     4    -5     T
     4765  0.6830000E+03  0.50000E+00    2    17930     4    -5     T
     4767  0.6840000E+03  0.50000E+00    2    17934     4    -5     T
     4769  0.6850000E+03  0.50000E+00    2    17938     4    -5     T
     4771  0.6860000E+03  0.50000E+00    2    17942     4    -5     T
     4773  0.6870000E+03  0.50000E+00    2    17946     4    -5     T
     4775  0.6880000E+03  0.50000E+00    2    17950     4    -5     T
     4777  0.6890000E+03  0.50000E+00    2    17954     4    -5     T
     4779  0.6900000E+03  0.50000E+00    2    17958     4    -5     T
     4781  0.6910000E+03  0.50000E+00    2    17962     4    -5     T
     4783  0.6920000E+03  0.50000E+00    2    17966     4    -5     T
     4785  0.6930000E+03  0.50000E+00    2    17970     4    -5     T
     4787  0.6940000E+03  0.50000E+00    2    17974     4    -5     T
     4789  0.6950000E+03  0.50000E+00    2    17978     4    -5     T
     4791  0.6960000E+03  0.50000E+00    2    17982     4    -5     T
     4793  0.6970000E+03  0.50000E+00    2    17986     4    -5     T
     4795  0.6980000E+03  0.50000E+00    2    17990     4    -5     T
     4797  0.6990000E+03  0.50000E+00    2    17994     4    -5     T
     4799  0.7000000E+03  0.50000E+00    2    17998     4    -5     T
     4801  0.7010000E+03  0.50000E+00    2    18002     4    -5     T
     4803  0.7020000E+03  0.50000E+00    2    18006     4    -5     T
     4805  0.7030000E+03  0.50000E+00    2    18010     4    -5     T
     4807  0.7040000E+03  0.50000E+00    2    18014     4    -5     T
     4809  0.7050000E+03  0.50000E+00    2    18018     4    -5     T
     4811  0.7060000E+03  0.50000E+00    2    18022     4    -5     T
     4813  0.7070000E+03  0.50000E+00    2    18026     4    -5     T
     4815  0.7080000E+03  0.50000E+00    2    18030     4    -5     T
     4817  0.7090000E+03  0.50000E+00    2    18034     4    -5     T
     4819  0.7100000E+03  0.50000E+00    2    18038     4    -5     T
     4821  0.7110000E+03  0.50000E+00    2    18042     4    -5     T
     4823  0.7120000E+03  0.50000E+00    2    18046     4    -5     T
     4825  0.7130000E+03  0.50000E+00    2    18050     4    -5     T
     4827  0.7140000E+03  0.50000E+00    2    18054     4    -5     T
     4829  0.7150000E+03  0.50000E+00    2    18058     4    -5     T
     4831  0.7160000E+03  0.50000E+00    2    18062     4    -5     T
     4833  0.7170000E+03  0.50000E+00    2    18066     4    -5     T
     4835  0.7180000E+03  0.50000E+00    2    18070     4    -5     T
     4837  0.7190000E+03  0.50000E+00    2    18074     4    -5     T
     4839  0.7200000E+03  0.50000E+00    2    18078     4    -5     T
     4841  0.7210000E+03  0.50000E+00    2    18082     4    -5     T
     4843  0.7220000E+03  0.50000E+00    2    18086     4    -5     T
     4845  0.7230000E+03  0.50000E+00    2    18090     4    -5     T
     4847  0.7240000E+03  0.50000E+00    2    18094     4    -5     T
     4849  0.7250000E+03  0.50000E+00    2    18098     4    -5     T
     4851  0.7260000E+03  0.50000E+00    2    18102     4    -5     T
     4853  0.7270000E+03  0.50000E+00    2    18106     4    -5     T
     4855  0.7280000E+03  0.50000E+00    2    18110     4    -5     T
     4857  0.7290000E+03  0.50000E+00    2    18114     4    -5     T
     4859  0.7300000E+03  0.50000E+00    2    18118     4    -5     T
     4861  0.7310000E+03  0.50000E+00    2    18122     4    -5     T
     4863  0.7320000E+03  0.50000E+00    2    18126     4    -5     T
     4865  0.7330000E+03  0.50000E+00    2    18130     4    -5     T
     4867  0.7340000E+03  0.50000E+00    2    18134     4    -5     T
     4869  0.7350000E+03  0.50000E+00    2    18138     4    -5     T
     4871  0.7360000E+03  0.50000E+00    2    18142     4    -5     T
     4873  0.7370000E+03  0.50000E+00    2    18146     4    -5     T
     4875  0.7380000E+03  0.50000E+00    2    18150     4    -5     T
     4877  0.7390000E+03  0.50000E+00    2    18154     4    -5     T
     4879  0.7400000E+03  0.50000E+00    2    18158     4    -5     T
     4881  0.7410000E+03  0.50000E+00    2    18162     4    -5     T
     4883  0.7420000E+03  0.50000E+00    2    18166     4    -5     T
     4885  0.7430000E+03  0.50000E+00    2    18170     4    -5     T
     4887  0.7440000E+03  0.50000E+00    2    18174     4    -5     T
     4889  0.7450000E+03  0.50000E+00    2    18178     4    -5     T
     4891  0.7460000E+03  0.50000E+00    2    18182     4    -5     T
     4893  0.7470000E+03  0.50000E+00    2    18186     4    -5     T
     4895  0.7480000E+03  0.50000E+00    2    18190     4    -5     T
     4897  0.7490000E+03  0.50000E+00    2    18194     4    -5     T
     4899  0.7500000E+03  0.50000E+00    2    18198     4    -5     T
     4901  0.7510000E+03  0.50000E+00    2    18202     4    -5     T
     4903  0.7520000E+03  0.50000E+00    2    18206     4    -5     T
     4905  0.7530000E+03  0.50000E+00    2    18210     4    -5     T
     4907  0.7540000E+03  0.50000E+00    2    18214     4    -5     T
     4909  0.7550000E+03  0.50000E+00    2    18218     4    -5     T
     4911  0.7560000E+03  0.50000E+00    2    18222     4    -5     T
end
