

   Time         sum(rTop)     sum(rRoot)    sum(vTop)     sum(vRoot)     sum(vBot)    hTop       hRoot      hBot      A-level
    [T]           [L]           [L]           [L]           [L]            [L]        [L]         [L]       [L] 

     1.00000  0.000000E+00  0.000000E+00  0.949111E-06  0.000000E+00 -0.260272E+01    -68.239    -59.942    -26.912       1
     2.00000  0.190030E-01  0.000000E+00  0.190029E-01  0.000000E+00 -0.429030E+01    -87.492    -78.216    -38.179       2
     3.00000  0.515550E-01  0.000000E+00  0.515558E-01  0.000000E+00 -0.555342E+01   -101.614    -91.785    -47.523       3
     4.00000  0.883120E-01  0.000000E+00  0.883134E-01  0.000000E+00 -0.656513E+01   -112.980   -102.735    -55.693       4
     5.00000  0.110018E+00  0.000000E+00  0.110019E+00  0.000000E+00 -0.739821E+01   -121.232   -111.211    -62.614       5
     6.00000  0.124433E+00  0.000000E+00  0.124434E+00  0.000000E+00 -0.811569E+01   -128.332   -118.409    -68.969       6
     7.00000  0.137100E+00  0.000000E+00  0.137102E+00  0.000000E+00 -0.873400E+01   -134.858   -124.915    -74.534       7
     8.00000  0.162752E+00  0.000000E+00  0.162754E+00  0.000000E+00 -0.928241E+01   -142.181   -131.607    -79.666       8
     9.00000  0.180444E+00  0.000000E+00  0.180445E+00  0.000000E+00 -0.977988E+01   -147.545   -137.157    -84.536       9
    10.00000  0.200176E+00  0.000000E+00  0.200177E+00  0.000000E+00 -0.102298E+02   -152.999   -142.430    -89.069      10
    11.00000  0.237727E+00  0.000000E+00  0.237728E+00  0.000000E+00 -0.106361E+02   -160.388   -148.581    -93.201      11
    12.00000  0.279618E+00  0.000000E+00  0.279619E+00  0.000000E+00 -0.110063E+02   -167.014   -154.549    -97.052      12
    13.00000  0.319120E+00  0.000000E+00  0.319121E+00  0.000000E+00 -0.113535E+02   -172.509   -159.887   -100.860      13
    14.00000  0.362870E+00  0.000000E+00  0.362870E+00  0.000000E+00 -0.116792E+02   -178.413   -165.235   -104.547      14
    15.00000  0.381768E+00  0.000000E+00  0.381769E+00  0.000000E+00 -0.119843E+02   -179.952   -168.362   -108.099      15
    16.00000  0.404037E+00  0.000000E+00  0.404037E+00  0.000000E+00 -0.122696E+02   -183.637   -171.921   -111.502      16
    17.00000  0.452676E+00  0.000000E+00  0.452676E+00  0.000000E+00 -0.125359E+02   -191.628   -177.540   -114.739      17
    18.00000  0.483557E+00  0.000000E+00  0.483557E+00  0.000000E+00 -0.127844E+02   -194.403   -181.260   -117.790      18
    19.00000  0.507666E+00  0.000000E+00  0.507666E+00  0.000000E+00 -0.130164E+02   -196.953   -184.363   -120.663      19
    20.00000  0.520690E+00  0.000000E+00  0.520691E+00  0.000000E+00 -0.132378E+02   -198.138   -186.607   -123.668      20
    21.00000  0.543830E+00  0.000000E+00  0.543831E+00  0.000000E+00 -0.134503E+02   -202.457   -190.002   -126.570      21
    22.00000  0.583157E+00  0.000000E+00  0.583158E+00  0.000000E+00 -0.136543E+02   -209.302   -194.865   -129.389      22
    23.00000  0.605519E+00  0.000000E+00  0.605520E+00  0.000000E+00 -0.138500E+02   -210.723   -197.682   -132.129      23
    24.00000  0.634465E+00  0.000000E+00  0.634466E+00  0.000000E+00 -0.140376E+02   -214.911   -201.204   -134.791      24
    25.00000  0.653914E+00  0.000000E+00  0.653915E+00  0.000000E+00 -0.142173E+02   -216.494   -203.682   -137.375      25
    26.00000  0.670804E+00  0.000000E+00  0.670805E+00  0.000000E+00 -0.143894E+02   -218.427   -205.987   -139.882      26
    27.00000  0.693282E+00  0.000000E+00  0.693283E+00  0.000000E+00 -0.145541E+02   -222.061   -208.419   -142.310      27
    28.00000  0.715219E+00  0.000000E+00  0.715220E+00  0.000000E+00 -0.147117E+02   -225.039   -211.270   -144.660      28
    29.00000  0.743209E+00  0.000000E+00  0.743210E+00  0.000000E+00 -0.148624E+02   -229.375   -214.659   -146.928      29
    30.00000  0.766351E+00  0.000000E+00  0.766352E+00  0.000000E+00 -0.150064E+02   -231.779   -217.401   -149.114      30
    31.00000  0.811170E+00  0.000000E+00  0.811171E+00  0.000000E+00 -0.151440E+02   -240.010   -222.282   -151.220      31
    32.00000  0.866956E+00  0.000000E+00  0.866957E+00  0.000000E+00 -0.152764E+02   -248.869   -228.028   -153.448      32
    33.00000  0.910792E+00  0.000000E+00  0.910793E+00  0.000000E+00 -0.154055E+02   -252.070   -232.056   -155.657      33
    34.00000  0.944666E+00  0.000000E+00  0.944667E+00  0.000000E+00 -0.155313E+02   -253.330   -234.791   -157.815      34
    35.00000  0.979213E+00  0.000000E+00  0.979214E+00  0.000000E+00 -0.156540E+02   -256.400   -237.731   -159.936      35
    36.00000  0.101064E+01  0.000000E+00  0.101064E+01  0.000000E+00 -0.157736E+02   -258.663   -240.369   -162.029      36
    37.00000  0.103930E+01  0.000000E+00  0.103930E+01  0.000000E+00 -0.158902E+02   -260.601   -242.746   -164.097      37
    38.00000  0.106707E+01  0.000000E+00  0.106707E+01  0.000000E+00 -0.160036E+02   -262.844   -245.120   -166.141      38
    39.00000  0.110288E+01  0.000000E+00  0.110288E+01  0.000000E+00 -0.161141E+02   -268.055   -248.614   -168.160      39
    40.00000  0.113348E+01  0.000000E+00  0.113349E+01  0.000000E+00 -0.162217E+02   -270.236   -251.324   -170.152      40
    41.00000  0.115926E+01  0.000000E+00  0.115926E+01  0.000000E+00 -0.163263E+02   -271.380   -253.383   -172.117      41
    42.00000  0.117834E+01  0.000000E+00  0.117834E+01  0.000000E+00 -0.164280E+02   -271.179   -254.655   -174.053      42
    43.00000  0.119555E+01  0.000000E+00  0.119555E+01  0.000000E+00 -0.165269E+02   -271.743   -255.892   -175.959      43
    44.00000  0.121423E+01  0.000000E+00  0.121423E+01  0.000000E+00 -0.166230E+02   -273.519   -257.526   -177.834      44
    45.00000  0.124689E+01  0.000000E+00  0.124689E+01  0.000000E+00 -0.167163E+02   -280.202   -261.145   -179.677      45
    46.00000  0.129566E+01  0.000000E+00  0.129566E+01  0.000000E+00 -0.168070E+02   -290.533   -266.742   -181.486      46
    47.00000  0.133688E+01  0.000000E+00  0.133688E+01  0.000000E+00 -0.168950E+02   -294.488   -270.850   -183.261      47
    48.00000  0.138192E+01  0.000000E+00  0.138192E+01  0.000000E+00 -0.169804E+02   -300.496   -275.178   -185.003      48
    49.00000  0.143439E+01  0.000000E+00  0.143440E+01  0.000000E+00 -0.170633E+02   -308.999   -280.348   -186.711      49
    50.00000  0.148340E+01  0.000000E+00  0.148340E+01  0.000000E+00 -0.171437E+02   -314.250   -284.860   -188.388      50
    51.00000  0.154710E+01  0.000000E+00  0.154710E+01  0.000000E+00 -0.172216E+02   -327.119   -291.568   -190.041      51
    52.00000  0.164190E+01  0.000000E+00  0.164190E+01  0.000000E+00 -0.172971E+02   -354.280   -303.327   -191.694      52
    53.00000  0.168940E+01  0.000000E+00  0.168941E+01  0.000000E+00 -0.173709E+02   -343.829   -304.773   -193.568      53
    54.00000  0.178343E+01  0.000000E+00  0.178343E+01  0.000000E+00 -0.174435E+02   -374.228   -315.685   -195.374      54
    55.00000  0.191350E+01  0.000000E+00  0.191350E+01  0.000000E+00 -0.175148E+02   -425.154   -333.096   -197.147      55
    56.00000  0.203612E+01  0.000000E+00  0.203612E+01  0.000000E+00 -0.175850E+02   -456.764   -349.008   -198.904      56
    57.00000  0.216209E+01  0.000000E+00  0.216209E+01  0.000000E+00 -0.176539E+02   -495.760   -365.380   -200.652      57
    58.00000  0.227840E+01  0.000000E+00  0.227840E+01  0.000000E+00 -0.177216E+02   -522.465   -379.681   -202.397      58
    59.00000  0.237324E+01  0.000000E+00  0.237324E+01  0.000000E+00 -0.177882E+02   -522.457   -388.826   -204.142      59
    60.00000  0.249185E+01  0.000000E+00  0.249186E+01  0.000000E+00 -0.178535E+02   -578.798   -404.662   -205.892      60
    61.00000  0.260512E+01  0.000000E+00  0.260512E+01  0.000000E+00 -0.179176E+02   -616.164   -419.547   -207.649      61
    62.00000  0.265999E+01  0.000000E+00  0.265999E+01  0.000000E+00 -0.179805E+02   -544.161   -418.174   -209.416      62
    63.00000  0.274525E+01  0.000000E+00  0.274525E+01  0.000000E+00 -0.180422E+02   -578.693   -426.326   -211.193      63
    64.00000  0.286416E+01  0.000000E+00  0.286416E+01  0.000000E+00 -0.181027E+02   -678.653   -445.278   -212.982      64
    65.00000  0.296659E+01  0.000000E+00  0.296659E+01  0.000000E+00 -0.181619E+02   -707.469   -459.820   -214.781      65
    66.00000  0.310093E+01  0.000000E+00  0.310093E+01  0.000000E+00 -0.182199E+02   -891.211   -486.289   -216.591      66
    67.00000  0.324746E+01  0.000000E+00  0.324746E+01  0.000000E+00 -0.182767E+02  -1199.608   -520.601   -218.408      67
    68.00000  0.340366E+01  0.000000E+00  0.340366E+01  0.000000E+00 -0.183322E+02  -1958.937   -563.898   -220.232      68
    69.00000  0.353265E+01  0.000000E+00  0.353265E+01  0.000000E+00 -0.183864E+02  -2296.155   -598.205   -222.060      69
    70.00000  0.367186E+01  0.000000E+00  0.367186E+01  0.000000E+00 -0.184394E+02  -4204.674   -644.635   -223.892      70
    71.00000  0.381129E+01  0.000000E+00  0.381129E+01  0.000000E+00 -0.184911E+02  -9285.144   -706.748   -225.725      71
    72.00000  0.391920E+01  0.000000E+00  0.391921E+01  0.000000E+00 -0.185415E+02  -9763.449   -738.929   -227.559      72
    73.00000  0.404749E+01  0.000000E+00  0.404749E+01  0.000000E+00 -0.185907E+02 -33255.270   -828.640   -229.393      73
    74.00000  0.416632E+01  0.000000E+00  0.416632E+01  0.000000E+00 -0.186386E+02 -88488.305   -941.068   -231.226      74
    75.00000  0.429309E+01  0.000000E+00  0.429310E+01  0.000000E+00 -0.186853E+02-948985.625  -1241.976   -233.060      75
    76.00000  0.440435E+01  0.000000E+00  0.439136E+01  0.000000E+00 -0.187309E+02***********  -1340.892   -234.895      76
    77.00000  0.451557E+01  0.000000E+00  0.447796E+01  0.000000E+00 -0.187753E+02***********  -1374.108   -236.734      77
    78.00000  0.472331E+01  0.000000E+00  0.455931E+01  0.000000E+00 -0.188183E+02***********  -1400.368   -238.589      78
    79.00000  0.486617E+01  0.000000E+00  0.463629E+01  0.000000E+00 -0.188601E+02***********  -1423.553   -240.462      79
    80.00000  0.505119E+01  0.000000E+00  0.471000E+01  0.000000E+00 -0.189005E+02***********  -1435.108   -242.511      80
    81.00000  0.521936E+01  0.000000E+00  0.478248E+01  0.000000E+00 -0.189402E+02***********  -1462.552   -244.740      81
    82.00000  0.539280E+01  0.000000E+00  0.485215E+01  0.000000E+00 -0.189791E+02***********  -1435.322   -246.881      82
    83.00000  0.560438E+01  0.000000E+00  0.492010E+01  0.000000E+00 -0.190174E+02***********  -1460.488   -248.981      83
    84.00000  0.589820E+01  0.000000E+00  0.498627E+01  0.000000E+00 -0.190551E+02***********  -1482.010   -251.056      84
    85.00000  0.618730E+01  0.000000E+00  0.504964E+01  0.000000E+00 -0.190921E+02***********  -1497.618   -253.108      85
    86.00000  0.642054E+01  0.000000E+00  0.511051E+01  0.000000E+00 -0.191285E+02***********  -1503.138   -255.142      86
    87.00000  0.661610E+01  0.000000E+00  0.517024E+01  0.000000E+00 -0.191642E+02***********  -1515.221   -257.160      87
    88.00000  0.677772E+01  0.000000E+00  0.522854E+01  0.000000E+00 -0.191994E+02***********  -1525.954   -259.161      88
    89.00000  0.694575E+01  0.000000E+00  0.528511E+01  0.000000E+00 -0.192339E+02***********  -1541.148   -261.145      89
    90.00000  0.707946E+01  0.000000E+00  0.534149E+01  0.000000E+00 -0.192679E+02***********  -1558.511   -263.114      90
    91.00000  0.675946E+01  0.869360E-01  0.502149E+01  0.660852E-01 -0.193013E+02   -514.109   -751.793   -265.070      91
    92.00000  0.665946E+01  0.253488E+00  0.492149E+01  0.227211E+00 -0.193342E+02   -622.189   -739.853   -267.008      92
    93.00000  0.656945E+01  0.374420E+00  0.483149E+01  0.348078E+00 -0.193664E+02   -622.631   -733.534   -268.929      93
    94.00000  0.656945E+01  0.529007E+00  0.483149E+01  0.499603E+00 -0.193980E+02   -853.783   -781.212   -270.832      94
    95.00000  0.656945E+01  0.772099E+00  0.483149E+01  0.692907E+00 -0.194290E+02  -1049.106   -864.598   -272.720      95
    96.00000  0.656945E+01  0.106807E+01  0.483149E+01  0.870019E+00 -0.194595E+02  -1247.569   -969.225   -274.591      96
    97.00000  0.652945E+01  0.125615E+01  0.479149E+01  0.981940E+00 -0.194894E+02  -1052.751   -998.860   -276.448      97
    98.00000  0.638945E+01  0.150797E+01  0.465149E+01  0.114151E+01 -0.195188E+02   -691.330   -955.382   -278.290      98
    99.00000  0.638945E+01  0.173660E+01  0.465149E+01  0.127943E+01 -0.195476E+02  -1120.321  -1023.182   -280.116      99
   100.00000  0.638945E+01  0.206382E+01  0.465149E+01  0.141449E+01 -0.195758E+02  -1355.623  -1108.863   -281.927     100
   101.00000  0.633945E+01  0.229802E+01  0.460149E+01  0.151356E+01 -0.196035E+02  -1047.072  -1110.745   -283.727     101
   102.00000  0.613945E+01  0.245765E+01  0.440149E+01  0.161658E+01 -0.196307E+02   -586.775   -985.125   -285.513     102
   103.00000  0.613945E+01  0.271518E+01  0.440149E+01  0.177344E+01 -0.196574E+02  -1015.801  -1041.656   -287.289     103
   104.00000  0.610945E+01  0.301800E+01  0.437149E+01  0.191435E+01 -0.196835E+02  -1059.522  -1106.426   -289.054     104
   105.00000  0.560145E+01  0.333755E+01  0.386349E+01  0.212965E+01 -0.197090E+02   -347.836   -880.027   -290.811     105
   106.00000  0.550145E+01  0.353891E+01  0.376349E+01  0.230394E+01 -0.197341E+02   -538.172   -856.120   -292.560     106
   107.00000  0.550145E+01  0.373557E+01  0.376349E+01  0.247434E+01 -0.197586E+02   -823.814   -920.021   -294.304     107
   108.00000  0.550145E+01  0.401241E+01  0.376349E+01  0.264906E+01 -0.197825E+02  -1078.418  -1027.729   -296.045     108
   109.00000  0.546145E+01  0.424758E+01  0.372349E+01  0.277754E+01 -0.198060E+02   -998.406  -1082.570   -297.784     109
   110.00000  0.546145E+01  0.448763E+01  0.372349E+01  0.287944E+01 -0.198289E+02  -1302.975  -1156.802   -299.527     110
   111.00000  0.535145E+01  0.470022E+01  0.361349E+01  0.298098E+01 -0.198512E+02   -788.564  -1111.228   -301.277     111
   112.00000  0.408145E+01  0.495525E+01  0.234349E+01  0.317740E+01 -0.198732E+02   -169.158   -625.019   -303.049     112
   113.00000  0.408145E+01  0.526388E+01  0.234349E+01  0.347860E+01 -0.198945E+02   -434.255   -597.774   -304.890     113
   114.00000  0.408145E+01  0.558059E+01  0.234349E+01  0.379158E+01 -0.199154E+02   -632.217   -700.840   -307.090     114
   115.00000  0.408145E+01  0.598370E+01  0.234349E+01  0.409672E+01 -0.199359E+02   -911.171   -860.786   -309.206     115
   116.00000  0.405145E+01  0.627345E+01  0.231349E+01  0.428727E+01 -0.199562E+02   -978.957   -979.368   -311.257     116
   117.00000  0.401145E+01  0.653731E+01  0.227349E+01  0.443394E+01 -0.199762E+02   -992.701  -1049.768   -313.265     117
   118.00000  0.401145E+01  0.692721E+01  0.227349E+01  0.457266E+01 -0.199960E+02  -1335.329  -1155.451   -315.238     118
   119.00000  0.395145E+01  0.714612E+01  0.221349E+01  0.465821E+01 -0.200155E+02   -987.512  -1154.844   -317.187     119
   120.00000  0.395145E+01  0.745031E+01  0.221349E+01  0.475288E+01 -0.200348E+02  -1352.065  -1208.675   -319.111     120
   121.00000  0.395145E+01  0.783893E+01  0.221349E+01  0.483582E+01 -0.200538E+02  -1499.598  -1259.160   -321.014     121
   122.00000  0.395145E+01  0.825291E+01  0.221349E+01  0.490248E+01 -0.200725E+02  -1563.706  -1294.446   -322.896     122
   123.00000  0.395145E+01  0.872260E+01  0.221349E+01  0.496219E+01 -0.200911E+02  -1591.942  -1319.016   -324.760     123
   124.00000  0.314145E+01  0.889844E+01  0.140349E+01  0.506498E+01 -0.201094E+02   -247.850   -871.668   -326.609     124
   125.00000  0.280145E+01  0.904980E+01  0.106349E+01  0.520431E+01 -0.201275E+02   -301.477   -698.898   -328.438     125
   126.00000  0.280145E+01  0.933144E+01  0.106349E+01  0.547448E+01 -0.201453E+02   -545.302   -731.164   -330.248     126
   127.00000  0.280145E+01  0.976734E+01  0.106349E+01  0.581192E+01 -0.201630E+02   -822.256   -879.478   -332.040     127
   128.00000  0.280145E+01  0.101878E+02  0.106349E+01  0.602975E+01 -0.201803E+02  -1147.624  -1061.694   -333.814     128
   129.00000  0.280145E+01  0.106535E+02  0.106349E+01  0.616928E+01 -0.201974E+02  -1403.849  -1206.635   -335.572     129
   130.00000  0.280145E+01  0.110195E+02  0.106349E+01  0.624616E+01 -0.202143E+02  -1521.025  -1278.658   -337.314     130
   131.00000  0.275145E+01  0.113327E+02  0.101349E+01  0.631789E+01 -0.202311E+02  -1091.652  -1268.221   -339.042     131
   132.00000  0.257145E+01  0.115669E+02  0.833491E+00  0.641610E+01 -0.202475E+02   -637.627  -1159.724   -340.754     132
   133.00000  0.192145E+01  0.117071E+02  0.183491E+00  0.651983E+01 -0.202638E+02   -270.581   -852.440   -342.453     133
   134.00000  0.361450E+00  0.119296E+02 -0.137651E+01  0.672865E+01 -0.202799E+02   -122.894   -429.395   -344.139     134
   135.00000 -0.104855E+01  0.122329E+02 -0.278651E+01  0.703167E+01 -0.202957E+02   -106.730   -210.337   -345.810     135
   136.00000 -0.299815E+01  0.125144E+02 -0.473611E+01  0.731313E+01 -0.203114E+02    -72.357   -117.021   -347.468     136
   137.00000 -0.328815E+01  0.128322E+02 -0.502611E+01  0.763093E+01 -0.203268E+02   -143.890   -160.504   -349.113     137
   138.00000 -0.385815E+01  0.130798E+02 -0.559611E+01  0.787850E+01 -0.203420E+02   -135.013   -163.244   -350.745     138
   139.00000 -0.573775E+01  0.134234E+02 -0.747571E+01  0.822215E+01 -0.203570E+02    -69.445    -99.427   -352.364     139
   140.00000 -0.573775E+01  0.137127E+02 -0.747571E+01  0.851148E+01 -0.203717E+02   -155.770   -150.818   -353.972     140
   141.00000 -0.573775E+01  0.140388E+02 -0.747571E+01  0.883753E+01 -0.203863E+02   -203.594   -191.036   -355.563     141
   142.00000 -0.899775E+01  0.141783E+02 -0.107357E+02  0.897704E+01 -0.204007E+02    -36.567    -55.640   -357.131     142
   143.00000 -0.102678E+02  0.145055E+02 -0.120057E+02  0.930428E+01 -0.204149E+02    -63.866    -72.359   -358.650     143
   144.00000 -0.102678E+02  0.149463E+02 -0.120057E+02  0.974503E+01 -0.204288E+02   -132.532   -121.319   -360.071     144
   145.00000 -0.115378E+02  0.154323E+02 -0.132757E+02  0.102311E+02 -0.204427E+02    -81.338    -97.419   -361.276     145
   146.00000 -0.115378E+02  0.159536E+02 -0.132757E+02  0.107523E+02 -0.204564E+02   -158.175   -144.558   -361.936     146
   147.00000 -0.128078E+02  0.164008E+02 -0.145457E+02  0.111996E+02 -0.204701E+02    -88.048   -109.166   -361.391     147
   148.00000 -0.140778E+02  0.169372E+02 -0.158157E+02  0.117359E+02 -0.204840E+02    -79.784    -95.600   -358.493     148
   149.00000 -0.140778E+02  0.175015E+02 -0.158157E+02  0.123002E+02 -0.204988E+02   -156.350   -143.780   -351.941     149
   150.00000 -0.153477E+02  0.180628E+02 -0.170857E+02  0.128616E+02 -0.205145E+02    -90.525   -112.368   -342.014     150
   151.00000 -0.153477E+02  0.186579E+02 -0.170857E+02  0.134566E+02 -0.205319E+02   -179.812   -162.491   -328.303     151
   152.00000 -0.153477E+02  0.191288E+02 -0.170857E+02  0.139276E+02 -0.205515E+02   -234.174   -204.230   -311.762     152
   153.00000 -0.191578E+02  0.196221E+02 -0.208957E+02  0.144209E+02 -0.205735E+02    -31.350    -49.121   -296.186     153
   154.00000 -0.191578E+02  0.199572E+02 -0.208957E+02  0.147559E+02 -0.206002E+02   -115.902   -105.873   -279.957     154
   155.00000 -0.191578E+02  0.203341E+02 -0.208957E+02  0.151328E+02 -0.206321E+02   -152.145   -137.511   -264.049     155
   156.00000 -0.191578E+02  0.207845E+02 -0.208957E+02  0.155833E+02 -0.206693E+02   -189.161   -168.254   -247.929     156
   157.00000 -0.229678E+02  0.211757E+02 -0.247057E+02  0.159744E+02 -0.207117E+02    -27.149    -40.250   -233.259     157
   158.00000 -0.229678E+02  0.216422E+02 -0.247057E+02  0.164409E+02 -0.207638E+02   -112.203   -100.352   -218.714     158
   159.00000 -0.229678E+02  0.222679E+02 -0.247057E+02  0.170666E+02 -0.208268E+02   -159.328   -139.817   -203.650     159
   160.00000 -0.267778E+02  0.228806E+02 -0.285157E+02  0.176793E+02 -0.209005E+02    -26.225    -37.112   -187.876     160
   161.00000 -0.267778E+02  0.235148E+02 -0.285157E+02  0.183135E+02 -0.209945E+02   -114.248   -100.352   -172.371     161
   162.00000 -0.293178E+02  0.238237E+02 -0.310557E+02  0.186225E+02 -0.211139E+02    -37.890    -46.573   -154.859     162
   163.00000 -0.294278E+02  0.241871E+02 -0.311657E+02  0.189859E+02 -0.212726E+02    -97.092    -88.149   -136.957     163
   164.00000 -0.294278E+02  0.245382E+02 -0.311657E+02  0.193369E+02 -0.214885E+02   -129.876   -115.467   -119.621     164
   165.00000 -0.294278E+02  0.250250E+02 -0.311657E+02  0.198237E+02 -0.217700E+02   -160.644   -141.438   -109.193     165
   166.00000 -0.319678E+02  0.255121E+02 -0.337057E+02  0.203109E+02 -0.220851E+02    -46.181    -61.671   -104.001     166
   167.00000 -0.322578E+02  0.257439E+02 -0.339957E+02  0.205426E+02 -0.224168E+02    -94.903    -91.347   -101.833     167
   168.00000 -0.322578E+02  0.262475E+02 -0.339957E+02  0.210462E+02 -0.227609E+02   -139.625   -123.950    -99.759     168
   169.00000 -0.322578E+02  0.268043E+02 -0.339957E+02  0.216031E+02 -0.231155E+02   -179.742   -156.344    -98.484     169
   170.00000 -0.324178E+02  0.273952E+02 -0.341557E+02  0.221940E+02 -0.234713E+02   -193.409   -179.145    -98.681     170
   171.00000 -0.337078E+02  0.276399E+02 -0.354457E+02  0.224386E+02 -0.238193E+02    -91.486   -117.083   -100.484     171
   172.00000 -0.337778E+02  0.279412E+02 -0.355157E+02  0.227400E+02 -0.241527E+02   -149.155   -141.537   -103.298     172
   173.00000 -0.340478E+02  0.280943E+02 -0.357857E+02  0.228931E+02 -0.244686E+02   -141.149   -142.697   -106.363     173
   174.00000 -0.340478E+02  0.284254E+02 -0.357857E+02  0.232241E+02 -0.247658E+02   -178.755   -163.471   -109.322     174
   175.00000 -0.340478E+02  0.290196E+02 -0.357857E+02  0.238184E+02 -0.250465E+02   -227.146   -198.296   -112.157     175
   176.00000 -0.340478E+02  0.295132E+02 -0.357857E+02  0.243120E+02 -0.253111E+02   -287.190   -240.163   -114.969     176
   177.00000 -0.340478E+02  0.298934E+02 -0.357857E+02  0.246921E+02 -0.255591E+02   -336.948   -274.575   -117.851     177
   178.00000 -0.340478E+02  0.303250E+02 -0.357857E+02  0.251238E+02 -0.257906E+02   -389.550   -310.093   -120.889     178
   179.00000 -0.340478E+02  0.307257E+02 -0.357857E+02  0.255244E+02 -0.260103E+02   -462.572   -352.877   -124.365     179
   180.00000 -0.340478E+02  0.312566E+02 -0.357857E+02  0.260484E+02 -0.262192E+02   -586.260   -417.505   -127.995     180
   181.00000 -0.340478E+02  0.318324E+02 -0.357857E+02  0.265678E+02 -0.264168E+02   -802.434   -519.842   -131.741     181
   182.00000 -0.340478E+02  0.325856E+02 -0.357857E+02  0.271071E+02 -0.266030E+02  -1118.153   -673.516   -135.547     182
   183.00000 -0.340878E+02  0.329798E+02 -0.358257E+02  0.273805E+02 -0.267786E+02  -1021.337   -727.173   -139.368     183
   184.00000 -0.340878E+02  0.336576E+02 -0.358257E+02  0.277501E+02 -0.269418E+02  -1339.215   -820.072   -143.168     184
   185.00000 -0.347278E+02  0.339627E+02 -0.364657E+02  0.280229E+02 -0.270949E+02   -296.621   -557.353   -146.927     185
   186.00000 -0.347278E+02  0.343019E+02 -0.364657E+02  0.283561E+02 -0.272368E+02   -639.726   -598.614   -150.639     186
   187.00000 -0.347278E+02  0.349289E+02 -0.364657E+02  0.288217E+02 -0.273687E+02   -981.090   -745.915   -154.621     187
   188.00000 -0.347278E+02  0.355883E+02 -0.364657E+02  0.291386E+02 -0.274940E+02  -1329.239   -912.960   -158.586     188
   189.00000 -0.347278E+02  0.362004E+02 -0.364657E+02  0.293604E+02 -0.276137E+02  -1492.776  -1005.103   -162.451     189
   190.00000 -0.347278E+02  0.368017E+02 -0.364657E+02  0.295448E+02 -0.277277E+02  -1555.331  -1053.321   -166.227     190
   191.00000 -0.347278E+02  0.373635E+02 -0.364657E+02  0.297014E+02 -0.278362E+02  -1583.752  -1081.714   -169.915     191
   192.00000 -0.359978E+02  0.379605E+02 -0.377357E+02  0.300954E+02 -0.279405E+02   -185.002   -597.633   -173.535     192
   193.00000 -0.385378E+02  0.385106E+02 -0.402757E+02  0.306290E+02 -0.280394E+02    -77.237   -209.422   -177.066     193
   194.00000 -0.385378E+02  0.391430E+02 -0.402757E+02  0.312615E+02 -0.281330E+02   -255.320   -262.510   -180.513     194
   195.00000 -0.429828E+02  0.397361E+02 -0.447207E+02  0.318545E+02 -0.282218E+02    -28.095    -53.159   -183.884     195
   196.00000 -0.431328E+02  0.399497E+02 -0.448707E+02  0.320682E+02 -0.283054E+02   -111.290   -109.340   -187.181     196
   197.00000 -0.431328E+02  0.404712E+02 -0.448707E+02  0.325896E+02 -0.283838E+02   -167.650   -152.942   -190.327     197
   198.00000 -0.482128E+02  0.410197E+02 -0.499507E+02  0.331382E+02 -0.284585E+02    -14.634    -23.175   -193.368     198
   199.00000 -0.482128E+02  0.416348E+02 -0.499507E+02  0.337532E+02 -0.285313E+02   -107.596    -94.414   -195.228     199
   200.00000 -0.482128E+02  0.421034E+02 -0.499507E+02  0.342218E+02 -0.286045E+02   -145.674   -128.433   -192.635     200
   201.00000 -0.482128E+02  0.425772E+02 -0.499507E+02  0.346956E+02 -0.286871E+02   -180.602   -157.938   -184.027     201
   202.00000 -0.484628E+02  0.429215E+02 -0.502007E+02  0.350399E+02 -0.287845E+02   -166.681   -164.062   -172.581     202
   203.00000 -0.523744E+02  0.433757E+02 -0.541123E+02  0.354941E+02 -0.288975E+02    -25.811    -38.789   -161.712     203
   204.00000 -0.523744E+02  0.438853E+02 -0.541123E+02  0.360037E+02 -0.290243E+02   -111.477    -98.896   -153.258     204
   205.00000 -0.523744E+02  0.444399E+02 -0.541123E+02  0.365583E+02 -0.291706E+02   -153.249   -134.462   -144.938     205
   206.00000 -0.523744E+02  0.449930E+02 -0.541123E+02  0.371114E+02 -0.293457E+02   -194.792   -167.994   -136.280     206
   207.00000 -0.523744E+02  0.454956E+02 -0.541123E+02  0.376141E+02 -0.295423E+02   -237.741   -201.068   -129.900     207
   208.00000 -0.589044E+02  0.459030E+02 -0.606423E+02  0.380214E+02 -0.297501E+02     -5.022     -8.802   -125.847     208
   209.00000 -0.589344E+02  0.463536E+02 -0.606723E+02  0.384720E+02 -0.299695E+02    -89.338    -77.570   -120.557     209
   210.00000 -0.589344E+02  0.469149E+02 -0.606723E+02  0.390333E+02 -0.302607E+02   -127.773   -110.888   -104.252     210
   211.00000 -0.590144E+02  0.475075E+02 -0.607523E+02  0.396259E+02 -0.306360E+02   -155.452   -138.064    -92.984     211
   212.00000 -0.592444E+02  0.479956E+02 -0.609823E+02  0.401140E+02 -0.310609E+02   -159.531   -151.546    -89.954     212
   213.00000 -0.595144E+02  0.484609E+02 -0.612523E+02  0.405794E+02 -0.314811E+02   -164.074   -160.717    -91.411     213
   214.00000 -0.596344E+02  0.488855E+02 -0.613723E+02  0.410039E+02 -0.318762E+02   -191.222   -178.569    -94.394     214
   215.00000 -0.596344E+02  0.493897E+02 -0.613723E+02  0.415082E+02 -0.322388E+02   -243.405   -209.677    -98.287     215
   216.00000 -0.599744E+02  0.497224E+02 -0.617124E+02  0.418408E+02 -0.325791E+02   -192.788   -201.903   -102.559     216
   217.00000 -0.599744E+02  0.501749E+02 -0.617124E+02  0.422933E+02 -0.328919E+02   -261.938   -230.071   -107.002     217
   218.00000 -0.599744E+02  0.505734E+02 -0.617124E+02  0.426918E+02 -0.331791E+02   -314.100   -263.290   -111.421     218
   219.00000 -0.634444E+02  0.507279E+02 -0.651824E+02  0.428463E+02 -0.334464E+02    -36.193    -60.354   -115.767     219
   220.00000 -0.634944E+02  0.509400E+02 -0.652324E+02  0.430584E+02 -0.336883E+02   -114.615   -107.708   -119.869     220
   221.00000 -0.634944E+02  0.513490E+02 -0.652324E+02  0.434674E+02 -0.339120E+02   -154.182   -139.433   -123.072     221
   222.00000 -0.634944E+02  0.517993E+02 -0.652324E+02  0.439178E+02 -0.341291E+02   -191.559   -169.725   -124.600     222
   223.00000 -0.634944E+02  0.521917E+02 -0.652324E+02  0.443101E+02 -0.343435E+02   -227.437   -198.042   -125.386     223
   224.00000 -0.634944E+02  0.526886E+02 -0.652324E+02  0.448070E+02 -0.345557E+02   -272.304   -230.607   -126.215     224
   225.00000 -0.634944E+02  0.532286E+02 -0.652324E+02  0.453470E+02 -0.347644E+02   -339.319   -274.545   -127.505     225
   226.00000 -0.634944E+02  0.537575E+02 -0.652324E+02  0.458759E+02 -0.349679E+02   -432.199   -329.098   -129.373     226
   227.00000 -0.634944E+02  0.542404E+02 -0.652324E+02  0.463572E+02 -0.351647E+02   -552.490   -391.652   -131.743     227
   228.00000 -0.636244E+02  0.546418E+02 -0.653624E+02  0.467586E+02 -0.353540E+02   -470.613   -413.943   -134.489     228
   229.00000 -0.637544E+02  0.549342E+02 -0.654924E+02  0.470510E+02 -0.355336E+02   -455.641   -421.885   -137.564     229
   230.00000 -0.637844E+02  0.552892E+02 -0.655224E+02  0.474060E+02 -0.357043E+02   -575.282   -459.424   -140.828     230
   231.00000 -0.637844E+02  0.557741E+02 -0.655224E+02  0.478452E+02 -0.358641E+02   -773.082   -539.384   -144.211     231
   232.00000 -0.637844E+02  0.562468E+02 -0.655224E+02  0.482195E+02 -0.360135E+02  -1009.141   -642.806   -147.633     232
   233.00000 -0.637844E+02  0.566998E+02 -0.655224E+02  0.485284E+02 -0.361526E+02  -1216.660   -737.692   -151.052     233
   234.00000 -0.637844E+02  0.571169E+02 -0.655224E+02  0.487780E+02 -0.362836E+02  -1379.701   -813.115   -154.816     234
   235.00000 -0.684072E+02  0.576292E+02 -0.701452E+02  0.492579E+02 -0.364102E+02    -35.696    -92.672   -158.582     235
   236.00000 -0.684072E+02  0.580744E+02 -0.701452E+02  0.497030E+02 -0.365311E+02   -162.047   -157.534   -162.279     236
   237.00000 -0.684072E+02  0.585061E+02 -0.701452E+02  0.501348E+02 -0.366459E+02   -221.196   -203.669   -165.886     237
   238.00000 -0.684072E+02  0.588465E+02 -0.701452E+02  0.504751E+02 -0.367552E+02   -270.619   -241.672   -169.255     238
   239.00000 -0.685572E+02  0.590395E+02 -0.702952E+02  0.506681E+02 -0.368603E+02   -246.148   -247.412   -172.308     239
   240.00000 -0.734900E+02  0.591643E+02 -0.752280E+02  0.507929E+02 -0.369617E+02    -17.360    -30.356   -175.007     240
   241.00000 -0.734900E+02  0.595102E+02 -0.752280E+02  0.511388E+02 -0.370593E+02   -106.919    -96.897   -177.276     241
   242.00000 -0.734900E+02  0.599022E+02 -0.752280E+02  0.515308E+02 -0.371541E+02   -144.117   -129.792   -178.431     242
   243.00000 -0.734900E+02  0.603293E+02 -0.752280E+02  0.519580E+02 -0.372500E+02   -178.753   -159.178   -176.855     243
   244.00000 -0.734900E+02  0.607186E+02 -0.752280E+02  0.523473E+02 -0.373509E+02   -212.676   -187.062   -172.958     244
   245.00000 -0.734900E+02  0.611499E+02 -0.752280E+02  0.527786E+02 -0.374589E+02   -249.939   -216.463   -168.196     245
   246.00000 -0.734900E+02  0.615405E+02 -0.752280E+02  0.531692E+02 -0.375735E+02   -292.158   -245.871   -163.934     246
   247.00000 -0.734900E+02  0.618534E+02 -0.752280E+02  0.534821E+02 -0.376932E+02   -329.286   -272.532   -160.846     247
   248.00000 -0.734900E+02  0.622338E+02 -0.752280E+02  0.538624E+02 -0.378159E+02   -373.120   -303.138   -159.068     248
   249.00000 -0.734900E+02  0.625656E+02 -0.752280E+02  0.541943E+02 -0.379400E+02   -428.776   -337.316   -158.449     249
   250.00000 -0.734900E+02  0.628789E+02 -0.752280E+02  0.545076E+02 -0.380640E+02   -482.589   -370.731   -158.756     250
   251.00000 -0.734900E+02  0.632185E+02 -0.752280E+02  0.548472E+02 -0.381866E+02   -556.867   -411.360   -159.772     251
   252.00000 -0.734900E+02  0.634471E+02 -0.752280E+02  0.550758E+02 -0.383071E+02   -621.843   -445.827   -161.313     252
   253.00000 -0.734900E+02  0.637105E+02 -0.752280E+02  0.553392E+02 -0.384249E+02   -683.532   -477.943   -163.265     253
   254.00000 -0.734900E+02  0.638888E+02 -0.752280E+02  0.555175E+02 -0.385395E+02   -735.761   -504.319   -165.500     254
   255.00000 -0.734900E+02  0.640855E+02 -0.752280E+02  0.557141E+02 -0.386505E+02   -773.924   -526.420   -167.945     255
end
