 ******* Program HYDRUS
 ******* 
 None                                                                    
 Date:  14. 1.    Time:   9:50:59
 Units: L = mm   , T = days , M = mmol 
 
 CosAlf,MaxIt,TolTh,  TolH
 1.000   10   0.001 1.00000
 
 TopInF,BotInF,AtmBC,SinkF,WLayer,qGWLF,FreeD,SeepF,lWat,lChem,lTemp,lRoot,lWDep
     T     F     T     T     F     F     T     F     T     F     F     T     F

Nodal point information

node      x         hOld    MatN LayN  Beta      Ah       AK      ATh     Temp    Conc(1...NS)         Sorb(1...NS)

   1      0.000    -15.000    1    1   0.000    1.000    1.000    1.000
   2     -1.000    -15.000    1    1   0.000    1.000    1.000    1.000
   3     -2.000    -15.000    1    1   0.000    1.000    1.000    1.000
   4     -3.000    -15.000    1    1   0.000    1.000    1.000    1.000
   5     -4.000    -15.000    1    1   0.000    1.000    1.000    1.000
   6     -5.000    -15.000    1    1   0.000    1.000    1.000    1.000
   7     -6.000    -15.000    1    1   0.000    1.000    1.000    1.000
   8     -7.000    -15.000    1    1   0.000    1.000    1.000    1.000
   9     -8.000    -15.000    1    1   0.000    1.000    1.000    1.000
  10     -9.000    -15.000    1    1   0.000    1.000    1.000    1.000
  11    -10.000    -15.000    1    1   0.000    1.000    1.000    1.000
  12    -11.000    -15.000    1    1   0.000    1.000    1.000    1.000
  13    -12.000    -15.000    1    1   0.000    1.000    1.000    1.000
  14    -13.000    -15.000    1    1   0.000    1.000    1.000    1.000
  15    -14.000    -15.000    1    1   0.000    1.000    1.000    1.000
  16    -15.000    -15.000    1    1   0.000    1.000    1.000    1.000
  17    -16.000    -15.000    1    1   0.000    1.000    1.000    1.000
  18    -17.000    -15.000    1    1   0.000    1.000    1.000    1.000
  19    -18.000    -15.000    1    1   0.000    1.000    1.000    1.000
  20    -19.000    -15.000    1    1   0.000    1.000    1.000    1.000
  21    -20.000    -15.000    1    1   0.000    1.000    1.000    1.000
  22    -21.000    -15.000    1    1   0.000    1.000    1.000    1.000
  23    -22.000    -15.000    1    1   0.000    1.000    1.000    1.000
  24    -23.000    -15.000    1    1   0.000    1.000    1.000    1.000
  25    -24.000    -15.000    1    1   0.000    1.000    1.000    1.000
  26    -25.000    -15.000    1    1   0.000    1.000    1.000    1.000
  27    -26.000    -15.000    1    1   0.000    1.000    1.000    1.000
  28    -27.000    -15.000    1    1   0.000    1.000    1.000    1.000
  29    -28.000    -15.000    1    1   0.000    1.000    1.000    1.000
  30    -29.000    -15.000    1    1   0.000    1.000    1.000    1.000
  31    -30.000    -15.000    1    1   0.000    1.000    1.000    1.000
  32    -31.000    -15.000    1    1   0.000    1.000    1.000    1.000
  33    -32.000    -15.000    1    1   0.000    1.000    1.000    1.000
  34    -33.000    -15.000    1    1   0.000    1.000    1.000    1.000
  35    -34.000    -15.000    1    1   0.000    1.000    1.000    1.000
  36    -35.000    -15.000    1    1   0.000    1.000    1.000    1.000
  37    -36.000    -15.000    1    1   0.000    1.000    1.000    1.000
  38    -37.000    -15.000    1    1   0.000    1.000    1.000    1.000
  39    -38.000    -15.000    1    1   0.000    1.000    1.000    1.000
  40    -39.000    -15.000    1    1   0.000    1.000    1.000    1.000
  41    -40.000    -15.000    1    1   0.000    1.000    1.000    1.000
  42    -41.000    -15.000    1    1   0.000    1.000    1.000    1.000
  43    -42.000    -15.000    1    1   0.000    1.000    1.000    1.000
  44    -43.000    -15.000    1    1   0.000    1.000    1.000    1.000
  45    -44.000    -15.000    1    1   0.000    1.000    1.000    1.000
  46    -45.000    -15.000    1    1   0.000    1.000    1.000    1.000
  47    -46.000    -15.000    1    1   0.000    1.000    1.000    1.000
  48    -47.000    -15.000    1    1   0.000    1.000    1.000    1.000
  49    -48.000    -15.000    1    1   0.000    1.000    1.000    1.000
  50    -49.000    -15.000    1    1   0.000    1.000    1.000    1.000
  51    -50.000    -15.000    1    1   0.000    1.000    1.000    1.000
  52    -51.000    -15.000    1    1   0.000    1.000    1.000    1.000
  53    -52.000    -15.000    1    1   0.000    1.000    1.000    1.000
  54    -53.000    -15.000    1    1   0.000    1.000    1.000    1.000
  55    -54.000    -15.000    1    1   0.000    1.000    1.000    1.000
  56    -55.000    -15.000    1    1   0.000    1.000    1.000    1.000
  57    -56.000    -15.000    1    1   0.000    1.000    1.000    1.000
  58    -57.000    -15.000    1    1   0.000    1.000    1.000    1.000
  59    -58.000    -15.000    1    1   0.000    1.000    1.000    1.000
  60    -59.000    -15.000    1    1   0.000    1.000    1.000    1.000
  61    -60.000    -15.000    1    1   0.000    1.000    1.000    1.000
  62    -61.000    -15.000    1    1   0.000    1.000    1.000    1.000
  63    -62.000    -15.000    1    1   0.000    1.000    1.000    1.000
  64    -63.000    -15.000    1    1   0.000    1.000    1.000    1.000
  65    -64.000    -15.000    1    1   0.000    1.000    1.000    1.000
  66    -65.000    -15.000    1    1   0.000    1.000    1.000    1.000
  67    -66.000    -15.000    1    1   0.000    1.000    1.000    1.000
  68    -67.000    -15.000    1    1   0.000    1.000    1.000    1.000
  69    -68.000    -15.000    1    1   0.000    1.000    1.000    1.000
  70    -69.000    -15.000    1    1   0.000    1.000    1.000    1.000
  71    -70.000    -15.000    1    1   0.000    1.000    1.000    1.000
  72    -71.000    -15.000    1    1   0.000    1.000    1.000    1.000
  73    -72.000    -15.000    1    1   0.000    1.000    1.000    1.000
  74    -73.000    -15.000    1    1   0.000    1.000    1.000    1.000
  75    -74.000    -15.000    2    1   0.000    1.000    1.000    1.000
  76    -75.000    -15.000    2    1   0.000    1.000    1.000    1.000
  77    -76.000    -15.000    2    1   0.000    1.000    1.000    1.000
  78    -77.000    -15.000    2    1   0.000    1.000    1.000    1.000
  79    -78.000    -15.000    2    1   0.000    1.000    1.000    1.000
  80    -79.000    -15.000    2    1   0.000    1.000    1.000    1.000
  81    -80.000    -15.000    2    1   0.000    1.000    1.000    1.000
  82    -81.000    -15.000    2    1   0.000    1.000    1.000    1.000
  83    -82.000    -15.000    2    1   0.000    1.000    1.000    1.000
  84    -83.000    -15.000    2    1   0.000    1.000    1.000    1.000
  85    -84.000    -15.000    2    1   0.000    1.000    1.000    1.000
  86    -85.000    -15.000    2    1   0.000    1.000    1.000    1.000
  87    -86.000    -15.000    2    1   0.000    1.000    1.000    1.000
  88    -87.000    -15.000    2    1   0.000    1.000    1.000    1.000
  89    -88.000    -15.000    2    1   0.000    1.000    1.000    1.000
  90    -89.000    -15.000    2    1   0.000    1.000    1.000    1.000
  91    -90.000    -15.000    2    1   0.000    1.000    1.000    1.000
  92    -91.000    -15.000    2    1   0.000    1.000    1.000    1.000
  93    -92.000    -15.000    2    1   0.000    1.000    1.000    1.000
  94    -93.000    -15.000    2    1   0.000    1.000    1.000    1.000
  95    -94.000    -15.000    2    1   0.000    1.000    1.000    1.000
  96    -95.000    -15.000    2    1   0.000    1.000    1.000    1.000
  97    -96.000    -15.000    2    1   0.000    1.000    1.000    1.000
  98    -97.000    -15.000    2    1   0.000    1.000    1.000    1.000
  99    -98.000    -15.000    2    1   0.000    1.000    1.000    1.000
 100    -99.000    -15.000    2    1   0.000    1.000    1.000    1.000
 101   -100.000    -15.000    3    1   0.000    1.000    1.000    1.000
 102   -101.000    -15.000    3    1   0.000    1.000    1.000    1.000
 103   -102.000    -15.000    3    1   0.000    1.000    1.000    1.000
 104   -103.000    -15.000    3    1   0.000    1.000    1.000    1.000
 105   -104.000    -15.000    3    1   0.000    1.000    1.000    1.000
 106   -105.000    -15.000    3    1   0.000    1.000    1.000    1.000
 107   -106.000    -15.000    3    1   0.000    1.000    1.000    1.000
 108   -107.000    -15.000    3    1   0.000    1.000    1.000    1.000
 109   -108.000    -15.000    3    1   0.000    1.000    1.000    1.000
 110   -109.000    -15.000    3    1   0.000    1.000    1.000    1.000
 111   -110.000    -15.000    3    1   0.000    1.000    1.000    1.000
 112   -111.000    -15.000    3    1   0.000    1.000    1.000    1.000
 113   -112.000    -15.000    3    1   0.000    1.000    1.000    1.000
 114   -113.000    -15.000    3    1   0.000    1.000    1.000    1.000
 115   -114.000    -15.000    3    1   0.000    1.000    1.000    1.000
 116   -115.000    -15.000    3    1   0.000    1.000    1.000    1.000
 117   -116.000    -15.000    3    1   0.000    1.000    1.000    1.000
 118   -117.000    -15.000    3    1   0.000    1.000    1.000    1.000
 119   -118.000    -15.000    3    1   0.000    1.000    1.000    1.000
 120   -119.000    -15.000    3    1   0.000    1.000    1.000    1.000
 121   -120.000    -15.000    3    1   0.000    1.000    1.000    1.000
 122   -121.000    -15.000    3    1   0.000    1.000    1.000    1.000
 123   -122.000    -15.000    3    1   0.000    1.000    1.000    1.000
 124   -123.000    -15.000    3    1   0.000    1.000    1.000    1.000
 125   -124.000    -15.000    3    1   0.000    1.000    1.000    1.000
 126   -125.000    -15.000    3    1   0.000    1.000    1.000    1.000
 127   -126.000    -15.000    3    1   0.000    1.000    1.000    1.000
 128   -127.000    -15.000    3    1   0.000    1.000    1.000    1.000
 129   -128.000    -15.000    3    1   0.000    1.000    1.000    1.000
 130   -129.000    -15.000    3    1   0.000    1.000    1.000    1.000
 131   -130.000    -15.000    3    1   0.000    1.000    1.000    1.000
 132   -131.000    -15.000    3    1   0.000    1.000    1.000    1.000
 133   -132.000    -15.000    3    1   0.000    1.000    1.000    1.000
 134   -133.000    -15.000    3    1   0.000    1.000    1.000    1.000
 135   -134.000    -15.000    3    1   0.000    1.000    1.000    1.000
 136   -135.000    -15.000    3    1   0.000    1.000    1.000    1.000
 137   -136.000    -15.000    3    1   0.000    1.000    1.000    1.000
 138   -137.000    -15.000    3    1   0.000    1.000    1.000    1.000
 139   -138.000    -15.000    3    1   0.000    1.000    1.000    1.000
 140   -139.000    -15.000    3    1   0.000    1.000    1.000    1.000
 141   -140.000    -15.000    3    1   0.000    1.000    1.000    1.000
 142   -141.000    -15.000    3    1   0.000    1.000    1.000    1.000
 143   -142.000    -15.000    3    1   0.000    1.000    1.000    1.000
 144   -143.000    -15.000    3    1   0.000    1.000    1.000    1.000
 145   -144.000    -15.000    3    1   0.000    1.000    1.000    1.000
 146   -145.000    -15.000    3    1   0.000    1.000    1.000    1.000
 147   -146.000    -15.000    3    1   0.000    1.000    1.000    1.000
 148   -147.000    -15.000    3    1   0.000    1.000    1.000    1.000
 149   -148.000    -15.000    3    1   0.000    1.000    1.000    1.000
 150   -149.000    -15.000    3    1   0.000    1.000    1.000    1.000
 151   -150.000    -15.000    1    1   0.000    1.000    1.000    1.000
end

 Number of species in the chain :   0


MatNum, Param. array:

   Mat     Qr     Qs        Alfa         n          Ks      l

    1    0.068  0.416   0.100E-01   0.149E+01   0.922E+01  0.500
    2    0.068  0.416   0.100E-01   0.149E+01   0.922E+01  0.500
    3    0.068  0.416   0.100E-01   0.149E+01   0.922E+01  0.500

       Table of Hydraulic Properties which are interpolated in simulation
       =================================================================

  theta         h        log h        C             K        log K          S          Kv
 
  0.4162  -0.100E-05 -0.6000E+01  0.2149E-06  0.9218E+01  0.9646E+00    1.0000  0.0000E+00
  0.4162  -0.126E-05 -0.5899E+01  0.2407E-06  0.9217E+01  0.9646E+00    1.0000  0.0000E+00
  0.4162  -0.159E-05 -0.5798E+01  0.2696E-06  0.9217E+01  0.9646E+00    1.0000  0.0000E+00
  0.4162  -0.201E-05 -0.5697E+01  0.3020E-06  0.9217E+01  0.9646E+00    1.0000  0.0000E+00
  0.4162  -0.254E-05 -0.5596E+01  0.3382E-06  0.9216E+01  0.9646E+00    1.0000  0.0000E+00
  0.4162  -0.320E-05 -0.5495E+01  0.3788E-06  0.9216E+01  0.9645E+00    1.0000  0.0000E+00
  0.4162  -0.404E-05 -0.5394E+01  0.4242E-06  0.9215E+01  0.9645E+00    1.0000  0.0000E+00
  0.4162  -0.509E-05 -0.5293E+01  0.4751E-06  0.9215E+01  0.9645E+00    1.0000  0.0000E+00
  0.4162  -0.643E-05 -0.5192E+01  0.5321E-06  0.9214E+01  0.9645E+00    1.0000  0.0000E+00
  0.4162  -0.811E-05 -0.5091E+01  0.5960E-06  0.9214E+01  0.9644E+00    1.0000  0.0000E+00
  0.4162  -0.102E-04 -0.4990E+01  0.6675E-06  0.9213E+01  0.9644E+00    1.0000  0.0000E+00
  0.4162  -0.129E-04 -0.4889E+01  0.7476E-06  0.9212E+01  0.9643E+00    1.0000  0.0000E+00
  0.4162  -0.163E-04 -0.4788E+01  0.8373E-06  0.9211E+01  0.9643E+00    1.0000  0.0000E+00
  0.4162  -0.206E-04 -0.4687E+01  0.9377E-06  0.9210E+01  0.9643E+00    1.0000  0.0000E+00
  0.4162  -0.260E-04 -0.4586E+01  0.1050E-05  0.9209E+01  0.9642E+00    1.0000  0.0000E+00
  0.4162  -0.327E-04 -0.4485E+01  0.1176E-05  0.9207E+01  0.9641E+00    1.0000  0.0000E+00
  0.4162  -0.413E-04 -0.4384E+01  0.1317E-05  0.9206E+01  0.9641E+00    1.0000  0.0000E+00
  0.4162  -0.521E-04 -0.4283E+01  0.1475E-05  0.9204E+01  0.9640E+00    1.0000  0.0000E+00
  0.4162  -0.658E-04 -0.4182E+01  0.1652E-05  0.9202E+01  0.9639E+00    1.0000  0.0000E+00
  0.4162  -0.830E-04 -0.4081E+01  0.1851E-05  0.9200E+01  0.9638E+00    1.0000  0.0000E+00
  0.4162  -0.105E-03 -0.3980E+01  0.2073E-05  0.9198E+01  0.9637E+00    1.0000  0.0000E+00
  0.4162  -0.132E-03 -0.3879E+01  0.2321E-05  0.9195E+01  0.9635E+00    1.0000  0.0000E+00
  0.4162  -0.167E-03 -0.3778E+01  0.2600E-05  0.9192E+01  0.9634E+00    1.0000  0.0000E+00
  0.4162  -0.210E-03 -0.3677E+01  0.2912E-05  0.9188E+01  0.9632E+00    1.0000  0.0000E+00
  0.4162  -0.266E-03 -0.3576E+01  0.3261E-05  0.9185E+01  0.9631E+00    1.0000  0.0000E+00
  0.4162  -0.335E-03 -0.3475E+01  0.3653E-05  0.9180E+01  0.9629E+00    1.0000  0.0000E+00
  0.4162  -0.423E-03 -0.3374E+01  0.4091E-05  0.9176E+01  0.9626E+00    1.0000  0.0000E+00
  0.4162  -0.534E-03 -0.3273E+01  0.4582E-05  0.9170E+01  0.9624E+00    1.0000  0.0000E+00
  0.4162  -0.673E-03 -0.3172E+01  0.5132E-05  0.9164E+01  0.9621E+00    1.0000  0.0000E+00
  0.4162  -0.850E-03 -0.3071E+01  0.5747E-05  0.9158E+01  0.9618E+00    1.0000  0.0000E+00
  0.4162  -0.107E-02 -0.2970E+01  0.6437E-05  0.9150E+01  0.9614E+00    1.0000  0.0000E+00
  0.4162  -0.135E-02 -0.2869E+01  0.7209E-05  0.9142E+01  0.9610E+00    1.0000  0.0000E+00
  0.4162  -0.171E-02 -0.2768E+01  0.8074E-05  0.9133E+01  0.9606E+00    1.0000  0.0000E+00
  0.4162  -0.215E-02 -0.2667E+01  0.9043E-05  0.9122E+01  0.9601E+00    1.0000  0.0000E+00
  0.4162  -0.272E-02 -0.2566E+01  0.1013E-04  0.9110E+01  0.9595E+00    1.0000  0.1255E-29
  0.4162  -0.343E-02 -0.2465E+01  0.1134E-04  0.9097E+01  0.9589E+00    1.0000  0.1255E-29
  0.4162  -0.433E-02 -0.2364E+01  0.1270E-04  0.9083E+01  0.9582E+00    1.0000  0.1255E-29
  0.4162  -0.546E-02 -0.2263E+01  0.1423E-04  0.9066E+01  0.9574E+00    1.0000  0.1265E-28
  0.4162  -0.689E-02 -0.2162E+01  0.1594E-04  0.9048E+01  0.9565E+00    1.0000  0.1265E-28
  0.4162  -0.870E-02 -0.2061E+01  0.1785E-04  0.9027E+01  0.9556E+00    1.0000  0.1275E-27
  0.4162  -0.110E-01 -0.1960E+01  0.1999E-04  0.9004E+01  0.9544E+00    1.0000  0.2683E-27
  0.4162  -0.138E-01 -0.1859E+01  0.2239E-04  0.8978E+01  0.9532E+00    1.0000  0.8235E-27
  0.4162  -0.175E-01 -0.1758E+01  0.2507E-04  0.8950E+01  0.9518E+00    1.0000  0.2704E-26
  0.4162  -0.221E-01 -0.1657E+01  0.2808E-04  0.8918E+01  0.9502E+00    1.0000  0.8300E-26
  0.4162  -0.278E-01 -0.1556E+01  0.3145E-04  0.8882E+01  0.9485E+00    1.0000  0.2725E-25
  0.4162  -0.351E-01 -0.1455E+01  0.3523E-04  0.8841E+01  0.9465E+00    1.0000  0.8366E-25
  0.4162  -0.443E-01 -0.1354E+01  0.3945E-04  0.8796E+01  0.9443E+00    1.0000  0.2525E-24
  0.4162  -0.559E-01 -0.1253E+01  0.4418E-04  0.8746E+01  0.9418E+00    1.0000  0.8432E-24
  0.4162  -0.705E-01 -0.1152E+01  0.4949E-04  0.8690E+01  0.9390E+00    1.0000  0.2655E-23
  0.4162  -0.890E-01 -0.1051E+01  0.5542E-04  0.8628E+01  0.9359E+00    1.0000  0.8249E-23
  0.4162  -0.112E+00 -0.9495E+00  0.6207E-04  0.8558E+01  0.9324E+00    1.0000  0.2620E-22
  0.4162  -0.142E+00 -0.8485E+00  0.6952E-04  0.8480E+01  0.9284E+00    1.0000  0.8314E-22
  0.4162  -0.179E+00 -0.7475E+00  0.7786E-04  0.8394E+01  0.9240E+00    1.0000  0.2641E-21
  0.4162  -0.226E+00 -0.6465E+00  0.8719E-04  0.8297E+01  0.9189E+00    1.0000  0.8380E-21
  0.4162  -0.285E+00 -0.5455E+00  0.9765E-04  0.8190E+01  0.9133E+00    0.9999  0.2662E-20
  0.4162  -0.359E+00 -0.4444E+00  0.1094E-03  0.8070E+01  0.9069E+00    0.9999  0.8415E-20
  0.4162  -0.453E+00 -0.3434E+00  0.1225E-03  0.7937E+01  0.8997E+00    0.9999  0.2662E-19
  0.4161  -0.572E+00 -0.2424E+00  0.1371E-03  0.7790E+01  0.8915E+00    0.9998  0.8434E-19
  0.4161  -0.722E+00 -0.1414E+00  0.1535E-03  0.7626E+01  0.8823E+00    0.9998  0.2672E-18
  0.4161  -0.911E+00 -0.4040E-01  0.1719E-03  0.7445E+01  0.8719E+00    0.9997  0.8453E-18
  0.4161  -0.115E+01  0.6061E-01  0.1924E-03  0.7245E+01  0.8600E+00    0.9996  0.2675E-17
  0.4160  -0.145E+01  0.1616E+00  0.2154E-03  0.7023E+01  0.8465E+00    0.9994  0.8468E-17
  0.4159  -0.183E+01  0.2626E+00  0.2410E-03  0.6780E+01  0.8312E+00    0.9991  0.2678E-16
  0.4158  -0.231E+01  0.3636E+00  0.2695E-03  0.6512E+01  0.8137E+00    0.9988  0.8461E-16
  0.4156  -0.292E+01  0.4646E+00  0.3012E-03  0.6219E+01  0.7938E+00    0.9983  0.2671E-15
  0.4154  -0.368E+01  0.5657E+00  0.3364E-03  0.5900E+01  0.7708E+00    0.9976  0.8422E-15
  0.4150  -0.464E+01  0.6667E+00  0.3753E-03  0.5552E+01  0.7445E+00    0.9966  0.2650E-14
  0.4145  -0.586E+01  0.7677E+00  0.4179E-03  0.5177E+01  0.7141E+00    0.9952  0.8315E-14
  0.4139  -0.739E+01  0.8687E+00  0.4644E-03  0.4774E+01  0.6789E+00    0.9933  0.2599E-13
  0.4129  -0.933E+01  0.9697E+00  0.5144E-03  0.4346E+01  0.6381E+00    0.9906  0.8083E-13
  0.4116  -0.118E+02  0.1071E+01  0.5672E-03  0.3895E+01  0.5905E+00    0.9868  0.2494E-12
  0.4098  -0.148E+02  0.1172E+01  0.6216E-03  0.3426E+01  0.5348E+00    0.9815  0.7620E-12
  0.4072  -0.187E+02  0.1273E+01  0.6756E-03  0.2948E+01  0.4695E+00    0.9743  0.2295E-11
  0.4038  -0.236E+02  0.1374E+01  0.7260E-03  0.2470E+01  0.3927E+00    0.9644  0.6781E-11
  0.3991  -0.298E+02  0.1475E+01  0.7686E-03  0.2007E+01  0.3025E+00    0.9511  0.1953E-10
  0.3930  -0.376E+02  0.1576E+01  0.7980E-03  0.1572E+01  0.1963E+00    0.9335  0.5438E-10
  0.3851  -0.475E+02  0.1677E+01  0.8086E-03  0.1181E+01  0.7208E-01    0.9107  0.1451E-09
  0.3751  -0.599E+02  0.1778E+01  0.7954E-03  0.8463E+00 -0.7248E-01    0.8820  0.3673E-09
  0.3629  -0.756E+02  0.1879E+01  0.7560E-03  0.5767E+00 -0.2390E+00    0.8470  0.8731E-09
  0.3485  -0.955E+02  0.1980E+01  0.6919E-03  0.3729E+00 -0.4284E+00    0.8058  0.1932E-08
  0.3323  -0.120E+03  0.2081E+01  0.6086E-03  0.2289E+00 -0.6404E+00    0.7592  0.3958E-08
  0.3146  -0.152E+03  0.2182E+01  0.5151E-03  0.1337E+00 -0.8738E+00    0.7084  0.7485E-08
  0.2961  -0.192E+03  0.2283E+01  0.4205E-03  0.7473E-01 -0.1127E+01    0.6553  0.1308E-07
  0.2773  -0.242E+03  0.2384E+01  0.3326E-03  0.4020E-01 -0.1396E+01    0.6014  0.2124E-07
  0.2588  -0.305E+03  0.2485E+01  0.2562E-03  0.2096E-01 -0.1679E+01    0.5483  0.3221E-07
  0.2410  -0.385E+03  0.2586E+01  0.1931E-03  0.1066E-01 -0.1972E+01    0.4973  0.4601E-07
  0.2242  -0.486E+03  0.2687E+01  0.1432E-03  0.5320E-02 -0.2274E+01    0.4492  0.6240E-07
  0.2087  -0.614E+03  0.2788E+01  0.1049E-03  0.2616E-02 -0.2582E+01    0.4045  0.8094E-07
  0.1943  -0.774E+03  0.2889E+01  0.7605E-04  0.1273E-02 -0.2895E+01    0.3633  0.1011E-06
  0.1813  -0.977E+03  0.2990E+01  0.5478E-04  0.6143E-03 -0.3212E+01    0.3258  0.1224E-06
  0.1694  -0.123E+04  0.3091E+01  0.3926E-04  0.2948E-03 -0.3530E+01    0.2918  0.1442E-06
  0.1587  -0.156E+04  0.3192E+01  0.2803E-04  0.1409E-03 -0.3851E+01    0.2612  0.1661E-06
  0.1491  -0.196E+04  0.3293E+01  0.1996E-04  0.6715E-04 -0.4173E+01    0.2336  0.1877E-06
  0.1405  -0.248E+04  0.3394E+01  0.1419E-04  0.3193E-04 -0.4496E+01    0.2088  0.2087E-06
  0.1327  -0.313E+04  0.3495E+01  0.1007E-04  0.1516E-04 -0.4819E+01    0.1866  0.2288E-06
  0.1258  -0.394E+04  0.3596E+01  0.7144E-05  0.7192E-05 -0.5143E+01    0.1667  0.2480E-06
  0.1196  -0.498E+04  0.3697E+01  0.5064E-05  0.3409E-05 -0.5467E+01    0.1489  0.2661E-06
  0.1140  -0.628E+04  0.3798E+01  0.3587E-05  0.1615E-05 -0.5792E+01    0.1330  0.2830E-06
  0.1091  -0.792E+04  0.3899E+01  0.2540E-05  0.7647E-06 -0.6117E+01    0.1187  0.2987E-06
  0.1047  -0.100E+05  0.4000E+01  0.1798E-05  0.3620E-06 -0.6441E+01    0.1060  0.3133E-06
end
 
  0.4162  -0.100E-05 -0.6000E+01  0.2149E-06  0.9218E+01  0.9646E+00    1.0000  0.0000E+00
  0.4162  -0.126E-05 -0.5899E+01  0.2407E-06  0.9217E+01  0.9646E+00    1.0000  0.0000E+00
  0.4162  -0.159E-05 -0.5798E+01  0.2696E-06  0.9217E+01  0.9646E+00    1.0000  0.0000E+00
  0.4162  -0.201E-05 -0.5697E+01  0.3020E-06  0.9217E+01  0.9646E+00    1.0000  0.0000E+00
  0.4162  -0.254E-05 -0.5596E+01  0.3382E-06  0.9216E+01  0.9646E+00    1.0000  0.0000E+00
  0.4162  -0.320E-05 -0.5495E+01  0.3788E-06  0.9216E+01  0.9645E+00    1.0000  0.0000E+00
  0.4162  -0.404E-05 -0.5394E+01  0.4242E-06  0.9215E+01  0.9645E+00    1.0000  0.0000E+00
  0.4162  -0.509E-05 -0.5293E+01  0.4751E-06  0.9215E+01  0.9645E+00    1.0000  0.0000E+00
  0.4162  -0.643E-05 -0.5192E+01  0.5321E-06  0.9214E+01  0.9645E+00    1.0000  0.0000E+00
  0.4162  -0.811E-05 -0.5091E+01  0.5960E-06  0.9214E+01  0.9644E+00    1.0000  0.0000E+00
  0.4162  -0.102E-04 -0.4990E+01  0.6675E-06  0.9213E+01  0.9644E+00    1.0000  0.0000E+00
  0.4162  -0.129E-04 -0.4889E+01  0.7476E-06  0.9212E+01  0.9643E+00    1.0000  0.0000E+00
  0.4162  -0.163E-04 -0.4788E+01  0.8373E-06  0.9211E+01  0.9643E+00    1.0000  0.0000E+00
  0.4162  -0.206E-04 -0.4687E+01  0.9377E-06  0.9210E+01  0.9643E+00    1.0000  0.0000E+00
  0.4162  -0.260E-04 -0.4586E+01  0.1050E-05  0.9209E+01  0.9642E+00    1.0000  0.0000E+00
  0.4162  -0.327E-04 -0.4485E+01  0.1176E-05  0.9207E+01  0.9641E+00    1.0000  0.0000E+00
  0.4162  -0.413E-04 -0.4384E+01  0.1317E-05  0.9206E+01  0.9641E+00    1.0000  0.0000E+00
  0.4162  -0.521E-04 -0.4283E+01  0.1475E-05  0.9204E+01  0.9640E+00    1.0000  0.0000E+00
  0.4162  -0.658E-04 -0.4182E+01  0.1652E-05  0.9202E+01  0.9639E+00    1.0000  0.0000E+00
  0.4162  -0.830E-04 -0.4081E+01  0.1851E-05  0.9200E+01  0.9638E+00    1.0000  0.0000E+00
  0.4162  -0.105E-03 -0.3980E+01  0.2073E-05  0.9198E+01  0.9637E+00    1.0000  0.0000E+00
  0.4162  -0.132E-03 -0.3879E+01  0.2321E-05  0.9195E+01  0.9635E+00    1.0000  0.0000E+00
  0.4162  -0.167E-03 -0.3778E+01  0.2600E-05  0.9192E+01  0.9634E+00    1.0000  0.0000E+00
  0.4162  -0.210E-03 -0.3677E+01  0.2912E-05  0.9188E+01  0.9632E+00    1.0000  0.0000E+00
  0.4162  -0.266E-03 -0.3576E+01  0.3261E-05  0.9185E+01  0.9631E+00    1.0000  0.0000E+00
  0.4162  -0.335E-03 -0.3475E+01  0.3653E-05  0.9180E+01  0.9629E+00    1.0000  0.0000E+00
  0.4162  -0.423E-03 -0.3374E+01  0.4091E-05  0.9176E+01  0.9626E+00    1.0000  0.0000E+00
  0.4162  -0.534E-03 -0.3273E+01  0.4582E-05  0.9170E+01  0.9624E+00    1.0000  0.0000E+00
  0.4162  -0.673E-03 -0.3172E+01  0.5132E-05  0.9164E+01  0.9621E+00    1.0000  0.0000E+00
  0.4162  -0.850E-03 -0.3071E+01  0.5747E-05  0.9158E+01  0.9618E+00    1.0000  0.0000E+00
  0.4162  -0.107E-02 -0.2970E+01  0.6437E-05  0.9150E+01  0.9614E+00    1.0000  0.0000E+00
  0.4162  -0.135E-02 -0.2869E+01  0.7209E-05  0.9142E+01  0.9610E+00    1.0000  0.0000E+00
  0.4162  -0.171E-02 -0.2768E+01  0.8074E-05  0.9133E+01  0.9606E+00    1.0000  0.0000E+00
  0.4162  -0.215E-02 -0.2667E+01  0.9043E-05  0.9122E+01  0.9601E+00    1.0000  0.0000E+00
  0.4162  -0.272E-02 -0.2566E+01  0.1013E-04  0.9110E+01  0.9595E+00    1.0000  0.1255E-29
  0.4162  -0.343E-02 -0.2465E+01  0.1134E-04  0.9097E+01  0.9589E+00    1.0000  0.1255E-29
  0.4162  -0.433E-02 -0.2364E+01  0.1270E-04  0.9083E+01  0.9582E+00    1.0000  0.1255E-29
  0.4162  -0.546E-02 -0.2263E+01  0.1423E-04  0.9066E+01  0.9574E+00    1.0000  0.1265E-28
  0.4162  -0.689E-02 -0.2162E+01  0.1594E-04  0.9048E+01  0.9565E+00    1.0000  0.1265E-28
  0.4162  -0.870E-02 -0.2061E+01  0.1785E-04  0.9027E+01  0.9556E+00    1.0000  0.1275E-27
  0.4162  -0.110E-01 -0.1960E+01  0.1999E-04  0.9004E+01  0.9544E+00    1.0000  0.2683E-27
  0.4162  -0.138E-01 -0.1859E+01  0.2239E-04  0.8978E+01  0.9532E+00    1.0000  0.8235E-27
  0.4162  -0.175E-01 -0.1758E+01  0.2507E-04  0.8950E+01  0.9518E+00    1.0000  0.2704E-26
  0.4162  -0.221E-01 -0.1657E+01  0.2808E-04  0.8918E+01  0.9502E+00    1.0000  0.8300E-26
  0.4162  -0.278E-01 -0.1556E+01  0.3145E-04  0.8882E+01  0.9485E+00    1.0000  0.2725E-25
  0.4162  -0.351E-01 -0.1455E+01  0.3523E-04  0.8841E+01  0.9465E+00    1.0000  0.8366E-25
  0.4162  -0.443E-01 -0.1354E+01  0.3945E-04  0.8796E+01  0.9443E+00    1.0000  0.2525E-24
  0.4162  -0.559E-01 -0.1253E+01  0.4418E-04  0.8746E+01  0.9418E+00    1.0000  0.8432E-24
  0.4162  -0.705E-01 -0.1152E+01  0.4949E-04  0.8690E+01  0.9390E+00    1.0000  0.2655E-23
  0.4162  -0.890E-01 -0.1051E+01  0.5542E-04  0.8628E+01  0.9359E+00    1.0000  0.8249E-23
  0.4162  -0.112E+00 -0.9495E+00  0.6207E-04  0.8558E+01  0.9324E+00    1.0000  0.2620E-22
  0.4162  -0.142E+00 -0.8485E+00  0.6952E-04  0.8480E+01  0.9284E+00    1.0000  0.8314E-22
  0.4162  -0.179E+00 -0.7475E+00  0.7786E-04  0.8394E+01  0.9240E+00    1.0000  0.2641E-21
  0.4162  -0.226E+00 -0.6465E+00  0.8719E-04  0.8297E+01  0.9189E+00    1.0000  0.8380E-21
  0.4162  -0.285E+00 -0.5455E+00  0.9765E-04  0.8190E+01  0.9133E+00    0.9999  0.2662E-20
  0.4162  -0.359E+00 -0.4444E+00  0.1094E-03  0.8070E+01  0.9069E+00    0.9999  0.8415E-20
  0.4162  -0.453E+00 -0.3434E+00  0.1225E-03  0.7937E+01  0.8997E+00    0.9999  0.2662E-19
  0.4161  -0.572E+00 -0.2424E+00  0.1371E-03  0.7790E+01  0.8915E+00    0.9998  0.8434E-19
  0.4161  -0.722E+00 -0.1414E+00  0.1535E-03  0.7626E+01  0.8823E+00    0.9998  0.2672E-18
  0.4161  -0.911E+00 -0.4040E-01  0.1719E-03  0.7445E+01  0.8719E+00    0.9997  0.8453E-18
  0.4161  -0.115E+01  0.6061E-01  0.1924E-03  0.7245E+01  0.8600E+00    0.9996  0.2675E-17
  0.4160  -0.145E+01  0.1616E+00  0.2154E-03  0.7023E+01  0.8465E+00    0.9994  0.8468E-17
  0.4159  -0.183E+01  0.2626E+00  0.2410E-03  0.6780E+01  0.8312E+00    0.9991  0.2678E-16
  0.4158  -0.231E+01  0.3636E+00  0.2695E-03  0.6512E+01  0.8137E+00    0.9988  0.8461E-16
  0.4156  -0.292E+01  0.4646E+00  0.3012E-03  0.6219E+01  0.7938E+00    0.9983  0.2671E-15
  0.4154  -0.368E+01  0.5657E+00  0.3364E-03  0.5900E+01  0.7708E+00    0.9976  0.8422E-15
  0.4150  -0.464E+01  0.6667E+00  0.3753E-03  0.5552E+01  0.7445E+00    0.9966  0.2650E-14
  0.4145  -0.586E+01  0.7677E+00  0.4179E-03  0.5177E+01  0.7141E+00    0.9952  0.8315E-14
  0.4139  -0.739E+01  0.8687E+00  0.4644E-03  0.4774E+01  0.6789E+00    0.9933  0.2599E-13
  0.4129  -0.933E+01  0.9697E+00  0.5144E-03  0.4346E+01  0.6381E+00    0.9906  0.8083E-13
  0.4116  -0.118E+02  0.1071E+01  0.5672E-03  0.3895E+01  0.5905E+00    0.9868  0.2494E-12
  0.4098  -0.148E+02  0.1172E+01  0.6216E-03  0.3426E+01  0.5348E+00    0.9815  0.7620E-12
  0.4072  -0.187E+02  0.1273E+01  0.6756E-03  0.2948E+01  0.4695E+00    0.9743  0.2295E-11
  0.4038  -0.236E+02  0.1374E+01  0.7260E-03  0.2470E+01  0.3927E+00    0.9644  0.6781E-11
  0.3991  -0.298E+02  0.1475E+01  0.7686E-03  0.2007E+01  0.3025E+00    0.9511  0.1953E-10
  0.3930  -0.376E+02  0.1576E+01  0.7980E-03  0.1572E+01  0.1963E+00    0.9335  0.5438E-10
  0.3851  -0.475E+02  0.1677E+01  0.8086E-03  0.1181E+01  0.7208E-01    0.9107  0.1451E-09
  0.3751  -0.599E+02  0.1778E+01  0.7954E-03  0.8463E+00 -0.7248E-01    0.8820  0.3673E-09
  0.3629  -0.756E+02  0.1879E+01  0.7560E-03  0.5767E+00 -0.2390E+00    0.8470  0.8731E-09
  0.3485  -0.955E+02  0.1980E+01  0.6919E-03  0.3729E+00 -0.4284E+00    0.8058  0.1932E-08
  0.3323  -0.120E+03  0.2081E+01  0.6086E-03  0.2289E+00 -0.6404E+00    0.7592  0.3958E-08
  0.3146  -0.152E+03  0.2182E+01  0.5151E-03  0.1337E+00 -0.8738E+00    0.7084  0.7485E-08
  0.2961  -0.192E+03  0.2283E+01  0.4205E-03  0.7473E-01 -0.1127E+01    0.6553  0.1308E-07
  0.2773  -0.242E+03  0.2384E+01  0.3326E-03  0.4020E-01 -0.1396E+01    0.6014  0.2124E-07
  0.2588  -0.305E+03  0.2485E+01  0.2562E-03  0.2096E-01 -0.1679E+01    0.5483  0.3221E-07
  0.2410  -0.385E+03  0.2586E+01  0.1931E-03  0.1066E-01 -0.1972E+01    0.4973  0.4601E-07
  0.2242  -0.486E+03  0.2687E+01  0.1432E-03  0.5320E-02 -0.2274E+01    0.4492  0.6240E-07
  0.2087  -0.614E+03  0.2788E+01  0.1049E-03  0.2616E-02 -0.2582E+01    0.4045  0.8094E-07
  0.1943  -0.774E+03  0.2889E+01  0.7605E-04  0.1273E-02 -0.2895E+01    0.3633  0.1011E-06
  0.1813  -0.977E+03  0.2990E+01  0.5478E-04  0.6143E-03 -0.3212E+01    0.3258  0.1224E-06
  0.1694  -0.123E+04  0.3091E+01  0.3926E-04  0.2948E-03 -0.3530E+01    0.2918  0.1442E-06
  0.1587  -0.156E+04  0.3192E+01  0.2803E-04  0.1409E-03 -0.3851E+01    0.2612  0.1661E-06
  0.1491  -0.196E+04  0.3293E+01  0.1996E-04  0.6715E-04 -0.4173E+01    0.2336  0.1877E-06
  0.1405  -0.248E+04  0.3394E+01  0.1419E-04  0.3193E-04 -0.4496E+01    0.2088  0.2087E-06
  0.1327  -0.313E+04  0.3495E+01  0.1007E-04  0.1516E-04 -0.4819E+01    0.1866  0.2288E-06
  0.1258  -0.394E+04  0.3596E+01  0.7144E-05  0.7192E-05 -0.5143E+01    0.1667  0.2480E-06
  0.1196  -0.498E+04  0.3697E+01  0.5064E-05  0.3409E-05 -0.5467E+01    0.1489  0.2661E-06
  0.1140  -0.628E+04  0.3798E+01  0.3587E-05  0.1615E-05 -0.5792E+01    0.1330  0.2830E-06
  0.1091  -0.792E+04  0.3899E+01  0.2540E-05  0.7647E-06 -0.6117E+01    0.1187  0.2987E-06
  0.1047  -0.100E+05  0.4000E+01  0.1798E-05  0.3620E-06 -0.6441E+01    0.1060  0.3133E-06
end
 
  0.4162  -0.100E-05 -0.6000E+01  0.2149E-06  0.9218E+01  0.9646E+00    1.0000  0.0000E+00
  0.4162  -0.126E-05 -0.5899E+01  0.2407E-06  0.9217E+01  0.9646E+00    1.0000  0.0000E+00
  0.4162  -0.159E-05 -0.5798E+01  0.2696E-06  0.9217E+01  0.9646E+00    1.0000  0.0000E+00
  0.4162  -0.201E-05 -0.5697E+01  0.3020E-06  0.9217E+01  0.9646E+00    1.0000  0.0000E+00
  0.4162  -0.254E-05 -0.5596E+01  0.3382E-06  0.9216E+01  0.9646E+00    1.0000  0.0000E+00
  0.4162  -0.320E-05 -0.5495E+01  0.3788E-06  0.9216E+01  0.9645E+00    1.0000  0.0000E+00
  0.4162  -0.404E-05 -0.5394E+01  0.4242E-06  0.9215E+01  0.9645E+00    1.0000  0.0000E+00
  0.4162  -0.509E-05 -0.5293E+01  0.4751E-06  0.9215E+01  0.9645E+00    1.0000  0.0000E+00
  0.4162  -0.643E-05 -0.5192E+01  0.5321E-06  0.9214E+01  0.9645E+00    1.0000  0.0000E+00
  0.4162  -0.811E-05 -0.5091E+01  0.5960E-06  0.9214E+01  0.9644E+00    1.0000  0.0000E+00
  0.4162  -0.102E-04 -0.4990E+01  0.6675E-06  0.9213E+01  0.9644E+00    1.0000  0.0000E+00
  0.4162  -0.129E-04 -0.4889E+01  0.7476E-06  0.9212E+01  0.9643E+00    1.0000  0.0000E+00
  0.4162  -0.163E-04 -0.4788E+01  0.8373E-06  0.9211E+01  0.9643E+00    1.0000  0.0000E+00
  0.4162  -0.206E-04 -0.4687E+01  0.9377E-06  0.9210E+01  0.9643E+00    1.0000  0.0000E+00
  0.4162  -0.260E-04 -0.4586E+01  0.1050E-05  0.9209E+01  0.9642E+00    1.0000  0.0000E+00
  0.4162  -0.327E-04 -0.4485E+01  0.1176E-05  0.9207E+01  0.9641E+00    1.0000  0.0000E+00
  0.4162  -0.413E-04 -0.4384E+01  0.1317E-05  0.9206E+01  0.9641E+00    1.0000  0.0000E+00
  0.4162  -0.521E-04 -0.4283E+01  0.1475E-05  0.9204E+01  0.9640E+00    1.0000  0.0000E+00
  0.4162  -0.658E-04 -0.4182E+01  0.1652E-05  0.9202E+01  0.9639E+00    1.0000  0.0000E+00
  0.4162  -0.830E-04 -0.4081E+01  0.1851E-05  0.9200E+01  0.9638E+00    1.0000  0.0000E+00
  0.4162  -0.105E-03 -0.3980E+01  0.2073E-05  0.9198E+01  0.9637E+00    1.0000  0.0000E+00
  0.4162  -0.132E-03 -0.3879E+01  0.2321E-05  0.9195E+01  0.9635E+00    1.0000  0.0000E+00
  0.4162  -0.167E-03 -0.3778E+01  0.2600E-05  0.9192E+01  0.9634E+00    1.0000  0.0000E+00
  0.4162  -0.210E-03 -0.3677E+01  0.2912E-05  0.9188E+01  0.9632E+00    1.0000  0.0000E+00
  0.4162  -0.266E-03 -0.3576E+01  0.3261E-05  0.9185E+01  0.9631E+00    1.0000  0.0000E+00
  0.4162  -0.335E-03 -0.3475E+01  0.3653E-05  0.9180E+01  0.9629E+00    1.0000  0.0000E+00
  0.4162  -0.423E-03 -0.3374E+01  0.4091E-05  0.9176E+01  0.9626E+00    1.0000  0.0000E+00
  0.4162  -0.534E-03 -0.3273E+01  0.4582E-05  0.9170E+01  0.9624E+00    1.0000  0.0000E+00
  0.4162  -0.673E-03 -0.3172E+01  0.5132E-05  0.9164E+01  0.9621E+00    1.0000  0.0000E+00
  0.4162  -0.850E-03 -0.3071E+01  0.5747E-05  0.9158E+01  0.9618E+00    1.0000  0.0000E+00
  0.4162  -0.107E-02 -0.2970E+01  0.6437E-05  0.9150E+01  0.9614E+00    1.0000  0.0000E+00
  0.4162  -0.135E-02 -0.2869E+01  0.7209E-05  0.9142E+01  0.9610E+00    1.0000  0.0000E+00
  0.4162  -0.171E-02 -0.2768E+01  0.8074E-05  0.9133E+01  0.9606E+00    1.0000  0.0000E+00
  0.4162  -0.215E-02 -0.2667E+01  0.9043E-05  0.9122E+01  0.9601E+00    1.0000  0.0000E+00
  0.4162  -0.272E-02 -0.2566E+01  0.1013E-04  0.9110E+01  0.9595E+00    1.0000  0.1255E-29
  0.4162  -0.343E-02 -0.2465E+01  0.1134E-04  0.9097E+01  0.9589E+00    1.0000  0.1255E-29
  0.4162  -0.433E-02 -0.2364E+01  0.1270E-04  0.9083E+01  0.9582E+00    1.0000  0.1255E-29
  0.4162  -0.546E-02 -0.2263E+01  0.1423E-04  0.9066E+01  0.9574E+00    1.0000  0.1265E-28
  0.4162  -0.689E-02 -0.2162E+01  0.1594E-04  0.9048E+01  0.9565E+00    1.0000  0.1265E-28
  0.4162  -0.870E-02 -0.2061E+01  0.1785E-04  0.9027E+01  0.9556E+00    1.0000  0.1275E-27
  0.4162  -0.110E-01 -0.1960E+01  0.1999E-04  0.9004E+01  0.9544E+00    1.0000  0.2683E-27
  0.4162  -0.138E-01 -0.1859E+01  0.2239E-04  0.8978E+01  0.9532E+00    1.0000  0.8235E-27
  0.4162  -0.175E-01 -0.1758E+01  0.2507E-04  0.8950E+01  0.9518E+00    1.0000  0.2704E-26
  0.4162  -0.221E-01 -0.1657E+01  0.2808E-04  0.8918E+01  0.9502E+00    1.0000  0.8300E-26
  0.4162  -0.278E-01 -0.1556E+01  0.3145E-04  0.8882E+01  0.9485E+00    1.0000  0.2725E-25
  0.4162  -0.351E-01 -0.1455E+01  0.3523E-04  0.8841E+01  0.9465E+00    1.0000  0.8366E-25
  0.4162  -0.443E-01 -0.1354E+01  0.3945E-04  0.8796E+01  0.9443E+00    1.0000  0.2525E-24
  0.4162  -0.559E-01 -0.1253E+01  0.4418E-04  0.8746E+01  0.9418E+00    1.0000  0.8432E-24
  0.4162  -0.705E-01 -0.1152E+01  0.4949E-04  0.8690E+01  0.9390E+00    1.0000  0.2655E-23
  0.4162  -0.890E-01 -0.1051E+01  0.5542E-04  0.8628E+01  0.9359E+00    1.0000  0.8249E-23
  0.4162  -0.112E+00 -0.9495E+00  0.6207E-04  0.8558E+01  0.9324E+00    1.0000  0.2620E-22
  0.4162  -0.142E+00 -0.8485E+00  0.6952E-04  0.8480E+01  0.9284E+00    1.0000  0.8314E-22
  0.4162  -0.179E+00 -0.7475E+00  0.7786E-04  0.8394E+01  0.9240E+00    1.0000  0.2641E-21
  0.4162  -0.226E+00 -0.6465E+00  0.8719E-04  0.8297E+01  0.9189E+00    1.0000  0.8380E-21
  0.4162  -0.285E+00 -0.5455E+00  0.9765E-04  0.8190E+01  0.9133E+00    0.9999  0.2662E-20
  0.4162  -0.359E+00 -0.4444E+00  0.1094E-03  0.8070E+01  0.9069E+00    0.9999  0.8415E-20
  0.4162  -0.453E+00 -0.3434E+00  0.1225E-03  0.7937E+01  0.8997E+00    0.9999  0.2662E-19
  0.4161  -0.572E+00 -0.2424E+00  0.1371E-03  0.7790E+01  0.8915E+00    0.9998  0.8434E-19
  0.4161  -0.722E+00 -0.1414E+00  0.1535E-03  0.7626E+01  0.8823E+00    0.9998  0.2672E-18
  0.4161  -0.911E+00 -0.4040E-01  0.1719E-03  0.7445E+01  0.8719E+00    0.9997  0.8453E-18
  0.4161  -0.115E+01  0.6061E-01  0.1924E-03  0.7245E+01  0.8600E+00    0.9996  0.2675E-17
  0.4160  -0.145E+01  0.1616E+00  0.2154E-03  0.7023E+01  0.8465E+00    0.9994  0.8468E-17
  0.4159  -0.183E+01  0.2626E+00  0.2410E-03  0.6780E+01  0.8312E+00    0.9991  0.2678E-16
  0.4158  -0.231E+01  0.3636E+00  0.2695E-03  0.6512E+01  0.8137E+00    0.9988  0.8461E-16
  0.4156  -0.292E+01  0.4646E+00  0.3012E-03  0.6219E+01  0.7938E+00    0.9983  0.2671E-15
  0.4154  -0.368E+01  0.5657E+00  0.3364E-03  0.5900E+01  0.7708E+00    0.9976  0.8422E-15
  0.4150  -0.464E+01  0.6667E+00  0.3753E-03  0.5552E+01  0.7445E+00    0.9966  0.2650E-14
  0.4145  -0.586E+01  0.7677E+00  0.4179E-03  0.5177E+01  0.7141E+00    0.9952  0.8315E-14
  0.4139  -0.739E+01  0.8687E+00  0.4644E-03  0.4774E+01  0.6789E+00    0.9933  0.2599E-13
  0.4129  -0.933E+01  0.9697E+00  0.5144E-03  0.4346E+01  0.6381E+00    0.9906  0.8083E-13
  0.4116  -0.118E+02  0.1071E+01  0.5672E-03  0.3895E+01  0.5905E+00    0.9868  0.2494E-12
  0.4098  -0.148E+02  0.1172E+01  0.6216E-03  0.3426E+01  0.5348E+00    0.9815  0.7620E-12
  0.4072  -0.187E+02  0.1273E+01  0.6756E-03  0.2948E+01  0.4695E+00    0.9743  0.2295E-11
  0.4038  -0.236E+02  0.1374E+01  0.7260E-03  0.2470E+01  0.3927E+00    0.9644  0.6781E-11
  0.3991  -0.298E+02  0.1475E+01  0.7686E-03  0.2007E+01  0.3025E+00    0.9511  0.1953E-10
  0.3930  -0.376E+02  0.1576E+01  0.7980E-03  0.1572E+01  0.1963E+00    0.9335  0.5438E-10
  0.3851  -0.475E+02  0.1677E+01  0.8086E-03  0.1181E+01  0.7208E-01    0.9107  0.1451E-09
  0.3751  -0.599E+02  0.1778E+01  0.7954E-03  0.8463E+00 -0.7248E-01    0.8820  0.3673E-09
  0.3629  -0.756E+02  0.1879E+01  0.7560E-03  0.5767E+00 -0.2390E+00    0.8470  0.8731E-09
  0.3485  -0.955E+02  0.1980E+01  0.6919E-03  0.3729E+00 -0.4284E+00    0.8058  0.1932E-08
  0.3323  -0.120E+03  0.2081E+01  0.6086E-03  0.2289E+00 -0.6404E+00    0.7592  0.3958E-08
  0.3146  -0.152E+03  0.2182E+01  0.5151E-03  0.1337E+00 -0.8738E+00    0.7084  0.7485E-08
  0.2961  -0.192E+03  0.2283E+01  0.4205E-03  0.7473E-01 -0.1127E+01    0.6553  0.1308E-07
  0.2773  -0.242E+03  0.2384E+01  0.3326E-03  0.4020E-01 -0.1396E+01    0.6014  0.2124E-07
  0.2588  -0.305E+03  0.2485E+01  0.2562E-03  0.2096E-01 -0.1679E+01    0.5483  0.3221E-07
  0.2410  -0.385E+03  0.2586E+01  0.1931E-03  0.1066E-01 -0.1972E+01    0.4973  0.4601E-07
  0.2242  -0.486E+03  0.2687E+01  0.1432E-03  0.5320E-02 -0.2274E+01    0.4492  0.6240E-07
  0.2087  -0.614E+03  0.2788E+01  0.1049E-03  0.2616E-02 -0.2582E+01    0.4045  0.8094E-07
  0.1943  -0.774E+03  0.2889E+01  0.7605E-04  0.1273E-02 -0.2895E+01    0.3633  0.1011E-06
  0.1813  -0.977E+03  0.2990E+01  0.5478E-04  0.6143E-03 -0.3212E+01    0.3258  0.1224E-06
  0.1694  -0.123E+04  0.3091E+01  0.3926E-04  0.2948E-03 -0.3530E+01    0.2918  0.1442E-06
  0.1587  -0.156E+04  0.3192E+01  0.2803E-04  0.1409E-03 -0.3851E+01    0.2612  0.1661E-06
  0.1491  -0.196E+04  0.3293E+01  0.1996E-04  0.6715E-04 -0.4173E+01    0.2336  0.1877E-06
  0.1405  -0.248E+04  0.3394E+01  0.1419E-04  0.3193E-04 -0.4496E+01    0.2088  0.2087E-06
  0.1327  -0.313E+04  0.3495E+01  0.1007E-04  0.1516E-04 -0.4819E+01    0.1866  0.2288E-06
  0.1258  -0.394E+04  0.3596E+01  0.7144E-05  0.7192E-05 -0.5143E+01    0.1667  0.2480E-06
  0.1196  -0.498E+04  0.3697E+01  0.5064E-05  0.3409E-05 -0.5467E+01    0.1489  0.2661E-06
  0.1140  -0.628E+04  0.3798E+01  0.3587E-05  0.1615E-05 -0.5792E+01    0.1330  0.2830E-06
  0.1091  -0.792E+04  0.3899E+01  0.2540E-05  0.7647E-06 -0.6117E+01    0.1187  0.2987E-06
  0.1047  -0.100E+05  0.4000E+01  0.1798E-05  0.3620E-06 -0.6441E+01    0.1060  0.3133E-06
end

 Root growth information
 =======================
 tRMin =      1.000 tRHarv =    365.000
 xRMin =     20.000 xRMax =     30.000
 Root growth rate =   0.615E-02
