 ******* Program HYDRUS
 ******* 
 None                                                                    
 Date:  14. 1.    Time:   9:50:59
 Units: L = mm   , T = days , M = mmol 



                               Node(  3)                      Node(  7)                      Node( 12)                      Node( 22)                      Node( 32)                      Node( 47)                      Node( 72)                      Node( 92)                      Node(112)

         time            h        theta    Temp           h        theta    Temp           h        theta    Temp           h        theta    Temp           h        theta    Temp           h        theta    Temp           h        theta    Temp           h        theta    Temp           h        theta    Temp  
          1.0000      -66.30  0.3698   20.000        -62.76  0.3726   20.000        -58.90  0.3756   20.000        -52.57  0.3808   20.000        -47.62  0.3848   20.000        -41.96  0.3894   20.000        -35.46  0.3947   20.000        -31.85  0.3976   20.000        -29.27  0.3996   20.000
          2.0000      -85.46  0.3556   20.000        -81.70  0.3583   20.000        -77.50  0.3614   20.000        -70.43  0.3668   20.000        -64.66  0.3713   20.000        -57.84  0.3767   20.000        -49.54  0.3834   20.000        -44.88  0.3871   20.000        -41.37  0.3900   20.000
          3.0000      -99.47  0.3458   20.000        -95.50  0.3484   20.000        -91.04  0.3516   20.000        -83.45  0.3572   20.000        -77.21  0.3617   20.000        -69.72  0.3674   20.000        -60.46  0.3746   20.000        -55.16  0.3789   20.000        -51.13  0.3821   20.000
          4.0000     -110.77  0.3385   20.000       -106.64  0.3412   20.000       -101.97  0.3442   20.000        -93.99  0.3495   20.000        -87.40  0.3543   20.000        -79.36  0.3601   20.000        -69.50  0.3676   20.000        -63.67  0.3721   20.000        -59.46  0.3754   20.000
          5.0000     -119.09  0.3332   20.000       -115.07  0.3358   20.000       -110.49  0.3387   20.000       -102.50  0.3439   20.000        -95.79  0.3483   20.000        -87.54  0.3542   20.000        -77.15  0.3618   20.000        -71.17  0.3663   20.000        -66.64  0.3699   20.000
          6.0000     -126.23  0.3290   20.000       -122.26  0.3313   20.000       -117.70  0.3341   20.000       -109.73  0.3392   20.000       -102.96  0.3436   20.000        -94.57  0.3491   20.000        -83.91  0.3569   20.000        -77.62  0.3614   20.000        -73.09  0.3648   20.000
          7.0000     -132.76  0.3254   20.000       -128.80  0.3276   20.000       -124.22  0.3302   20.000       -116.18  0.3350   20.000       -109.34  0.3395   20.000       -100.78  0.3450   20.000        -89.99  0.3525   20.000        -83.49  0.3572   20.000        -78.68  0.3607   20.000
          8.0000     -139.92  0.3213   20.000       -135.68  0.3237   20.000       -130.85  0.3264   20.000       -122.42  0.3312   20.000       -115.35  0.3356   20.000       -106.55  0.3413   20.000        -95.45  0.3485   20.000        -88.92  0.3532   20.000        -83.98  0.3568   20.000
          9.0000     -145.35  0.3183   20.000       -141.21  0.3206   20.000       -136.43  0.3233   20.000       -128.01  0.3280   20.000       -120.83  0.3321   20.000       -111.91  0.3378   20.000       -100.49  0.3452   20.000        -93.87  0.3497   20.000        -88.94  0.3532   20.000
         10.0000     -150.75  0.3153   20.000       -146.52  0.3177   20.000       -141.69  0.3204   20.000       -133.18  0.3251   20.000       -125.91  0.3292   20.000       -116.86  0.3346   20.000       -105.25  0.3421   20.000        -98.39  0.3466   20.000        -93.47  0.3499   20.000
         11.0000     -157.83  0.3118   20.000       -153.05  0.3141   20.000       -147.68  0.3170   20.000       -138.56  0.3221   20.000       -130.95  0.3264   20.000       -121.57  0.3316   20.000       -109.76  0.3392   20.000       -102.72  0.3438   20.000        -97.58  0.3471   20.000
         12.0000     -164.33  0.3088   20.000       -159.31  0.3112   20.000       -153.61  0.3138   20.000       -143.92  0.3191   20.000       -135.95  0.3236   20.000       -126.19  0.3291   20.000       -114.07  0.3364   20.000       -106.88  0.3411   20.000       -101.58  0.3445   20.000
         13.0000     -169.81  0.3063   20.000       -164.74  0.3087   20.000       -158.97  0.3113   20.000       -148.98  0.3163   20.000       -140.74  0.3209   20.000       -130.67  0.3265   20.000       -118.19  0.3337   20.000       -110.89  0.3385   20.000       -105.49  0.3420   20.000
         14.0000     -175.56  0.3036   20.000       -170.26  0.3061   20.000       -164.27  0.3089   20.000       -153.93  0.3137   20.000       -145.37  0.3183   20.000       -135.00  0.3241   20.000       -122.12  0.3313   20.000       -114.74  0.3360   20.000       -109.27  0.3395   20.000
         15.0000     -177.57  0.3027   20.000       -172.99  0.3048   20.000       -167.60  0.3073   20.000       -157.87  0.3118   20.000       -149.47  0.3160   20.000       -139.04  0.3218   20.000       -125.92  0.3292   20.000       -118.40  0.3336   20.000       -112.90  0.3372   20.000
         16.0000     -181.17  0.3010   20.000       -176.51  0.3032   20.000       -171.12  0.3057   20.000       -161.51  0.3102   20.000       -153.20  0.3140   20.000       -142.80  0.3197   20.000       -129.55  0.3272   20.000       -121.85  0.3315   20.000       -116.34  0.3349   20.000
         17.0000     -188.45  0.2976   20.000       -182.72  0.3003   20.000       -176.44  0.3032   20.000       -165.89  0.3081   20.000       -157.16  0.3122   20.000       -146.47  0.3177   20.000       -133.03  0.3252   20.000       -125.19  0.3296   20.000       -119.58  0.3328   20.000
         18.0000     -191.60  0.2962   20.000       -186.33  0.2986   20.000       -180.32  0.3014   20.000       -169.84  0.3063   20.000       -160.99  0.3104   20.000       -150.07  0.3157   20.000       -136.42  0.3233   20.000       -128.43  0.3278   20.000       -122.66  0.3310   20.000
         19.0000     -194.31  0.2951   20.000       -189.28  0.2972   20.000       -183.48  0.2999   20.000       -173.25  0.3047   20.000       -164.48  0.3088   20.000       -153.50  0.3139   20.000       -139.69  0.3215   20.000       -131.59  0.3260   20.000       -125.69  0.3293   20.000
         20.0000     -195.79  0.2946   20.000       -191.24  0.2963   20.000       -185.85  0.2988   20.000       -176.11  0.3034   20.000       -167.57  0.3073   20.000       -156.70  0.3124   20.000       -142.84  0.3197   20.000       -134.66  0.3243   20.000       -128.69  0.3277   20.000
         21.0000     -199.82  0.2930   20.000       -194.84  0.2949   20.000       -189.10  0.2973   20.000       -179.12  0.3020   20.000       -170.56  0.3059   20.000       -159.72  0.3110   20.000       -145.86  0.3180   20.000       -137.64  0.3226   20.000       -131.63  0.3260   20.000
         22.0000     -206.14  0.2907   20.000       -200.30  0.2929   20.000       -193.75  0.2953   20.000       -182.76  0.3003   20.000       -173.80  0.3044   20.000       -162.74  0.3096   20.000       -148.76  0.3164   20.000       -140.53  0.3210   20.000       -134.49  0.3244   20.000
         23.0000     -208.03  0.2900   20.000       -202.87  0.2919   20.000       -196.80  0.2942   20.000       -186.02  0.2987   20.000       -176.96  0.3030   20.000       -165.74  0.3082   20.000       -151.58  0.3148   20.000       -143.33  0.3194   20.000       -137.27  0.3228   20.000
         24.0000     -211.99  0.2885   20.000       -206.51  0.2906   20.000       -200.24  0.2929   20.000       -189.23  0.2973   20.000       -180.03  0.3015   20.000       -168.67  0.3068   20.000       -154.33  0.3135   20.000       -146.05  0.3179   20.000       -139.97  0.3213   20.000
         25.0000     -213.86  0.2878   20.000       -208.79  0.2897   20.000       -202.84  0.2919   20.000       -192.11  0.2959   20.000       -182.92  0.3002   20.000       -171.50  0.3055   20.000       -157.03  0.3122   20.000       -148.68  0.3164   20.000       -142.58  0.3199   20.000
         26.0000     -215.87  0.2871   20.000       -210.95  0.2889   20.000       -205.18  0.2911   20.000       -194.71  0.2950   20.000       -185.61  0.2989   20.000       -174.21  0.3042   20.000       -159.66  0.3110   20.000       -151.22  0.3150   20.000       -145.12  0.3184   20.000
         27.0000     -219.29  0.2858   20.000       -214.07  0.2877   20.000       -208.06  0.2900   20.000       -197.42  0.2940   20.000       -188.25  0.2977   20.000       -176.82  0.3030   20.000       -162.21  0.3098   20.000       -153.68  0.3138   20.000       -147.57  0.3171   20.000
         28.0000     -222.25  0.2847   20.000       -216.98  0.2866   20.000       -210.91  0.2889   20.000       -200.16  0.2929   20.000       -190.90  0.2965   20.000       -179.37  0.3018   20.000       -164.69  0.3087   20.000       -156.09  0.3127   20.000       -149.93  0.3157   20.000
         29.0000     -226.31  0.2831   20.000       -220.63  0.2853   20.000       -214.21  0.2877   20.000       -203.07  0.2918   20.000       -193.61  0.2954   20.000       -181.91  0.3007   20.000       -167.12  0.3075   20.000       -158.45  0.3116   20.000       -152.20  0.3145   20.000
         30.0000     -228.86  0.2822   20.000       -223.35  0.2843   20.000       -217.01  0.2866   20.000       -205.85  0.2908   20.000       -196.30  0.2944   20.000       -184.43  0.2995   20.000       -169.51  0.3064   20.000       -160.76  0.3105   20.000       -154.44  0.3135   20.000
         31.0000     -236.04  0.2795   20.000       -229.03  0.2821   20.000       -221.54  0.2849   20.000       -209.24  0.2895   20.000       -199.21  0.2933   20.000       -187.00  0.2983   20.000       -171.87  0.3053   20.000       -163.04  0.3094   20.000       -156.65  0.3124   20.000
         32.0000     -244.11  0.2766   20.000       -235.70  0.2796   20.000       -227.00  0.2829   20.000       -213.27  0.2880   20.000       -202.50  0.2921   20.000       -189.70  0.2970   20.000       -174.22  0.3042   20.000       -165.29  0.3084   20.000       -158.85  0.3114   20.000
         33.0000     -247.81  0.2756   20.000       -239.87  0.2781   20.000       -231.21  0.2813   20.000       -217.09  0.2866   20.000       -205.85  0.2908   20.000       -192.52  0.2958   20.000       -176.60  0.3031   20.000       -167.55  0.3074   20.000       -161.04  0.3104   20.000
         34.0000     -249.55  0.2751   20.000       -242.34  0.2772   20.000       -234.15  0.2802   20.000       -220.30  0.2854   20.000       -208.97  0.2896   20.000       -195.35  0.2947   20.000       -179.00  0.3020   20.000       -169.80  0.3063   20.000       -163.23  0.3094   20.000
         35.0000     -252.55  0.2742   20.000       -245.31  0.2763   20.000       -237.06  0.2791   20.000       -223.22  0.2843   20.000       -211.86  0.2886   20.000       -198.08  0.2937   20.000       -181.40  0.3009   20.000       -172.05  0.3053   20.000       -165.40  0.3083   20.000
         36.0000     -254.94  0.2735   20.000       -247.90  0.2756   20.000       -239.76  0.2781   20.000       -225.95  0.2833   20.000       -214.57  0.2875   20.000       -200.71  0.2927   20.000       -183.78  0.2998   20.000       -174.29  0.3042   20.000       -167.55  0.3073   20.000
         37.0000     -257.01  0.2729   20.000       -250.17  0.2749   20.000       -242.22  0.2772   20.000       -228.50  0.2823   20.000       -217.14  0.2866   20.000       -203.23  0.2918   20.000       -186.11  0.2987   20.000       -176.50  0.3032   20.000       -169.69  0.3064   20.000
         38.0000     -259.27  0.2722   20.000       -252.49  0.2742   20.000       -244.63  0.2765   20.000       -230.93  0.2814   20.000       -219.59  0.2857   20.000       -205.66  0.2909   20.000       -188.40  0.2976   20.000       -178.69  0.3022   20.000       -171.80  0.3054   20.000
         39.0000     -263.96  0.2709   20.000       -256.42  0.2731   20.000       -247.96  0.2755   20.000       -233.61  0.2804   20.000       -222.06  0.2847   20.000       -208.03  0.2900   20.000       -190.65  0.2966   20.000       -180.84  0.3012   20.000       -173.88  0.3044   20.000
         40.0000     -266.38  0.2702   20.000       -259.11  0.2723   20.000       -250.78  0.2747   20.000       -236.29  0.2794   20.000       -224.55  0.2838   20.000       -210.37  0.2891   20.000       -192.85  0.2957   20.000       -182.96  0.3002   20.000       -175.94  0.3034   20.000
         41.0000     -267.79  0.2698   20.000       -260.94  0.2718   20.000       -252.95  0.2741   20.000       -238.73  0.2785   20.000       -226.95  0.2829   20.000       -212.68  0.2882   20.000       -195.02  0.2949   20.000       -185.04  0.2992   20.000       -177.96  0.3025   20.000
         42.0000     -267.99  0.2697   20.000       -261.78  0.2715   20.000       -254.36  0.2737   20.000       -240.76  0.2777   20.000       -229.15  0.2821   20.000       -214.90  0.2874   20.000       -197.16  0.2941   20.000       -187.08  0.2983   20.000       -179.95  0.3016   20.000
         43.0000     -268.67  0.2695   20.000       -262.72  0.2712   20.000       -255.62  0.2733   20.000       -242.53  0.2771   20.000       -231.14  0.2813   20.000       -217.01  0.2866   20.000       -199.24  0.2933   20.000       -189.09  0.2973   20.000       -181.91  0.3007   20.000
         44.0000     -270.35  0.2690   20.000       -264.30  0.2708   20.000       -257.20  0.2728   20.000       -244.28  0.2766   20.000       -233.03  0.2806   20.000       -219.01  0.2859   20.000       -201.27  0.2925   20.000       -191.06  0.2964   20.000       -183.83  0.2998   20.000
         45.0000     -276.07  0.2673   20.000       -268.63  0.2695   20.000       -260.46  0.2719   20.000       -246.62  0.2759   20.000       -235.05  0.2799   20.000       -220.98  0.2851   20.000       -203.24  0.2918   20.000       -192.98  0.2956   20.000       -185.72  0.2989   20.000
         46.0000     -285.01  0.2647   20.000       -275.48  0.2675   20.000       -265.60  0.2704   20.000       -249.91  0.2750   20.000       -237.50  0.2790   20.000       -223.02  0.2844   20.000       -205.18  0.2911   20.000       -194.88  0.2949   20.000       -187.57  0.2980   20.000
         47.0000     -289.30  0.2635   20.000       -279.96  0.2662   20.000       -269.85  0.2691   20.000       -253.37  0.2740   20.000       -240.26  0.2779   20.000       -225.20  0.2836   20.000       -207.11  0.2903   20.000       -196.74  0.2942   20.000       -189.38  0.2972   20.000
         48.0000     -294.77  0.2619   20.000       -284.72  0.2648   20.000       -274.05  0.2679   20.000       -256.82  0.2730   20.000       -243.17  0.2769   20.000       -227.49  0.2827   20.000       -209.05  0.2896   20.000       -198.60  0.2935   20.000       -191.16  0.2964   20.000
         49.0000     -302.20  0.2597   20.000       -290.67  0.2631   20.000       -278.89  0.2665   20.000       -260.49  0.2719   20.000       -246.21  0.2761   20.000       -229.87  0.2818   20.000       -211.02  0.2889   20.000       -200.44  0.2928   20.000       -192.93  0.2956   20.000
         50.0000     -307.53  0.2583   20.000       -295.63  0.2616   20.000       -283.38  0.2652   20.000       -264.18  0.2708   20.000       -249.34  0.2751   20.000       -232.33  0.2809   20.000       -213.01  0.2881   20.000       -202.29  0.2921   20.000       -194.69  0.2950   20.000
         51.0000     -318.56  0.2558   20.000       -303.77  0.2592   20.000       -289.33  0.2635   20.000       -268.27  0.2696   20.000       -252.62  0.2742   20.000       -234.88  0.2799   20.000       -215.04  0.2874   20.000       -204.14  0.2914   20.000       -196.45  0.2943   20.000
         52.0000     -340.63  0.2509   20.000       -319.23  0.2557   20.000       -299.26  0.2606   20.000       -273.67  0.2680   20.000       -256.41  0.2731   20.000       -237.61  0.2789   20.000       -217.09  0.2866   20.000       -206.00  0.2907   20.000       -198.22  0.2937   20.000
         53.0000     -336.02  0.2520   20.000       -321.08  0.2553   20.000       -304.17  0.2591   20.000       -278.55  0.2666   20.000       -260.38  0.2719   20.000       -240.53  0.2778   20.000       -219.20  0.2858   20.000       -207.89  0.2900   20.000       -200.00  0.2930   20.000
         54.0000     -358.56  0.2469   20.000       -335.06  0.2522   20.000       -313.35  0.2570   20.000       -283.80  0.2651   20.000       -264.39  0.2707   20.000       -243.60  0.2768   20.000       -221.37  0.2850   20.000       -209.80  0.2893   20.000       -201.81  0.2923   20.000
         55.0000     -396.60  0.2391   20.000       -357.73  0.2471   20.000       -327.84  0.2538   20.000       -290.86  0.2630   20.000       -269.00  0.2694   20.000       -246.84  0.2759   20.000       -223.60  0.2842   20.000       -211.74  0.2886   20.000       -203.63  0.2916   20.000
         56.0000     -424.38  0.2345   20.000       -378.12  0.2426   20.000       -342.29  0.2506   20.000       -299.17  0.2606   20.000       -274.29  0.2679   20.000       -250.35  0.2748   20.000       -225.90  0.2833   20.000       -213.71  0.2879   20.000       -205.46  0.2910   20.000
         57.0000     -453.71  0.2296   20.000       -399.45  0.2387   20.000       -356.57  0.2474   20.000       -308.16  0.2582   20.000       -280.01  0.2662   20.000       -254.13  0.2737   20.000       -228.30  0.2824   20.000       -215.73  0.2871   20.000       -207.30  0.2903   20.000
         58.0000     -476.48  0.2259   20.000       -417.32  0.2357   20.000       -369.83  0.2445   20.000       -317.06  0.2562   20.000       -285.93  0.2645   20.000       -258.10  0.2726   20.000       -230.81  0.2815   20.000       -217.79  0.2863   20.000       -209.16  0.2896   20.000
         59.0000     -483.14  0.2248   20.000       -427.70  0.2340   20.000       -380.45  0.2421   20.000       -325.15  0.2544   20.000       -291.83  0.2627   20.000       -262.16  0.2714   20.000       -233.41  0.2805   20.000       -219.90  0.2855   20.000       -211.04  0.2889   20.000
         60.0000     -519.77  0.2201   20.000       -446.32  0.2309   20.000       -393.08  0.2397   20.000       -332.87  0.2527   20.000       -297.66  0.2610   20.000       -266.23  0.2702   20.000       -236.11  0.2795   20.000       -222.05  0.2847   20.000       -212.95  0.2881   20.000
         61.0000     -548.06  0.2167   20.000       -464.80  0.2278   20.000       -406.22  0.2375   20.000       -340.66  0.2509   20.000       -303.57  0.2593   20.000       -270.30  0.2690   20.000       -238.88  0.2785   20.000       -224.25  0.2839   20.000       -214.88  0.2874   20.000
         62.0000     -515.28  0.2207   20.000       -461.94  0.2283   20.000       -412.30  0.2365   20.000       -347.54  0.2494   20.000       -309.41  0.2579   20.000       -274.34  0.2678   20.000       -241.71  0.2774   20.000       -226.48  0.2831   20.000       -216.83  0.2867   20.000
         63.0000     -533.52  0.2184   20.000       -469.39  0.2271   20.000       -418.12  0.2356   20.000       -353.24  0.2481   20.000       -314.71  0.2567   20.000       -278.29  0.2667   20.000       -244.59  0.2765   20.000       -228.75  0.2822   20.000       -218.80  0.2860   20.000
         64.0000     -587.79  0.2118   20.000       -493.25  0.2234   20.000       -429.52  0.2337   20.000       -359.37  0.2468   20.000       -319.78  0.2556   20.000       -282.14  0.2656   20.000       -247.45  0.2757   20.000       -231.05  0.2814   20.000       -220.79  0.2852   20.000
         65.0000     -616.06  0.2084   20.000       -513.30  0.2209   20.000       -441.83  0.2316   20.000       -366.21  0.2453   20.000       -324.90  0.2544   20.000       -285.95  0.2645   20.000       -250.30  0.2749   20.000       -233.36  0.2805   20.000       -222.80  0.2845   20.000
         66.0000     -696.70  0.2012   20.000       -544.13  0.2172   20.000       -457.09  0.2291   20.000       -373.80  0.2436   20.000       -330.16  0.2533   20.000       -289.76  0.2633   20.000       -253.12  0.2740   20.000       -235.68  0.2796   20.000       -224.81  0.2837   20.000
         67.0000     -805.64  0.1923   20.000       -581.90  0.2125   20.000       -475.91  0.2260   20.000       -382.48  0.2417   20.000       -335.66  0.2521   20.000       -293.62  0.2622   20.000       -255.92  0.2732   20.000       -238.02  0.2788   20.000       -226.84  0.2830   20.000
         68.0000     -950.76  0.1829   20.000       -625.90  0.2076   20.000       -497.33  0.2229   20.000       -392.05  0.2399   20.000       -341.41  0.2508   20.000       -297.60  0.2611   20.000       -258.72  0.2724   20.000       -240.38  0.2779   20.000       -228.88  0.2822   20.000
         69.0000    -1054.92  0.1777   20.000       -664.56  0.2041   20.000       -517.85  0.2204   20.000       -401.90  0.2383   20.000       -347.40  0.2494   20.000       -301.72  0.2599   20.000       -261.51  0.2716   20.000       -242.76  0.2771   20.000       -230.92  0.2814   20.000
         70.0000    -1207.14  0.1705   20.000       -700.09  0.2009   20.000       -536.66  0.2181   20.000       -411.52  0.2367   20.000       -353.48  0.2481   20.000       -305.97  0.2587   20.000       -264.30  0.2708   20.000       -245.15  0.2764   20.000       -232.97  0.2807   20.000
         71.0000    -1413.83  0.1634   20.000       -740.60  0.1973   20.000       -555.27  0.2158   20.000       -420.83  0.2351   20.000       -359.58  0.2467   20.000       -310.30  0.2577   20.000       -267.10  0.2700   20.000       -247.53  0.2757   20.000       -235.03  0.2799   20.000
         72.0000    -1507.67  0.1603   20.000       -771.84  0.1945   20.000       -572.60  0.2137   20.000       -429.89  0.2336   20.000       -365.69  0.2454   20.000       -314.61  0.2567   20.000       -269.91  0.2691   20.000       -249.92  0.2750   20.000       -237.09  0.2791   20.000
         73.0000    -1783.60  0.1533   20.000       -806.10  0.1923   20.000       -588.88  0.2117   20.000       -438.57  0.2322   20.000       -371.77  0.2440   20.000       -318.87  0.2558   20.000       -272.73  0.2683   20.000       -252.30  0.2743   20.000       -239.17  0.2783   20.000
         74.0000    -2078.18  0.1472   20.000       -843.65  0.1898   20.000       -605.68  0.2096   20.000       -446.97  0.2308   20.000       -377.82  0.2427   20.000       -323.08  0.2549   20.000       -275.55  0.2675   20.000       -254.68  0.2736   20.000       -241.27  0.2776   20.000
         75.0000    -2684.21  0.1380   20.000       -880.25  0.1875   20.000       -622.81  0.2078   20.000       -455.19  0.2294   20.000       -383.88  0.2413   20.000       -327.23  0.2539   20.000       -278.36  0.2667   20.000       -257.06  0.2729   20.000       -243.39  0.2769   20.000
         76.0000    -2966.28  0.1346   20.000       -915.11  0.1852   20.000       -639.41  0.2064   20.000       -463.36  0.2280   20.000       -389.95  0.2402   20.000       -331.33  0.2530   20.000       -281.18  0.2658   20.000       -259.44  0.2722   20.000       -245.53  0.2763   20.000
         77.0000    -3035.60  0.1338   20.000       -943.87  0.1834   20.000       -654.49  0.2050   20.000       -471.43  0.2267   20.000       -395.85  0.2393   20.000       -335.36  0.2521   20.000       -283.99  0.2650   20.000       -261.81  0.2715   20.000       -247.66  0.2756   20.000
         78.0000    -3085.61  0.1332   20.000       -965.53  0.1820   20.000       -667.93  0.2038   20.000       -479.38  0.2254   20.000       -401.57  0.2383   20.000       -339.34  0.2512   20.000       -286.81  0.2642   20.000       -264.18  0.2708   20.000       -249.80  0.2750   20.000
         79.0000    -3124.76  0.1328   20.000       -983.93  0.1809   20.000       -679.64  0.2028   20.000       -486.97  0.2242   20.000       -407.07  0.2374   20.000       -343.24  0.2504   20.000       -289.62  0.2634   20.000       -266.53  0.2701   20.000       -251.93  0.2744   20.000
         80.0000    -3167.08  0.1324   20.000      -1000.89  0.1802   20.000       -690.10  0.2018   20.000       -494.30  0.2233   20.000       -412.36  0.2365   20.000       -347.07  0.2495   20.000       -292.42  0.2626   20.000       -268.88  0.2694   20.000       -254.07  0.2738   20.000
         81.0000    -3241.82  0.1317   20.000      -1017.03  0.1794   20.000       -700.51  0.2009   20.000       -501.21  0.2224   20.000       -417.46  0.2357   20.000       -350.83  0.2487   20.000       -295.22  0.2618   20.000       -271.23  0.2688   20.000       -256.22  0.2731   20.000
         82.0000    -3307.69  0.1312   20.000      -1032.05  0.1787   20.000       -710.37  0.2000   20.000       -507.82  0.2216   20.000       -422.38  0.2349   20.000       -354.54  0.2479   20.000       -298.02  0.2609   20.000       -273.57  0.2681   20.000       -258.38  0.2725   20.000
         83.0000    -3370.01  0.1306   20.000      -1045.25  0.1781   20.000       -719.33  0.1992   20.000       -514.15  0.2208   20.000       -427.15  0.2341   20.000       -358.17  0.2470   20.000       -300.82  0.2601   20.000       -275.90  0.2674   20.000       -260.54  0.2719   20.000
         84.0000    -3440.13  0.1300   20.000      -1058.59  0.1775   20.000       -727.84  0.1985   20.000       -520.13  0.2201   20.000       -431.76  0.2333   20.000       -361.76  0.2463   20.000       -303.62  0.2593   20.000       -278.24  0.2667   20.000       -262.69  0.2712   20.000
         85.0000    -3489.37  0.1296   20.000      -1070.11  0.1769   20.000       -735.87  0.1977   20.000       -525.89  0.2194   20.000       -436.24  0.2326   20.000       -365.29  0.2455   20.000       -306.43  0.2586   20.000       -280.56  0.2660   20.000       -264.84  0.2706   20.000
         86.0000    -3517.71  0.1294   20.000      -1079.86  0.1765   20.000       -743.67  0.1971   20.000       -531.40  0.2187   20.000       -440.59  0.2318   20.000       -368.78  0.2447   20.000       -309.21  0.2579   20.000       -282.87  0.2654   20.000       -266.97  0.2700   20.000
         87.0000    -3546.82  0.1291   20.000      -1089.87  0.1760   20.000       -751.10  0.1964   20.000       -536.69  0.2181   20.000       -444.84  0.2311   20.000       -372.23  0.2439   20.000       -311.96  0.2573   20.000       -285.18  0.2647   20.000       -269.09  0.2694   20.000
         88.0000    -3568.43  0.1289   20.000      -1100.33  0.1755   20.000       -758.67  0.1957   20.000       -541.87  0.2174   20.000       -448.99  0.2304   20.000       -375.65  0.2432   20.000       -314.66  0.2567   20.000       -287.47  0.2640   20.000       -271.20  0.2688   20.000
         89.0000    -3584.06  0.1289   20.000      -1109.45  0.1751   20.000       -765.91  0.1951   20.000       -546.87  0.2168   20.000       -453.06  0.2298   20.000       -379.04  0.2424   20.000       -317.33  0.2561   20.000       -289.75  0.2633   20.000       -273.29  0.2681   20.000
         90.0000    -3621.15  0.1286   20.000      -1119.84  0.1747   20.000       -773.11  0.1944   20.000       -551.70  0.2162   20.000       -457.06  0.2291   20.000       -382.42  0.2417   20.000       -319.96  0.2555   20.000       -292.03  0.2627   20.000       -275.37  0.2675   20.000
         91.0000     -687.87  0.2020   20.000      -1037.81  0.1784   20.000       -820.40  0.1914   20.000       -563.23  0.2148   20.000       -461.42  0.2284   20.000       -385.82  0.2409   20.000       -322.56  0.2550   20.000       -294.30  0.2620   20.000       -277.44  0.2669   20.000
         92.0000     -706.31  0.2003   20.000       -870.70  0.1882   20.000       -846.32  0.1897   20.000       -581.41  0.2126   20.000       -467.33  0.2274   20.000       -389.28  0.2404   20.000       -325.13  0.2544   20.000       -296.57  0.2614   20.000       -279.49  0.2663   20.000
         93.0000     -695.51  0.2014   20.000       -831.08  0.1907   20.000       -835.51  0.1904   20.000       -594.40  0.2110   20.000       -474.14  0.2263   20.000       -392.94  0.2397   20.000       -327.67  0.2538   20.000       -298.83  0.2607   20.000       -281.53  0.2657   20.000
         94.0000     -868.99  0.1883   20.000       -901.87  0.1863   20.000       -851.30  0.1895   20.000       -605.16  0.2097   20.000       -480.70  0.2252   20.000       -396.75  0.2391   20.000       -330.19  0.2533   20.000       -301.08  0.2600   20.000       -283.56  0.2652   20.000
         95.0000    -1066.15  0.1772   20.000      -1047.51  0.1780   20.000       -918.97  0.1850   20.000       -621.81  0.2079   20.000       -487.43  0.2241   20.000       -400.60  0.2385   20.000       -332.72  0.2527   20.000       -303.35  0.2594   20.000       -285.57  0.2646   20.000
         96.0000    -1268.88  0.1682   20.000      -1219.97  0.1700   20.000      -1028.59  0.1789   20.000       -646.68  0.2057   20.000       -495.39  0.2231   20.000       -404.54  0.2378   20.000       -335.25  0.2521   20.000       -305.62  0.2587   20.000       -287.57  0.2640   20.000
         97.0000    -1203.77  0.1708   20.000      -1292.04  0.1674   20.000      -1090.71  0.1760   20.000       -665.71  0.2040   20.000       -503.90  0.2221   20.000       -408.61  0.2371   20.000       -337.80  0.2516   20.000       -307.91  0.2582   20.000       -289.56  0.2634   20.000
         98.0000     -868.13  0.1882   20.000      -1207.82  0.1706   20.000      -1134.03  0.1740   20.000       -684.44  0.2023   20.000       -512.17  0.2211   20.000       -412.80  0.2364   20.000       -340.35  0.2510   20.000       -310.18  0.2577   20.000       -291.55  0.2628   20.000
         99.0000    -1155.10  0.1729   20.000      -1255.55  0.1687   20.000      -1163.05  0.1726   20.000       -701.80  0.2008   20.000       -520.39  0.2201   20.000       -417.05  0.2357   20.000       -342.92  0.2504   20.000       -312.44  0.2572   20.000       -293.53  0.2622   20.000
        100.0000    -1384.34  0.1644   20.000      -1391.57  0.1642   20.000      -1222.08  0.1700   20.000       -721.49  0.1991   20.000       -528.41  0.2191   20.000       -421.34  0.2350   20.000       -345.52  0.2499   20.000       -314.69  0.2567   20.000       -295.51  0.2617   20.000
        101.0000    -1239.81  0.1692   20.000      -1418.79  0.1632   20.000      -1262.53  0.1684   20.000       -737.01  0.1976   20.000       -536.40  0.2181   20.000       -425.63  0.2343   20.000       -348.12  0.2493   20.000       -316.93  0.2562   20.000       -297.50  0.2611   20.000
        102.0000     -738.57  0.1975   20.000      -1157.26  0.1729   20.000      -1241.76  0.1691   20.000       -745.90  0.1969   20.000       -543.77  0.2172   20.000       -429.93  0.2336   20.000       -350.75  0.2487   20.000       -319.17  0.2557   20.000       -299.48  0.2605   20.000
        103.0000    -1057.04  0.1775   20.000      -1197.02  0.1711   20.000      -1227.72  0.1697   20.000       -758.26  0.1957   20.000       -550.44  0.2164   20.000       -434.15  0.2329   20.000       -353.38  0.2481   20.000       -321.41  0.2552   20.000       -301.48  0.2599   20.000
        104.0000    -1185.40  0.1716   20.000      -1335.89  0.1660   20.000      -1273.38  0.1681   20.000       -774.18  0.1943   20.000       -557.09  0.2156   20.000       -438.29  0.2322   20.000       -356.03  0.2475   20.000       -323.64  0.2547   20.000       -303.49  0.2593   20.000
        105.0000     -429.75  0.2336   20.000       -753.57  0.1962   20.000      -1225.02  0.1698   20.000       -790.89  0.1933   20.000       -563.91  0.2147   20.000       -442.38  0.2315   20.000       -358.68  0.2469   20.000       -325.87  0.2542   20.000       -305.53  0.2588   20.000
        106.0000     -592.46  0.2112   20.000       -754.56  0.1961   20.000      -1034.52  0.1786   20.000       -796.02  0.1929   20.000       -570.48  0.2139   20.000       -446.44  0.2309   20.000       -361.33  0.2463   20.000       -328.09  0.2537   20.000       -307.57  0.2583   20.000
        107.0000     -842.98  0.1899   20.000       -921.57  0.1848   20.000      -1040.10  0.1784   20.000       -794.46  0.1930   20.000       -576.07  0.2132   20.000       -450.43  0.2302   20.000       -363.99  0.2458   20.000       -330.30  0.2532   20.000       -309.60  0.2578   20.000
        108.0000    -1105.21  0.1755   20.000      -1144.39  0.1736   20.000      -1134.45  0.1741   20.000       -799.59  0.1927   20.000       -580.84  0.2127   20.000       -454.28  0.2296   20.000       -366.63  0.2452   20.000       -332.51  0.2528   20.000       -311.62  0.2574   20.000
        109.0000    -1134.94  0.1740   20.000      -1275.12  0.1680   20.000      -1213.67  0.1703   20.000       -808.03  0.1922   20.000       -585.60  0.2121   20.000       -458.04  0.2289   20.000       -369.28  0.2446   20.000       -334.70  0.2523   20.000       -313.64  0.2570   20.000
        110.0000    -1341.18  0.1658   20.000      -1384.86  0.1644   20.000      -1281.25  0.1678   20.000       -818.48  0.1915   20.000       -590.63  0.2115   20.000       -461.68  0.2283   20.000       -371.92  0.2440   20.000       -336.88  0.2518   20.000       -315.64  0.2565   20.000
        111.0000     -991.82  0.1806   20.000      -1342.26  0.1658   20.000      -1314.91  0.1667   20.000       -827.88  0.1909   20.000       -595.76  0.2108   20.000       -465.30  0.2277   20.000       -374.56  0.2434   20.000       -339.06  0.2513   20.000       -317.64  0.2561   20.000
        112.0000     -194.29  0.2951   20.000       -279.19  0.2664   20.000       -597.95  0.2106   20.000       -839.39  0.1901   20.000       -601.08  0.2102   20.000       -468.89  0.2271   20.000       -377.19  0.2428   20.000       -341.22  0.2508   20.000       -319.64  0.2556   20.000
        113.0000     -437.71  0.2323   20.000       -462.68  0.2281   20.000       -547.30  0.2168   20.000       -774.92  0.1943   20.000       -605.40  0.2097   20.000       -472.46  0.2265   20.000       -379.82  0.2422   20.000       -343.38  0.2503   20.000       -321.63  0.2552   20.000
        114.0000     -640.55  0.2062   20.000       -663.38  0.2043   20.000       -702.25  0.2008   20.000       -735.07  0.1979   20.000       -603.12  0.2099   20.000       -475.83  0.2260   20.000       -382.45  0.2417   20.000       -345.52  0.2499   20.000       -323.62  0.2547   20.000
        115.0000     -932.35  0.1844   20.000       -942.04  0.1838   20.000       -905.39  0.1861   20.000       -748.84  0.1967   20.000       -600.68  0.2102   20.000       -478.67  0.2255   20.000       -385.06  0.2411   20.000       -347.65  0.2494   20.000       -325.62  0.2543   20.000
        116.0000    -1080.82  0.1764   20.000      -1153.46  0.1730   20.000      -1071.96  0.1768   20.000       -775.14  0.1943   20.000       -601.38  0.2102   20.000       -481.20  0.2251   20.000       -387.65  0.2406   20.000       -349.77  0.2489   20.000       -327.61  0.2538   20.000
        117.0000    -1129.97  0.1742   20.000      -1270.75  0.1682   20.000      -1179.14  0.1719   20.000       -800.33  0.1926   20.000       -605.19  0.2097   20.000       -483.67  0.2247   20.000       -390.18  0.2402   20.000       -351.89  0.2484   20.000       -329.61  0.2534   20.000
        118.0000    -1380.16  0.1646   20.000      -1415.28  0.1634   20.000      -1290.57  0.1675   20.000       -828.52  0.1909   20.000       -610.79  0.2090   20.000       -486.29  0.2242   20.000       -392.63  0.2398   20.000       -353.99  0.2480   20.000       -331.59  0.2530   20.000
        119.0000    -1195.83  0.1711   20.000      -1429.42  0.1629   20.000      -1341.67  0.1658   20.000       -847.07  0.1896   20.000       -617.39  0.2083   20.000       -489.16  0.2239   20.000       -395.04  0.2394   20.000       -356.07  0.2475   20.000       -333.56  0.2525   20.000
        120.0000    -1398.68  0.1640   20.000      -1468.86  0.1617   20.000      -1376.41  0.1647   20.000       -864.64  0.1885   20.000       -624.00  0.2077   20.000       -492.24  0.2235   20.000       -397.40  0.2390   20.000       -358.14  0.2471   20.000       -335.52  0.2521   20.000
        121.0000    -1518.97  0.1599   20.000      -1526.07  0.1597   20.000      -1420.99  0.1632   20.000       -885.45  0.1872   20.000       -630.79  0.2071   20.000       -495.48  0.2231   20.000       -399.74  0.2386   20.000       -360.19  0.2466   20.000       -337.46  0.2517   20.000
        122.0000    -1571.61  0.1583   20.000      -1561.88  0.1586   20.000      -1458.15  0.1619   20.000       -906.75  0.1858   20.000       -637.84  0.2065   20.000       -498.82  0.2227   20.000       -402.06  0.2382   20.000       -362.23  0.2461   20.000       -339.39  0.2512   20.000
        123.0000    -1592.78  0.1578   20.000      -1580.57  0.1581   20.000      -1486.29  0.1610   20.000       -926.95  0.1845   20.000       -644.98  0.2059   20.000       -502.26  0.2223   20.000       -404.38  0.2378   20.000       -364.26  0.2457   20.000       -341.30  0.2508   20.000
        124.0000     -295.92  0.2615   20.000       -493.04  0.2234   20.000      -1250.99  0.1688   20.000       -926.90  0.1845   20.000       -651.72  0.2053   20.000       -505.77  0.2219   20.000       -406.70  0.2375   20.000       -366.29  0.2452   20.000       -343.19  0.2504   20.000
        125.0000     -333.45  0.2525   20.000       -425.85  0.2343   20.000       -662.63  0.2043   20.000       -913.56  0.1853   20.000       -657.07  0.2048   20.000       -509.29  0.2214   20.000       -409.01  0.2371   20.000       -368.32  0.2448   20.000       -345.08  0.2500   20.000
        126.0000     -551.84  0.2163   20.000       -589.75  0.2116   20.000       -703.54  0.2007   20.000       -868.12  0.1883   20.000       -659.98  0.2045   20.000       -512.73  0.2210   20.000       -411.33  0.2367   20.000       -370.34  0.2443   20.000       -346.94  0.2495   20.000
        127.0000     -842.43  0.1900   20.000       -876.30  0.1878   20.000       -908.51  0.1857   20.000       -856.52  0.1890   20.000       -660.21  0.2045   20.000       -515.93  0.2206   20.000       -413.64  0.2363   20.000       -372.36  0.2439   20.000       -348.80  0.2491   20.000
        128.0000    -1179.68  0.1718   20.000      -1192.97  0.1712   20.000      -1137.85  0.1738   20.000       -877.13  0.1877   20.000       -661.36  0.2044   20.000       -518.82  0.2203   20.000       -415.94  0.2359   20.000       -374.38  0.2434   20.000       -350.64  0.2487   20.000
        129.0000    -1433.69  0.1627   20.000      -1429.99  0.1628   20.000      -1320.38  0.1665   20.000       -906.33  0.1858   20.000       -664.56  0.2041   20.000       -521.54  0.2199   20.000       -418.22  0.2355   20.000       -376.41  0.2430   20.000       -352.47  0.2483   20.000
        130.0000    -1534.52  0.1593   20.000      -1523.92  0.1597   20.000      -1417.76  0.1632   20.000       -931.43  0.1842   20.000       -669.49  0.2037   20.000       -524.26  0.2196   20.000       -420.47  0.2352   20.000       -378.44  0.2425   20.000       -354.29  0.2479   20.000
        131.0000    -1319.95  0.1666   20.000      -1525.20  0.1597   20.000      -1455.68  0.1620   20.000       -950.16  0.1830   20.000       -675.03  0.2032   20.000       -527.04  0.2192   20.000       -422.69  0.2348   20.000       -380.47  0.2421   20.000       -356.10  0.2475   20.000
        132.0000     -816.78  0.1915   20.000      -1297.18  0.1673   20.000      -1451.61  0.1622   20.000       -960.17  0.1823   20.000       -680.62  0.2027   20.000       -529.92  0.2189   20.000       -424.90  0.2344   20.000       -382.52  0.2416   20.000       -357.90  0.2471   20.000
        133.0000     -317.85  0.2560   20.000       -497.17  0.2229   20.000      -1089.21  0.1761   20.000       -959.51  0.1824   20.000       -685.72  0.2022   20.000       -532.87  0.2185   20.000       -427.08  0.2341   20.000       -384.57  0.2412   20.000       -359.69  0.2467   20.000
        134.0000     -135.99  0.3235   20.000       -172.90  0.3048   20.000       -261.45  0.2716   20.000       -879.26  0.1876   20.000       -689.90  0.2018   20.000       -535.86  0.2182   20.000       -429.25  0.2337   20.000       -386.62  0.2408   20.000       -361.48  0.2463   20.000
        135.0000     -114.47  0.3361   20.000       -133.80  0.3248   20.000       -167.98  0.3071   20.000       -324.86  0.2545   20.000       -628.51  0.2073   20.000       -538.65  0.2178   20.000       -431.41  0.2334   20.000       -388.65  0.2405   20.000       -363.25  0.2459   20.000
        136.0000      -76.77  0.3620   20.000        -86.95  0.3547   20.000       -103.46  0.3433   20.000       -159.90  0.3109   20.000       -302.16  0.2598   20.000       -527.59  0.2192   20.000       -433.56  0.2330   20.000       -390.67  0.2401   20.000       -365.02  0.2455   20.000
        137.0000     -145.72  0.3181   20.000       -149.68  0.3159   20.000       -155.78  0.3128   20.000       -175.81  0.3035   20.000       -223.67  0.2841   20.000       -408.94  0.2371   20.000       -435.24  0.2327   20.000       -392.67  0.2398   20.000       -366.79  0.2451   20.000
        138.0000     -139.29  0.3217   20.000       -148.06  0.3168   20.000       -159.47  0.3111   20.000       -183.10  0.3001   20.000       -218.69  0.2860   20.000       -326.60  0.2541   20.000       -432.39  0.2332   20.000       -394.52  0.2395   20.000       -368.54  0.2447   20.000
        139.0000      -73.09  0.3648   20.000        -81.33  0.3587   20.000        -93.14  0.3501   20.000       -124.11  0.3302   20.000       -168.09  0.3071   20.000       -269.90  0.2691   20.000       -418.42  0.2355   20.000       -395.67  0.2393   20.000       -370.26  0.2444   20.000
        140.0000     -154.04  0.3135   20.000       -151.24  0.3149   20.000       -149.10  0.3161   20.000       -151.11  0.3151   20.000       -165.75  0.3083   20.000       -222.26  0.2848   20.000       -388.14  0.2405   20.000       -394.73  0.2394   20.000       -371.87  0.2440   20.000
        141.0000     -201.80  0.2923   20.000       -197.54  0.2939   20.000       -191.62  0.2961   20.000       -183.41  0.2999   20.000       -185.95  0.2988   20.000       -217.74  0.2864   20.000       -349.10  0.2491   20.000       -389.27  0.2404   20.000       -373.07  0.2437   20.000
        142.0000      -38.70  0.3921   20.000        -43.53  0.3882   20.000        -51.00  0.3823   20.000        -72.32  0.3655   20.000       -106.62  0.3413   20.000       -183.76  0.2998   20.000       -317.42  0.2561   20.000       -380.28  0.2421   20.000       -373.59  0.2436   20.000
        143.0000      -65.16  0.3710   20.000        -67.72  0.3690   20.000        -70.97  0.3665   20.000        -78.66  0.3607   20.000        -89.78  0.3526   20.000       -121.56  0.3316   20.000       -257.45  0.2728   20.000       -363.71  0.2458   20.000       -372.91  0.2438   20.000
        144.0000     -130.66  0.3265   20.000       -126.77  0.3287   20.000       -121.91  0.3314   20.000       -114.68  0.3360   20.000       -113.29  0.3369   20.000       -125.04  0.3298   20.000       -200.55  0.2929   20.000       -324.74  0.2545   20.000       -369.22  0.2446   20.000
        145.0000      -84.28  0.3566   20.000        -89.97  0.3525   20.000        -96.58  0.3478   20.000       -106.67  0.3412   20.000       -114.61  0.3361   20.000       -129.57  0.3272   20.000       -181.57  0.3008   20.000       -277.87  0.2668   20.000       -357.16  0.2473   20.000
        146.0000     -156.33  0.3124   20.000       -151.98  0.3145   20.000       -145.89  0.3179   20.000       -135.37  0.3239   20.000       -130.87  0.3265   20.000       -135.61  0.3238   20.000       -173.28  0.3047   20.000       -245.58  0.2763   20.000       -335.14  0.2522   20.000
        147.0000      -91.80  0.3511   20.000        -99.48  0.3459   20.000       -108.17  0.3402   20.000       -121.25  0.3318   20.000       -129.65  0.3271   20.000       -139.99  0.3213   20.000       -170.91  0.3058   20.000       -225.87  0.2833   20.000       -309.35  0.2579   20.000
        148.0000      -82.60  0.3579   20.000        -88.04  0.3539   20.000        -94.38  0.3494   20.000       -105.21  0.3422   20.000       -114.83  0.3360   20.000       -131.19  0.3262   20.000       -166.11  0.3080   20.000       -213.38  0.2880   20.000       -286.35  0.2644   20.000
        149.0000     -154.59  0.3129   20.000       -150.61  0.3151   20.000       -145.07  0.3185   20.000       -135.26  0.3242   20.000       -131.03  0.3266   20.000       -134.91  0.3244   20.000       -161.10  0.3104   20.000       -202.49  0.2921   20.000       -267.45  0.2699   20.000
        150.0000      -94.66  0.3490   20.000       -102.84  0.3437   20.000       -111.75  0.3379   20.000       -124.10  0.3302   20.000       -130.65  0.3266   20.000       -138.27  0.3223   20.000       -159.86  0.3109   20.000       -194.17  0.2952   20.000       -251.09  0.2746   20.000
        151.0000     -178.03  0.3024   20.000       -173.17  0.3047   20.000       -165.44  0.3083   20.000       -150.68  0.3153   20.000       -142.99  0.3197   20.000       -142.57  0.3199   20.000       -159.55  0.3111   20.000       -188.50  0.2976   20.000       -237.60  0.2789   20.000
        152.0000     -232.25  0.2806   20.000       -224.72  0.2835   20.000       -210.64  0.2888   20.000       -181.67  0.3006   20.000       -164.27  0.3089   20.000       -154.61  0.3134   20.000       -162.79  0.3096   20.000       -185.76  0.2989   20.000       -227.66  0.2827   20.000
        153.0000      -33.37  0.3964   20.000        -37.88  0.3928   20.000        -44.52  0.3874   20.000        -62.30  0.3732   20.000        -87.61  0.3542   20.000       -131.68  0.3260   20.000       -165.18  0.3085   20.000       -184.91  0.2993   20.000       -220.24  0.2854   20.000
        154.0000     -114.03  0.3364   20.000       -110.47  0.3387   20.000       -106.44  0.3414   20.000       -100.81  0.3450   20.000        -99.96  0.3456   20.000       -108.20  0.3402   20.000       -143.26  0.3196   20.000       -177.31  0.3028   20.000       -213.61  0.2879   20.000
        155.0000     -150.24  0.3155   20.000       -145.86  0.3179   20.000       -139.72  0.3214   20.000       -128.18  0.3279   20.000       -121.05  0.3319   20.000       -119.76  0.3328   20.000       -136.68  0.3232   20.000       -165.01  0.3085   20.000       -202.77  0.2919   20.000
        156.0000     -187.24  0.2983   20.000       -181.66  0.3009   20.000       -172.41  0.3052   20.000       -153.28  0.3140   20.000       -140.67  0.3209   20.000       -133.32  0.3251   20.000       -139.69  0.3215   20.000       -159.86  0.3110   20.000       -191.78  0.2961   20.000
        157.0000      -28.69  0.3999   20.000        -32.12  0.3973   20.000        -37.05  0.3935   20.000        -49.75  0.3833   20.000        -67.26  0.3694   20.000       -100.71  0.3451   20.000       -138.72  0.3220   20.000       -157.70  0.3119   20.000       -183.59  0.2999   20.000
        158.0000     -110.31  0.3388   20.000       -106.44  0.3413   20.000       -101.60  0.3445   20.000        -93.59  0.3498   20.000        -89.70  0.3527   20.000        -91.77  0.3512   20.000       -113.77  0.3367   20.000       -142.98  0.3196   20.000       -174.40  0.3041   20.000
        159.0000     -157.40  0.3120   20.000       -152.00  0.3145   20.000       -143.39  0.3193   20.000       -126.27  0.3290   20.000       -114.87  0.3359   20.000       -108.32  0.3402   20.000       -114.35  0.3363   20.000       -132.72  0.3255   20.000       -160.54  0.3106   20.000
        160.0000      -27.64  0.4007   20.000        -30.69  0.3984   20.000        -34.82  0.3952   20.000        -44.53  0.3875   20.000        -56.81  0.3776   20.000        -79.51  0.3601   20.000       -110.96  0.3384   20.000       -128.88  0.3275   20.000       -150.22  0.3156   20.000
        161.0000     -112.34  0.3375   20.000       -108.10  0.3403   20.000       -102.30  0.3440   20.000        -91.71  0.3512   20.000        -85.18  0.3559   20.000        -82.83  0.3577   20.000        -93.32  0.3501   20.000       -112.58  0.3374   20.000       -137.40  0.3228   20.000
        162.0000      -39.14  0.3918   20.000        -41.71  0.3897   20.000        -45.03  0.3870   20.000        -52.17  0.3813   20.000        -59.66  0.3753   20.000        -71.01  0.3665   20.000        -88.52  0.3536   20.000       -104.06  0.3429   20.000       -123.72  0.3304   20.000
        163.0000      -95.75  0.3482   20.000        -92.94  0.3502   20.000        -89.32  0.3529   20.000        -82.77  0.3577   20.000        -78.43  0.3608   20.000        -76.52  0.3623   20.000        -82.43  0.3580   20.000        -93.67  0.3499   20.000       -110.22  0.3389   20.000
        164.0000     -127.91  0.3281   20.000       -123.55  0.3305   20.000       -117.62  0.3341   20.000       -106.39  0.3414   20.000        -97.98  0.3469   20.000        -90.91  0.3518   20.000        -88.39  0.3537   20.000        -92.83  0.3505   20.000       -102.54  0.3440   20.000
        165.0000     -158.68  0.3115   20.000       -153.39  0.3140   20.000       -145.06  0.3185   20.000       -128.08  0.3280   20.000       -115.29  0.3356   20.000       -104.07  0.3429   20.000        -96.24  0.3480   20.000        -96.45  0.3479   20.000       -100.65  0.3451   20.000
        166.0000      -48.43  0.3842   20.000        -53.09  0.3805   20.000        -59.17  0.3757   20.000        -71.42  0.3662   20.000        -82.74  0.3578   20.000        -94.28  0.3494   20.000        -99.51  0.3459   20.000        -99.75  0.3457   20.000       -100.94  0.3450   20.000
        167.0000      -94.45  0.3492   20.000        -93.41  0.3499   20.000        -91.90  0.3510   20.000        -89.04  0.3531   20.000        -87.48  0.3543   20.000        -87.99  0.3540   20.000        -92.75  0.3505   20.000        -96.85  0.3476   20.000        -99.61  0.3458   20.000
        168.0000     -137.70  0.3225   20.000       -133.13  0.3251   20.000       -126.50  0.3288   20.000       -113.70  0.3366   20.000       -104.70  0.3425   20.000        -97.57  0.3472   20.000        -94.36  0.3494   20.000        -95.39  0.3486   20.000        -97.44  0.3472   20.000
        169.0000     -177.76  0.3027   20.000       -171.66  0.3056   20.000       -161.16  0.3104   20.000       -139.36  0.3217   20.000       -123.79  0.3304   20.000       -110.60  0.3387   20.000       -100.81  0.3451   20.000        -98.20  0.3468   20.000        -97.82  0.3470   20.000
        170.0000     -195.56  0.2946   20.000       -195.08  0.2948   20.000       -186.73  0.2984   20.000       -161.50  0.3101   20.000       -141.07  0.3207   20.000       -123.27  0.3307   20.000       -108.40  0.3401   20.000       -102.77  0.3438   20.000       -100.05  0.3455   20.000
        171.0000      -95.87  0.3483   20.000       -104.80  0.3424   20.000       -115.31  0.3356   20.000       -130.54  0.3266   20.000       -134.15  0.3246   20.000       -128.29  0.3279   20.000       -115.11  0.3357   20.000       -107.94  0.3404   20.000       -103.55  0.3433   20.000
        172.0000     -148.22  0.3164   20.000       -146.02  0.3177   20.000       -142.83  0.3196   20.000       -136.51  0.3233   20.000       -131.77  0.3260   20.000       -126.66  0.3288   20.000       -118.18  0.3337   20.000       -111.92  0.3378   20.000       -107.20  0.3409   20.000
        173.0000     -142.33  0.3201   20.000       -143.91  0.3192   20.000       -144.28  0.3190   20.000       -141.14  0.3207   20.000       -136.23  0.3234   20.000       -129.56  0.3272   20.000       -120.66  0.3322   20.000       -114.95  0.3358   20.000       -110.40  0.3388   20.000
        174.0000     -176.89  0.3030   20.000       -172.56  0.3051   20.000       -166.23  0.3080   20.000       -153.20  0.3141   20.000       -143.32  0.3195   20.000       -133.87  0.3248   20.000       -123.59  0.3305   20.000       -117.78  0.3340   20.000       -113.33  0.3369   20.000
        175.0000     -225.32  0.2836   20.000       -218.19  0.2863   20.000       -204.69  0.2913   20.000       -176.39  0.3032   20.000       -157.17  0.3122   20.000       -141.41  0.3205   20.000       -127.61  0.3283   20.000       -120.88  0.3320   20.000       -116.24  0.3350   20.000
        176.0000     -285.15  0.2645   20.000       -273.77  0.2679   20.000       -250.31  0.2748   20.000       -204.07  0.2914   20.000       -174.61  0.3040   20.000       -151.63  0.3148   20.000       -132.95  0.3253   20.000       -124.65  0.3299   20.000       -119.33  0.3330   20.000
        177.0000     -334.51  0.2523   20.000       -318.68  0.2558   20.000       -286.70  0.2642   20.000       -227.34  0.2828   20.000       -190.92  0.2965   20.000       -162.38  0.3098   20.000       -139.02  0.3219   20.000       -129.02  0.3275   20.000       -122.73  0.3310   20.000
        178.0000     -387.31  0.2408   20.000       -367.16  0.2452   20.000       -325.80  0.2544   20.000       -249.77  0.2751   20.000       -205.97  0.2908   20.000       -172.44  0.3051   20.000       -145.36  0.3183   20.000       -133.78  0.3248   20.000       -126.53  0.3289   20.000
        179.0000     -460.11  0.2285   20.000       -430.85  0.2334   20.000       -369.97  0.2444   20.000       -272.54  0.2683   20.000       -220.43  0.2853   20.000       -182.15  0.3005   20.000       -151.75  0.3147   20.000       -138.72  0.3220   20.000       -130.59  0.3266   20.000
        180.0000     -585.92  0.2122   20.000       -536.03  0.2183   20.000       -437.22  0.2324   20.000       -298.81  0.2607   20.000       -235.11  0.2798   20.000       -191.81  0.2961   20.000       -158.14  0.3117   20.000       -143.72  0.3192   20.000       -134.81  0.3242   20.000
        181.0000     -807.76  0.1922   20.000       -715.38  0.1996   20.000       -539.02  0.2178   20.000       -331.88  0.2529   20.000       -251.72  0.2744   20.000       -201.69  0.2924   20.000       -164.41  0.3088   20.000       -148.73  0.3164   20.000       -139.11  0.3218   20.000
        182.0000    -1141.47  0.1737   20.000      -1004.86  0.1800   20.000       -693.80  0.2016   20.000       -370.22  0.2443   20.000       -268.76  0.2695   20.000       -211.47  0.2887   20.000       -170.60  0.3059   20.000       -153.75  0.3138   20.000       -143.42  0.3194   20.000
        183.0000    -1153.57  0.1731   20.000      -1118.95  0.1747   20.000       -769.16  0.1948   20.000       -398.81  0.2388   20.000       -285.04  0.2647   20.000       -221.19  0.2851   20.000       -176.76  0.3031   20.000       -158.79  0.3114   20.000       -147.73  0.3170   20.000
        184.0000    -1369.22  0.1649   20.000      -1256.30  0.1686   20.000       -869.87  0.1882   20.000       -428.05  0.2339   20.000       -299.32  0.2605   20.000       -230.35  0.2816   20.000       -182.82  0.3002   20.000       -163.75  0.3091   20.000       -152.00  0.3146   20.000
        185.0000     -359.10  0.2468   20.000       -582.95  0.2124   20.000       -801.78  0.1926   20.000       -446.00  0.2309   20.000       -313.60  0.2570   20.000       -239.38  0.2783   20.000       -188.84  0.2974   20.000       -168.64  0.3068   20.000       -156.30  0.3126   20.000
        186.0000     -652.66  0.2051   20.000       -702.55  0.2008   20.000       -712.24  0.2000   20.000       -453.14  0.2297   20.000       -324.25  0.2546   20.000       -247.91  0.2756   20.000       -194.79  0.2949   20.000       -173.44  0.3046   20.000       -160.55  0.3106   20.000
        187.0000    -1014.08  0.1795   20.000      -1006.20  0.1799   20.000       -847.60  0.1896   20.000       -477.70  0.2257   20.000       -334.60  0.2523   20.000       -255.60  0.2733   20.000       -200.47  0.2928   20.000       -178.15  0.3024   20.000       -164.77  0.3086   20.000
        188.0000    -1366.52  0.1648   20.000      -1323.67  0.1663   20.000      -1033.38  0.1786   20.000       -512.68  0.2210   20.000       -346.84  0.2496   20.000       -263.06  0.2711   20.000       -205.87  0.2908   20.000       -182.75  0.3003   20.000       -168.94  0.3067   20.000
        189.0000    -1509.30  0.1601   20.000      -1465.88  0.1616   20.000      -1160.89  0.1726   20.000       -542.56  0.2173   20.000       -359.27  0.2468   20.000       -270.45  0.2690   20.000       -211.11  0.2888   20.000       -187.28  0.2982   20.000       -173.05  0.3048   20.000
        190.0000    -1560.61  0.1586   20.000      -1518.52  0.1599   20.000      -1237.13  0.1693   20.000       -568.17  0.2142   20.000       -371.29  0.2441   20.000       -277.71  0.2669   20.000       -216.21  0.2869   20.000       -191.75  0.2961   20.000       -177.07  0.3029   20.000
        191.0000    -1583.08  0.1581   20.000      -1540.54  0.1592   20.000      -1281.22  0.1678   20.000       -589.83  0.2115   20.000       -382.88  0.2416   20.000       -284.81  0.2648   20.000       -221.20  0.2851   20.000       -196.18  0.2944   20.000       -181.02  0.3011   20.000
        192.0000     -217.89  0.2863   20.000       -338.66  0.2514   20.000       -825.60  0.1911   20.000       -612.25  0.2088   20.000       -394.26  0.2395   20.000       -291.83  0.2627   20.000       -226.15  0.2832   20.000       -200.55  0.2928   20.000       -184.92  0.2993   20.000
        193.0000      -84.78  0.3562   20.000       -104.12  0.3429   20.000       -141.15  0.3206   20.000       -332.76  0.2527   20.000       -396.23  0.2392   20.000       -298.69  0.2607   20.000       -231.02  0.2814   20.000       -204.78  0.2912   20.000       -188.78  0.2975   20.000
        194.0000     -254.59  0.2736   20.000       -253.89  0.2738   20.000       -255.12  0.2735   20.000       -271.64  0.2687   20.000       -303.20  0.2596   20.000       -295.89  0.2615   20.000       -235.71  0.2796   20.000       -208.91  0.2897   20.000       -192.58  0.2958   20.000
        195.0000      -30.41  0.3987   20.000        -35.72  0.3945   20.000        -44.06  0.3878   20.000        -70.31  0.3670   20.000       -124.39  0.3301   20.000       -257.00  0.2729   20.000       -239.19  0.2783   20.000       -212.85  0.2882   20.000       -196.33  0.2944   20.000
        196.0000     -110.45  0.3388   20.000       -109.11  0.3396   20.000       -108.13  0.3403   20.000       -109.55  0.3393   20.000       -117.96  0.3339   20.000       -151.59  0.3148   20.000       -224.43  0.2839   20.000       -215.25  0.2873   20.000       -199.85  0.2930   20.000
        197.0000     -165.83  0.3081   20.000       -161.47  0.3101   20.000       -155.19  0.3130   20.000       -144.55  0.3187   20.000       -141.12  0.3207   20.000       -151.78  0.3148   20.000       -194.94  0.2949   20.000       -208.97  0.2896   20.000       -201.56  0.2924   20.000
        198.0000      -15.58  0.4093   20.000        -17.64  0.4079   20.000        -20.64  0.4059   20.000        -28.68  0.4000   20.000        -41.32  0.3900   20.000        -75.79  0.3628   20.000       -166.02  0.3081   20.000       -197.44  0.2939   20.000       -200.35  0.2929   20.000
        199.0000     -105.69  0.3419   20.000       -101.63  0.3445   20.000        -96.37  0.3479   20.000        -87.25  0.3545   20.000        -82.04  0.3582   20.000        -82.69  0.3577   20.000       -108.83  0.3398   20.000       -156.10  0.3127   20.000       -190.04  0.2969   20.000
        200.0000     -143.73  0.3192   20.000       -138.99  0.3219   20.000       -131.95  0.3258   20.000       -117.95  0.3339   20.000       -108.30  0.3402   20.000       -102.48  0.3439   20.000       -110.60  0.3387   20.000       -134.46  0.3244   20.000       -167.43  0.3074   20.000
        201.0000     -178.62  0.3022   20.000       -172.89  0.3049   20.000       -163.28  0.3094   20.000       -143.19  0.3195   20.000       -128.92  0.3275   20.000       -118.19  0.3337   20.000       -117.97  0.3339   20.000       -131.25  0.3263   20.000       -153.44  0.3140   20.000
        202.0000     -168.98  0.3068   20.000       -171.19  0.3058   20.000       -169.41  0.3065   20.000       -156.91  0.3123   20.000       -143.68  0.3192   20.000       -131.52  0.3260   20.000       -126.18  0.3291   20.000       -132.51  0.3255   20.000       -146.56  0.3177   20.000
        203.0000      -27.28  0.4010   20.000        -30.54  0.3985   20.000        -35.18  0.3949   20.000        -47.04  0.3855   20.000        -63.27  0.3725   20.000        -93.99  0.3496   20.000       -126.11  0.3291   20.000       -134.31  0.3245   20.000       -143.70  0.3192   20.000
        204.0000     -109.58  0.3393   20.000       -105.66  0.3419   20.000       -100.68  0.3451   20.000        -92.18  0.3508   20.000        -87.43  0.3543   20.000        -87.57  0.3542   20.000       -102.79  0.3438   20.000       -121.38  0.3318   20.000       -137.56  0.3227   20.000
        205.0000     -151.32  0.3149   20.000       -146.31  0.3177   20.000       -138.55  0.3221   20.000       -122.72  0.3310   20.000       -111.49  0.3381   20.000       -103.74  0.3431   20.000       -104.93  0.3424   20.000       -114.18  0.3364   20.000       -127.93  0.3281   20.000
        206.0000     -192.81  0.2957   20.000       -186.22  0.2986   20.000       -174.65  0.3040   20.000       -150.00  0.3157   20.000       -132.59  0.3254   20.000       -118.75  0.3334   20.000       -112.05  0.3378   20.000       -115.10  0.3358   20.000       -123.31  0.3307   20.000
        207.0000     -235.69  0.2795   20.000       -227.06  0.2828   20.000       -210.57  0.2890   20.000       -175.68  0.3035   20.000       -151.84  0.3146   20.000       -132.77  0.3253   20.000       -119.90  0.3326   20.000       -118.61  0.3335   20.000       -122.27  0.3313   20.000
        208.0000       -5.40  0.4147   20.000         -6.25  0.4144   20.000         -7.54  0.4138   20.000        -11.34  0.4118   20.000        -17.87  0.4078   20.000        -37.33  0.3933   20.000       -101.40  0.3447   20.000       -120.69  0.3321   20.000       -122.87  0.3309   20.000
        209.0000      -87.54  0.3543   20.000        -83.89  0.3569   20.000        -79.34  0.3602   20.000        -71.28  0.3663   20.000        -65.56  0.3707   20.000        -61.68  0.3737   20.000        -66.18  0.3702   20.000        -80.42  0.3594   20.000       -100.88  0.3450   20.000
        210.0000     -125.81  0.3292   20.000       -121.13  0.3318   20.000       -114.31  0.3362   20.000       -100.74  0.3450   20.000        -90.39  0.3521   20.000        -81.35  0.3587   20.000        -76.77  0.3621   20.000        -80.26  0.3596   20.000        -88.62  0.3536   20.000
        211.0000     -154.64  0.3133   20.000       -150.95  0.3151   20.000       -143.35  0.3194   20.000       -125.37  0.3295   20.000       -110.87  0.3385   20.000        -97.69  0.3470   20.000        -87.54  0.3542   20.000        -85.60  0.3557   20.000        -87.36  0.3544   20.000
        212.0000     -161.12  0.3104   20.000       -161.65  0.3101   20.000       -157.59  0.3120   20.000       -141.51  0.3205   20.000       -126.27  0.3290   20.000       -110.92  0.3384   20.000        -97.01  0.3475   20.000        -91.90  0.3511   20.000        -89.93  0.3525   20.000
        213.0000     -166.59  0.3078   20.000       -168.94  0.3067   20.000       -166.80  0.3077   20.000       -152.45  0.3144   20.000       -137.16  0.3229   20.000       -121.04  0.3319   20.000       -105.10  0.3422   20.000        -97.94  0.3469   20.000        -93.98  0.3496   20.000
        214.0000     -192.28  0.2959   20.000       -191.39  0.2963   20.000       -185.30  0.2991   20.000       -165.95  0.3081   20.000       -148.00  0.3168   20.000       -130.20  0.3268   20.000       -112.38  0.3375   20.000       -103.85  0.3431   20.000        -98.44  0.3466   20.000
        215.0000     -241.54  0.2775   20.000       -233.92  0.2804   20.000       -219.11  0.2860   20.000       -185.71  0.2990   20.000       -161.40  0.3103   20.000       -139.50  0.3216   20.000       -119.21  0.3331   20.000       -109.58  0.3393   20.000       -103.26  0.3435   20.000
        216.0000     -199.70  0.2933   20.000       -209.34  0.2896   20.000       -211.79  0.2886   20.000       -194.08  0.2952   20.000       -171.77  0.3054   20.000       -148.50  0.3165   20.000       -125.99  0.3292   20.000       -115.26  0.3356   20.000       -108.20  0.3402   20.000
        217.0000     -260.23  0.2720   20.000       -253.47  0.2740   20.000       -239.54  0.2782   20.000       -207.13  0.2903   20.000       -180.64  0.3012   20.000       -156.21  0.3126   20.000       -132.29  0.3256   20.000       -120.71  0.3321   20.000       -113.14  0.3370   20.000
        218.0000     -312.05  0.2572   20.000       -300.34  0.2601   20.000       -276.89  0.2670   20.000       -227.09  0.2828   20.000       -193.28  0.2955   20.000       -164.58  0.3087   20.000       -138.39  0.3222   20.000       -126.01  0.3292   20.000       -117.93  0.3339   20.000
        219.0000      -38.55  0.3922   20.000        -43.92  0.3879   20.000        -52.35  0.3812   20.000        -76.83  0.3620   20.000       -113.07  0.3371   20.000       -154.22  0.3135   20.000       -144.01  0.3191   20.000       -131.24  0.3262   20.000       -122.63  0.3310   20.000
        220.0000     -113.11  0.3369   20.000       -110.44  0.3387   20.000       -107.75  0.3404   20.000       -104.98  0.3423   20.000       -106.33  0.3415   20.000       -115.56  0.3356   20.000       -132.74  0.3254   20.000       -132.19  0.3257   20.000       -126.35  0.3290   20.000
        221.0000     -152.29  0.3143   20.000       -148.03  0.3167   20.000       -142.10  0.3200   20.000       -130.90  0.3264   20.000       -123.54  0.3305   20.000       -120.62  0.3322   20.000       -125.32  0.3296   20.000       -127.83  0.3281   20.000       -126.59  0.3288   20.000
        222.0000     -189.64  0.2971   20.000       -184.12  0.2997   20.000       -174.95  0.3039   20.000       -155.48  0.3130   20.000       -141.46  0.3205   20.000       -131.19  0.3263   20.000       -126.60  0.3289   20.000       -126.48  0.3289   20.000       -126.05  0.3291   20.000
        223.0000     -225.42  0.2833   20.000       -218.44  0.2860   20.000       -205.65  0.2908   20.000       -178.00  0.3024   20.000       -158.30  0.3116   20.000       -142.08  0.3201   20.000       -130.99  0.3264   20.000       -127.87  0.3281   20.000       -126.48  0.3289   20.000
        224.0000     -270.32  0.2691   20.000       -260.66  0.2719   20.000       -241.16  0.2776   20.000       -201.69  0.2924   20.000       -174.42  0.3041   20.000       -152.83  0.3142   20.000       -136.55  0.3232   20.000       -130.83  0.3265   20.000       -127.99  0.3281   20.000
        225.0000     -337.37  0.2517   20.000       -322.17  0.2551   20.000       -289.99  0.2633   20.000       -229.03  0.2821   20.000       -191.76  0.2961   20.000       -163.96  0.3090   20.000       -142.68  0.3198   20.000       -134.69  0.3243   20.000       -130.36  0.3267   20.000
        226.0000     -430.26  0.2337   20.000       -404.20  0.2379   20.000       -350.22  0.2488   20.000       -259.33  0.2722   20.000       -209.92  0.2893   20.000       -175.05  0.3039   20.000       -149.13  0.3162   20.000       -139.07  0.3218   20.000       -133.35  0.3251   20.000
        227.0000     -550.53  0.2165   20.000       -504.69  0.2220   20.000       -416.76  0.2358   20.000       -288.36  0.2637   20.000       -227.20  0.2828   20.000       -185.98  0.2988   20.000       -155.76  0.3128   20.000       -143.72  0.3192   20.000       -136.76  0.3231   20.000
        228.0000     -510.96  0.2213   20.000       -533.35  0.2185   20.000       -459.67  0.2287   20.000       -314.06  0.2569   20.000       -243.62  0.2768   20.000       -196.83  0.2942   20.000       -162.38  0.3098   20.000       -148.55  0.3165   20.000       -140.44  0.3211   20.000
        229.0000     -491.68  0.2235   20.000       -525.83  0.2193   20.000       -473.72  0.2263   20.000       -331.94  0.2529   20.000       -257.67  0.2727   20.000       -206.69  0.2905   20.000       -168.77  0.3068   20.000       -153.44  0.3139   20.000       -144.32  0.3189   20.000
        230.0000     -591.54  0.2113   20.000       -582.18  0.2125   20.000       -504.69  0.2220   20.000       -348.27  0.2492   20.000       -269.56  0.2692   20.000       -215.58  0.2872   20.000       -174.93  0.3039   20.000       -158.36  0.3116   20.000       -148.30  0.3167   20.000
        231.0000     -780.16  0.1940   20.000       -726.14  0.1987   20.000       -583.22  0.2124   20.000       -372.65  0.2438   20.000       -281.79  0.2657   20.000       -223.87  0.2841   20.000       -180.81  0.3012   20.000       -163.15  0.3094   20.000       -152.30  0.3144   20.000
        232.0000    -1019.83  0.1792   20.000       -917.30  0.1851   20.000       -689.56  0.2019   20.000       -403.49  0.2380   20.000       -295.68  0.2616   20.000       -232.23  0.2809   20.000       -186.55  0.2985   20.000       -167.84  0.3072   20.000       -156.34  0.3126   20.000
        233.0000    -1229.00  0.1695   20.000      -1095.94  0.1757   20.000       -787.72  0.1934   20.000       -432.10  0.2332   20.000       -310.02  0.2578   20.000       -240.74  0.2778   20.000       -192.23  0.2959   20.000       -172.44  0.3051   20.000       -160.36  0.3107   20.000
        234.0000    -1384.81  0.1643   20.000      -1226.71  0.1696   20.000       -871.61  0.1880   20.000       -457.15  0.2290   20.000       -323.62  0.2547   20.000       -249.23  0.2752   20.000       -197.85  0.2938   20.000       -176.97  0.3030   20.000       -164.38  0.3088   20.000
        235.0000      -39.45  0.3916   20.000        -48.66  0.3841   20.000        -64.96  0.3712   20.000       -135.10  0.3240   20.000       -284.01  0.2650   20.000       -257.21  0.2728   20.000       -203.37  0.2917   20.000       -181.49  0.3009   20.000       -168.40  0.3070   20.000
        236.0000     -160.37  0.3107   20.000       -157.56  0.3120   20.000       -155.27  0.3130   20.000       -157.58  0.3120   20.000       -172.26  0.3053   20.000       -210.46  0.2892   20.000       -206.46  0.2906   20.000       -185.82  0.2988   20.000       -172.38  0.3051   20.000
        237.0000     -219.48  0.2858   20.000       -214.78  0.2875   20.000       -207.08  0.2904   20.000       -192.71  0.2957   20.000       -187.68  0.2980   20.000       -196.24  0.2945   20.000       -201.09  0.2926   20.000       -188.14  0.2977   20.000       -175.94  0.3034   20.000
        238.0000     -268.77  0.2694   20.000       -261.86  0.2714   20.000       -248.69  0.2752   20.000       -222.08  0.2846   20.000       -206.03  0.2907   20.000       -199.27  0.2933   20.000       -196.92  0.2942   20.000       -188.53  0.2976   20.000       -178.58  0.3022   20.000
        239.0000     -251.45  0.2746   20.000       -257.45  0.2728   20.000       -256.17  0.2731   20.000       -237.29  0.2790   20.000       -219.28  0.2857   20.000       -205.30  0.2910   20.000       -195.80  0.2946   20.000       -188.65  0.2975   20.000       -180.57  0.3013   20.000
        240.0000      -18.56  0.4073   20.000        -21.36  0.4054   20.000        -25.78  0.4022   20.000        -39.29  0.3917   20.000        -64.07  0.3719   20.000       -139.37  0.3217   20.000       -195.35  0.2947   20.000       -189.13  0.2973   20.000       -182.19  0.3005   20.000
        241.0000     -105.03  0.3423   20.000       -101.50  0.3446   20.000        -97.60  0.3471   20.000        -92.31  0.3508   20.000        -91.39  0.3514   20.000       -100.70  0.3451   20.000       -147.29  0.3173   20.000       -179.94  0.3016   20.000       -182.60  0.3003   20.000
        242.0000     -142.21  0.3200   20.000       -138.01  0.3224   20.000       -132.28  0.3256   20.000       -121.60  0.3316   20.000       -115.12  0.3357   20.000       -114.38  0.3362   20.000       -133.64  0.3250   20.000       -159.23  0.3113   20.000       -175.36  0.3037   20.000
        243.0000     -176.82  0.3031   20.000       -171.71  0.3055   20.000       -163.54  0.3093   20.000       -146.78  0.3175   20.000       -135.23  0.3240   20.000       -128.33  0.3279   20.000       -134.56  0.3244   20.000       -149.81  0.3159   20.000       -166.18  0.3080   20.000
        244.0000     -210.68  0.2890   20.000       -204.35  0.2914   20.000       -193.20  0.2955   20.000       -170.18  0.3061   20.000       -153.38  0.3139   20.000       -141.15  0.3207   20.000       -139.03  0.3219   20.000       -147.28  0.3173   20.000       -159.93  0.3109   20.000
        245.0000     -247.95  0.2756   20.000       -240.04  0.2781   20.000       -225.25  0.2836   20.000       -193.27  0.2955   20.000       -170.61  0.3059   20.000       -153.09  0.3141   20.000       -144.67  0.3187   20.000       -148.03  0.3168   20.000       -156.64  0.3125   20.000
        246.0000     -290.09  0.2631   20.000       -280.02  0.2661   20.000       -259.64  0.2721   20.000       -216.46  0.2868   20.000       -187.13  0.2982   20.000       -164.84  0.3086   20.000       -150.80  0.3153   20.000       -150.40  0.3155   20.000       -155.44  0.3130   20.000
        247.0000     -326.97  0.2539   20.000       -314.13  0.2568   20.000       -288.21  0.2636   20.000       -236.72  0.2792   20.000       -202.76  0.2919   20.000       -175.74  0.3035   20.000       -157.46  0.3121   20.000       -153.90  0.3137   20.000       -155.69  0.3129   20.000
        248.0000     -371.04  0.2444   20.000       -355.84  0.2477   20.000       -323.27  0.2549   20.000       -258.43  0.2725   20.000       -217.26  0.2865   20.000       -185.99  0.2988   20.000       -163.95  0.3090   20.000       -157.78  0.3119   20.000       -156.90  0.3123   20.000
        249.0000     -426.40  0.2342   20.000       -405.26  0.2377   20.000       -360.56  0.2465   20.000       -279.82  0.2662   20.000       -231.59  0.2812   20.000       -196.12  0.2944   20.000       -170.14  0.3061   20.000       -161.74  0.3101   20.000       -158.70  0.3115   20.000
        250.0000     -480.15  0.2252   20.000       -453.82  0.2296   20.000       -398.57  0.2388   20.000       -300.51  0.2602   20.000       -245.74  0.2762   20.000       -205.77  0.2908   20.000       -176.09  0.3034   20.000       -165.74  0.3082   20.000       -160.93  0.3104   20.000
        251.0000     -554.56  0.2160   20.000       -518.03  0.2204   20.000       -442.91  0.2315   20.000       -323.02  0.2549   20.000       -259.56  0.2722   20.000       -214.86  0.2874   20.000       -181.86  0.3007   20.000       -169.75  0.3063   20.000       -163.47  0.3093   20.000
        252.0000     -617.84  0.2082   20.000       -570.61  0.2139   20.000       -479.47  0.2254   20.000       -342.22  0.2506   20.000       -272.55  0.2684   20.000       -223.58  0.2842   20.000       -187.51  0.2981   20.000       -173.77  0.3045   20.000       -166.24  0.3080   20.000
        253.0000     -679.74  0.2028   20.000       -620.36  0.2081   20.000       -514.02  0.2209   20.000       -359.32  0.2468   20.000       -284.09  0.2650   20.000       -231.82  0.2811   20.000       -193.07  0.2956   20.000       -177.78  0.3026   20.000       -169.19  0.3066   20.000
        254.0000     -730.08  0.1980   20.000       -662.60  0.2041   20.000       -540.34  0.2175   20.000       -374.09  0.2434   20.000       -295.02  0.2618   20.000       -239.80  0.2781   20.000       -198.48  0.2936   20.000       -181.79  0.3007   20.000       -172.26  0.3052   20.000
        255.0000     -768.23  0.1949   20.000       -694.68  0.2015   20.000       -563.25  0.2148   20.000       -388.32  0.2405   20.000       -305.26  0.2588   20.000       -247.46  0.2757   20.000       -203.66  0.2916   20.000       -185.77  0.2989   20.000       -175.41  0.3037   20.000
end
