 ******* Program HYDRUS
 ******* 
 None                                                                    
 Date:  14. 1.    Time:   9:50:59
 Units: L = mm   , T = days , M = mmol 


    TLevel      Time          dt      Iter    ItCum  KodT  KodB  Convergency

        3  0.1000000E+01  0.30000E+00    2       12    -4    -5     T
        5  0.2000000E+01  0.50000E+00    2       16    -4    -5     T
        7  0.3000000E+01  0.50000E+00    2       20    -4    -5     T
        9  0.4000000E+01  0.50000E+00    2       24    -4    -5     T
       11  0.5000000E+01  0.50000E+00    2       28    -4    -5     T
       13  0.6000000E+01  0.50000E+00    2       32    -4    -5     T
       15  0.7000000E+01  0.50000E+00    2       36    -4    -5     T
       17  0.8000000E+01  0.50000E+00    2       40    -4    -5     T
       19  0.9000000E+01  0.50000E+00    2       44    -4    -5     T
       21  0.1000000E+02  0.50000E+00    2       48    -4    -5     T
       23  0.1100000E+02  0.50000E+00    2       52    -4    -5     T
       25  0.1200000E+02  0.50000E+00    2       56    -4    -5     T
       27  0.1300000E+02  0.50000E+00    2       60    -4    -5     T
       29  0.1400000E+02  0.50000E+00    2       64    -4    -5     T
       31  0.1500000E+02  0.50000E+00    2       68    -4    -5     T
       33  0.1600000E+02  0.50000E+00    2       72    -4    -5     T
       35  0.1700000E+02  0.50000E+00    2       76    -4    -5     T
       37  0.1800000E+02  0.50000E+00    2       80    -4    -5     T
       39  0.1900000E+02  0.50000E+00    2       84    -4    -5     T
       41  0.2000000E+02  0.50000E+00    2       88    -4    -5     T
       43  0.2100000E+02  0.50000E+00    2       92    -4    -5     T
       45  0.2200000E+02  0.50000E+00    2       96    -4    -5     T
       47  0.2300000E+02  0.50000E+00    2      100    -4    -5     T
       49  0.2400000E+02  0.50000E+00    2      104    -4    -5     T
       51  0.2500000E+02  0.50000E+00    2      108    -4    -5     T
       53  0.2600000E+02  0.50000E+00    2      112    -4    -5     T
       55  0.2700000E+02  0.50000E+00    2      116    -4    -5     T
       57  0.2800000E+02  0.50000E+00    2      120    -4    -5     T
       59  0.2900000E+02  0.50000E+00    2      124    -4    -5     T
       61  0.3000000E+02  0.50000E+00    2      128    -4    -5     T
       63  0.3100000E+02  0.50000E+00    2      132    -4    -5     T
       65  0.3200000E+02  0.50000E+00    2      136    -4    -5     T
       67  0.3300000E+02  0.50000E+00    2      140    -4    -5     T
       69  0.3400000E+02  0.50000E+00    2      144    -4    -5     T
       71  0.3500000E+02  0.50000E+00    2      148    -4    -5     T
       73  0.3600000E+02  0.50000E+00    2      152    -4    -5     T
       75  0.3700000E+02  0.50000E+00    2      156    -4    -5     T
       77  0.3800000E+02  0.50000E+00    2      160    -4    -5     T
       79  0.3900000E+02  0.50000E+00    2      164    -4    -5     T
       81  0.4000000E+02  0.50000E+00    2      168    -4    -5     T
       83  0.4100000E+02  0.50000E+00    2      172    -4    -5     T
       85  0.4200000E+02  0.50000E+00    2      176    -4    -5     T
       87  0.4300000E+02  0.50000E+00    2      180    -4    -5     T
       89  0.4400000E+02  0.50000E+00    2      184    -4    -5     T
       91  0.4500000E+02  0.50000E+00    2      188    -4    -5     T
       93  0.4600000E+02  0.50000E+00    2      192    -4    -5     T
       95  0.4700000E+02  0.50000E+00    2      196    -4    -5     T
       97  0.4800000E+02  0.50000E+00    2      200    -4    -5     T
       99  0.4900000E+02  0.50000E+00    2      204    -4    -5     T
      101  0.5000000E+02  0.50000E+00    2      208    -4    -5     T
      103  0.5100000E+02  0.50000E+00    2      212    -4    -5     T
      105  0.5200000E+02  0.50000E+00    2      217    -4    -5     T
      107  0.5300000E+02  0.50000E+00    2      222    -4    -5     T
      109  0.5400000E+02  0.50000E+00    2      227    -4    -5     T
      111  0.5500000E+02  0.50000E+00    2      232    -4    -5     T
      113  0.5600000E+02  0.50000E+00    2      236    -4    -5     T
      115  0.5700000E+02  0.50000E+00    2      240    -4    -5     T
      117  0.5800000E+02  0.50000E+00    2      244    -4    -5     T
      119  0.5900000E+02  0.50000E+00    2      249    -4    -5     T
      121  0.6000000E+02  0.50000E+00    2      254    -4    -5     T
      123  0.6100000E+02  0.50000E+00    2      258    -4    -5     T
      125  0.6200000E+02  0.50000E+00    3      264    -4    -5     T
      127  0.6300000E+02  0.50000E+00    2      269    -4    -5     T
      129  0.6400000E+02  0.50000E+00    2      274    -4    -5     T
      131  0.6500000E+02  0.50000E+00    2      279    -4    -5     T
      133  0.6600000E+02  0.50000E+00    2      285    -4    -5     T
      135  0.6700000E+02  0.50000E+00    2      291    -4    -5     T
      137  0.6800000E+02  0.50000E+00    4      299    -4    -5     T
      139  0.6900000E+02  0.50000E+00    3      306    -4    -5     T
      141  0.7000000E+02  0.50000E+00    4      314    -4    -5     T
      143  0.7100000E+02  0.50000E+00    4      321    -4    -5     T
      145  0.7200000E+02  0.50000E+00    3      331    -4    -5     T
      147  0.7300000E+02  0.50000E+00    5      341    -4    -5     T
      149  0.7400000E+02  0.50000E+00    3      348    -4    -5     T
      151  0.7500000E+02  0.50000E+00    4      358    -4    -5     T
      158  0.7600000E+02  0.20888E+00    2      393     4    -5     T
      163  0.7700000E+02  0.23438E+00    2      413     4    -5     T
      170  0.7800000E+02  0.78125E-01    2      447     4    -5     T
      175  0.7900000E+02  0.23333E+00    3      458     4    -5     T
      178  0.8000000E+02  0.33333E+00    2      464     4    -5     T
      182  0.8100000E+02  0.31250E+00    2      482     4    -5     T
      185  0.8200000E+02  0.33333E+00    5      491     4    -5     T
      189  0.8300000E+02  0.31250E+00    2      509     4    -5     T
      192  0.8400000E+02  0.33333E+00    2      517     4    -5     T
      194  0.8500000E+02  0.50000E+00    2      521     4    -5     T
      196  0.8600000E+02  0.50000E+00    2      525     4    -5     T
      198  0.8700000E+02  0.50000E+00    4      533     4    -5     T
      200  0.8800000E+02  0.50000E+00    3      541     4    -5     T
      202  0.8900000E+02  0.50000E+00    2      545     4    -5     T
      204  0.9000000E+02  0.50000E+00    4      553     4    -5     T
      218  0.9100000E+02  0.10059E+00    4      629    -4    -5     T
      224  0.9200000E+02  0.37357E+00    2      644    -4    -5     T
      227  0.9300000E+02  0.33333E+00    2      650    -4    -5     T
      229  0.9400000E+02  0.50000E+00    2      656    -4    -5     T
      231  0.9500000E+02  0.50000E+00    3      661    -4    -5     T
      233  0.9600000E+02  0.50000E+00    2      665    -4    -5     T
      236  0.9700000E+02  0.33333E+00    2      673    -4    -5     T
      239  0.9800000E+02  0.33333E+00    4      686    -4    -5     T
      242  0.9900000E+02  0.33333E+00    2      694    -4    -5     T
      244  0.1000000E+03  0.50000E+00    2      698    -4    -5     T
      247  0.1010000E+03  0.33333E+00    2      708    -4    -5     T
      250  0.1020000E+03  0.33333E+00    5      725    -4    -5     T
      253  0.1030000E+03  0.33333E+00    2      735    -4    -5     T
      256  0.1040000E+03  0.33333E+00    2      743    -4    -5     T
      260  0.1050000E+03  0.16667E+00    4      772    -4    -5     T
      265  0.1060000E+03  0.20100E+00    2      788    -4    -5     T
      268  0.1070000E+03  0.33333E+00    2      796    -4    -5     T
      270  0.1080000E+03  0.50000E+00    2      800    -4    -5     T
      273  0.1090000E+03  0.33333E+00    2      808    -4    -5     T
      275  0.1100000E+03  0.50000E+00    2      814    -4    -5     T
      278  0.1110000E+03  0.33333E+00    4      828    -4    -5     T
      300  0.1120000E+03  0.82339E-01    4      941    -4    -5     T
      308  0.1130000E+03  0.18150E+00    2      966    -4    -5     T
      311  0.1140000E+03  0.37500E+00    2      972    -4    -5     T
      313  0.1150000E+03  0.50000E+00    2      976    -4    -5     T
      316  0.1160000E+03  0.33333E+00    2      984    -4    -5     T
      319  0.1170000E+03  0.33333E+00    2      990    -4    -5     T
      321  0.1180000E+03  0.50000E+00    2      996    -4    -5     T
      324  0.1190000E+03  0.33333E+00    3     1008    -4    -5     T
      326  0.1200000E+03  0.50000E+00    2     1014    -4    -5     T
      328  0.1210000E+03  0.50000E+00    2     1018    -4    -5     T
      330  0.1220000E+03  0.50000E+00    2     1022    -4    -5     T
      332  0.1230000E+03  0.50000E+00    2     1026    -4    -5     T
      346  0.1240000E+03  0.86607E-01    3     1103    -4    -5     T
      353  0.1250000E+03  0.22700E+00    3     1127    -4    -5     T
      357  0.1260000E+03  0.25000E+00    2     1139    -4    -5     T
      360  0.1270000E+03  0.33333E+00    2     1147    -4    -5     T
      362  0.1280000E+03  0.50000E+00    2     1151    -4    -5     T
      364  0.1290000E+03  0.50000E+00    2     1155    -4    -5     T
      366  0.1300000E+03  0.50000E+00    2     1159    -4    -5     T
      369  0.1310000E+03  0.33333E+00    3     1171    -4    -5     T
      372  0.1320000E+03  0.33333E+00    5     1188    -4    -5     T
      378  0.1330000E+03  0.14062E+00    4     1223    -4    -5     T
      388  0.1340000E+03  0.95867E-01    4     1272    -4    -5     T
      396  0.1350000E+03  0.14583E+00    3     1301    -4    -5     T
      402  0.1360000E+03  0.16754E+00    4     1326    -4    -5     T
      407  0.1370000E+03  0.25131E+00    4     1346    -4    -5     T
      411  0.1380000E+03  0.30000E+00    2     1356    -4    -5     T
      415  0.1390000E+03  0.25000E+00    4     1375    -4    -5     T
      419  0.1400000E+03  0.25000E+00    2     1389    -4    -5     T
      422  0.1410000E+03  0.33333E+00    2     1395    -4    -5     T
      429  0.1420000E+03  0.11111E+00    3     1441    -4    -5     T
      435  0.1430000E+03  0.35556E+00    5     1464    -4    -5     T
      439  0.1440000E+03  0.25000E+00    2     1476    -4    -5     T
      442  0.1450000E+03  0.34133E+00    4     1489    -4    -5     T
      445  0.1460000E+03  0.33333E+00    2     1497    -4    -5     T
      448  0.1470000E+03  0.34133E+00    4     1511    -4    -5     T
      451  0.1480000E+03  0.33333E+00    2     1519    -4    -5     T
      453  0.1490000E+03  0.50000E+00    2     1525    -4    -5     T
      456  0.1500000E+03  0.33333E+00    4     1539    -4    -5     T
      459  0.1510000E+03  0.33333E+00    2     1547    -4    -5     T
      461  0.1520000E+03  0.50000E+00    2     1551    -4    -5     T
      468  0.1530000E+03  0.11111E+00    4     1599    -4    -5     T
      474  0.1540000E+03  0.35556E+00    3     1618    -4    -5     T
      477  0.1550000E+03  0.33333E+00    2     1624    -4    -5     T
      479  0.1560000E+03  0.50000E+00    2     1628    -4    -5     T
      486  0.1570000E+03  0.11111E+00    3     1673    -4    -5     T
      492  0.1580000E+03  0.19048E+00    2     1692    -4    -5     T
      495  0.1590000E+03  0.33333E+00    2     1698    -4    -5     T
      502  0.1600000E+03  0.11111E+00    3     1741    -4    -5     T
      508  0.1610000E+03  0.19048E+00    2     1758    -4    -5     T
      512  0.1620000E+03  0.25196E+00    4     1777    -4    -5     T
      516  0.1630000E+03  0.25196E+00    2     1790    -4    -5     T
      519  0.1640000E+03  0.33333E+00    2     1796    -4    -5     T
      521  0.1650000E+03  0.50000E+00    3     1801    -4    -5     T
      525  0.1660000E+03  0.16667E+00    3     1825    -4    -5     T
      530  0.1670000E+03  0.20100E+00    2     1840    -4    -5     T
      533  0.1680000E+03  0.33333E+00    2     1846    -4    -5     T
      535  0.1690000E+03  0.50000E+00    2     1850    -4    -5     T
      538  0.1700000E+03  0.33333E+00    2     1856    -4    -5     T
      541  0.1710000E+03  0.33333E+00    5     1871    -4    -5     T
      544  0.1720000E+03  0.33333E+00    2     1879    -4    -5     T
      547  0.1730000E+03  0.33333E+00    2     1887    -4    -5     T
      549  0.1740000E+03  0.50000E+00    3     1894    -4    -5     T
      551  0.1750000E+03  0.50000E+00    3     1899    -4    -5     T
      553  0.1760000E+03  0.50000E+00    2     1903    -4    -5     T
      555  0.1770000E+03  0.50000E+00    3     1908    -4    -5     T
      557  0.1780000E+03  0.50000E+00    2     1912    -4    -5     T
      559  0.1790000E+03  0.50000E+00    2     1916    -4    -5     T
      561  0.1800000E+03  0.50000E+00    3     1921    -4    -5     T
      563  0.1810000E+03  0.50000E+00    3     1926    -4    -5     T
      565  0.1820000E+03  0.50000E+00    3     1931    -4    -5     T
      568  0.1830000E+03  0.33333E+00    2     1941    -4    -5     T
      570  0.1840000E+03  0.50000E+00    4     1949    -4    -5     T
      574  0.1850000E+03  0.16667E+00    5     1980    -4    -5     T
      578  0.1860000E+03  0.30000E+00    2     1994    -4    -5     T
      581  0.1870000E+03  0.33333E+00    2     2001    -4    -5     T
      583  0.1880000E+03  0.50000E+00    2     2005    -4    -5     T
      585  0.1890000E+03  0.50000E+00    2     2009    -4    -5     T
      587  0.1900000E+03  0.50000E+00    2     2013    -4    -5     T
      589  0.1910000E+03  0.50000E+00    2     2017    -4    -5     T
      614  0.1920000E+03  0.91877E-01    4     2146    -4    -5     T
      629  0.1930000E+03  0.80775E-01    4     2212    -4    -5     T
      637  0.1940000E+03  0.17391E+00    2     2237    -4    -5     T
      653  0.1950000E+03  0.73633E-01    3     2318    -4    -5     T
      661  0.1960000E+03  0.22023E+00    3     2346    -4    -5     T
      664  0.1970000E+03  0.37500E+00    2     2354    -4    -5     T
      673  0.1980000E+03  0.98765E-01    4     2407    -4    -5     T
      680  0.1990000E+03  0.21875E+00    3     2432    -4    -5     T
      683  0.2000000E+03  0.37500E+00    3     2441    -4    -5     T
      685  0.2010000E+03  0.50000E+00    2     2446    -4    -5     T
      688  0.2020000E+03  0.33333E+00    2     2454    -4    -5     T
      695  0.2030000E+03  0.11111E+00    3     2500    -4    -5     T
      701  0.2040000E+03  0.19048E+00    2     2519    -4    -5     T
      704  0.2050000E+03  0.33333E+00    2     2525    -4    -5     T
      706  0.2060000E+03  0.50000E+00    2     2529    -4    -5     T
      708  0.2070000E+03  0.50000E+00    2     2533    -4    -5     T
      724  0.2080000E+03  0.64667E-01    4     2622    -4    -5     T
      732  0.2090000E+03  0.21880E+00    3     2651    -4    -5     T
      735  0.2100000E+03  0.37500E+00    2     2659    -4    -5     T
      738  0.2110000E+03  0.33333E+00    2     2665    -4    -5     T
      741  0.2120000E+03  0.33333E+00    2     2671    -4    -5     T
      743  0.2130000E+03  0.50000E+00    2     2675    -4    -5     T
      746  0.2140000E+03  0.33333E+00    2     2681    -4    -5     T
      748  0.2150000E+03  0.50000E+00    2     2686    -4    -5     T
      751  0.2160000E+03  0.33333E+00    2     2694    -4    -5     T
      753  0.2170000E+03  0.50000E+00    3     2701    -4    -5     T
      755  0.2180000E+03  0.50000E+00    2     2705    -4    -5     T
      769  0.2190000E+03  0.86607E-01    3     2778    -4    -5     T
      776  0.2200000E+03  0.22700E+00    2     2801    -4    -5     T
      779  0.2210000E+03  0.37500E+00    2     2807    -4    -5     T
      781  0.2220000E+03  0.50000E+00    2     2811    -4    -5     T
      783  0.2230000E+03  0.50000E+00    2     2815    -4    -5     T
      785  0.2240000E+03  0.50000E+00    3     2820    -4    -5     T
      787  0.2250000E+03  0.50000E+00    3     2825    -4    -5     T
      789  0.2260000E+03  0.50000E+00    2     2829    -4    -5     T
      791  0.2270000E+03  0.50000E+00    2     2833    -4    -5     T
      794  0.2280000E+03  0.33333E+00    2     2842    -4    -5     T
      796  0.2290000E+03  0.50000E+00    3     2847    -4    -5     T
      799  0.2300000E+03  0.33333E+00    2     2855    -4    -5     T
      801  0.2310000E+03  0.50000E+00    3     2861    -4    -5     T
      803  0.2320000E+03  0.50000E+00    2     2865    -4    -5     T
      805  0.2330000E+03  0.50000E+00    2     2869    -4    -5     T
      807  0.2340000E+03  0.50000E+00    2     2873    -4    -5     T
      860  0.2350000E+03  0.49210E-01    4     3123    -4    -5     T
      870  0.2360000E+03  0.19148E+00    2     3156    -4    -5     T
      873  0.2370000E+03  0.37500E+00    2     3162    -4    -5     T
      875  0.2380000E+03  0.50000E+00    2     3166    -4    -5     T
      878  0.2390000E+03  0.33333E+00    2     3175    -4    -5     T
      893  0.2400000E+03  0.75444E-01    4     3258    -4    -5     T
      901  0.2410000E+03  0.21880E+00    3     3286    -4    -5     T
      904  0.2420000E+03  0.37500E+00    2     3294    -4    -5     T
      906  0.2430000E+03  0.50000E+00    2     3298    -4    -5     T
      908  0.2440000E+03  0.50000E+00    2     3302    -4    -5     T
      910  0.2450000E+03  0.50000E+00    2     3306    -4    -5     T
      912  0.2460000E+03  0.50000E+00    2     3310    -4    -5     T
      914  0.2470000E+03  0.50000E+00    2     3314    -4    -5     T
      916  0.2480000E+03  0.50000E+00    2     3318    -4    -5     T
      918  0.2490000E+03  0.50000E+00    2     3322    -4    -5     T
      920  0.2500000E+03  0.50000E+00    2     3326    -4    -5     T
      922  0.2510000E+03  0.50000E+00    2     3330    -4    -5     T
      924  0.2520000E+03  0.50000E+00    3     3335    -4    -5     T
      926  0.2530000E+03  0.50000E+00    2     3339    -4    -5     T
      928  0.2540000E+03  0.50000E+00    2     3343    -4    -5     T
      930  0.2550000E+03  0.50000E+00    2     3347    -4    -5     T
end
