 ******* Program HYDRUS
 ******* 
 None                                                                    
 Date:  14. 1.    Time:   9:50:59
 Units: L = mm   , T = days , M = mmol 

       Time          rTop        rRoot        vTop         vRoot        vBot       sum(rTop)   sum(rRoot)    sum(vTop)   sum(vRoot)    sum(vBot)      hTop         hRoot        hBot        RunOff    sum(RunOff)     Volume     sum(Infil)    sum(Evap) TLevel Cum(WTrans)  SnowLayer
        [T]         [L/T]        [L/T]        [L/T]        [L/T]        [L/T]         [L]          [L]          [L]         [L]           [L]         [L]           [L]         [L]          [L/T]         [L]          [L]          [L]          [L]

       1.0000  0.00000E+00  0.00000E+00  0.24037E-05  0.00000E+00 -0.22195E+01  0.00000E+00  0.00000E+00  0.94911E-06  0.00000E+00 -0.26027E+01 -0.68239E+02 -0.59942E+02 -0.26912E+02  0.00000E+00  0.00000E+00  0.58846E+02  0.00000E+00  0.94911E-06      3  0.00000E+00      0.000
       2.0000  0.19003E-01  0.00000E+00  0.19002E-01  0.00000E+00 -0.15468E+01  0.19003E-01  0.00000E+00  0.19003E-01  0.00000E+00 -0.42903E+01 -0.87492E+02 -0.78216E+02 -0.38179E+02  0.00000E+00  0.00000E+00  0.57139E+02  0.00000E+00  0.19003E-01      5  0.00000E+00      0.000
       3.0000  0.32552E-01  0.00000E+00  0.32553E-01  0.00000E+00 -0.11781E+01  0.51555E-01  0.00000E+00  0.51556E-01  0.00000E+00 -0.55534E+01 -0.10161E+03 -0.91785E+02 -0.47523E+02  0.00000E+00  0.00000E+00  0.55844E+02  0.00000E+00  0.51556E-01      7  0.00000E+00      0.000
       4.0000  0.36757E-01  0.00000E+00  0.36757E-01  0.00000E+00 -0.95912E+00  0.88312E-01  0.00000E+00  0.88313E-01  0.00000E+00 -0.65651E+01 -0.11298E+03 -0.10274E+03 -0.55693E+02  0.00000E+00  0.00000E+00  0.54795E+02  0.00000E+00  0.88313E-01      9  0.00000E+00      0.000
       5.0000  0.21706E-01  0.00000E+00  0.21705E-01  0.00000E+00 -0.80035E+00  0.11002E+00  0.00000E+00  0.11002E+00  0.00000E+00 -0.73982E+01 -0.12123E+03 -0.11121E+03 -0.62614E+02  0.00000E+00  0.00000E+00  0.53940E+02  0.00000E+00  0.11002E+00     11  0.00000E+00      0.000
       6.0000  0.14415E-01  0.00000E+00  0.14416E-01  0.00000E+00 -0.69091E+00  0.12443E+00  0.00000E+00  0.12443E+00  0.00000E+00 -0.81157E+01 -0.12833E+03 -0.11841E+03 -0.68969E+02  0.00000E+00  0.00000E+00  0.53208E+02  0.00000E+00  0.12443E+00     13  0.00000E+00      0.000
       7.0000  0.12667E-01  0.00000E+00  0.12668E-01  0.00000E+00 -0.59557E+00  0.13710E+00  0.00000E+00  0.13710E+00  0.00000E+00 -0.87340E+01 -0.13486E+03 -0.12492E+03 -0.74534E+02  0.00000E+00  0.00000E+00  0.52577E+02  0.00000E+00  0.13710E+00     15  0.00000E+00      0.000
       8.0000  0.25652E-01  0.00000E+00  0.25651E-01  0.00000E+00 -0.53525E+00  0.16275E+00  0.00000E+00  0.16275E+00  0.00000E+00 -0.92824E+01 -0.14218E+03 -0.13161E+03 -0.79666E+02  0.00000E+00  0.00000E+00  0.52003E+02  0.00000E+00  0.16275E+00     17  0.00000E+00      0.000
       9.0000  0.17692E-01  0.00000E+00  0.17691E-01  0.00000E+00 -0.48512E+00  0.18044E+00  0.00000E+00  0.18045E+00  0.00000E+00 -0.97799E+01 -0.14754E+03 -0.13716E+03 -0.84536E+02  0.00000E+00  0.00000E+00  0.51488E+02  0.00000E+00  0.18045E+00     19  0.00000E+00      0.000
      10.0000  0.19732E-01  0.00000E+00  0.19732E-01  0.00000E+00 -0.43846E+00  0.20018E+00  0.00000E+00  0.20018E+00  0.00000E+00 -0.10230E+02 -0.15300E+03 -0.14243E+03 -0.89069E+02  0.00000E+00  0.00000E+00  0.51019E+02  0.00000E+00  0.20018E+00     21  0.00000E+00      0.000
      11.0000  0.37551E-01  0.00000E+00  0.37551E-01  0.00000E+00 -0.39597E+00  0.23773E+00  0.00000E+00  0.23773E+00  0.00000E+00 -0.10636E+02 -0.16039E+03 -0.14858E+03 -0.93201E+02  0.00000E+00  0.00000E+00  0.50575E+02  0.00000E+00  0.23773E+00     23  0.00000E+00      0.000
      12.0000  0.41891E-01  0.00000E+00  0.41891E-01  0.00000E+00 -0.36379E+00  0.27962E+00  0.00000E+00  0.27962E+00  0.00000E+00 -0.11006E+02 -0.16701E+03 -0.15455E+03 -0.97052E+02  0.00000E+00  0.00000E+00  0.50163E+02  0.00000E+00  0.27962E+00     25  0.00000E+00      0.000
      13.0000  0.39502E-01  0.00000E+00  0.39502E-01  0.00000E+00 -0.34174E+00  0.31912E+00  0.00000E+00  0.31912E+00  0.00000E+00 -0.11353E+02 -0.17251E+03 -0.15989E+03 -0.10086E+03  0.00000E+00  0.00000E+00  0.49776E+02  0.00000E+00  0.31912E+00     27  0.00000E+00      0.000
      14.0000  0.43750E-01  0.00000E+00  0.43750E-01  0.00000E+00 -0.32048E+00  0.36287E+00  0.00000E+00  0.36287E+00  0.00000E+00 -0.11679E+02 -0.17841E+03 -0.16523E+03 -0.10455E+03  0.00000E+00  0.00000E+00  0.49406E+02  0.00000E+00  0.36287E+00     29  0.00000E+00      0.000
      15.0000  0.18898E-01  0.00000E+00  0.18899E-01  0.00000E+00 -0.30001E+00  0.38177E+00  0.00000E+00  0.38177E+00  0.00000E+00 -0.11984E+02 -0.17995E+03 -0.16836E+03 -0.10810E+03  0.00000E+00  0.00000E+00  0.49082E+02  0.00000E+00  0.38177E+00     31  0.00000E+00      0.000
      16.0000  0.22269E-01  0.00000E+00  0.22268E-01  0.00000E+00 -0.28039E+00  0.40404E+00  0.00000E+00  0.40404E+00  0.00000E+00 -0.12270E+02 -0.18364E+03 -0.17192E+03 -0.11150E+03  0.00000E+00  0.00000E+00  0.48775E+02  0.00000E+00  0.40404E+00     33  0.00000E+00      0.000
      17.0000  0.48639E-01  0.00000E+00  0.48639E-01  0.00000E+00 -0.26174E+00  0.45268E+00  0.00000E+00  0.45268E+00  0.00000E+00 -0.12536E+02 -0.19163E+03 -0.17754E+03 -0.11474E+03  0.00000E+00  0.00000E+00  0.48460E+02  0.00000E+00  0.45268E+00     35  0.00000E+00      0.000
      18.0000  0.30881E-01  0.00000E+00  0.30881E-01  0.00000E+00 -0.24416E+00  0.48356E+00  0.00000E+00  0.48356E+00  0.00000E+00 -0.12784E+02 -0.19440E+03 -0.18126E+03 -0.11779E+03  0.00000E+00  0.00000E+00  0.48181E+02  0.00000E+00  0.48356E+00     37  0.00000E+00      0.000
      19.0000  0.24109E-01  0.00000E+00  0.24109E-01  0.00000E+00 -0.22822E+00  0.50767E+00  0.00000E+00  0.50767E+00  0.00000E+00 -0.13016E+02 -0.19695E+03 -0.18436E+03 -0.12066E+03  0.00000E+00  0.00000E+00  0.47925E+02  0.00000E+00  0.50767E+00     39  0.00000E+00      0.000
      20.0000  0.13024E-01  0.00000E+00  0.13024E-01  0.00000E+00 -0.21913E+00  0.52069E+00  0.00000E+00  0.52069E+00  0.00000E+00 -0.13238E+02 -0.19814E+03 -0.18661E+03 -0.12367E+03  0.00000E+00  0.00000E+00  0.47690E+02  0.00000E+00  0.52069E+00     41  0.00000E+00      0.000
      21.0000  0.23140E-01  0.00000E+00  0.23140E-01  0.00000E+00 -0.21038E+00  0.54383E+00  0.00000E+00  0.54383E+00  0.00000E+00 -0.13450E+02 -0.20246E+03 -0.19000E+03 -0.12657E+03  0.00000E+00  0.00000E+00  0.47454E+02  0.00000E+00  0.54383E+00     43  0.00000E+00      0.000
      22.0000  0.39327E-01  0.00000E+00  0.39327E-01  0.00000E+00 -0.20188E+00  0.58316E+00  0.00000E+00  0.58316E+00  0.00000E+00 -0.13654E+02 -0.20930E+03 -0.19487E+03 -0.12939E+03  0.00000E+00  0.00000E+00  0.47211E+02  0.00000E+00  0.58316E+00     45  0.00000E+00      0.000
      23.0000  0.22362E-01  0.00000E+00  0.22362E-01  0.00000E+00 -0.19362E+00  0.60552E+00  0.00000E+00  0.60552E+00  0.00000E+00 -0.13850E+02 -0.21072E+03 -0.19768E+03 -0.13213E+03  0.00000E+00  0.00000E+00  0.46993E+02  0.00000E+00  0.60552E+00     47  0.00000E+00      0.000
      24.0000  0.28946E-01  0.00000E+00  0.28946E-01  0.00000E+00 -0.18559E+00  0.63446E+00  0.00000E+00  0.63447E+00  0.00000E+00 -0.14038E+02 -0.21491E+03 -0.20120E+03 -0.13479E+03  0.00000E+00  0.00000E+00  0.46777E+02  0.00000E+00  0.63447E+00     49  0.00000E+00      0.000
      25.0000  0.19449E-01  0.00000E+00  0.19449E-01  0.00000E+00 -0.17779E+00  0.65391E+00  0.00000E+00  0.65391E+00  0.00000E+00 -0.14217E+02 -0.21649E+03 -0.20368E+03 -0.13738E+03  0.00000E+00  0.00000E+00  0.46577E+02  0.00000E+00  0.65391E+00     51  0.00000E+00      0.000
      26.0000  0.16890E-01  0.00000E+00  0.16890E-01  0.00000E+00 -0.17023E+00  0.67080E+00  0.00000E+00  0.67080E+00  0.00000E+00 -0.14389E+02 -0.21843E+03 -0.20599E+03 -0.13988E+03  0.00000E+00  0.00000E+00  0.46388E+02  0.00000E+00  0.67080E+00     53  0.00000E+00      0.000
      27.0000  0.22478E-01  0.00000E+00  0.22478E-01  0.00000E+00 -0.16290E+00  0.69328E+00  0.00000E+00  0.69328E+00  0.00000E+00 -0.14554E+02 -0.22206E+03 -0.20842E+03 -0.14231E+03  0.00000E+00  0.00000E+00  0.46201E+02  0.00000E+00  0.69328E+00     55  0.00000E+00      0.000
      28.0000  0.21937E-01  0.00000E+00  0.21937E-01  0.00000E+00 -0.15581E+00  0.71522E+00  0.00000E+00  0.71522E+00  0.00000E+00 -0.14712E+02 -0.22504E+03 -0.21127E+03 -0.14466E+03  0.00000E+00  0.00000E+00  0.46022E+02  0.00000E+00  0.71522E+00     57  0.00000E+00      0.000
      29.0000  0.27990E-01  0.00000E+00  0.27990E-01  0.00000E+00 -0.14897E+00  0.74321E+00  0.00000E+00  0.74321E+00  0.00000E+00 -0.14862E+02 -0.22938E+03 -0.21466E+03 -0.14693E+03  0.00000E+00  0.00000E+00  0.45843E+02  0.00000E+00  0.74321E+00     59  0.00000E+00      0.000
      30.0000  0.23142E-01  0.00000E+00  0.23142E-01  0.00000E+00 -0.14237E+00  0.76635E+00  0.00000E+00  0.76635E+00  0.00000E+00 -0.15006E+02 -0.23178E+03 -0.21740E+03 -0.14911E+03  0.00000E+00  0.00000E+00  0.45676E+02  0.00000E+00  0.76635E+00     61  0.00000E+00      0.000
      31.0000  0.44819E-01  0.00000E+00  0.44819E-01  0.00000E+00 -0.13602E+00  0.81117E+00  0.00000E+00  0.81117E+00  0.00000E+00 -0.15144E+02 -0.24001E+03 -0.22228E+03 -0.15122E+03  0.00000E+00  0.00000E+00  0.45493E+02  0.00000E+00  0.81117E+00     63  0.00000E+00      0.000
      32.0000  0.55786E-01  0.00000E+00  0.55786E-01  0.00000E+00 -0.13156E+00  0.86696E+00  0.00000E+00  0.86696E+00  0.00000E+00 -0.15276E+02 -0.24887E+03 -0.22803E+03 -0.15345E+03  0.00000E+00  0.00000E+00  0.45305E+02  0.00000E+00  0.86696E+00     65  0.00000E+00      0.000
      33.0000  0.43836E-01  0.00000E+00  0.43836E-01  0.00000E+00 -0.12827E+00  0.91079E+00  0.00000E+00  0.91079E+00  0.00000E+00 -0.15405E+02 -0.25207E+03 -0.23206E+03 -0.15566E+03  0.00000E+00  0.00000E+00  0.45132E+02  0.00000E+00  0.91079E+00     67  0.00000E+00      0.000
      34.0000  0.33874E-01  0.00000E+00  0.33874E-01  0.00000E+00 -0.12507E+00  0.94467E+00  0.00000E+00  0.94467E+00  0.00000E+00 -0.15531E+02 -0.25333E+03 -0.23479E+03 -0.15781E+03  0.00000E+00  0.00000E+00  0.44973E+02  0.00000E+00  0.94467E+00     69  0.00000E+00      0.000
      35.0000  0.34547E-01  0.00000E+00  0.34547E-01  0.00000E+00 -0.12193E+00  0.97921E+00  0.00000E+00  0.97921E+00  0.00000E+00 -0.15654E+02 -0.25640E+03 -0.23773E+03 -0.15994E+03  0.00000E+00  0.00000E+00  0.44815E+02  0.00000E+00  0.97921E+00     71  0.00000E+00      0.000
      36.0000  0.31430E-01  0.00000E+00  0.31430E-01  0.00000E+00 -0.11883E+00  0.10106E+01  0.00000E+00  0.10106E+01  0.00000E+00 -0.15774E+02 -0.25866E+03 -0.24037E+03 -0.16203E+03  0.00000E+00  0.00000E+00  0.44664E+02  0.00000E+00  0.10106E+01     73  0.00000E+00      0.000
      37.0000  0.28656E-01  0.00000E+00  0.28656E-01  0.00000E+00 -0.11576E+00  0.10393E+01  0.00000E+00  0.10393E+01  0.00000E+00 -0.15890E+02 -0.26060E+03 -0.24275E+03 -0.16410E+03  0.00000E+00  0.00000E+00  0.44519E+02  0.00000E+00  0.10393E+01     75  0.00000E+00      0.000
      38.0000  0.27771E-01  0.00000E+00  0.27770E-01  0.00000E+00 -0.11273E+00  0.10671E+01  0.00000E+00  0.10671E+01  0.00000E+00 -0.16004E+02 -0.26284E+03 -0.24512E+03 -0.16614E+03  0.00000E+00  0.00000E+00  0.44378E+02  0.00000E+00  0.10671E+01     77  0.00000E+00      0.000
      39.0000  0.35806E-01  0.00000E+00  0.35806E-01  0.00000E+00 -0.10974E+00  0.11029E+01  0.00000E+00  0.11029E+01  0.00000E+00 -0.16114E+02 -0.26805E+03 -0.24861E+03 -0.16816E+03  0.00000E+00  0.00000E+00  0.44232E+02  0.00000E+00  0.11029E+01     79  0.00000E+00      0.000
      40.0000  0.30609E-01  0.00000E+00  0.30609E-01  0.00000E+00 -0.10679E+00  0.11335E+01  0.00000E+00  0.11335E+01  0.00000E+00 -0.16222E+02 -0.27024E+03 -0.25132E+03 -0.17015E+03  0.00000E+00  0.00000E+00  0.44093E+02  0.00000E+00  0.11335E+01     81  0.00000E+00      0.000
      41.0000  0.25774E-01  0.00000E+00  0.25774E-01  0.00000E+00 -0.10388E+00  0.11593E+01  0.00000E+00  0.11593E+01  0.00000E+00 -0.16326E+02 -0.27138E+03 -0.25338E+03 -0.17212E+03  0.00000E+00  0.00000E+00  0.43963E+02  0.00000E+00  0.11593E+01     83  0.00000E+00      0.000
      42.0000  0.19082E-01  0.00000E+00  0.19082E-01  0.00000E+00 -0.10101E+00  0.11783E+01  0.00000E+00  0.11783E+01  0.00000E+00 -0.16428E+02 -0.27118E+03 -0.25465E+03 -0.17405E+03  0.00000E+00  0.00000E+00  0.43842E+02  0.00000E+00  0.11783E+01     85  0.00000E+00      0.000
      43.0000  0.17206E-01  0.00000E+00  0.17206E-01  0.00000E+00 -0.98183E-01  0.11955E+01  0.00000E+00  0.11955E+01  0.00000E+00 -0.16527E+02 -0.27174E+03 -0.25589E+03 -0.17596E+03  0.00000E+00  0.00000E+00  0.43726E+02  0.00000E+00  0.11955E+01     87  0.00000E+00      0.000
      44.0000  0.18679E-01  0.00000E+00  0.18679E-01  0.00000E+00 -0.95404E-01  0.12142E+01  0.00000E+00  0.12142E+01  0.00000E+00 -0.16623E+02 -0.27352E+03 -0.25753E+03 -0.17783E+03  0.00000E+00  0.00000E+00  0.43611E+02  0.00000E+00  0.12142E+01     89  0.00000E+00      0.000
      45.0000  0.32661E-01  0.00000E+00  0.32661E-01  0.00000E+00 -0.92674E-01  0.12469E+01  0.00000E+00  0.12469E+01  0.00000E+00 -0.16716E+02 -0.28020E+03 -0.26114E+03 -0.17968E+03  0.00000E+00  0.00000E+00  0.43485E+02  0.00000E+00  0.12469E+01     91  0.00000E+00      0.000
      46.0000  0.48771E-01  0.00000E+00  0.48771E-01  0.00000E+00 -0.89993E-01  0.12957E+01  0.00000E+00  0.12957E+01  0.00000E+00 -0.16807E+02 -0.29053E+03 -0.26674E+03 -0.18149E+03  0.00000E+00  0.00000E+00  0.43346E+02  0.00000E+00  0.12957E+01     93  0.00000E+00      0.000
      47.0000  0.41223E-01  0.00000E+00  0.41223E-01  0.00000E+00 -0.87361E-01  0.13369E+01  0.00000E+00  0.13369E+01  0.00000E+00 -0.16895E+02 -0.29449E+03 -0.27085E+03 -0.18326E+03  0.00000E+00  0.00000E+00  0.43217E+02  0.00000E+00  0.13369E+01     95  0.00000E+00      0.000
      48.0000  0.45040E-01  0.00000E+00  0.45040E-01  0.00000E+00 -0.84781E-01  0.13819E+01  0.00000E+00  0.13819E+01  0.00000E+00 -0.16980E+02 -0.30050E+03 -0.27518E+03 -0.18500E+03  0.00000E+00  0.00000E+00  0.43086E+02  0.00000E+00  0.13819E+01     97  0.00000E+00      0.000
      49.0000  0.52474E-01  0.00000E+00  0.52474E-01  0.00000E+00 -0.82251E-01  0.14344E+01  0.00000E+00  0.14344E+01  0.00000E+00 -0.17063E+02 -0.30900E+03 -0.28035E+03 -0.18671E+03  0.00000E+00  0.00000E+00  0.42951E+02  0.00000E+00  0.14344E+01     99  0.00000E+00      0.000
      50.0000  0.49002E-01  0.00000E+00  0.49002E-01  0.00000E+00 -0.79764E-01  0.14834E+01  0.00000E+00  0.14834E+01  0.00000E+00 -0.17144E+02 -0.31425E+03 -0.28486E+03 -0.18839E+03  0.00000E+00  0.00000E+00  0.42821E+02  0.00000E+00  0.14834E+01    101  0.00000E+00      0.000
      51.0000  0.63701E-01  0.00000E+00  0.63701E-01  0.00000E+00 -0.77316E-01  0.15471E+01  0.00000E+00  0.15471E+01  0.00000E+00 -0.17222E+02 -0.32712E+03 -0.29157E+03 -0.19004E+03  0.00000E+00  0.00000E+00  0.42680E+02  0.00000E+00  0.15471E+01    103  0.00000E+00      0.000
      52.0000  0.94805E-01  0.00000E+00  0.94805E-01  0.00000E+00 -0.74870E-01  0.16419E+01  0.00000E+00  0.16419E+01  0.00000E+00 -0.17297E+02 -0.35428E+03 -0.30333E+03 -0.19169E+03  0.00000E+00  0.00000E+00  0.42510E+02  0.00000E+00  0.16419E+01    105  0.00000E+00      0.000
      53.0000  0.47502E-01  0.00000E+00  0.47502E-01  0.00000E+00 -0.73500E-01  0.16894E+01  0.00000E+00  0.16894E+01  0.00000E+00 -0.17371E+02 -0.34383E+03 -0.30477E+03 -0.19357E+03  0.00000E+00  0.00000E+00  0.42388E+02  0.00000E+00  0.16894E+01    107  0.00000E+00      0.000
      54.0000  0.94023E-01  0.00000E+00  0.94023E-01  0.00000E+00 -0.72260E-01  0.17834E+01  0.00000E+00  0.17834E+01  0.00000E+00 -0.17443E+02 -0.37423E+03 -0.31569E+03 -0.19537E+03  0.00000E+00  0.00000E+00  0.42222E+02  0.00000E+00  0.17834E+01    109  0.00000E+00      0.000
      55.0000  0.13008E+00  0.00000E+00  0.13008E+00  0.00000E+00 -0.71042E-01  0.19135E+01  0.00000E+00  0.19135E+01  0.00000E+00 -0.17515E+02 -0.42515E+03 -0.33310E+03 -0.19715E+03  0.00000E+00  0.00000E+00  0.42020E+02  0.00000E+00  0.19135E+01    111  0.00000E+00      0.000
      56.0000  0.12261E+00  0.00000E+00  0.12261E+00  0.00000E+00 -0.69835E-01  0.20361E+01  0.00000E+00  0.20361E+01  0.00000E+00 -0.17585E+02 -0.45676E+03 -0.34901E+03 -0.19890E+03  0.00000E+00  0.00000E+00  0.41827E+02  0.00000E+00  0.20361E+01    113  0.00000E+00      0.000
      57.0000  0.12597E+00  0.00000E+00  0.12597E+00  0.00000E+00 -0.68634E-01  0.21621E+01  0.00000E+00  0.21621E+01  0.00000E+00 -0.17654E+02 -0.49576E+03 -0.36538E+03 -0.20065E+03  0.00000E+00  0.00000E+00  0.41633E+02  0.00000E+00  0.21621E+01    115  0.00000E+00      0.000
      58.0000  0.11631E+00  0.00000E+00  0.11631E+00  0.00000E+00 -0.67435E-01  0.22784E+01  0.00000E+00  0.22784E+01  0.00000E+00 -0.17722E+02 -0.52247E+03 -0.37968E+03 -0.20240E+03  0.00000E+00  0.00000E+00  0.41449E+02  0.00000E+00  0.22784E+01    117  0.00000E+00      0.000
      59.0000  0.94837E-01  0.00000E+00  0.94837E-01  0.00000E+00 -0.66235E-01  0.23732E+01  0.00000E+00  0.23732E+01  0.00000E+00 -0.17788E+02 -0.52246E+03 -0.38883E+03 -0.20414E+03  0.00000E+00  0.00000E+00  0.41287E+02  0.00000E+00  0.23732E+01    119  0.00000E+00      0.000
      60.0000  0.11862E+00  0.00000E+00  0.11862E+00  0.00000E+00 -0.65032E-01  0.24919E+01  0.00000E+00  0.24919E+01  0.00000E+00 -0.17854E+02 -0.57880E+03 -0.40466E+03 -0.20589E+03  0.00000E+00  0.00000E+00  0.41103E+02  0.00000E+00  0.24919E+01    121  0.00000E+00      0.000
      61.0000  0.11327E+00  0.00000E+00  0.11327E+00  0.00000E+00 -0.63824E-01  0.26051E+01  0.00000E+00  0.26051E+01  0.00000E+00 -0.17918E+02 -0.61616E+03 -0.41955E+03 -0.20765E+03  0.00000E+00  0.00000E+00  0.40926E+02  0.00000E+00  0.26051E+01    123  0.00000E+00      0.000
      62.0000  0.54866E-01  0.00000E+00  0.54866E-01  0.00000E+00 -0.62610E-01  0.26600E+01  0.00000E+00  0.26600E+01  0.00000E+00 -0.17981E+02 -0.54416E+03 -0.41817E+03 -0.20942E+03  0.00000E+00  0.00000E+00  0.40808E+02  0.00000E+00  0.26600E+01    125  0.00000E+00      0.000
      63.0000  0.85262E-01  0.00000E+00  0.85262E-01  0.00000E+00 -0.61388E-01  0.27452E+01  0.00000E+00  0.27452E+01  0.00000E+00 -0.18042E+02 -0.57869E+03 -0.42633E+03 -0.21119E+03  0.00000E+00  0.00000E+00  0.40661E+02  0.00000E+00  0.27452E+01    127  0.00000E+00      0.000
      64.0000  0.11891E+00  0.00000E+00  0.11891E+00  0.00000E+00 -0.60159E-01  0.28642E+01  0.00000E+00  0.28642E+01  0.00000E+00 -0.18103E+02 -0.67865E+03 -0.44528E+03 -0.21298E+03  0.00000E+00  0.00000E+00  0.40482E+02  0.00000E+00  0.28642E+01    129  0.00000E+00      0.000
      65.0000  0.10243E+00  0.00000E+00  0.10243E+00  0.00000E+00 -0.58921E-01  0.29666E+01  0.00000E+00  0.29666E+01  0.00000E+00 -0.18162E+02 -0.70747E+03 -0.45982E+03 -0.21478E+03  0.00000E+00  0.00000E+00  0.40320E+02  0.00000E+00  0.29666E+01    131  0.00000E+00      0.000
      66.0000  0.13434E+00  0.00000E+00  0.13434E+00  0.00000E+00 -0.57678E-01  0.31009E+01  0.00000E+00  0.31009E+01  0.00000E+00 -0.18220E+02 -0.89121E+03 -0.48629E+03 -0.21659E+03  0.00000E+00  0.00000E+00  0.40128E+02  0.00000E+00  0.31009E+01    133  0.00000E+00      0.000
      67.0000  0.14653E+00  0.00000E+00  0.14653E+00  0.00000E+00 -0.56429E-01  0.32475E+01  0.00000E+00  0.32475E+01  0.00000E+00 -0.18277E+02 -0.11996E+04 -0.52060E+03 -0.21841E+03  0.00000E+00  0.00000E+00  0.39924E+02  0.00000E+00  0.32475E+01    135  0.00000E+00      0.000
      68.0000  0.15620E+00  0.00000E+00  0.15620E+00  0.00000E+00 -0.55175E-01  0.34037E+01  0.00000E+00  0.34037E+01  0.00000E+00 -0.18332E+02 -0.19589E+04 -0.56390E+03 -0.22023E+03  0.00000E+00  0.00000E+00  0.39713E+02  0.00000E+00  0.34037E+01    137  0.00000E+00      0.000
      69.0000  0.12899E+00  0.00000E+00  0.12899E+00  0.00000E+00 -0.53917E-01  0.35326E+01  0.00000E+00  0.35326E+01  0.00000E+00 -0.18386E+02 -0.22962E+04 -0.59820E+03 -0.22206E+03  0.00000E+00  0.00000E+00  0.39530E+02  0.00000E+00  0.35326E+01    139  0.00000E+00      0.000
      70.0000  0.13921E+00  0.00000E+00  0.13921E+00  0.00000E+00 -0.52659E-01  0.36719E+01  0.00000E+00  0.36719E+01  0.00000E+00 -0.18439E+02 -0.42047E+04 -0.64464E+03 -0.22389E+03  0.00000E+00  0.00000E+00  0.39337E+02  0.00000E+00  0.36719E+01    141  0.00000E+00      0.000
      71.0000  0.13943E+00  0.00000E+00  0.13943E+00  0.00000E+00 -0.51398E-01  0.38113E+01  0.00000E+00  0.38113E+01  0.00000E+00 -0.18491E+02 -0.92851E+04 -0.70675E+03 -0.22572E+03  0.00000E+00  0.00000E+00  0.39146E+02  0.00000E+00  0.38113E+01    143  0.00000E+00      0.000
      72.0000  0.10792E+00  0.00000E+00  0.10792E+00  0.00000E+00 -0.50138E-01  0.39192E+01  0.00000E+00  0.39192E+01  0.00000E+00 -0.18542E+02 -0.97634E+04 -0.73893E+03 -0.22756E+03  0.00000E+00  0.00000E+00  0.38988E+02  0.00000E+00  0.39192E+01    145  0.00000E+00      0.000
      73.0000  0.12828E+00  0.00000E+00  0.12828E+00  0.00000E+00 -0.48877E-01  0.40475E+01  0.00000E+00  0.40475E+01  0.00000E+00 -0.18591E+02 -0.33255E+05 -0.82864E+03 -0.22939E+03  0.00000E+00  0.00000E+00  0.38810E+02  0.00000E+00  0.40475E+01    147  0.00000E+00      0.000
      74.0000  0.11883E+00  0.00000E+00  0.11883E+00  0.00000E+00 -0.47616E-01  0.41663E+01  0.00000E+00  0.41663E+01  0.00000E+00 -0.18639E+02 -0.88488E+05 -0.94107E+03 -0.23123E+03  0.00000E+00  0.00000E+00  0.38644E+02  0.00000E+00  0.41663E+01    149  0.00000E+00      0.000
      75.0000  0.12678E+00  0.00000E+00  0.12678E+00  0.00000E+00 -0.46356E-01  0.42931E+01  0.00000E+00  0.42931E+01  0.00000E+00 -0.18685E+02 -0.94899E+06 -0.12420E+04 -0.23306E+03  0.00000E+00  0.00000E+00  0.38470E+02  0.00000E+00  0.42931E+01    151  0.00000E+00      0.000
      76.0000  0.11125E+00  0.00000E+00  0.90986E-01  0.00000E+00 -0.45094E-01  0.44044E+01  0.00000E+00  0.43914E+01  0.00000E+00 -0.18731E+02 -0.10000E+07 -0.13409E+04 -0.23490E+03  0.00000E+00  0.00000E+00  0.38326E+02  0.00000E+00  0.43914E+01    158  0.00000E+00      0.000
      77.0000  0.11122E+00  0.00000E+00  0.83110E-01  0.00000E+00 -0.43829E-01  0.45156E+01  0.00000E+00  0.44780E+01  0.00000E+00 -0.18775E+02 -0.10000E+07 -0.13741E+04 -0.23673E+03  0.00000E+00  0.00000E+00  0.38195E+02  0.00000E+00  0.44780E+01    163  0.00000E+00      0.000
      78.0000  0.20774E+00  0.00000E+00  0.79291E-01  0.00000E+00 -0.42557E-01  0.47233E+01  0.00000E+00  0.45593E+01  0.00000E+00 -0.18818E+02 -0.10000E+07 -0.14004E+04 -0.23859E+03  0.00000E+00  0.00000E+00  0.38071E+02  0.00000E+00  0.45593E+01    170  0.00000E+00      0.000
      79.0000  0.14286E+00  0.00000E+00  0.75003E-01  0.00000E+00 -0.41267E-01  0.48662E+01  0.00000E+00  0.46363E+01  0.00000E+00 -0.18860E+02 -0.10000E+07 -0.14236E+04 -0.24046E+03  0.00000E+00  0.00000E+00  0.37952E+02  0.00000E+00  0.46363E+01    175  0.00000E+00      0.000
      80.0000  0.18502E+00  0.00000E+00  0.72227E-01  0.00000E+00 -0.40058E-01  0.50512E+01  0.00000E+00  0.47100E+01  0.00000E+00 -0.18901E+02 -0.10000E+07 -0.14351E+04 -0.24251E+03  0.00000E+00  0.00000E+00  0.37838E+02  0.00000E+00  0.47100E+01    178  0.00000E+00      0.000
      81.0000  0.16817E+00  0.00000E+00  0.71936E-01  0.00000E+00 -0.39374E-01  0.52194E+01  0.00000E+00  0.47825E+01  0.00000E+00 -0.18940E+02 -0.10000E+07 -0.14626E+04 -0.24474E+03  0.00000E+00  0.00000E+00  0.37726E+02  0.00000E+00  0.47825E+01    182  0.00000E+00      0.000
      82.0000  0.17344E+00  0.00000E+00  0.65980E-01  0.00000E+00 -0.38725E-01  0.53928E+01  0.00000E+00  0.48522E+01  0.00000E+00 -0.18979E+02 -0.10000E+07 -0.14353E+04 -0.24688E+03  0.00000E+00  0.00000E+00  0.37617E+02  0.00000E+00  0.48522E+01    185  0.00000E+00      0.000
      83.0000  0.21158E+00  0.00000E+00  0.67614E-01  0.00000E+00 -0.38086E-01  0.56044E+01  0.00000E+00  0.49201E+01  0.00000E+00 -0.19017E+02 -0.10000E+07 -0.14605E+04 -0.24898E+03  0.00000E+00  0.00000E+00  0.37511E+02  0.00000E+00  0.49201E+01    189  0.00000E+00      0.000
      84.0000  0.29382E+00  0.00000E+00  0.64878E-01  0.00000E+00 -0.37457E-01  0.58982E+01  0.00000E+00  0.49863E+01  0.00000E+00 -0.19055E+02 -0.10000E+07 -0.14820E+04 -0.25106E+03  0.00000E+00  0.00000E+00  0.37407E+02  0.00000E+00  0.49863E+01    192  0.00000E+00      0.000
      85.0000  0.28911E+00  0.00000E+00  0.63031E-01  0.00000E+00 -0.36834E-01  0.61873E+01  0.00000E+00  0.50496E+01  0.00000E+00 -0.19092E+02 -0.10000E+07 -0.14976E+04 -0.25311E+03  0.00000E+00  0.00000E+00  0.37307E+02  0.00000E+00  0.50496E+01    194  0.00000E+00      0.000
      86.0000  0.23324E+00  0.00000E+00  0.59849E-01  0.00000E+00 -0.36217E-01  0.64205E+01  0.00000E+00  0.51105E+01  0.00000E+00 -0.19128E+02 -0.10000E+07 -0.15031E+04 -0.25514E+03  0.00000E+00  0.00000E+00  0.37210E+02  0.00000E+00  0.51105E+01    196  0.00000E+00      0.000
      87.0000  0.19556E+00  0.00000E+00  0.59987E-01  0.00000E+00 -0.35605E-01  0.66161E+01  0.00000E+00  0.51702E+01  0.00000E+00 -0.19164E+02 -0.10000E+07 -0.15152E+04 -0.25716E+03  0.00000E+00  0.00000E+00  0.37114E+02  0.00000E+00  0.51702E+01    198  0.00000E+00      0.000
      88.0000  0.16162E+00  0.00000E+00  0.58896E-01  0.00000E+00 -0.34997E-01  0.67777E+01  0.00000E+00  0.52285E+01  0.00000E+00 -0.19199E+02 -0.10000E+07 -0.15260E+04 -0.25916E+03  0.00000E+00  0.00000E+00  0.37021E+02  0.00000E+00  0.52285E+01    200  0.00000E+00      0.000
      89.0000  0.16803E+00  0.00000E+00  0.56667E-01  0.00000E+00 -0.34394E-01  0.69457E+01  0.00000E+00  0.52851E+01  0.00000E+00 -0.19234E+02 -0.10000E+07 -0.15411E+04 -0.26115E+03  0.00000E+00  0.00000E+00  0.36930E+02  0.00000E+00  0.52851E+01    202  0.00000E+00      0.000
      90.0000  0.13371E+00  0.00000E+00  0.55502E-01  0.00000E+00 -0.33797E-01  0.70795E+01  0.00000E+00  0.53415E+01  0.00000E+00 -0.19268E+02 -0.10000E+07 -0.15585E+04 -0.26311E+03  0.00000E+00  0.00000E+00  0.36839E+02  0.00000E+00  0.53415E+01    204  0.00000E+00      0.000
      91.0000 -0.32000E+00  0.86936E-01 -0.32000E+00  0.82956E-01 -0.33202E-01  0.67595E+01  0.86936E-01  0.50215E+01  0.66085E-01 -0.19301E+02 -0.51411E+03 -0.75179E+03 -0.26507E+03  0.00000E+00  0.00000E+00  0.37068E+02  0.32000E+00  0.53415E+01    218  0.00000E+00      0.000
      92.0000 -0.10000E+00  0.16655E+00 -0.10000E+00  0.16300E+00 -0.32615E-01  0.66595E+01  0.25349E+00  0.49215E+01  0.22721E+00 -0.19334E+02 -0.62219E+03 -0.73985E+03 -0.26701E+03  0.00000E+00  0.00000E+00  0.36982E+02  0.42000E+00  0.53415E+01    224  0.00000E+00      0.000
      93.0000 -0.90000E-01  0.12093E+00 -0.90000E-01  0.12093E+00 -0.32031E-01  0.65695E+01  0.37442E+00  0.48315E+01  0.34808E+00 -0.19366E+02 -0.62263E+03 -0.73353E+03 -0.26893E+03  0.00000E+00  0.00000E+00  0.36905E+02  0.51000E+00  0.53415E+01    227  0.00000E+00      0.000
      94.0000  0.00000E+00  0.15459E+00  0.69849E-08  0.14906E+00 -0.31453E-01  0.65695E+01  0.52901E+00  0.48315E+01  0.49960E+00 -0.19398E+02 -0.85378E+03 -0.78121E+03 -0.27083E+03  0.00000E+00  0.00000E+00  0.36736E+02  0.51000E+00  0.53415E+01    229  0.00000E+00      0.000
      95.0000  0.00000E+00  0.24309E+00  0.26543E-07  0.18267E+00 -0.30880E-01  0.65695E+01  0.77210E+00  0.48315E+01  0.69291E+00 -0.19429E+02 -0.10491E+04 -0.86460E+03 -0.27272E+03  0.00000E+00  0.00000E+00  0.36528E+02  0.51000E+00  0.53415E+01    231  0.00000E+00      0.000
      96.0000  0.00000E+00  0.29597E+00  0.60536E-08  0.16511E+00 -0.30311E-01  0.65695E+01  0.10681E+01  0.48315E+01  0.87002E+00 -0.19459E+02 -0.12476E+04 -0.96922E+03 -0.27459E+03  0.00000E+00  0.00000E+00  0.36312E+02  0.51000E+00  0.53415E+01    233  0.00000E+00      0.000
      97.0000 -0.40000E-01  0.18807E+00 -0.40000E-01  0.11153E+00 -0.29748E-01  0.65295E+01  0.12561E+01  0.47915E+01  0.98194E+00 -0.19489E+02 -0.10528E+04 -0.99886E+03 -0.27645E+03  0.00000E+00  0.00000E+00  0.36192E+02  0.55000E+00  0.53415E+01    236  0.00000E+00      0.000
      98.0000 -0.14000E+00  0.25182E+00 -0.14000E+00  0.16687E+00 -0.29189E-01  0.63895E+01  0.15080E+01  0.46515E+01  0.11415E+01 -0.19519E+02 -0.69133E+03 -0.95538E+03 -0.27829E+03  0.00000E+00  0.00000E+00  0.36161E+02  0.69000E+00  0.53415E+01    239  0.00000E+00      0.000
      99.0000  0.00000E+00  0.22863E+00  0.60536E-08  0.12867E+00 -0.28635E-01  0.63895E+01  0.17366E+01  0.46515E+01  0.12794E+01 -0.19548E+02 -0.11203E+04 -0.10232E+04 -0.28012E+03  0.00000E+00  0.00000E+00  0.35982E+02  0.69000E+00  0.53415E+01    242  0.00000E+00      0.000
     100.0000  0.00000E+00  0.32722E+00 -0.13970E-08  0.12313E+00 -0.28084E-01  0.63895E+01  0.20638E+01  0.46515E+01  0.14145E+01 -0.19576E+02 -0.13556E+04 -0.11089E+04 -0.28193E+03  0.00000E+00  0.00000E+00  0.35816E+02  0.69000E+00  0.53415E+01    244  0.00000E+00      0.000
     101.0000 -0.50000E-01  0.23419E+00 -0.50000E-01  0.10143E+00 -0.27538E-01  0.63395E+01  0.22980E+01  0.46015E+01  0.15136E+01 -0.19604E+02 -0.10471E+04 -0.11107E+04 -0.28373E+03  0.00000E+00  0.00000E+00  0.35732E+02  0.74000E+00  0.53415E+01    247  0.00000E+00      0.000
     102.0000 -0.20000E+00  0.15964E+00 -0.20000E+00  0.11457E+00 -0.26996E-01  0.61395E+01  0.24577E+01  0.44015E+01  0.16166E+01 -0.19631E+02 -0.58677E+03 -0.98512E+03 -0.28551E+03  0.00000E+00  0.00000E+00  0.35806E+02  0.94000E+00  0.53415E+01    250  0.00000E+00      0.000
     103.0000  0.00000E+00  0.25753E+00 -0.22352E-07  0.14418E+00 -0.26457E-01  0.61395E+01  0.27152E+01  0.44015E+01  0.17734E+01 -0.19657E+02 -0.10158E+04 -0.10417E+04 -0.28729E+03  0.00000E+00  0.00000E+00  0.35632E+02  0.94000E+00  0.53415E+01    253  0.00000E+00      0.000
     104.0000 -0.30000E-01  0.30282E+00 -0.30000E-01  0.13118E+00 -0.25921E-01  0.61095E+01  0.30180E+01  0.43715E+01  0.19143E+01 -0.19683E+02 -0.10595E+04 -0.11064E+04 -0.28905E+03  0.00000E+00  0.00000E+00  0.35491E+02  0.97000E+00  0.53415E+01    256  0.00000E+00      0.000
     105.0000 -0.50800E+00  0.31955E+00 -0.50800E+00  0.24210E+00 -0.25388E-01  0.56015E+01  0.33375E+01  0.38635E+01  0.21296E+01 -0.19709E+02 -0.34784E+03 -0.88003E+03 -0.29081E+03  0.00000E+00  0.00000E+00  0.35792E+02  0.14780E+01  0.53415E+01    260  0.00000E+00      0.000
     106.0000 -0.10000E+00  0.20136E+00 -0.10000E+00  0.17854E+00 -0.24856E-01  0.55015E+01  0.35389E+01  0.37635E+01  0.23039E+01 -0.19734E+02 -0.53817E+03 -0.85612E+03 -0.29256E+03  0.00000E+00  0.00000E+00  0.35680E+02  0.15780E+01  0.53415E+01    265  0.00000E+00      0.000
     107.0000  0.00000E+00  0.19665E+00  0.14901E-07  0.16410E+00 -0.24326E-01  0.55015E+01  0.37356E+01  0.37635E+01  0.24743E+01 -0.19759E+02 -0.82381E+03 -0.92002E+03 -0.29430E+03  0.00000E+00  0.00000E+00  0.35480E+02  0.15780E+01  0.53415E+01    268  0.00000E+00      0.000
     108.0000  0.00000E+00  0.27684E+00 -0.14435E-07  0.16000E+00 -0.23798E-01  0.55015E+01  0.40124E+01  0.37635E+01  0.26491E+01 -0.19783E+02 -0.10784E+04 -0.10277E+04 -0.29604E+03  0.00000E+00  0.00000E+00  0.35279E+02  0.15780E+01  0.53415E+01    270  0.00000E+00      0.000
     109.0000 -0.40000E-01  0.23517E+00 -0.40000E-01  0.12268E+00 -0.23270E-01  0.54615E+01  0.42476E+01  0.37235E+01  0.27775E+01 -0.19806E+02 -0.99841E+03 -0.10826E+04 -0.29778E+03  0.00000E+00  0.00000E+00  0.35155E+02  0.16180E+01  0.53415E+01    273  0.00000E+00      0.000
     110.0000  0.00000E+00  0.24005E+00  0.13970E-08  0.94567E-01 -0.22741E-01  0.54615E+01  0.44876E+01  0.37235E+01  0.28794E+01 -0.19829E+02 -0.13030E+04 -0.11568E+04 -0.29953E+03  0.00000E+00  0.00000E+00  0.35016E+02  0.16180E+01  0.53415E+01    275  0.00000E+00      0.000
     111.0000 -0.11000E+00  0.21259E+00 -0.11000E+00  0.10911E+00 -0.22209E-01  0.53515E+01  0.47002E+01  0.36135E+01  0.29810E+01 -0.19851E+02 -0.78856E+03 -0.11112E+04 -0.30128E+03  0.00000E+00  0.00000E+00  0.35007E+02  0.17280E+01  0.53415E+01    278  0.00000E+00      0.000
     112.0000 -0.12700E+01  0.25503E+00 -0.12700E+01  0.23963E+00 -0.21672E-01  0.40815E+01  0.49553E+01  0.23435E+01  0.31774E+01 -0.19873E+02 -0.16916E+03 -0.62502E+03 -0.30305E+03  0.00000E+00  0.00000E+00  0.36065E+02  0.29980E+01  0.53415E+01    300  0.00000E+00      0.000
     113.0000  0.00000E+00  0.30863E+00  0.50291E-07  0.30596E+00 -0.21113E-01  0.40815E+01  0.52639E+01  0.23435E+01  0.34786E+01 -0.19895E+02 -0.43425E+03 -0.59777E+03 -0.30489E+03  0.00000E+00  0.00000E+00  0.35748E+02  0.29980E+01  0.53415E+01    308  0.00000E+00      0.000
     114.0000  0.00000E+00  0.31671E+00 -0.24214E-07  0.31120E+00 -0.20742E-01  0.40815E+01  0.55806E+01  0.23435E+01  0.37916E+01 -0.19915E+02 -0.63222E+03 -0.70084E+03 -0.30709E+03  0.00000E+00  0.00000E+00  0.35415E+02  0.29980E+01  0.53415E+01    311  0.00000E+00      0.000
     115.0000  0.00000E+00  0.40311E+00 -0.11176E-07  0.27916E+00 -0.20471E-01  0.40815E+01  0.59837E+01  0.23435E+01  0.40967E+01 -0.19936E+02 -0.91117E+03 -0.86079E+03 -0.30921E+03  0.00000E+00  0.00000E+00  0.35073E+02  0.29980E+01  0.53415E+01    313  0.00000E+00      0.000
     116.0000 -0.30000E-01  0.28975E+00 -0.30000E-01  0.17570E+00 -0.20207E-01  0.40514E+01  0.62735E+01  0.23135E+01  0.42873E+01 -0.19956E+02 -0.97896E+03 -0.97937E+03 -0.31126E+03  0.00000E+00  0.00000E+00  0.34858E+02  0.30280E+01  0.53415E+01    316  0.00000E+00      0.000
     117.0000 -0.40000E-01  0.26386E+00 -0.40000E-01  0.13884E+00 -0.19948E-01  0.40114E+01  0.65373E+01  0.22735E+01  0.44339E+01 -0.19976E+02 -0.99270E+03 -0.10498E+04 -0.31326E+03  0.00000E+00  0.00000E+00  0.34719E+02  0.30680E+01  0.53415E+01    319  0.00000E+00      0.000
     118.0000  0.00000E+00  0.38989E+00 -0.21886E-07  0.12263E+00 -0.19694E-01  0.40114E+01  0.69272E+01  0.22735E+01  0.45727E+01 -0.19996E+02 -0.13353E+04 -0.11555E+04 -0.31524E+03  0.00000E+00  0.00000E+00  0.34552E+02  0.30680E+01  0.53415E+01    321  0.00000E+00      0.000
     119.0000 -0.60000E-01  0.21891E+00 -0.60000E-01  0.88932E-01 -0.19443E-01  0.39514E+01  0.71461E+01  0.22135E+01  0.46582E+01 -0.20016E+02 -0.98751E+03 -0.11548E+04 -0.31719E+03  0.00000E+00  0.00000E+00  0.34496E+02  0.31280E+01  0.53415E+01    324  0.00000E+00      0.000
     120.0000  0.00000E+00  0.30420E+00  0.10710E-07  0.86775E-01 -0.19195E-01  0.39514E+01  0.74503E+01  0.22135E+01  0.47529E+01 -0.20035E+02 -0.13521E+04 -0.12087E+04 -0.31911E+03  0.00000E+00  0.00000E+00  0.34381E+02  0.31280E+01  0.53415E+01    326  0.00000E+00      0.000
     121.0000  0.00000E+00  0.38862E+00 -0.69849E-09  0.76131E-01 -0.18950E-01  0.39514E+01  0.78389E+01  0.22135E+01  0.48358E+01 -0.20054E+02 -0.14996E+04 -0.12592E+04 -0.32101E+03  0.00000E+00  0.00000E+00  0.34274E+02  0.31280E+01  0.53415E+01    328  0.00000E+00      0.000
     122.0000  0.00000E+00  0.41398E+00  0.98953E-09  0.62917E-01 -0.18707E-01  0.39514E+01  0.82529E+01  0.22135E+01  0.49025E+01 -0.20073E+02 -0.15637E+04 -0.12944E+04 -0.32290E+03  0.00000E+00  0.00000E+00  0.34182E+02  0.31280E+01  0.53415E+01    330  0.00000E+00      0.000
     123.0000  0.00000E+00  0.46968E+00  0.14697E-08  0.57201E-01 -0.18467E-01  0.39514E+01  0.87226E+01  0.22135E+01  0.49622E+01 -0.20091E+02 -0.15919E+04 -0.13190E+04 -0.32476E+03  0.00000E+00  0.00000E+00  0.34101E+02  0.31280E+01  0.53415E+01    332  0.00000E+00      0.000
     124.0000 -0.81000E+00  0.17584E+00 -0.81000E+00  0.14150E+00 -0.18230E-01  0.31414E+01  0.88984E+01  0.14035E+01  0.50650E+01 -0.20109E+02 -0.24785E+03 -0.87167E+03 -0.32661E+03  0.00000E+00  0.00000E+00  0.34795E+02  0.39380E+01  0.53415E+01    346  0.00000E+00      0.000
     125.0000 -0.34000E+00  0.15136E+00 -0.34000E+00  0.14659E+00 -0.17994E-01  0.28015E+01  0.90498E+01  0.10635E+01  0.52043E+01 -0.20128E+02 -0.30148E+03 -0.69890E+03 -0.32844E+03  0.00000E+00  0.00000E+00  0.34980E+02  0.42780E+01  0.53415E+01    353  0.00000E+00      0.000
     126.0000  0.00000E+00  0.28163E+00 -0.74506E-08  0.27125E+00 -0.17760E-01  0.28015E+01  0.93314E+01  0.10635E+01  0.54745E+01 -0.20145E+02 -0.54530E+03 -0.73116E+03 -0.33025E+03  0.00000E+00  0.00000E+00  0.34723E+02  0.42780E+01  0.53415E+01    357  0.00000E+00      0.000
     127.0000  0.00000E+00  0.43590E+00 -0.55879E-08  0.30198E+00 -0.17530E-01  0.28015E+01  0.97673E+01  0.10635E+01  0.58119E+01 -0.20163E+02 -0.82226E+03 -0.87948E+03 -0.33204E+03  0.00000E+00  0.00000E+00  0.34378E+02  0.42780E+01  0.53415E+01    360  0.00000E+00      0.000
     128.0000  0.00000E+00  0.42047E+00 -0.24214E-07  0.19264E+00 -0.17301E-01  0.28015E+01  0.10188E+02  0.10635E+01  0.60298E+01 -0.20180E+02 -0.11476E+04 -0.10617E+04 -0.33381E+03  0.00000E+00  0.00000E+00  0.34088E+02  0.42780E+01  0.53415E+01    362  0.00000E+00      0.000
     129.0000  0.00000E+00  0.46573E+00  0.13504E-07  0.12009E+00 -0.17075E-01  0.28015E+01  0.10654E+02  0.10635E+01  0.61693E+01 -0.20197E+02 -0.14038E+04 -0.12066E+04 -0.33557E+03  0.00000E+00  0.00000E+00  0.33895E+02  0.42780E+01  0.53415E+01    364  0.00000E+00      0.000
     130.0000  0.00000E+00  0.36590E+00 -0.37253E-08  0.70846E-01 -0.16850E-01  0.28015E+01  0.11019E+02  0.10635E+01  0.62462E+01 -0.20214E+02 -0.15210E+04 -0.12787E+04 -0.33731E+03  0.00000E+00  0.00000E+00  0.33777E+02  0.42780E+01  0.53415E+01    366  0.00000E+00      0.000
     131.0000 -0.50000E-01  0.31321E+00 -0.50000E-01  0.76260E-01 -0.16628E-01  0.27515E+01  0.11333E+02  0.10135E+01  0.63179E+01 -0.20231E+02 -0.10917E+04 -0.12682E+04 -0.33904E+03  0.00000E+00  0.00000E+00  0.33740E+02  0.43280E+01  0.53415E+01    369  0.00000E+00      0.000
     132.0000 -0.18000E+00  0.23424E+00 -0.18000E+00  0.11351E+00 -0.16407E-01  0.25715E+01  0.11567E+02  0.83349E+00  0.64161E+01 -0.20248E+02 -0.63763E+03 -0.11597E+04 -0.34075E+03  0.00000E+00  0.00000E+00  0.33818E+02  0.45080E+01  0.53415E+01    372  0.00000E+00      0.000
     133.0000 -0.65000E+00  0.14025E+00 -0.65000E+00  0.11982E+00 -0.16188E-01  0.19215E+01  0.11707E+02  0.18349E+00  0.65198E+01 -0.20264E+02 -0.27058E+03 -0.85244E+03 -0.34245E+03  0.00000E+00  0.00000E+00  0.34346E+02  0.51580E+01  0.53415E+01    378  0.00000E+00      0.000
     134.0000 -0.15600E+01  0.22250E+00 -0.15600E+01  0.22139E+00 -0.15971E-01  0.36145E+00  0.11930E+02 -0.13765E+01  0.67286E+01 -0.20280E+02 -0.12289E+03 -0.42939E+03 -0.34414E+03  0.00000E+00  0.00000E+00  0.35694E+02  0.67180E+01  0.53415E+01    388  0.00000E+00      0.000
     135.0000 -0.14100E+01  0.30328E+00 -0.14100E+01  0.30328E+00 -0.15756E-01 -0.10485E+01  0.12233E+02 -0.27865E+01  0.70317E+01 -0.20296E+02 -0.10673E+03 -0.21034E+03 -0.34581E+03  0.00000E+00  0.00000E+00  0.36793E+02  0.81280E+01  0.53415E+01    396  0.00000E+00      0.000
     136.0000 -0.19496E+01  0.28147E+00 -0.19496E+01  0.28147E+00 -0.15542E-01 -0.29981E+01  0.12514E+02 -0.47361E+01  0.73131E+01 -0.20311E+02 -0.72357E+02 -0.11702E+03 -0.34747E+03  0.00000E+00  0.00000E+00  0.38442E+02  0.10078E+02  0.53415E+01    402  0.00000E+00      0.000
     137.0000 -0.29000E+00  0.31780E+00 -0.29000E+00  0.31780E+00 -0.15330E-01 -0.32881E+01  0.12832E+02 -0.50261E+01  0.76309E+01 -0.20327E+02 -0.14389E+03 -0.16050E+03 -0.34911E+03  0.00000E+00  0.00000E+00  0.38405E+02  0.10368E+02  0.53415E+01    407  0.00000E+00      0.000
     138.0000 -0.57000E+00  0.24756E+00 -0.57000E+00  0.24756E+00 -0.15120E-01 -0.38582E+01  0.13080E+02 -0.55961E+01  0.78785E+01 -0.20342E+02 -0.13501E+03 -0.16324E+03 -0.35074E+03  0.00000E+00  0.00000E+00  0.38698E+02  0.10938E+02  0.53415E+01    411  0.00000E+00      0.000
     139.0000 -0.18796E+01  0.34365E+00 -0.18796E+01  0.34365E+00 -0.14911E-01 -0.57378E+01  0.13423E+02 -0.74757E+01  0.82221E+01 -0.20357E+02 -0.69445E+02 -0.99427E+02 -0.35236E+03  0.00000E+00  0.00000E+00  0.40243E+02  0.12817E+02  0.53415E+01    415  0.00000E+00      0.000
     140.0000  0.00000E+00  0.28933E+00 -0.14435E-06  0.28933E+00 -0.14704E-01 -0.57378E+01  0.13713E+02 -0.74757E+01  0.85115E+01 -0.20372E+02 -0.15577E+03 -0.15082E+03 -0.35397E+03  0.00000E+00  0.00000E+00  0.39926E+02  0.12817E+02  0.53415E+01    419  0.00000E+00      0.000
     141.0000  0.00000E+00  0.32605E+00  0.14249E-06  0.32605E+00 -0.14499E-01 -0.57378E+01  0.14039E+02 -0.74757E+01  0.88375E+01 -0.20386E+02 -0.20359E+03 -0.19104E+03 -0.35556E+03  0.00000E+00  0.00000E+00  0.39597E+02  0.12817E+02  0.53415E+01    422  0.00000E+00      0.000
     142.0000 -0.32600E+01  0.13950E+00 -0.32600E+01  0.13950E+00 -0.14297E-01 -0.89978E+01  0.14178E+02 -0.10736E+02  0.89770E+01 -0.20401E+02 -0.36567E+02 -0.55640E+02 -0.35713E+03  0.00000E+00  0.00000E+00  0.42641E+02  0.16077E+02  0.53415E+01    429  0.00000E+00      0.000
     143.0000 -0.12700E+01  0.32724E+00 -0.12700E+01  0.32724E+00 -0.14102E-01 -0.10268E+02  0.14506E+02 -0.12006E+02  0.93043E+01 -0.20415E+02 -0.63866E+02 -0.72359E+02 -0.35865E+03  0.00000E+00  0.00000E+00  0.43591E+02  0.17347E+02  0.53415E+01    435  0.00000E+00      0.000
     144.0000  0.00000E+00  0.44075E+00  0.14985E-05  0.44075E+00 -0.13919E-01 -0.10268E+02  0.14946E+02 -0.12006E+02  0.97450E+01 -0.20429E+02 -0.13253E+03 -0.12132E+03 -0.36007E+03  0.00000E+00  0.00000E+00  0.43164E+02  0.17347E+02  0.53415E+01    439  0.00000E+00      0.000
     145.0000 -0.12700E+01  0.48603E+00 -0.12700E+01  0.48603E+00 -0.13764E-01 -0.11538E+02  0.15432E+02 -0.13276E+02  0.10231E+02 -0.20443E+02 -0.81338E+02 -0.97419E+02 -0.36128E+03  0.00000E+00  0.00000E+00  0.43949E+02  0.18617E+02  0.53415E+01    442  0.00000E+00      0.000
     146.0000  0.00000E+00  0.52123E+00 -0.73202E-06  0.52123E+00 -0.13677E-01 -0.11538E+02  0.15954E+02 -0.13276E+02  0.10752E+02 -0.20456E+02 -0.15817E+03 -0.14456E+03 -0.36194E+03  0.00000E+00  0.00000E+00  0.43426E+02  0.18617E+02  0.53415E+01    445  0.00000E+00      0.000
     147.0000 -0.12700E+01  0.44727E+00 -0.12700E+01  0.44727E+00 -0.13751E-01 -0.12808E+02  0.16401E+02 -0.14546E+02  0.11200E+02 -0.20470E+02 -0.88048E+02 -0.10917E+03 -0.36139E+03  0.00000E+00  0.00000E+00  0.44211E+02  0.19887E+02  0.53415E+01    448  0.00000E+00      0.000
     148.0000 -0.12700E+01  0.53635E+00 -0.12700E+01  0.53635E+00 -0.14117E-01 -0.14078E+02  0.16937E+02 -0.15816E+02  0.11736E+02 -0.20484E+02 -0.79784E+02 -0.95600E+02 -0.35849E+03  0.00000E+00  0.00000E+00  0.44961E+02  0.21157E+02  0.53415E+01    451  0.00000E+00      0.000
     149.0000  0.00000E+00  0.56430E+00  0.46566E-06  0.56430E+00 -0.14944E-01 -0.14078E+02  0.17501E+02 -0.15816E+02  0.12300E+02 -0.20499E+02 -0.15635E+03 -0.14378E+03 -0.35194E+03  0.00000E+00  0.00000E+00  0.44395E+02  0.21157E+02  0.53415E+01    453  0.00000E+00      0.000
     150.0000 -0.12700E+01  0.56136E+00 -0.12700E+01  0.56136E+00 -0.16252E-01 -0.15348E+02  0.18063E+02 -0.17086E+02  0.12862E+02 -0.20515E+02 -0.90525E+02 -0.11237E+03 -0.34201E+03  0.00000E+00  0.00000E+00  0.45087E+02  0.22427E+02  0.53415E+01    456  0.00000E+00      0.000
     151.0000  0.00000E+00  0.59505E+00 -0.23842E-06  0.59505E+00 -0.18009E-01 -0.15348E+02  0.18658E+02 -0.17086E+02  0.13457E+02 -0.20532E+02 -0.17981E+03 -0.16249E+03 -0.32830E+03  0.00000E+00  0.00000E+00  0.44486E+02  0.22427E+02  0.53415E+01    459  0.00000E+00      0.000
     152.0000  0.00000E+00  0.47095E+00 -0.20768E-06  0.47095E+00 -0.20140E-01 -0.15348E+02  0.19129E+02 -0.17086E+02  0.13928E+02 -0.20552E+02 -0.23417E+03 -0.20423E+03 -0.31176E+03  0.00000E+00  0.00000E+00  0.43934E+02  0.22427E+02  0.53415E+01    461  0.00000E+00      0.000
     153.0000 -0.38100E+01  0.49329E+00 -0.38100E+01  0.49328E+00 -0.23772E-01 -0.19158E+02  0.19622E+02 -0.20896E+02  0.14421E+02 -0.20573E+02 -0.31350E+02 -0.49121E+02 -0.29619E+03  0.00000E+00  0.00000E+00  0.47236E+02  0.26237E+02  0.53415E+01    468  0.00000E+00      0.000
     154.0000  0.00000E+00  0.33505E+00  0.24866E-06  0.33505E+00 -0.28696E-01 -0.19158E+02  0.19957E+02 -0.20896E+02  0.14756E+02 -0.20600E+02 -0.11590E+03 -0.10587E+03 -0.27996E+03  0.00000E+00  0.00000E+00  0.46856E+02  0.26237E+02  0.53415E+01    474  0.00000E+00      0.000
     155.0000  0.00000E+00  0.37692E+00  0.93225E-06  0.37691E+00 -0.33524E-01 -0.19158E+02  0.20334E+02 -0.20896E+02  0.15133E+02 -0.20632E+02 -0.15214E+03 -0.13751E+03 -0.26405E+03  0.00000E+00  0.00000E+00  0.46462E+02  0.26237E+02  0.53415E+01    477  0.00000E+00      0.000
     156.0000  0.00000E+00  0.45046E+00  0.57183E-06  0.45046E+00 -0.38413E-01 -0.19158E+02  0.20785E+02 -0.20896E+02  0.15583E+02 -0.20669E+02 -0.18916E+03 -0.16825E+03 -0.24793E+03  0.00000E+00  0.00000E+00  0.46011E+02  0.26237E+02  0.53415E+01    479  0.00000E+00      0.000
     157.0000 -0.38100E+01  0.39114E+00 -0.38100E+01  0.39114E+00 -0.46242E-01 -0.22968E+02  0.21176E+02 -0.24706E+02  0.15974E+02 -0.20712E+02 -0.27149E+02 -0.40250E+02 -0.23326E+03  0.00000E+00  0.00000E+00  0.49367E+02  0.30047E+02  0.53415E+01    486  0.00000E+00      0.000
     158.0000  0.00000E+00  0.46649E+00  0.18626E-06  0.46649E+00 -0.56236E-01 -0.22968E+02  0.21642E+02 -0.24706E+02  0.16441E+02 -0.20764E+02 -0.11220E+03 -0.10035E+03 -0.21871E+03  0.00000E+00  0.00000E+00  0.48860E+02  0.30047E+02  0.53415E+01    492  0.00000E+00      0.000
     159.0000  0.00000E+00  0.62573E+00  0.68918E-07  0.62573E+00 -0.66553E-01 -0.22968E+02  0.22268E+02 -0.24706E+02  0.17067E+02 -0.20827E+02 -0.15933E+03 -0.13982E+03 -0.20365E+03  0.00000E+00  0.00000E+00  0.48224E+02  0.30047E+02  0.53415E+01    495  0.00000E+00      0.000
     160.0000 -0.38100E+01  0.61271E+00 -0.38100E+01  0.61271E+00 -0.80567E-01 -0.26778E+02  0.22881E+02 -0.28516E+02  0.17679E+02 -0.20901E+02 -0.26225E+02 -0.37112E+02 -0.18788E+03  0.00000E+00  0.00000E+00  0.51343E+02  0.33857E+02  0.53415E+01    502  0.00000E+00      0.000
     161.0000  0.00000E+00  0.63415E+00 -0.46566E-07  0.63415E+00 -0.10351E+00 -0.26778E+02  0.23515E+02 -0.28516E+02  0.18313E+02 -0.20994E+02 -0.11425E+03 -0.10035E+03 -0.17237E+03  0.00000E+00  0.00000E+00  0.50618E+02  0.33857E+02  0.53415E+01    508  0.00000E+00      0.000
     162.0000 -0.25400E+01  0.30898E+00 -0.25400E+01  0.30899E+00 -0.12948E+00 -0.29318E+02  0.23824E+02 -0.31056E+02  0.18622E+02 -0.21114E+02 -0.37890E+02 -0.46573E+02 -0.15486E+03  0.00000E+00  0.00000E+00  0.52650E+02  0.36397E+02  0.53415E+01    512  0.00000E+00      0.000
     163.0000 -0.11000E+00  0.36341E+00 -0.11000E+00  0.36341E+00 -0.17909E+00 -0.29428E+02  0.24187E+02 -0.31166E+02  0.18986E+02 -0.21273E+02 -0.97092E+02 -0.88149E+02 -0.13696E+03  0.00000E+00  0.00000E+00  0.52251E+02  0.36507E+02  0.53415E+01    516  0.00000E+00      0.000
     164.0000  0.00000E+00  0.35102E+00 -0.80932E-06  0.35102E+00 -0.23461E+00 -0.29428E+02  0.24538E+02 -0.31166E+02  0.19337E+02 -0.21489E+02 -0.12988E+03 -0.11547E+03 -0.11962E+03  0.00000E+00  0.00000E+00  0.51680E+02  0.36507E+02  0.53415E+01    519  0.00000E+00      0.000
     165.0000  0.00000E+00  0.48680E+00  0.49919E-06  0.48680E+00 -0.29324E+00 -0.29428E+02  0.25025E+02 -0.31166E+02  0.19824E+02 -0.21770E+02 -0.16064E+03 -0.14144E+03 -0.10919E+03  0.00000E+00  0.00000E+00  0.50980E+02  0.36507E+02  0.53415E+01    521  0.00000E+00      0.000
     166.0000 -0.25400E+01  0.48714E+00 -0.25400E+01  0.48714E+00 -0.32363E+00 -0.31968E+02  0.25512E+02 -0.33706E+02  0.20311E+02 -0.22085E+02 -0.46181E+02 -0.61671E+02 -0.10400E+03  0.00000E+00  0.00000E+00  0.52718E+02  0.39047E+02  0.53415E+01    525  0.00000E+00      0.000
     167.0000 -0.29000E+00  0.23177E+00 -0.29000E+00  0.23177E+00 -0.33616E+00 -0.32258E+02  0.25744E+02 -0.33996E+02  0.20543E+02 -0.22417E+02 -0.94903E+02 -0.91347E+02 -0.10183E+03  0.00000E+00  0.00000E+00  0.52394E+02  0.39337E+02  0.53415E+01    530  0.00000E+00      0.000
     168.0000  0.00000E+00  0.50361E+00 -0.11148E-05  0.50361E+00 -0.34820E+00 -0.32258E+02  0.26247E+02 -0.33996E+02  0.21046E+02 -0.22761E+02 -0.13962E+03 -0.12395E+03 -0.99759E+02  0.00000E+00  0.00000E+00  0.51637E+02  0.39337E+02  0.53415E+01    533  0.00000E+00      0.000
     169.0000  0.00000E+00  0.55684E+00  0.16298E-06  0.55684E+00 -0.35601E+00 -0.32258E+02  0.26804E+02 -0.33996E+02  0.21603E+02 -0.23116E+02 -0.17974E+03 -0.15634E+03 -0.98484E+02  0.00000E+00  0.00000E+00  0.50752E+02  0.39337E+02  0.53415E+01    535  0.00000E+00      0.000
     170.0000 -0.16000E+00  0.59088E+00 -0.16000E+00  0.59088E+00 -0.35454E+00 -0.32418E+02  0.27395E+02 -0.34156E+02  0.22194E+02 -0.23471E+02 -0.19341E+03 -0.17914E+03 -0.98681E+02  0.00000E+00  0.00000E+00  0.49977E+02  0.39497E+02  0.53415E+01    538  0.00000E+00      0.000
     171.0000 -0.12900E+01  0.24468E+00 -0.12900E+01  0.24468E+00 -0.34393E+00 -0.33708E+02  0.27640E+02 -0.35446E+02  0.22439E+02 -0.23819E+02 -0.91486E+02 -0.11708E+03 -0.10048E+03  0.00000E+00  0.00000E+00  0.50559E+02  0.40787E+02  0.53415E+01    541  0.00000E+00      0.000
     172.0000 -0.70000E-01  0.30136E+00 -0.70000E-01  0.30136E+00 -0.32773E+00 -0.33778E+02  0.27941E+02 -0.35516E+02  0.22740E+02 -0.24153E+02 -0.14915E+03 -0.14154E+03 -0.10330E+03  0.00000E+00  0.00000E+00  0.50013E+02  0.40857E+02  0.53415E+01    544  0.00000E+00      0.000
     173.0000 -0.27000E+00  0.15310E+00 -0.27000E+00  0.15310E+00 -0.31003E+00 -0.34048E+02  0.28094E+02 -0.35786E+02  0.22893E+02 -0.24469E+02 -0.14115E+03 -0.14270E+03 -0.10636E+03  0.00000E+00  0.00000E+00  0.49765E+02  0.41127E+02  0.53415E+01    547  0.00000E+00      0.000
     174.0000  0.00000E+00  0.33102E+00  0.13970E-06  0.33102E+00 -0.29302E+00 -0.34048E+02  0.28425E+02 -0.35786E+02  0.23224E+02 -0.24766E+02 -0.17875E+03 -0.16347E+03 -0.10932E+03  0.00000E+00  0.00000E+00  0.49225E+02  0.41127E+02  0.53415E+01    549  0.00000E+00      0.000
     175.0000  0.00000E+00  0.59428E+00 -0.11455E-06  0.59428E+00 -0.27666E+00 -0.34048E+02  0.29020E+02 -0.35786E+02  0.23818E+02 -0.25047E+02 -0.22715E+03 -0.19830E+03 -0.11216E+03  0.00000E+00  0.00000E+00  0.48482E+02  0.41127E+02  0.53415E+01    551  0.00000E+00      0.000
     176.0000  0.00000E+00  0.49359E+00  0.29244E-06  0.49359E+00 -0.26047E+00 -0.34048E+02  0.29513E+02 -0.35786E+02  0.24312E+02 -0.25311E+02 -0.28719E+03 -0.24016E+03 -0.11497E+03  0.00000E+00  0.00000E+00  0.47674E+02  0.41127E+02  0.53415E+01    553  0.00000E+00      0.000
     177.0000  0.00000E+00  0.38012E+00 -0.21607E-06  0.38012E+00 -0.24382E+00 -0.34048E+02  0.29893E+02 -0.35786E+02  0.24692E+02 -0.25559E+02 -0.33695E+03 -0.27458E+03 -0.11785E+03  0.00000E+00  0.00000E+00  0.46989E+02  0.41127E+02  0.53415E+01    555  0.00000E+00      0.000
     178.0000  0.00000E+00  0.43167E+00 -0.13085E-06  0.43167E+00 -0.22760E+00 -0.34048E+02  0.30325E+02 -0.35786E+02  0.25124E+02 -0.25791E+02 -0.38955E+03 -0.31009E+03 -0.12089E+03  0.00000E+00  0.00000E+00  0.46351E+02  0.41127E+02  0.53415E+01    557  0.00000E+00      0.000
     179.0000  0.00000E+00  0.40067E+00 -0.75437E-07  0.40067E+00 -0.21707E+00 -0.34048E+02  0.30726E+02 -0.35786E+02  0.25524E+02 -0.26010E+02 -0.46257E+03 -0.35288E+03 -0.12436E+03  0.00000E+00  0.00000E+00  0.45715E+02  0.41127E+02  0.53415E+01    559  0.00000E+00      0.000
     180.0000  0.00000E+00  0.53088E+00 -0.33528E-07  0.51717E+00 -0.20609E+00 -0.34048E+02  0.31257E+02 -0.35786E+02  0.26048E+02 -0.26219E+02 -0.58626E+03 -0.41751E+03 -0.12800E+03  0.00000E+00  0.00000E+00  0.45041E+02  0.41127E+02  0.53415E+01    561  0.00000E+00      0.000
     181.0000  0.00000E+00  0.57579E+00  0.18626E-08  0.50213E+00 -0.19479E+00 -0.34048E+02  0.31832E+02 -0.35786E+02  0.26568E+02 -0.26417E+02 -0.80243E+03 -0.51984E+03 -0.13174E+03  0.00000E+00  0.00000E+00  0.44316E+02  0.41127E+02  0.53415E+01    563  0.00000E+00      0.000
     182.0000  0.00000E+00  0.75322E+00  0.93132E-09  0.49303E+00 -0.18331E+00 -0.34048E+02  0.32586E+02 -0.35786E+02  0.27107E+02 -0.26603E+02 -0.11182E+04 -0.67352E+03 -0.13555E+03  0.00000E+00  0.00000E+00  0.43586E+02  0.41127E+02  0.53415E+01    565  0.00000E+00      0.000
     183.0000 -0.40000E-01  0.39422E+00 -0.40000E-01  0.27164E+00 -0.17178E+00 -0.34088E+02  0.32980E+02 -0.35826E+02  0.27380E+02 -0.26779E+02 -0.10213E+04 -0.72717E+03 -0.13937E+03  0.00000E+00  0.00000E+00  0.43103E+02  0.41167E+02  0.53415E+01    568  0.00000E+00      0.000
     184.0000  0.00000E+00  0.67782E+00 -0.23749E-07  0.34445E+00 -0.16032E+00 -0.34088E+02  0.33658E+02 -0.35826E+02  0.27750E+02 -0.26942E+02 -0.13392E+04 -0.82007E+03 -0.14317E+03  0.00000E+00  0.00000E+00  0.42607E+02  0.41167E+02  0.53415E+01    570  0.00000E+00      0.000
     185.0000 -0.64000E+00  0.30502E+00 -0.64000E+00  0.29730E+00 -0.14898E+00 -0.34728E+02  0.33963E+02 -0.36466E+02  0.28023E+02 -0.27095E+02 -0.29662E+03 -0.55735E+03 -0.14693E+03  0.00000E+00  0.00000E+00  0.42803E+02  0.41807E+02  0.53415E+01    574  0.00000E+00      0.000
     186.0000  0.00000E+00  0.33924E+00  0.15832E-07  0.33072E+00 -0.13778E+00 -0.34728E+02  0.34302E+02 -0.36466E+02  0.28356E+02 -0.27237E+02 -0.63973E+03 -0.59861E+03 -0.15064E+03  0.00000E+00  0.00000E+00  0.42334E+02  0.41807E+02  0.53415E+01    578  0.00000E+00      0.000
     187.0000  0.00000E+00  0.62699E+00  0.37253E-08  0.41786E+00 -0.12980E+00 -0.34728E+02  0.34929E+02 -0.36466E+02  0.28822E+02 -0.27369E+02 -0.98109E+03 -0.74591E+03 -0.15462E+03  0.00000E+00  0.00000E+00  0.41765E+02  0.41807E+02  0.53415E+01    581  0.00000E+00      0.000
     188.0000  0.00000E+00  0.65939E+00 -0.32596E-08  0.28754E+00 -0.12392E+00 -0.34728E+02  0.35588E+02 -0.36466E+02  0.29139E+02 -0.27494E+02 -0.13292E+04 -0.91296E+03 -0.15859E+03  0.00000E+00  0.00000E+00  0.41258E+02  0.41807E+02  0.53415E+01    583  0.00000E+00      0.000
     189.0000  0.00000E+00  0.61210E+00  0.37253E-08  0.20995E+00 -0.11820E+00 -0.34728E+02  0.36200E+02 -0.36466E+02  0.29360E+02 -0.27614E+02 -0.14928E+04 -0.10051E+04 -0.16245E+03  0.00000E+00  0.00000E+00  0.40878E+02  0.41807E+02  0.53415E+01    585  0.00000E+00      0.000
     190.0000  0.00000E+00  0.60131E+00 -0.11991E-07  0.17870E+00 -0.11260E+00 -0.34728E+02  0.36802E+02 -0.36466E+02  0.29545E+02 -0.27728E+02 -0.15553E+04 -0.10533E+04 -0.16623E+03  0.00000E+00  0.00000E+00  0.40564E+02  0.41807E+02  0.53415E+01    587  0.00000E+00      0.000
     191.0000  0.00000E+00  0.56179E+00  0.62864E-08  0.15416E+00 -0.10713E+00 -0.34728E+02  0.37363E+02 -0.36466E+02  0.29701E+02 -0.27836E+02 -0.15838E+04 -0.10817E+04 -0.16991E+03  0.00000E+00  0.00000E+00  0.40286E+02  0.41807E+02  0.53415E+01    589  0.00000E+00      0.000
     192.0000 -0.12700E+01  0.59697E+00 -0.12700E+01  0.51962E+00 -0.10177E+00 -0.35998E+02  0.37960E+02 -0.37736E+02  0.30095E+02 -0.27940E+02 -0.18500E+03 -0.59763E+03 -0.17354E+03  0.00000E+00  0.00000E+00  0.41073E+02  0.43077E+02  0.53415E+01    614  0.00000E+00      0.000
     193.0000 -0.25400E+01  0.55008E+00 -0.25400E+01  0.55008E+00 -0.96541E-01 -0.38538E+02  0.38511E+02 -0.40276E+02  0.30629E+02 -0.28039E+02 -0.77237E+02 -0.20942E+03 -0.17707E+03  0.00000E+00  0.00000E+00  0.42982E+02  0.45617E+02  0.53415E+01    629  0.00000E+00      0.000
     194.0000  0.00000E+00  0.63248E+00 -0.16578E-06  0.63248E+00 -0.91434E-01 -0.38538E+02  0.39143E+02 -0.40276E+02  0.31261E+02 -0.28133E+02 -0.25532E+03 -0.26251E+03 -0.18051E+03  0.00000E+00  0.00000E+00  0.42262E+02  0.45617E+02  0.53415E+01    637  0.00000E+00      0.000
     195.0000 -0.44450E+01  0.59303E+00 -0.44450E+01  0.59303E+00 -0.86438E-01 -0.42983E+02  0.39736E+02 -0.44721E+02  0.31855E+02 -0.28222E+02 -0.28095E+02 -0.53159E+02 -0.18388E+03  0.00000E+00  0.00000E+00  0.46022E+02  0.50062E+02  0.53415E+01    653  0.00000E+00      0.000
     196.0000 -0.15000E+00  0.21365E+00 -0.15000E+00  0.21365E+00 -0.81553E-01 -0.43133E+02  0.39950E+02 -0.44871E+02  0.32068E+02 -0.28305E+02 -0.11129E+03 -0.10934E+03 -0.18718E+03  0.00000E+00  0.00000E+00  0.45849E+02  0.50212E+02  0.53415E+01    661  0.00000E+00      0.000
     197.0000  0.00000E+00  0.52143E+00 -0.80001E-06  0.52143E+00 -0.76876E-01 -0.43133E+02  0.40471E+02 -0.44871E+02  0.32590E+02 -0.28384E+02 -0.16765E+03 -0.15294E+03 -0.19033E+03  0.00000E+00  0.00000E+00  0.45326E+02  0.50212E+02  0.53415E+01    664  0.00000E+00      0.000
     198.0000 -0.50800E+01  0.54856E+00 -0.50800E+01  0.54856E+00 -0.73641E-01 -0.48213E+02  0.41020E+02 -0.49951E+02  0.33138E+02 -0.28458E+02 -0.14634E+02 -0.23175E+02 -0.19337E+03  0.00000E+00  0.00000E+00  0.49792E+02  0.55292E+02  0.53415E+01    673  0.00000E+00      0.000
     199.0000  0.00000E+00  0.61502E+00  0.14342E-06  0.61502E+00 -0.72365E-01 -0.48213E+02  0.41635E+02 -0.49951E+02  0.33753E+02 -0.28531E+02 -0.10760E+03 -0.94414E+02 -0.19523E+03  0.00000E+00  0.00000E+00  0.49111E+02  0.55292E+02  0.53415E+01    680  0.00000E+00      0.000
     200.0000  0.00000E+00  0.46864E+00  0.10803E-06  0.46864E+00 -0.74182E-01 -0.48213E+02  0.42103E+02 -0.49951E+02  0.34222E+02 -0.28605E+02 -0.14567E+03 -0.12843E+03 -0.19263E+03  0.00000E+00  0.00000E+00  0.48532E+02  0.55292E+02  0.53415E+01    683  0.00000E+00      0.000
     201.0000  0.00000E+00  0.47382E+00 -0.65193E-07  0.47382E+00 -0.86042E-01 -0.48213E+02  0.42577E+02 -0.49951E+02  0.34696E+02 -0.28687E+02 -0.18060E+03 -0.15794E+03 -0.18403E+03  0.00000E+00  0.00000E+00  0.47978E+02  0.55292E+02  0.53415E+01    685  0.00000E+00      0.000
     202.0000 -0.25000E+00  0.34428E+00 -0.25000E+00  0.34428E+00 -0.10326E+00 -0.48463E+02  0.42921E+02 -0.50201E+02  0.35040E+02 -0.28784E+02 -0.16668E+03 -0.16406E+03 -0.17258E+03  0.00000E+00  0.00000E+00  0.47744E+02  0.55542E+02  0.53415E+01    688  0.00000E+00      0.000
     203.0000 -0.39116E+01  0.45423E+00 -0.39116E+01  0.45423E+00 -0.11931E+00 -0.52374E+02  0.43376E+02 -0.54112E+02  0.35494E+02 -0.28897E+02 -0.25811E+02 -0.38789E+02 -0.16171E+03  0.00000E+00  0.00000E+00  0.51125E+02  0.59454E+02  0.53415E+01    695  0.00000E+00      0.000
     204.0000  0.00000E+00  0.50956E+00  0.94622E-06  0.50956E+00 -0.13184E+00 -0.52374E+02  0.43885E+02 -0.54112E+02  0.36004E+02 -0.29024E+02 -0.11148E+03 -0.98896E+02 -0.15326E+03  0.00000E+00  0.00000E+00  0.50496E+02  0.59454E+02  0.53415E+01    701  0.00000E+00      0.000
     205.0000  0.00000E+00  0.55460E+00 -0.33900E-06  0.55460E+00 -0.15496E+00 -0.52374E+02  0.44440E+02 -0.54112E+02  0.36558E+02 -0.29171E+02 -0.15325E+03 -0.13446E+03 -0.14494E+03  0.00000E+00  0.00000E+00  0.49810E+02  0.59454E+02  0.53415E+01    704  0.00000E+00      0.000
     206.0000  0.00000E+00  0.55309E+00 -0.47404E-06  0.55309E+00 -0.18152E+00 -0.52374E+02  0.44993E+02 -0.54112E+02  0.37111E+02 -0.29346E+02 -0.19479E+03 -0.16799E+03 -0.13628E+03  0.00000E+00  0.00000E+00  0.49081E+02  0.59454E+02  0.53415E+01    706  0.00000E+00      0.000
     207.0000  0.00000E+00  0.50265E+00  0.21653E-06  0.50265E+00 -0.20087E+00 -0.52374E+02  0.45496E+02 -0.54112E+02  0.37614E+02 -0.29542E+02 -0.23774E+03 -0.20107E+03 -0.12990E+03  0.00000E+00  0.00000E+00  0.48357E+02  0.59454E+02  0.53415E+01    708  0.00000E+00      0.000
     208.0000 -0.65300E+01  0.40738E+00 -0.65300E+01  0.40738E+00 -0.21259E+00 -0.58904E+02  0.45903E+02 -0.60642E+02  0.38021E+02 -0.29750E+02 -0.50223E+01 -0.88025E+01 -0.12585E+03  0.00000E+00  0.00000E+00  0.54261E+02  0.65984E+02  0.53415E+01    724  0.00000E+00      0.000
     209.0000 -0.30000E-01  0.45056E+00 -0.29999E-01  0.45056E+00 -0.22874E+00 -0.58934E+02  0.46354E+02 -0.60672E+02  0.38472E+02 -0.29969E+02 -0.89338E+02 -0.77570E+02 -0.12056E+03  0.00000E+00  0.00000E+00  0.53624E+02  0.66014E+02  0.53415E+01    732  0.00000E+00      0.000
     210.0000  0.00000E+00  0.56134E+00  0.65193E-06  0.56134E+00 -0.32362E+00 -0.58934E+02  0.46915E+02 -0.60672E+02  0.39033E+02 -0.30261E+02 -0.12777E+03 -0.11089E+03 -0.10425E+03  0.00000E+00  0.00000E+00  0.52799E+02  0.66014E+02  0.53415E+01    735  0.00000E+00      0.000
     211.0000 -0.80000E-01  0.59258E+00 -0.80000E-01  0.59258E+00 -0.40033E+00 -0.59014E+02  0.47507E+02 -0.60752E+02  0.39626E+02 -0.30636E+02 -0.15545E+03 -0.13806E+03 -0.92984E+02  0.00000E+00  0.00000E+00  0.51922E+02  0.66094E+02  0.53415E+01    738  0.00000E+00      0.000
     212.0000 -0.23000E+00  0.48813E+00 -0.23000E+00  0.48813E+00 -0.43026E+00 -0.59244E+02  0.47996E+02 -0.60982E+02  0.40114E+02 -0.31061E+02 -0.15953E+03 -0.15155E+03 -0.89954E+02  0.00000E+00  0.00000E+00  0.51204E+02  0.66324E+02  0.53415E+01    741  0.00000E+00      0.000
     213.0000 -0.27000E+00  0.46532E+00 -0.27000E+00  0.46532E+00 -0.41486E+00 -0.59514E+02  0.48461E+02 -0.61252E+02  0.40579E+02 -0.31481E+02 -0.16407E+03 -0.16072E+03 -0.91411E+02  0.00000E+00  0.00000E+00  0.50577E+02  0.66594E+02  0.53415E+01    743  0.00000E+00      0.000
     214.0000 -0.12000E+00  0.42456E+00 -0.12000E+00  0.42456E+00 -0.38388E+00 -0.59634E+02  0.48886E+02 -0.61372E+02  0.41004E+02 -0.31876E+02 -0.19122E+03 -0.17857E+03 -0.94394E+02  0.00000E+00  0.00000E+00  0.49864E+02  0.66714E+02  0.53415E+01    746  0.00000E+00      0.000
     215.0000  0.00000E+00  0.50423E+00 -0.17695E-07  0.50423E+00 -0.35677E+00 -0.59634E+02  0.49390E+02 -0.61372E+02  0.41508E+02 -0.32239E+02 -0.24340E+03 -0.20968E+03 -0.98287E+02  0.00000E+00  0.00000E+00  0.49037E+02  0.66714E+02  0.53415E+01    748  0.00000E+00      0.000
     216.0000 -0.34000E+00  0.33266E+00 -0.34000E+00  0.33266E+00 -0.33198E+00 -0.59974E+02  0.49722E+02 -0.61712E+02  0.41841E+02 -0.32579E+02 -0.19279E+03 -0.20190E+03 -0.10256E+03  0.00000E+00  0.00000E+00  0.48647E+02  0.67054E+02  0.53415E+01    751  0.00000E+00      0.000
     217.0000  0.00000E+00  0.45252E+00  0.30082E-06  0.45252E+00 -0.30636E+00 -0.59974E+02  0.50175E+02 -0.61712E+02  0.42293E+02 -0.32892E+02 -0.26194E+03 -0.23007E+03 -0.10700E+03  0.00000E+00  0.00000E+00  0.47941E+02  0.67054E+02  0.53415E+01    753  0.00000E+00      0.000
     218.0000  0.00000E+00  0.39845E+00  0.46100E-07  0.39845E+00 -0.28087E+00 -0.59974E+02  0.50573E+02 -0.61712E+02  0.42692E+02 -0.33179E+02 -0.31410E+03 -0.26329E+03 -0.11142E+03  0.00000E+00  0.00000E+00  0.47229E+02  0.67054E+02  0.53415E+01    755  0.00000E+00      0.000
     219.0000 -0.34700E+01  0.15451E+00 -0.34700E+01  0.15451E+00 -0.25585E+00 -0.63444E+02  0.50728E+02 -0.65182E+02  0.42846E+02 -0.33446E+02 -0.36193E+02 -0.60354E+02 -0.11577E+03  0.00000E+00  0.00000E+00  0.50250E+02  0.70524E+02  0.53415E+01    769  0.00000E+00      0.000
     220.0000 -0.50000E-01  0.21215E+00 -0.50000E-01  0.21215E+00 -0.23216E+00 -0.63494E+02  0.50940E+02 -0.65232E+02  0.43058E+02 -0.33688E+02 -0.11462E+03 -0.10771E+03 -0.11987E+03  0.00000E+00  0.00000E+00  0.49851E+02  0.70574E+02  0.53415E+01    776  0.00000E+00      0.000
     221.0000  0.00000E+00  0.40902E+00 -0.47311E-06  0.40902E+00 -0.22079E+00 -0.63494E+02  0.51349E+02 -0.65232E+02  0.43467E+02 -0.33912E+02 -0.15418E+03 -0.13943E+03 -0.12307E+03  0.00000E+00  0.00000E+00  0.49267E+02  0.70574E+02  0.53415E+01    779  0.00000E+00      0.000
     222.0000  0.00000E+00  0.45032E+00 -0.25984E-06  0.45032E+00 -0.21622E+00 -0.63494E+02  0.51799E+02 -0.65232E+02  0.43918E+02 -0.34129E+02 -0.19156E+03 -0.16973E+03 -0.12460E+03  0.00000E+00  0.00000E+00  0.48621E+02  0.70574E+02  0.53415E+01    781  0.00000E+00      0.000
     223.0000  0.00000E+00  0.39233E+00  0.42841E-07  0.39233E+00 -0.21398E+00 -0.63494E+02  0.52192E+02 -0.65232E+02  0.44310E+02 -0.34344E+02 -0.22744E+03 -0.19804E+03 -0.12539E+03  0.00000E+00  0.00000E+00  0.47985E+02  0.70574E+02  0.53415E+01    783  0.00000E+00      0.000
     224.0000  0.00000E+00  0.49694E+00 -0.45635E-07  0.49694E+00 -0.21147E+00 -0.63494E+02  0.52689E+02 -0.65232E+02  0.44807E+02 -0.34556E+02 -0.27230E+03 -0.23061E+03 -0.12622E+03  0.00000E+00  0.00000E+00  0.47328E+02  0.70574E+02  0.53415E+01    785  0.00000E+00      0.000
     225.0000  0.00000E+00  0.53998E+00 -0.24680E-06  0.53998E+00 -0.20756E+00 -0.63494E+02  0.53229E+02 -0.65232E+02  0.45347E+02 -0.34764E+02 -0.33932E+03 -0.27454E+03 -0.12751E+03  0.00000E+00  0.00000E+00  0.46601E+02  0.70574E+02  0.53415E+01    787  0.00000E+00      0.000
     226.0000  0.00000E+00  0.52892E+00  0.13225E-06  0.52892E+00 -0.20202E+00 -0.63494E+02  0.53758E+02 -0.65232E+02  0.45876E+02 -0.34968E+02 -0.43220E+03 -0.32910E+03 -0.12937E+03  0.00000E+00  0.00000E+00  0.45863E+02  0.70574E+02  0.53415E+01    789  0.00000E+00      0.000
     227.0000  0.00000E+00  0.48292E+00  0.47497E-07  0.47957E+00 -0.19485E+00 -0.63494E+02  0.54240E+02 -0.65232E+02  0.46357E+02 -0.35165E+02 -0.55249E+03 -0.39165E+03 -0.13174E+03  0.00000E+00  0.00000E+00  0.45160E+02  0.70574E+02  0.53415E+01    791  0.00000E+00      0.000
     228.0000 -0.13000E+00  0.40139E+00 -0.13000E+00  0.40139E+00 -0.18653E+00 -0.63624E+02  0.54642E+02 -0.65362E+02  0.46759E+02 -0.35354E+02 -0.47061E+03 -0.41394E+03 -0.13449E+03  0.00000E+00  0.00000E+00  0.44673E+02  0.70704E+02  0.53415E+01    794  0.00000E+00      0.000
     229.0000 -0.13000E+00  0.29237E+00 -0.13000E+00  0.29237E+00 -0.17721E+00 -0.63754E+02  0.54934E+02 -0.65492E+02  0.47051E+02 -0.35534E+02 -0.45564E+03 -0.42188E+03 -0.13756E+03  0.00000E+00  0.00000E+00  0.44277E+02  0.70834E+02  0.53415E+01    796  0.00000E+00      0.000
     230.0000 -0.30000E-01  0.35501E+00 -0.30000E-01  0.35501E+00 -0.16738E+00 -0.63784E+02  0.55289E+02 -0.65522E+02  0.47406E+02 -0.35704E+02 -0.57528E+03 -0.45942E+03 -0.14083E+03  0.00000E+00  0.00000E+00  0.43802E+02  0.70864E+02  0.53415E+01    799  0.00000E+00      0.000
     231.0000  0.00000E+00  0.48489E+00  0.23283E-07  0.42582E+00 -0.15717E+00 -0.63784E+02  0.55774E+02 -0.65522E+02  0.47845E+02 -0.35864E+02 -0.77308E+03 -0.53938E+03 -0.14421E+03  0.00000E+00  0.00000E+00  0.43239E+02  0.70864E+02  0.53415E+01    801  0.00000E+00      0.000
     232.0000  0.00000E+00  0.47266E+00 -0.41910E-08  0.36005E+00 -0.14685E+00 -0.63784E+02  0.56247E+02 -0.65522E+02  0.48220E+02 -0.36013E+02 -0.10091E+04 -0.64281E+03 -0.14763E+03  0.00000E+00  0.00000E+00  0.42682E+02  0.70864E+02  0.53415E+01    803  0.00000E+00      0.000
     233.0000  0.00000E+00  0.45307E+00  0.16298E-07  0.29698E+00 -0.13653E+00 -0.63784E+02  0.56700E+02 -0.65522E+02  0.48528E+02 -0.36153E+02 -0.12167E+04 -0.73769E+03 -0.15105E+03  0.00000E+00  0.00000E+00  0.42202E+02  0.70864E+02  0.53415E+01    805  0.00000E+00      0.000
     234.0000  0.00000E+00  0.41707E+00 -0.48894E-08  0.24131E+00 -0.12953E+00 -0.63784E+02  0.57117E+02 -0.65522E+02  0.48778E+02 -0.36284E+02 -0.13797E+04 -0.81311E+03 -0.15482E+03  0.00000E+00  0.00000E+00  0.41794E+02  0.70864E+02  0.53415E+01    807  0.00000E+00      0.000
     235.0000 -0.46228E+01  0.51231E+00 -0.46228E+01  0.51231E+00 -0.12394E+00 -0.68407E+02  0.57629E+02 -0.70145E+02  0.49258E+02 -0.36410E+02 -0.35696E+02 -0.92672E+02 -0.15858E+03  0.00000E+00  0.00000E+00  0.45813E+02  0.75487E+02  0.53415E+01    860  0.00000E+00      0.000
     236.0000  0.00000E+00  0.44517E+00 -0.54948E-06  0.44517E+00 -0.11846E+00 -0.68407E+02  0.58074E+02 -0.70145E+02  0.49703E+02 -0.36531E+02 -0.16205E+03 -0.15753E+03 -0.16228E+03  0.00000E+00  0.00000E+00  0.45244E+02  0.75487E+02  0.53415E+01    870  0.00000E+00      0.000
     237.0000  0.00000E+00  0.43171E+00 -0.12573E-06  0.43171E+00 -0.11310E+00 -0.68407E+02  0.58506E+02 -0.70145E+02  0.50135E+02 -0.36646E+02 -0.22120E+03 -0.20367E+03 -0.16589E+03  0.00000E+00  0.00000E+00  0.44694E+02  0.75487E+02  0.53415E+01    873  0.00000E+00      0.000
     238.0000  0.00000E+00  0.34039E+00 -0.29895E-06  0.34039E+00 -0.10810E+00 -0.68407E+02  0.58846E+02 -0.70145E+02  0.50475E+02 -0.36755E+02 -0.27062E+03 -0.24167E+03 -0.16925E+03  0.00000E+00  0.00000E+00  0.44199E+02  0.75487E+02  0.53415E+01    875  0.00000E+00      0.000
     239.0000 -0.15000E+00  0.19299E+00 -0.15000E+00  0.19299E+00 -0.10358E+00 -0.68557E+02  0.59039E+02 -0.70295E+02  0.50668E+02 -0.36860E+02 -0.24615E+03 -0.24741E+03 -0.17231E+03  0.00000E+00  0.00000E+00  0.44002E+02  0.75637E+02  0.53415E+01    878  0.00000E+00      0.000
     240.0000 -0.49328E+01  0.12477E+00 -0.49328E+01  0.12477E+00 -0.99595E-01 -0.73490E+02  0.59164E+02 -0.75228E+02  0.50793E+02 -0.36962E+02 -0.17360E+02 -0.30356E+02 -0.17501E+03  0.00000E+00  0.00000E+00  0.48701E+02  0.80569E+02  0.53415E+01    893  0.00000E+00      0.000
     241.0000  0.00000E+00  0.34592E+00 -0.56252E-06  0.34592E+00 -0.96237E-01 -0.73490E+02  0.59510E+02 -0.75228E+02  0.51139E+02 -0.37059E+02 -0.10692E+03 -0.96897E+02 -0.17728E+03  0.00000E+00  0.00000E+00  0.48273E+02  0.80569E+02  0.53415E+01    901  0.00000E+00      0.000
     242.0000  0.00000E+00  0.39198E+00 -0.11073E-05  0.39198E+00 -0.94428E-01 -0.73490E+02  0.59902E+02 -0.75228E+02  0.51531E+02 -0.37154E+02 -0.14412E+03 -0.12979E+03 -0.17843E+03  0.00000E+00  0.00000E+00  0.47798E+02  0.80569E+02  0.53415E+01    904  0.00000E+00      0.000
     243.0000  0.00000E+00  0.42716E+00 -0.71991E-06  0.42716E+00 -0.96711E-01 -0.73490E+02  0.60329E+02 -0.75228E+02  0.51958E+02 -0.37250E+02 -0.17875E+03 -0.15918E+03 -0.17686E+03  0.00000E+00  0.00000E+00  0.47292E+02  0.80569E+02  0.53415E+01    906  0.00000E+00      0.000
     244.0000  0.00000E+00  0.38933E+00 -0.30734E-07  0.38933E+00 -0.10258E+00 -0.73490E+02  0.60719E+02 -0.75228E+02  0.52347E+02 -0.37351E+02 -0.21268E+03 -0.18706E+03 -0.17296E+03  0.00000E+00  0.00000E+00  0.46783E+02  0.80569E+02  0.53415E+01    908  0.00000E+00      0.000
     245.0000  0.00000E+00  0.43127E+00 -0.19092E-06  0.43127E+00 -0.10974E+00 -0.73490E+02  0.61150E+02 -0.75228E+02  0.52779E+02 -0.37459E+02 -0.24994E+03 -0.21646E+03 -0.16820E+03  0.00000E+00  0.00000E+00  0.46265E+02  0.80569E+02  0.53415E+01    910  0.00000E+00      0.000
     246.0000  0.00000E+00  0.39058E+00  0.11409E-06  0.39058E+00 -0.11611E+00 -0.73490E+02  0.61541E+02 -0.75228E+02  0.53169E+02 -0.37573E+02 -0.29216E+03 -0.24587E+03 -0.16393E+03  0.00000E+00  0.00000E+00  0.45739E+02  0.80569E+02  0.53415E+01    912  0.00000E+00      0.000
     247.0000  0.00000E+00  0.31293E+00  0.18347E-06  0.31293E+00 -0.12070E+00 -0.73490E+02  0.61853E+02 -0.75228E+02  0.53482E+02 -0.37693E+02 -0.32929E+03 -0.27253E+03 -0.16085E+03  0.00000E+00  0.00000E+00  0.45268E+02  0.80569E+02  0.53415E+01    914  0.00000E+00      0.000
     248.0000  0.00000E+00  0.38035E+00  0.11036E-06  0.38035E+00 -0.12332E+00 -0.73490E+02  0.62234E+02 -0.75228E+02  0.53862E+02 -0.37816E+02 -0.37312E+03 -0.30314E+03 -0.15907E+03  0.00000E+00  0.00000E+00  0.44798E+02  0.80569E+02  0.53415E+01    916  0.00000E+00      0.000
     249.0000  0.00000E+00  0.33181E+00  0.67987E-07  0.33181E+00 -0.12422E+00 -0.73490E+02  0.62566E+02 -0.75228E+02  0.54194E+02 -0.37940E+02 -0.42878E+03 -0.33732E+03 -0.15845E+03  0.00000E+00  0.00000E+00  0.44318E+02  0.80569E+02  0.53415E+01    918  0.00000E+00      0.000
     250.0000  0.00000E+00  0.31332E+00 -0.36787E-07  0.31332E+00 -0.12374E+00 -0.73490E+02  0.62879E+02 -0.75228E+02  0.54508E+02 -0.38064E+02 -0.48259E+03 -0.37073E+03 -0.15876E+03  0.00000E+00  0.00000E+00  0.43872E+02  0.80569E+02  0.53415E+01    920  0.00000E+00      0.000
     251.0000  0.00000E+00  0.33962E+00 -0.23283E-07  0.33962E+00 -0.12222E+00 -0.73490E+02  0.63219E+02 -0.75228E+02  0.54847E+02 -0.38187E+02 -0.55687E+03 -0.41136E+03 -0.15977E+03  0.00000E+00  0.00000E+00  0.43422E+02  0.80569E+02  0.53415E+01    922  0.00000E+00      0.000
     252.0000  0.00000E+00  0.22860E+00 -0.42841E-07  0.22860E+00 -0.11988E+00 -0.73490E+02  0.63447E+02 -0.75228E+02  0.55076E+02 -0.38307E+02 -0.62184E+03 -0.44583E+03 -0.16131E+03  0.00000E+00  0.00000E+00  0.43018E+02  0.80569E+02  0.53415E+01    924  0.00000E+00      0.000
     253.0000  0.00000E+00  0.26338E+00  0.40047E-07  0.26338E+00 -0.11702E+00 -0.73490E+02  0.63711E+02 -0.75228E+02  0.55339E+02 -0.38425E+02 -0.68353E+03 -0.47794E+03 -0.16326E+03  0.00000E+00  0.00000E+00  0.42654E+02  0.80569E+02  0.53415E+01    926  0.00000E+00      0.000
     254.0000  0.00000E+00  0.17830E+00 -0.51223E-08  0.17830E+00 -0.11370E+00 -0.73490E+02  0.63889E+02 -0.75228E+02  0.55517E+02 -0.38539E+02 -0.73576E+03 -0.50432E+03 -0.16550E+03  0.00000E+00  0.00000E+00  0.42319E+02  0.80569E+02  0.53415E+01    928  0.00000E+00      0.000
     255.0000  0.00000E+00  0.19665E+00  0.32247E-07  0.19665E+00 -0.11007E+00 -0.73490E+02  0.64085E+02 -0.75228E+02  0.55714E+02 -0.38650E+02 -0.77392E+03 -0.52642E+03 -0.16794E+03  0.00000E+00  0.00000E+00  0.42020E+02  0.80569E+02  0.53415E+01    930  0.00000E+00      0.000
end
