

   Time         sum(rTop)     sum(rRoot)    sum(vTop)     sum(vRoot)     sum(vBot)    hTop       hRoot      hBot      A-level
    [T]           [L]           [L]           [L]           [L]            [L]        [L]         [L]       [L] 

     1.00000  0.000000E+00  0.000000E+00  0.327174E-06  0.000000E+00 -0.161489E+01    -47.592    -24.666    -18.123       1
     2.00000  0.355600E-01  0.000000E+00  0.355607E-01  0.000000E+00 -0.284125E+01    -61.347    -32.596    -23.270       2
     3.00000  0.142240E+00  0.000000E+00  0.142241E+00  0.000000E+00 -0.380849E+01    -75.900    -39.639    -28.344       3
     4.00000  0.218440E+00  0.000000E+00  0.218441E+00  0.000000E+00 -0.459636E+01    -84.266    -45.559    -32.931       4
     5.00000  0.251460E+00  0.000000E+00  0.251461E+00  0.000000E+00 -0.525401E+01    -88.173    -50.434    -37.055       5
     6.00000  0.299720E+00  0.000000E+00  0.299721E+00  0.000000E+00 -0.582096E+01    -94.798    -54.943    -40.864       6
     7.00000  0.426720E+00  0.000000E+00  0.426721E+00  0.000000E+00 -0.631721E+01   -110.755    -59.703    -44.459       7
     8.00000  0.612140E+00  0.000000E+00  0.612141E+00  0.000000E+00 -0.675147E+01   -133.107    -64.688    -47.552       8
     9.00000  0.789940E+00  0.000000E+00  0.789941E+00  0.000000E+00 -0.714511E+01   -150.127    -69.511    -50.633       9
    10.00000  0.886460E+00  0.000000E+00  0.886461E+00  0.000000E+00 -0.750373E+01   -146.473    -73.350    -53.641      10
    11.00000  0.932180E+00  0.000000E+00  0.932181E+00  0.000000E+00 -0.782867E+01   -140.322    -76.482    -56.511      11
    12.00000  0.112522E+01  0.000000E+00  0.112522E+01  0.000000E+00 -0.812257E+01   -182.009    -81.100    -59.144      12
    13.00000  0.135636E+01  0.000000E+00  0.135636E+01  0.000000E+00 -0.839272E+01   -235.596    -86.297    -61.662      13
    14.00000  0.152908E+01  0.000000E+00  0.152908E+01  0.000000E+00 -0.864612E+01   -248.177    -90.734    -64.203      14
    15.00000  0.156210E+01  0.000000E+00  0.156210E+01  0.000000E+00 -0.888297E+01   -195.208    -93.034    -66.715      15
    16.00000  0.158242E+01  0.000000E+00  0.158242E+01  0.000000E+00 -0.910364E+01   -180.967    -95.195    -69.164      16
    17.00000  0.162560E+01  0.000000E+00  0.162560E+01  0.000000E+00 -0.930867E+01   -182.694    -97.610    -71.524      17
    18.00000  0.178562E+01  0.000000E+00  0.178562E+01  0.000000E+00 -0.949886E+01   -237.902   -101.666    -73.759      18
    19.00000  0.189230E+01  0.000000E+00  0.189230E+01  0.000000E+00 -0.967550E+01   -240.269   -104.918    -75.828      19
    20.00000  0.201930E+01  0.000000E+00  0.201930E+01  0.000000E+00 -0.984332E+01   -268.989   -108.513    -78.003      20
    21.00000  0.220218E+01  0.000000E+00  0.220218E+01  0.000000E+00 -0.100037E+02   -363.641   -113.259    -80.132      21
    22.00000  0.228092E+01  0.000000E+00  0.228092E+01  0.000000E+00 -0.101567E+02   -302.062   -115.909    -82.225      22
    23.00000  0.236982E+01  0.000000E+00  0.236982E+01  0.000000E+00 -0.103024E+02   -307.983   -118.769    -84.275      23
    24.00000  0.245364E+01  0.000000E+00  0.245364E+01  0.000000E+00 -0.104411E+02   -311.383   -121.537    -86.280      24
    25.00000  0.251460E+01  0.000000E+00  0.251460E+01  0.000000E+00 -0.105730E+02   -296.160   -123.818    -88.234      25
    26.00000  0.266700E+01  0.000000E+00  0.266700E+01  0.000000E+00 -0.106981E+02   -421.175   -128.166    -90.135      26
    27.00000  0.271272E+01  0.000000E+00  0.271272E+01  0.000000E+00 -0.108167E+02   -327.498   -129.998    -91.969      27
    28.00000  0.274701E+01  0.000000E+00  0.274701E+01  0.000000E+00 -0.109291E+02   -300.043   -131.590    -93.725      28
    29.00000  0.276987E+01  0.000000E+00  0.276987E+01  0.000000E+00 -0.110356E+02   -279.256   -132.965    -95.395      29
    30.00000  0.282575E+01  0.000000E+00  0.282575E+01  0.000000E+00 -0.111381E+02   -296.575   -135.093    -97.207      30
    31.00000  0.292989E+01  0.000000E+00  0.292989E+01  0.000000E+00 -0.112375E+02   -361.705   -138.364    -98.970      31
    32.00000  0.304165E+01  0.000000E+00  0.304165E+01  0.000000E+00 -0.113339E+02   -426.125   -141.924   -100.705      32
    33.00000  0.318643E+01  0.000000E+00  0.318643E+01  0.000000E+00 -0.114271E+02   -617.263   -146.599   -102.416      33
    34.00000  0.344805E+01  0.000000E+00  0.344805E+01  0.000000E+00 -0.115174E+02  -5818.361   -158.083   -104.104      34
    35.00000  0.364109E+01  0.000000E+00  0.364109E+01  0.000000E+00 -0.116051E+02 -27555.979   -172.123   -105.770      35
    36.00000  0.384175E+01  0.000000E+00  0.384068E+01  0.000000E+00 -0.116899E+02***********   -217.398   -107.409      36
    37.00000  0.399415E+01  0.000000E+00  0.396725E+01  0.000000E+00 -0.117720E+02***********   -232.281   -109.021      37
    38.00000  0.420751E+01  0.000000E+00  0.407137E+01  0.000000E+00 -0.118510E+02***********   -239.906   -110.603      38
    39.00000  0.431165E+01  0.000000E+00  0.416486E+01  0.000000E+00 -0.119272E+02***********   -245.528   -112.160      39
    40.00000  0.454787E+01  0.000000E+00  0.425101E+01  0.000000E+00 -0.120009E+02***********   -249.934   -113.687      40
    41.00000  0.481965E+01  0.000000E+00  0.433266E+01  0.000000E+00 -0.120720E+02***********   -254.902   -115.184      41
    42.00000  0.499745E+01  0.000000E+00  0.440967E+01  0.000000E+00 -0.121405E+02***********   -258.332   -116.650      42
    43.00000  0.531495E+01  0.000000E+00  0.448391E+01  0.000000E+00 -0.122064E+02***********   -262.936   -118.085      43
    44.00000  0.555117E+01  0.000000E+00  0.455354E+01  0.000000E+00 -0.122696E+02***********   -265.660   -119.480      44
    45.00000  0.561721E+01  0.000000E+00  0.461958E+01  0.000000E+00 -0.123303E+02-770708.562   -266.195   -120.921      45
    46.00000  0.574929E+01  0.000000E+00  0.468808E+01  0.000000E+00 -0.123898E+02***********   -273.416   -122.437      46
    47.00000  0.603631E+01  0.000000E+00  0.475201E+01  0.000000E+00 -0.124479E+02***********   -277.099   -123.909      47
    48.00000  0.627761E+01  0.000000E+00  0.481362E+01  0.000000E+00 -0.125047E+02***********   -280.752   -125.359      48
    49.00000  0.642239E+01  0.000000E+00  0.487311E+01  0.000000E+00 -0.125603E+02***********   -284.220   -126.796      49
    50.00000  0.658749E+01  0.000000E+00  0.493070E+01  0.000000E+00 -0.126146E+02***********   -287.464   -128.219      50
    51.00000  0.666369E+01  0.000000E+00  0.498682E+01  0.000000E+00 -0.126678E+02***********   -290.613   -129.631      51
    52.00000  0.672973E+01  0.000000E+00  0.504178E+01  0.000000E+00 -0.127198E+02***********   -294.903   -131.030      52
    53.00000  0.675259E+01  0.000000E+00  0.506463E+01  0.000000E+00 -0.127706E+02 -77339.656   -258.259   -132.416      53
    54.00000  0.677037E+01  0.000000E+00  0.508242E+01  0.000000E+00 -0.128203E+02 -18247.287   -242.377   -133.790      54
    55.00000  0.682625E+01  0.000000E+00  0.513830E+01  0.000000E+00 -0.128688E+02 -54654.664   -248.515   -135.152      55
    56.00000  0.701167E+01  0.000000E+00  0.523220E+01  0.000000E+00 -0.129164E+02***********   -298.490   -136.501      56
    57.00000  0.721233E+01  0.000000E+00  0.528618E+01  0.000000E+00 -0.129627E+02***********   -304.863   -137.837      57
    58.00000  0.735965E+01  0.000000E+00  0.533600E+01  0.000000E+00 -0.130078E+02***********   -308.385   -139.159      58
    59.00000  0.741553E+01  0.000000E+00  0.538408E+01  0.000000E+00 -0.130519E+02***********   -312.736   -140.467      59
    60.00000  0.753999E+01  0.000000E+00  0.542988E+01  0.000000E+00 -0.130947E+02***********   -315.206   -141.761      60
    61.00000  0.775843E+01  0.000000E+00  0.547519E+01  0.000000E+00 -0.131365E+02***********   -317.974   -143.041      61
    62.00000  0.791337E+01  0.000000E+00  0.551982E+01  0.000000E+00 -0.131772E+02***********   -320.788   -144.308      62
    63.00000  0.808863E+01  0.000000E+00  0.556387E+01  0.000000E+00 -0.132168E+02***********   -323.638   -145.559      63
    64.00000  0.812419E+01  0.000000E+00  0.559943E+01  0.000000E+00 -0.132554E+02-481406.438   -311.148   -146.795      64
    65.00000  0.817499E+01  0.000000E+00  0.564687E+01  0.000000E+00 -0.132930E+02***********   -327.100   -148.018      65
    66.00000  0.823595E+01  0.000000E+00  0.568936E+01  0.000000E+00 -0.133296E+02***********   -330.440   -149.223      66
    67.00000  0.827913E+01  0.000000E+00  0.573127E+01  0.000000E+00 -0.133650E+02***********   -333.811   -150.416      67
    68.00000  0.834263E+01  0.000000E+00  0.577232E+01  0.000000E+00 -0.133995E+02***********   -336.766   -151.606      68
    69.00000  0.837057E+01  0.000000E+00  0.580026E+01  0.000000E+00 -0.134332E+02-305695.719   -316.819   -152.945      69
    70.00000  0.842137E+01  0.000000E+00  0.584771E+01  0.000000E+00 -0.134664E+02***********   -338.418   -154.272      70
    71.00000  0.848741E+01  0.000000E+00  0.588817E+01  0.000000E+00 -0.134991E+02***********   -343.205   -155.558      71
    72.00000  0.866013E+01  0.000000E+00  0.592640E+01  0.000000E+00 -0.135312E+02***********   -345.851   -156.819      72
    73.00000  0.888111E+01  0.000000E+00  0.596399E+01  0.000000E+00 -0.135629E+02***********   -348.575   -158.063      73
    74.00000  0.897509E+01  0.000000E+00  0.600096E+01  0.000000E+00 -0.135941E+02***********   -351.241   -159.292      74
    75.00000  0.908431E+01  0.000000E+00  0.603720E+01  0.000000E+00 -0.136248E+02***********   -353.724   -160.506      75
    76.00000  0.921639E+01  0.000000E+00  0.607278E+01  0.000000E+00 -0.136550E+02***********   -356.073   -161.708      76
    77.00000  0.940943E+01  0.000000E+00  0.610782E+01  0.000000E+00 -0.136848E+02***********   -358.365   -162.898      77
    78.00000  0.956437E+01  0.000000E+00  0.614234E+01  0.000000E+00 -0.137141E+02***********   -360.619   -164.075      78
    79.00000  0.965073E+01  0.000000E+00  0.617635E+01  0.000000E+00 -0.137429E+02***********   -362.835   -165.241      79
    80.00000  0.978027E+01  0.000000E+00  0.620988E+01  0.000000E+00 -0.137713E+02***********   -365.022   -166.395      80
    81.00000  0.991997E+01  0.000000E+00  0.624292E+01  0.000000E+00 -0.137993E+02***********   -367.023   -167.539      81
    82.00000  0.101232E+02  0.000000E+00  0.627571E+01  0.000000E+00 -0.138268E+02***********   -369.347   -168.671      82
    83.00000  0.102781E+02  0.000000E+00  0.630791E+01  0.000000E+00 -0.138539E+02***********   -371.169   -169.792      83
    84.00000  0.103899E+02  0.000000E+00  0.634011E+01  0.000000E+00 -0.138806E+02***********   -373.685   -170.903      84
    85.00000  0.104991E+02  0.000000E+00  0.637122E+01  0.000000E+00 -0.139068E+02***********   -375.298   -172.004      85
    86.00000  0.106693E+02  0.000000E+00  0.640302E+01  0.000000E+00 -0.139326E+02***********   -377.594   -173.095      86
    87.00000  0.107912E+02  0.000000E+00  0.643322E+01  0.000000E+00 -0.139579E+02***********   -379.974   -174.176      87
    88.00000  0.109131E+02  0.000000E+00  0.646315E+01  0.000000E+00 -0.139829E+02***********   -381.586   -175.247      88
    89.00000  0.109944E+02  0.000000E+00  0.649339E+01  0.000000E+00 -0.140074E+02***********   -383.927   -176.309      89
    90.00000  0.111900E+02  0.000000E+00  0.652348E+01  0.000000E+00 -0.140316E+02***********   -385.418   -177.363      90
    91.00000  0.111900E+02  0.254000E+00  0.652348E+01  0.983479E+01 -0.140450E+02 -43414.793   -629.463   -366.046      91
    92.00000  0.111900E+02  0.485140E+00  0.652348E+01  0.145946E+02 -0.140455E+02 -15546.495  -1431.256   -976.211      92
    93.00000  0.111900E+02  0.594360E+00  0.652348E+01  0.147613E+02 -0.140456E+02  -8933.040  -1620.839  -1403.086      93
    94.00000  0.111900E+02  0.660400E+00  0.652348E+01  0.147636E+02 -0.140457E+02  -6191.944  -1632.871  -1524.168      94
    95.00000  0.111900E+02  0.822960E+00  0.652348E+01  0.147646E+02 -0.140457E+02  -4793.288  -1633.660  -1573.306      95
    96.00000  0.111900E+02  0.115570E+01  0.652348E+01  0.147649E+02 -0.140457E+02  -3986.807  -1633.521  -1593.375      96
    97.00000  0.111900E+02  0.152908E+01  0.652348E+01  0.147650E+02 -0.140458E+02  -3525.232  -1633.119  -1599.513      97
    98.00000  0.111900E+02  0.190754E+01  0.652348E+01  0.147650E+02 -0.140458E+02  -3199.538  -1632.902  -1600.398      98
    99.00000  0.111900E+02  0.236474E+01  0.652348E+01  0.147650E+02 -0.140459E+02  -2994.914  -1632.663  -1600.573      99
   100.00000  0.111900E+02  0.291338E+01  0.652348E+01  0.147650E+02 -0.140459E+02  -2837.238  -1632.426  -1600.658     100
   101.00000  0.111900E+02  0.338582E+01  0.652348E+01  0.147650E+02 -0.140459E+02  -2710.427  -1632.248  -1600.719     101
   102.00000  0.111900E+02  0.356870E+01  0.652348E+01  0.147650E+02 -0.140460E+02  -2608.819  -1632.089  -1600.767     102
   103.00000  0.111900E+02  0.366522E+01  0.652348E+01  0.147650E+02 -0.140460E+02  -2526.144  -1631.925  -1600.807     103
   104.00000  0.111900E+02  0.384556E+01  0.652348E+01  0.147650E+02 -0.140461E+02  -2465.670  -1631.858  -1600.842     104
   105.00000  0.111900E+02  0.413766E+01  0.652348E+01  0.147650E+02 -0.140461E+02  -2419.175  -1631.807  -1600.871     105
   106.00000  0.111900E+02  0.454406E+01  0.652348E+01  0.147650E+02 -0.140461E+02  -2376.270  -1631.758  -1600.899     106
   107.00000  0.111900E+02  0.489458E+01  0.652348E+01  0.147650E+02 -0.140462E+02  -2337.396  -1631.709  -1600.923     107
   108.00000  0.111900E+02  0.501904E+01  0.652348E+01  0.147650E+02 -0.140462E+02  -2302.498  -1631.657  -1600.946     108
   109.00000  0.111900E+02  0.514350E+01  0.652348E+01  0.147650E+02 -0.140463E+02  -2271.174  -1631.604  -1600.967     109
   110.00000  0.111900E+02  0.528066E+01  0.652348E+01  0.147650E+02 -0.140463E+02  -2242.970  -1631.550  -1600.986     110
   111.00000  0.111900E+02  0.539496E+01  0.652348E+01  0.147650E+02 -0.140463E+02  -2217.466  -1631.496  -1601.004     111
   112.00000  0.111900E+02  0.561086E+01  0.652348E+01  0.147650E+02 -0.140464E+02  -2194.303  -1631.444  -1601.020     112
   113.00000  0.111900E+02  0.586994E+01  0.652348E+01  0.147650E+02 -0.140464E+02  -2173.174  -1631.392  -1601.036     113
   114.00000  0.111900E+02  0.615188E+01  0.652348E+01  0.147650E+02 -0.140465E+02  -2153.820  -1631.342  -1601.051     114
   115.00000  0.111900E+02  0.651256E+01  0.652348E+01  0.147650E+02 -0.140465E+02  -2136.024  -1631.294  -1601.064     115
   116.00000  0.111900E+02  0.688086E+01  0.652348E+01  0.147650E+02 -0.140465E+02  -2119.604  -1631.248  -1601.077     116
   117.00000  0.111900E+02  0.711708E+01  0.652348E+01  0.147650E+02 -0.140466E+02  -2104.402  -1631.204  -1601.089     117
   118.00000  0.111900E+02  0.749554E+01  0.652348E+01  0.147650E+02 -0.140466E+02  -2090.286  -1631.162  -1601.101     118
   119.00000  0.111900E+02  0.785876E+01  0.652348E+01  0.147650E+02 -0.140467E+02  -2077.145  -1631.128  -1601.111     119
   120.00000  0.111900E+02  0.827024E+01  0.652348E+01  0.147650E+02 -0.140467E+02  -2064.896  -1631.099  -1601.122     120
   121.00000  0.111900E+02  0.866648E+01  0.652348E+01  0.147650E+02 -0.140467E+02  -2053.460  -1944.696  -1601.132     121
   122.00000  0.111900E+02  0.901954E+01  0.652348E+01  0.147650E+02 -0.140468E+02  -2042.760  -1940.164  -1601.142     122
   123.00000  0.111900E+02  0.938276E+01  0.652348E+01  0.147650E+02 -0.140468E+02  -2032.724  -1935.763  -1601.152     123
   124.00000  0.111900E+02  0.978154E+01  0.652348E+01  0.147650E+02 -0.140469E+02  -2023.288  -1931.491  -1601.161     124
   125.00000  0.111900E+02  0.100203E+02  0.652348E+01  0.147650E+02 -0.140469E+02  -2014.408  -1927.458  -1601.169     125
   126.00000  0.111900E+02  0.101143E+02  0.652348E+01  0.147650E+02 -0.140469E+02  -2006.075  -1923.607  -1601.178     126
   127.00000  0.111900E+02  0.104038E+02  0.652348E+01  0.147650E+02 -0.140470E+02  -1998.248  -1919.871  -1601.186     127
   128.00000  0.111900E+02  0.107747E+02  0.652348E+01  0.147650E+02 -0.140470E+02  -1990.870  -1916.239  -1601.194     128
   129.00000  0.111900E+02  0.110490E+02  0.652348E+01  0.147650E+02 -0.140471E+02  -1983.967  -1912.870  -1601.202     129
   130.00000  0.111900E+02  0.113741E+02  0.652348E+01  0.147650E+02 -0.140471E+02  -1977.522  -1909.610  -1601.210     130
   131.00000  0.111900E+02  0.116027E+02  0.652348E+01  0.147650E+02 -0.140471E+02  -1971.545  -1906.522  -1601.216     131
   132.00000  0.111900E+02  0.119024E+02  0.652348E+01  0.147650E+02 -0.140472E+02  -1966.089  -1903.584  -1601.223     132
   133.00000  0.111900E+02  0.120853E+02  0.652348E+01  0.147650E+02 -0.140472E+02  -1961.764  -1900.865  -1601.229     133
   134.00000  0.111900E+02  0.122987E+02  0.652348E+01  0.147650E+02 -0.140473E+02  -1957.819  -1898.244  -1601.234     134
   135.00000  0.111900E+02  0.127279E+02  0.652348E+01  0.147650E+02 -0.140473E+02  -1953.779  -1895.700  -1601.241     135
   136.00000  0.111900E+02  0.132461E+02  0.652348E+01  0.147650E+02 -0.140473E+02  -1949.741  -1893.222  -1601.247     136
   137.00000  0.111900E+02  0.134315E+02  0.652348E+01  0.147650E+02 -0.140474E+02  -1945.758  -1890.805  -1601.253     137
   138.00000  0.111900E+02  0.137668E+02  0.652348E+01  0.147650E+02 -0.140474E+02  -1941.852  -1888.446  -1601.258     138
   139.00000  0.111900E+02  0.141935E+02  0.652348E+01  0.147650E+02 -0.140475E+02  -1938.035  -1886.141  -1601.264     139
   140.00000  0.111900E+02  0.145999E+02  0.652348E+01  0.147650E+02 -0.140475E+02  -1934.312  -1883.887  -1601.269     140
   141.00000  0.111900E+02  0.150444E+02  0.652348E+01  0.147650E+02 -0.140475E+02  -1930.685  -1881.683  -1601.275     141
   142.00000  0.111900E+02  0.153949E+02  0.652348E+01  0.147650E+02 -0.140476E+02  -1927.156  -1879.525  -1601.279     142
   143.00000  0.111900E+02  0.158039E+02  0.652348E+01  0.147650E+02 -0.140476E+02  -1923.722  -1877.414  -1601.284     143
   144.00000  0.111900E+02  0.160833E+02  0.652348E+01  0.147650E+02 -0.140477E+02  -1920.383  -1875.346  -1601.289     144
   145.00000  0.111900E+02  0.162306E+02  0.652348E+01  0.147650E+02 -0.140477E+02  -1917.136  -1873.321  -1601.293     145
   146.00000  0.111900E+02  0.163500E+02  0.652348E+01  0.147650E+02 -0.140477E+02  -1913.978  -1871.337  -1601.297     146
   147.00000  0.111900E+02  0.164592E+02  0.652348E+01  0.147650E+02 -0.140478E+02  -1910.908  -1869.393  -1601.301     147
   148.00000  0.111900E+02  0.168377E+02  0.652348E+01  0.147650E+02 -0.140478E+02  -1907.920  -1867.487  -1601.305     148
   149.00000  0.111900E+02  0.172796E+02  0.652348E+01  0.147650E+02 -0.140479E+02  -1905.014  -1865.619  -1601.310     149
   150.00000  0.111900E+02  0.177292E+02  0.652348E+01  0.147650E+02 -0.140479E+02  -1902.187  -1863.788  -1601.314     150
   151.00000  0.111900E+02  0.180645E+02  0.652348E+01  0.147650E+02 -0.140479E+02  -1899.435  -1861.992  -1601.318     151
   152.00000  0.111900E+02  0.183261E+02  0.652348E+01  0.147650E+02 -0.140480E+02  -1896.755  -1798.192  -1601.322     152
   153.00000  0.111900E+02  0.184302E+02  0.652348E+01  0.147650E+02 -0.140480E+02  -1894.147  -1797.580  -1601.326     153
   154.00000  0.111900E+02  0.186207E+02  0.652348E+01  0.147650E+02 -0.140481E+02  -1891.607  -1796.968  -1601.330     154
   155.00000  0.111900E+02  0.190373E+02  0.652348E+01  0.147650E+02 -0.140481E+02  -1889.130  -1796.360  -1601.334     155
   156.00000  0.111900E+02  0.194132E+02  0.652348E+01  0.147650E+02 -0.140481E+02  -1886.718  -1795.753  -1601.338     156
   157.00000  0.111900E+02  0.197358E+02  0.652348E+01  0.147650E+02 -0.140482E+02  -1884.366  -1795.149  -1601.342     157
   158.00000  0.111900E+02  0.201549E+02  0.652348E+01  0.147650E+02 -0.140482E+02  -1882.072  -1794.547  -1601.347     158
   159.00000  0.111900E+02  0.204394E+02  0.652348E+01  0.147650E+02 -0.140483E+02  -1879.834  -1793.948  -1601.350     159
   160.00000  0.111900E+02  0.206324E+02  0.652348E+01  0.147650E+02 -0.140483E+02  -1877.651  -1793.353  -1601.355     160
   161.00000  0.111900E+02  0.208788E+02  0.652348E+01  0.147650E+02 -0.140483E+02  -1875.520  -1792.760  -1601.359     161
   162.00000  0.111900E+02  0.212903E+02  0.652348E+01  0.147650E+02 -0.140484E+02  -1873.439  -1792.170  -1601.362     162
   163.00000  0.111900E+02  0.217043E+02  0.652348E+01  0.147650E+02 -0.140484E+02  -1871.406  -1791.583  -1601.365     163
   164.00000  0.111900E+02  0.221691E+02  0.652348E+01  0.147650E+02 -0.140485E+02  -1869.422  -1791.000  -1601.369     164
   165.00000  0.111900E+02  0.226187E+02  0.652348E+01  0.147650E+02 -0.140485E+02  -1867.482  -1790.420  -1601.372     165
   166.00000  0.111900E+02  0.228879E+02  0.652348E+01  0.147650E+02 -0.140485E+02  -1865.587  -1789.844  -1601.375     166
   167.00000  0.111900E+02  0.233197E+02  0.652348E+01  0.147650E+02 -0.140486E+02  -1863.733  -1789.270  -1601.378     167
   168.00000  0.111900E+02  0.237134E+02  0.652348E+01  0.147650E+02 -0.140486E+02  -1861.920  -1788.701  -1601.381     168
   169.00000  0.111900E+02  0.240538E+02  0.652348E+01  0.147650E+02 -0.140487E+02  -1860.147  -1788.135  -1601.384     169
   170.00000  0.111900E+02  0.245237E+02  0.652348E+01  0.147650E+02 -0.140487E+02  -1858.412  -1787.573  -1601.386     170
   171.00000  0.111900E+02  0.249682E+02  0.652348E+01  0.147650E+02 -0.140487E+02  -1856.714  -1787.014  -1601.389     171
   172.00000  0.111900E+02  0.253162E+02  0.652348E+01  0.147650E+02 -0.140488E+02  -1855.051  -1786.459  -1601.392     172
   173.00000  0.111900E+02  0.257226E+02  0.652348E+01  0.147650E+02 -0.140488E+02  -1853.424  -1785.909  -1601.395     173
   174.00000  0.111900E+02  0.260426E+02  0.652348E+01  0.147650E+02 -0.140489E+02  -1851.830  -1785.361  -1601.397     174
   175.00000  0.111900E+02  0.264439E+02  0.652348E+01  0.147650E+02 -0.140489E+02  -1850.268  -1784.817  -1601.400     175
   176.00000  0.902887E+01  0.267843E+02  0.436238E+01  0.149511E+02 -0.140489E+02    -49.135   -731.796  -1601.401     176
   177.00000  0.736767E+01  0.272237E+02  0.270118E+01  0.153716E+02 -0.140490E+02    -45.429   -159.061  -1601.401     177
   178.00000  0.539716E+01  0.275641E+02  0.730678E+00  0.157119E+02 -0.140490E+02    -30.630    -59.185  -1601.401     178
   179.00000  0.539716E+01  0.279146E+02  0.730678E+00  0.160625E+02 -0.140491E+02   -115.394   -117.491  -1601.401     179
   180.00000  0.209006E+01  0.283845E+02 -0.257642E+01  0.165324E+02 -0.140491E+02    -13.074    -24.585  -1601.401     180
   181.00000  0.209006E+01  0.288493E+02 -0.257642E+01  0.169972E+02 -0.140491E+02    -91.098    -84.531  -1601.401     181
   182.00000 -0.121194E+01  0.294386E+02 -0.587842E+01  0.175865E+02 -0.140492E+02    -10.933    -25.961  -1601.401     182
   183.00000 -0.121194E+01  0.298882E+02 -0.587842E+01  0.180360E+02 -0.140492E+02    -75.373    -68.790  -1601.401     183
   184.00000 -0.368924E+01  0.302641E+02 -0.835572E+01  0.184120E+02 -0.140493E+02    -15.995    -28.493  -1601.402     184
   185.00000 -0.368924E+01  0.305638E+02 -0.835572E+01  0.187117E+02 -0.140493E+02    -69.675    -61.805  -1601.403     185
   186.00000 -0.368924E+01  0.309575E+02 -0.835572E+01  0.191054E+02 -0.140493E+02    -99.487    -87.462  -1601.403     186
   187.00000 -0.368924E+01  0.313512E+02 -0.835572E+01  0.194991E+02 -0.140494E+02   -129.037   -111.814  -1601.405     187
   188.00000 -0.368924E+01  0.317627E+02 -0.835572E+01  0.199106E+02 -0.140494E+02   -162.915   -137.987  -1601.407     188
   189.00000 -0.368924E+01  0.321894E+02 -0.835572E+01  0.203373E+02 -0.140495E+02   -205.213   -168.256  -1601.409     189
   190.00000 -0.368924E+01  0.326543E+02 -0.835572E+01  0.208021E+02 -0.140495E+02   -265.018   -206.670  -1601.411     190
   191.00000 -0.368924E+01  0.330733E+02 -0.835572E+01  0.212212E+02 -0.140495E+02   -345.016   -252.905  -1601.413     191
   192.00000 -0.368924E+01  0.334035E+02 -0.835572E+01  0.215514E+02 -0.140496E+02   -436.618   -301.121  -1601.416     192
   193.00000 -0.368924E+01  0.338379E+02 -0.835572E+01  0.219854E+02 -0.140496E+02   -565.657   -365.608  -1601.418     193
   194.00000 -0.504944E+01  0.342316E+02 -0.971592E+01  0.223791E+02 -0.140497E+02    -69.678   -236.257  -1601.419     194
   195.00000 -0.631944E+01  0.345847E+02 -0.109859E+02  0.227322E+02 -0.140497E+02    -53.061   -154.128  -1601.419     195
   196.00000 -0.758944E+01  0.349987E+02 -0.122559E+02  0.231462E+02 -0.140497E+02    -44.688   -100.726  -1601.422     196
   197.00000 -0.885944E+01  0.354305E+02 -0.135259E+02  0.235780E+02 -0.140498E+02    -40.025    -73.181  -1601.423     197
   198.00000 -0.101396E+02  0.358979E+02 -0.148061E+02  0.240454E+02 -0.140498E+02    -36.633    -59.307  -1601.426     198
   199.00000 -0.126796E+02  0.363424E+02 -0.173461E+02  0.244899E+02 -0.140499E+02    -15.380    -27.272  -1601.428     199
   200.00000 -0.126796E+02  0.367615E+02 -0.173461E+02  0.249090E+02 -0.140499E+02    -70.959    -61.862  -1601.429     200
   201.00000 -0.139496E+02  0.372009E+02 -0.186161E+02  0.253484E+02 -0.140499E+02    -35.018    -48.807  -1601.431     201
   202.00000 -0.139496E+02  0.376733E+02 -0.186161E+02  0.258208E+02 -0.140500E+02    -85.755    -75.572  -1601.432     202
   203.00000 -0.139496E+02  0.381407E+02 -0.186161E+02  0.262882E+02 -0.140500E+02   -117.791   -100.449  -1601.434     203
   204.00000 -0.139496E+02  0.386004E+02 -0.186161E+02  0.267479E+02 -0.140500E+02   -151.756   -125.921  -1601.436     204
   205.00000 -0.139496E+02  0.390703E+02 -0.186161E+02  0.272178E+02 -0.140501E+02   -192.896   -154.548  -1601.438     205
   206.00000 -0.139496E+02  0.395351E+02 -0.186161E+02  0.276826E+02 -0.140501E+02   -246.501   -188.365  -1601.440     206
   207.00000 -0.139496E+02  0.399847E+02 -0.186161E+02  0.281322E+02 -0.140502E+02   -317.893   -228.902  -1601.443     207
   208.00000 -0.139496E+02  0.403251E+02 -0.186161E+02  0.284726E+02 -0.140502E+02   -400.142   -271.099  -1601.444     208
   209.00000 -0.139496E+02  0.406858E+02 -0.186161E+02  0.288333E+02 -0.140502E+02   -494.586   -316.870  -1601.447     209
   210.00000 -0.139496E+02  0.410795E+02 -0.186161E+02  0.292250E+02 -0.140503E+02   -643.559   -382.536  -1601.449     210
   211.00000 -0.139496E+02  0.414706E+02 -0.186161E+02  0.295887E+02 -0.140503E+02   -856.507   -473.360  -1601.451     211
   212.00000 -0.139496E+02  0.418846E+02 -0.186161E+02  0.299223E+02 -0.140504E+02  -1091.389   -580.918  -1601.453     212
   213.00000 -0.139496E+02  0.423241E+02 -0.186161E+02  0.302139E+02 -0.140504E+02  -1302.305   -692.440  -1601.456     213
   214.00000 -0.139496E+02  0.427609E+02 -0.186161E+02  0.304526E+02 -0.140504E+02  -1448.053   -787.284  -1601.458     214
   215.00000 -0.139496E+02  0.431572E+02 -0.186161E+02  0.306398E+02 -0.140505E+02  -1523.350   -857.097  -1601.459     215
   216.00000 -0.139496E+02  0.435153E+02 -0.186161E+02  0.307916E+02 -0.140505E+02  -1565.954   -907.880  -1601.461     216
   217.00000 -0.139496E+02  0.437109E+02 -0.186161E+02  0.308747E+02 -0.140506E+02  -1586.178   -932.767  -1601.463     217
   218.00000 -0.139496E+02  0.438608E+02 -0.186161E+02  0.309394E+02 -0.140506E+02  -1592.944   -936.716  -1601.465     218
   219.00000 -0.139496E+02  0.442011E+02 -0.186161E+02  0.310704E+02 -0.140506E+02  -1596.523   -956.890  -1601.467     219
   220.00000 -0.139496E+02  0.445567E+02 -0.186161E+02  0.311947E+02 -0.140507E+02  -1599.057   -993.336  -1601.469     220
   221.00000 -0.139496E+02  0.449631E+02 -0.186161E+02  0.313199E+02 -0.140507E+02  -1600.449  -1030.999  -1601.471     221
   222.00000 -0.139496E+02  0.454254E+02 -0.186161E+02  0.314428E+02 -0.140508E+02  -1601.189  -1069.794  -1601.472     222
   223.00000 -0.139496E+02  0.458242E+02 -0.186161E+02  0.315421E+02 -0.140508E+02  -1601.699  -1101.871  -1601.472     223
   224.00000 -0.139496E+02  0.460934E+02 -0.186161E+02  0.316102E+02 -0.140508E+02  -1602.100  -1119.786  -1601.471     224
   225.00000 -0.139496E+02  0.464490E+02 -0.186161E+02  0.316918E+02 -0.140509E+02  -1602.419  -1136.063  -1601.467     225
   226.00000 -0.139496E+02  0.468605E+02 -0.186161E+02  0.317766E+02 -0.140509E+02  -1602.698  -1157.374  -1601.458     226
   227.00000 -0.139496E+02  0.472974E+02 -0.186161E+02  0.318582E+02 -0.140510E+02  -1602.961  -1179.552  -1601.442     227
   228.00000 -0.139496E+02  0.476200E+02 -0.186161E+02  0.319196E+02 -0.140510E+02  -1603.212  -1195.068  -1601.411     228
   229.00000 -0.139496E+02  0.480695E+02 -0.186161E+02  0.319932E+02 -0.140511E+02  -1603.449  -1211.185  -1601.361     229
   230.00000 -0.139496E+02  0.486233E+02 -0.186161E+02  0.320728E+02 -0.140511E+02  -1603.675  -1233.648  -1601.281     230
   231.00000 -0.139496E+02  0.489230E+02 -0.186161E+02  0.321199E+02 -0.140511E+02  -1603.893  -1246.048  -1601.156     231
   232.00000 -0.139496E+02  0.491744E+02 -0.186161E+02  0.321606E+02 -0.140512E+02  -1604.104  -1248.883  -1600.967     232
   233.00000 -0.139496E+02  0.492938E+02 -0.186161E+02  0.321825E+02 -0.140512E+02  -1604.302  -1243.371  -1600.688     233
   234.00000 -0.139496E+02  0.496545E+02 -0.186161E+02  0.322385E+02 -0.140513E+02  -1604.479  -1246.813  -1600.287     234
   235.00000 -0.139496E+02  0.500584E+02 -0.186161E+02  0.322955E+02 -0.140513E+02  -1604.637  -1260.721  -1599.722     235
   236.00000 -0.139496E+02  0.504216E+02 -0.186161E+02  0.323454E+02 -0.140513E+02  -1604.782  -1273.297  -1598.943     236
   237.00000 -0.139496E+02  0.507035E+02 -0.186161E+02  0.323854E+02 -0.140514E+02  -1604.920  -1280.788  -1597.890     237
   238.00000 -0.139496E+02  0.510718E+02 -0.186161E+02  0.324323E+02 -0.140514E+02  -1605.055  -1289.130  -1596.492     238
   239.00000 -0.139496E+02  0.513919E+02 -0.186161E+02  0.324732E+02 -0.140515E+02  -1605.185  -1297.274  -1594.668     239
   240.00000 -0.139496E+02  0.516916E+02 -0.186161E+02  0.325111E+02 -0.140515E+02  -1605.313  -1303.178  -1592.326     240
   241.00000 -0.139496E+02  0.520700E+02 -0.186161E+02  0.325542E+02 -0.140515E+02  -1605.438  -1310.960  -1589.366     241
   242.00000 -0.139496E+02  0.525349E+02 -0.186161E+02  0.326003E+02 -0.140516E+02  -1605.558  -1322.261  -1585.682     242
   243.00000 -0.139496E+02  0.529108E+02 -0.186161E+02  0.326384E+02 -0.140516E+02  -1605.677  -1331.394  -1581.164     243
   244.00000 -0.139496E+02  0.531927E+02 -0.186161E+02  0.327470E+02 -0.140517E+02  -1605.794   -712.034  -1575.712     244
   245.00000 -0.139496E+02  0.536220E+02 -0.186161E+02  0.378930E+02 -0.140517E+02  -1605.912   -975.349  -1580.742     245
   246.00000 -0.139496E+02  0.539928E+02 -0.186161E+02  0.391793E+02 -0.140517E+02  -1606.043  -1379.403  -1593.541     246
   247.00000 -0.139496E+02  0.541655E+02 -0.186161E+02  0.395002E+02 -0.140518E+02  -1606.196  -1537.542  -1599.092     247
   248.00000 -0.139496E+02  0.544399E+02 -0.186161E+02  0.395796E+02 -0.140518E+02  -1606.369  -1586.901  -1600.436     248
   249.00000 -0.139496E+02  0.547828E+02 -0.186161E+02  0.395963E+02 -0.140519E+02  -1606.554  -1600.599  -1600.698     249
   250.00000 -0.139496E+02  0.550520E+02 -0.186161E+02  0.395963E+02 -0.140519E+02  -1606.745  -1602.166  -1600.803     250
   251.00000 -0.139496E+02  0.553060E+02 -0.186161E+02  0.395963E+02 -0.140519E+02  -1606.937  -1602.254  -1600.875     251
   252.00000 -0.139496E+02  0.555194E+02 -0.186161E+02  0.395963E+02 -0.140520E+02  -1607.126  -1602.271  -1600.934     252
   253.00000 -0.139496E+02  0.557556E+02 -0.186161E+02  0.395963E+02 -0.140520E+02  -1607.311  -1602.284  -1600.985     253
   254.00000 -0.139496E+02  0.560070E+02 -0.186161E+02  0.395963E+02 -0.140521E+02  -1607.492  -1602.296  -1601.029     254
   255.00000 -0.139496E+02  0.562991E+02 -0.186161E+02  0.395963E+02 -0.140521E+02  -1607.669  -1602.309  -1601.069     255
   256.00000 -0.139496E+02  0.565455E+02 -0.186161E+02  0.395963E+02 -0.140521E+02  -1607.841  -1602.321  -1601.104     256
   257.00000 -0.139496E+02  0.567640E+02 -0.186161E+02  0.395963E+02 -0.140522E+02  -1608.010  -1602.334  -1601.136     257
   258.00000 -0.139496E+02  0.570561E+02 -0.186161E+02  0.395963E+02 -0.140522E+02  -1608.174  -1602.347  -1601.165     258
   259.00000 -0.139496E+02  0.573786E+02 -0.186161E+02  0.395963E+02 -0.140523E+02  -1608.336  -1602.359  -1601.191     259
   260.00000 -0.139496E+02  0.578409E+02 -0.186161E+02  0.395963E+02 -0.140523E+02  -1608.494  -1602.371  -1601.215     260
   261.00000 -0.139496E+02  0.582169E+02 -0.186161E+02  0.395963E+02 -0.140523E+02  -1608.649  -1602.384  -1601.237     261
   262.00000 -0.139496E+02  0.584175E+02 -0.186161E+02  0.395963E+02 -0.140524E+02  -1608.802  -1602.395  -1601.257     262
   263.00000 -0.139496E+02  0.586004E+02 -0.186161E+02  0.395963E+02 -0.140524E+02  -1608.951  -1602.407  -1601.276     263
   264.00000 -0.139496E+02  0.586487E+02 -0.186161E+02  0.395963E+02 -0.140525E+02  -1609.098  -1602.420  -1601.294     264
   265.00000 -0.139496E+02  0.586944E+02 -0.186161E+02  0.395963E+02 -0.140525E+02  -1609.243  -1602.432  -1601.310     265
   266.00000 -0.139496E+02  0.589306E+02 -0.186161E+02  0.395963E+02 -0.140525E+02  -1609.385  -1602.444  -1601.326     266
   267.00000 -0.139496E+02  0.591592E+02 -0.186161E+02  0.395963E+02 -0.140526E+02  -1609.526  -1602.456  -1601.340     267
   268.00000 -0.139496E+02  0.593853E+02 -0.186161E+02  0.395963E+02 -0.140526E+02  -1609.664  -1602.468  -1601.354     268
   269.00000 -0.139496E+02  0.596748E+02 -0.186161E+02  0.395963E+02 -0.140527E+02  -1609.801  -1602.481  -1601.367     269
   270.00000 -0.139496E+02  0.598958E+02 -0.186161E+02  0.395963E+02 -0.140527E+02  -1609.936  -1602.492  -1601.380     270
   271.00000 -0.139496E+02  0.601828E+02 -0.186161E+02  0.395963E+02 -0.140527E+02  -1610.069  -1602.504  -1601.392     271
   272.00000 -0.139496E+02  0.604139E+02 -0.186161E+02  0.395963E+02 -0.140528E+02  -1610.200  -1602.517  -1601.403     272
   273.00000 -0.139496E+02  0.604800E+02 -0.186161E+02  0.395963E+02 -0.140528E+02  -1610.330  -1602.529  -1601.413     273
   274.00000 -0.139268E+02  0.604800E+02 -0.185933E+02  0.395963E+02 -0.140529E+02  -2988.255  -1606.437  -1601.424     274
   275.00000 -0.137083E+02  0.604800E+02 -0.184802E+02  0.395963E+02 -0.140529E+02***********  -1695.869  -1601.432     275
   276.00000 -0.135737E+02  0.604800E+02 -0.184588E+02  0.395963E+02 -0.140529E+02***********  -1721.630  -1601.440     276
   277.00000 -0.133832E+02  0.604800E+02 -0.184437E+02  0.395963E+02 -0.140530E+02***********  -1739.870  -1601.449     277
   278.00000 -0.132638E+02  0.604800E+02 -0.184319E+02  0.395963E+02 -0.140530E+02***********  -1752.100  -1601.457     278
   279.00000 -0.130683E+02  0.604800E+02 -0.184217E+02  0.395963E+02 -0.140531E+02***********  -1763.154  -1601.465     279
   280.00000 -0.128803E+02  0.604800E+02 -0.184125E+02  0.395963E+02 -0.140531E+02***********  -1773.346  -1601.473     280
   281.00000 -0.126466E+02  0.604800E+02 -0.184042E+02  0.395963E+02 -0.140531E+02***********  -1781.660  -1601.481     281
   282.00000 -0.124053E+02  0.604800E+02 -0.183966E+02  0.395963E+02 -0.140532E+02***********  -1789.270  -1601.488     282
   283.00000 -0.121945E+02  0.604800E+02 -0.183895E+02  0.395963E+02 -0.140532E+02***********  -1796.340  -1601.496     283
   284.00000 -0.120396E+02  0.604800E+02 -0.183828E+02  0.395963E+02 -0.140533E+02***********  -1802.811  -1601.501     284
   285.00000 -0.120192E+02  0.604800E+02 -0.183765E+02  0.395963E+02 -0.140533E+02***********  -1808.810  -1601.508     285
   286.00000 -0.119456E+02  0.604800E+02 -0.183705E+02  0.395963E+02 -0.140533E+02***********  -1814.466  -1601.514     286
   287.00000 -0.118084E+02  0.604800E+02 -0.183648E+02  0.395963E+02 -0.140534E+02***********  -1819.861  -1601.520     287
   288.00000 -0.116306E+02  0.604800E+02 -0.183594E+02  0.395963E+02 -0.140534E+02***********  -1825.001  -1601.526     288
   289.00000 -0.114477E+02  0.604800E+02 -0.183542E+02  0.395963E+02 -0.140535E+02***********  -1829.651  -1601.531     289
   290.00000 -0.111988E+02  0.604800E+02 -0.183491E+02  0.395963E+02 -0.140535E+02***********  -1834.187  -1601.536     290
   291.00000 -0.108356E+02  0.604800E+02 -0.183442E+02  0.395963E+02 -0.140535E+02***********  -1838.669  -1601.542     291
   292.00000 -0.104140E+02  0.604800E+02 -0.183395E+02  0.395963E+02 -0.140536E+02***********  -1843.093  -1601.546     292
   293.00000 -0.101447E+02  0.604800E+02 -0.183349E+02  0.395963E+02 -0.140536E+02***********  -1847.355  -1601.551     293
   294.00000 -0.100355E+02  0.604800E+02 -0.183304E+02  0.395963E+02 -0.140537E+02***********  -1851.394  -1601.556     294
   295.00000 -0.996692E+01  0.604800E+02 -0.183261E+02  0.395963E+02 -0.140537E+02***********  -1855.277  -1601.560     295
   296.00000 -0.993390E+01  0.604800E+02 -0.183218E+02  0.395963E+02 -0.140537E+02***********  -1859.039  -1601.564     296
   297.00000 -0.991104E+01  0.604800E+02 -0.183177E+02  0.395963E+02 -0.140538E+02***********  -1862.666  -1601.568     297
   298.00000 -0.988310E+01  0.604800E+02 -0.183137E+02  0.395963E+02 -0.140538E+02***********  -1866.154  -1601.572     298
   299.00000 -0.985770E+01  0.604800E+02 -0.183097E+02  0.395963E+02 -0.140539E+02***********  -1869.519  -1601.576     299
   300.00000 -0.983484E+01  0.604800E+02 -0.183058E+02  0.395963E+02 -0.140539E+02***********  -1872.789  -1601.580     300
   301.00000 -0.979420E+01  0.604800E+02 -0.183020E+02  0.395963E+02 -0.140539E+02***********  -1876.003  -1601.584     301
   302.00000 -0.972816E+01  0.604800E+02 -0.182983E+02  0.395963E+02 -0.140540E+02***********  -1879.137  -1601.588     302
   303.00000 -0.962656E+01  0.604800E+02 -0.182947E+02  0.395963E+02 -0.140540E+02***********  -1882.204  -1601.592     303
   304.00000 -0.949194E+01  0.604800E+02 -0.182911E+02  0.395963E+02 -0.140541E+02***********  -1885.221  -1601.596     304
   305.00000 -0.933446E+01  0.604800E+02 -0.182875E+02  0.395963E+02 -0.140541E+02***********  -1888.173  -1601.599     305
   306.00000 -0.922270E+01  0.604800E+02 -0.182841E+02  0.395963E+02 -0.140541E+02***********  -1891.066  -1601.602     306
   307.00000 -0.907792E+01  0.604800E+02 -0.182807E+02  0.395963E+02 -0.140542E+02***********  -1893.902  -1601.605     307
   308.00000 -0.888742E+01  0.604800E+02 -0.182774E+02  0.395963E+02 -0.140542E+02***********  -1896.683  -1601.608     308
   309.00000 -0.864866E+01  0.604800E+02 -0.182741E+02  0.395963E+02 -0.140543E+02***********  -1899.414  -1601.611     309
   310.00000 -0.853436E+01  0.604800E+02 -0.182709E+02  0.395963E+02 -0.140543E+02***********  -1902.099  -1601.615     310
   311.00000 -0.833116E+01  0.604800E+02 -0.182677E+02  0.395963E+02 -0.140543E+02***********  -1904.756  -1601.618     311
   312.00000 -0.820162E+01  0.604800E+02 -0.182646E+02  0.395963E+02 -0.140544E+02***********  -1907.333  -1601.620     312
   313.00000 -0.807716E+01  0.604800E+02 -0.182615E+02  0.395963E+02 -0.140544E+02***********  -1909.790  -1601.623     313
   314.00000 -0.792222E+01  0.604800E+02 -0.182585E+02  0.395963E+02 -0.140545E+02***********  -1912.221  -1601.625     314
   315.00000 -0.763266E+01  0.604800E+02 -0.182555E+02  0.395963E+02 -0.140545E+02***********  -1914.645  -1601.627     315
   316.00000 -0.749804E+01  0.604800E+02 -0.182525E+02  0.395963E+02 -0.140545E+02***********  -1917.065  -1601.630     316
   317.00000 -0.724912E+01  0.604800E+02 -0.182496E+02  0.395963E+02 -0.140546E+02***********  -1919.484  -1601.633     317
   318.00000 -0.706370E+01  0.604800E+02 -0.182467E+02  0.395963E+02 -0.140546E+02***********  -1921.932  -1601.635     318
   319.00000 -0.687574E+01  0.604800E+02 -0.182438E+02  0.395963E+02 -0.140547E+02***********  -1924.381  -1601.638     319
   320.00000 -0.677668E+01  0.604800E+02 -0.182410E+02  0.395963E+02 -0.140547E+02***********  -1926.820  -1601.640     320
   321.00000 -0.650236E+01  0.604800E+02 -0.182382E+02  0.395963E+02 -0.140547E+02***********  -1929.237  -1601.642     321
   322.00000 -0.630932E+01  0.604800E+02 -0.182354E+02  0.395963E+02 -0.140548E+02***********  -1931.642  -1601.645     322
   323.00000 -0.612136E+01  0.604800E+02 -0.182327E+02  0.395963E+02 -0.140548E+02***********  -1933.966  -1601.646     323
   324.00000 -0.595626E+01  0.604800E+02 -0.182300E+02  0.395963E+02 -0.140549E+02***********  -1936.212  -1601.648     324
   325.00000 -0.562352E+01  0.604800E+02 -0.182273E+02  0.395963E+02 -0.140549E+02***********  -1938.393  -1601.651     325
   326.00000 -0.547112E+01  0.604800E+02 -0.182247E+02  0.395963E+02 -0.140549E+02***********  -1940.524  -1601.653     326
   327.00000 -0.546096E+01  0.604800E+02 -0.182220E+02  0.395963E+02 -0.140550E+02***********  -1942.614  -1601.654     327
   328.00000 -0.544318E+01  0.604800E+02 -0.182194E+02  0.395963E+02 -0.140550E+02***********  -1944.680  -1601.656     328
   329.00000 -0.538222E+01  0.604800E+02 -0.182169E+02  0.395963E+02 -0.140551E+02***********  -1946.724  -1601.658     329
   330.00000 -0.532380E+01  0.604800E+02 -0.182143E+02  0.395963E+02 -0.140551E+02***********  -1948.746  -1601.660     330
   331.00000 -0.514092E+01  0.604800E+02 -0.182118E+02  0.395963E+02 -0.140551E+02***********  -1950.786  -1601.662     331
   332.00000 -0.485898E+01  0.604800E+02 -0.182093E+02  0.395963E+02 -0.140552E+02***********  -1952.806  -1601.664     332
   333.00000 -0.475230E+01  0.604800E+02 -0.182068E+02  0.395963E+02 -0.140552E+02***********  -1954.792  -1601.666     333
   334.00000 -0.472690E+01  0.604800E+02 -0.182043E+02  0.395963E+02 -0.140553E+02***********  -1956.742  -1601.668     334
   335.00000 -0.461260E+01  0.604800E+02 -0.182019E+02  0.395963E+02 -0.140553E+02***********  -1958.658  -1601.670     335
   336.00000 -0.444750E+01  0.604800E+02 -0.181995E+02  0.395963E+02 -0.140553E+02***********  -1960.544  -1601.672     336
   337.00000 -0.427732E+01  0.604800E+02 -0.181971E+02  0.395963E+02 -0.140554E+02***********  -1962.401  -1601.674     337
   338.00000 -0.411476E+01  0.604800E+02 -0.181947E+02  0.395963E+02 -0.140554E+02***********  -1964.239  -1601.675     338
   339.00000 -0.377694E+01  0.604800E+02 -0.181923E+02  0.395963E+02 -0.140555E+02***********  -1966.059  -1601.677     339
   340.00000 -0.352548E+01  0.604800E+02 -0.181900E+02  0.395963E+02 -0.140555E+02***********  -1967.858  -1601.678     340
   341.00000 -0.343404E+01  0.604800E+02 -0.181876E+02  0.395963E+02 -0.140555E+02***********  -1969.637  -1601.680     341
   342.00000 -0.340102E+01  0.604800E+02 -0.181853E+02  0.395963E+02 -0.140556E+02***********  -1971.400  -1601.682     342
   343.00000 -0.326132E+01  0.604800E+02 -0.181830E+02  0.395963E+02 -0.140556E+02***********  -1973.147  -1601.684     343
   344.00000 -0.305050E+01  0.604800E+02 -0.181807E+02  0.395963E+02 -0.140557E+02***********  -1974.879  -1601.686     344
   345.00000 -0.300478E+01  0.604800E+02 -0.181785E+02  0.395963E+02 -0.140557E+02***********  -1976.597  -1601.687     345
   346.00000 -0.296414E+01  0.604800E+02 -0.181762E+02  0.395963E+02 -0.140557E+02***********  -1978.302  -1601.689     346
   347.00000 -0.282698E+01  0.604800E+02 -0.181740E+02  0.395963E+02 -0.140558E+02***********  -1979.996  -1601.690     347
   348.00000 -0.271014E+01  0.604800E+02 -0.181717E+02  0.395963E+02 -0.140558E+02***********  -1981.678  -1601.691     348
   349.00000 -0.260346E+01  0.604800E+02 -0.181695E+02  0.395963E+02 -0.140559E+02***********  -1983.377  -1601.693     349
   350.00000 -0.227326E+01  0.604800E+02 -0.181674E+02  0.395963E+02 -0.140559E+02***********  -1985.068  -1601.694     350
   351.00000 -0.220722E+01  0.604800E+02 -0.181652E+02  0.395963E+02 -0.140559E+02***********  -1986.762  -1601.696     351
   352.00000 -0.197862E+01  0.604800E+02 -0.181630E+02  0.395963E+02 -0.140560E+02***********  -1988.443  -1601.698     352
   353.00000 -0.178558E+01  0.604800E+02 -0.181609E+02  0.395963E+02 -0.140560E+02***********  -1990.112  -1601.699     353
   354.00000 -0.157984E+01  0.604800E+02 -0.181587E+02  0.395963E+02 -0.140561E+02***********  -1991.768  -1601.700     354
   355.00000 -0.141474E+01  0.604800E+02 -0.181566E+02  0.395963E+02 -0.140561E+02***********  -1993.410  -1601.703     355
   356.00000 -0.121154E+01  0.604800E+02 -0.181545E+02  0.395963E+02 -0.140561E+02***********  -1995.039  -1601.704     356
   357.00000 -0.113788E+01  0.604800E+02 -0.181524E+02  0.395963E+02 -0.140562E+02***********  -1996.654  -1601.705     357
   358.00000 -0.106168E+01  0.604800E+02 -0.181503E+02  0.395963E+02 -0.140562E+02***********  -1998.256  -1601.707     358
   359.00000 -0.932136E+00  0.604800E+02 -0.181483E+02  0.395963E+02 -0.140563E+02***********  -1999.844  -1601.709     359
   360.00000 -0.767036E+00  0.604800E+02 -0.181462E+02  0.395963E+02 -0.140563E+02***********  -2001.421  -1601.711     360
   361.00000 -0.675596E+00  0.604800E+02 -0.181442E+02  0.395963E+02 -0.140563E+02***********  -2002.991  -1601.712     361
   362.00000 -0.485096E+00  0.604800E+02 -0.181422E+02  0.395963E+02 -0.140564E+02***********  -2004.548  -1601.714     362
   363.00000 -0.406356E+00  0.604800E+02 -0.181402E+02  0.395963E+02 -0.140564E+02***********  -2006.093  -1601.715     363
   364.00000 -0.373336E+00  0.604800E+02 -0.181382E+02  0.395963E+02 -0.140564E+02***********  -2007.625  -1601.718     364
   365.00000 -0.266656E+00  0.604800E+02 -0.181362E+02  0.395963E+02 -0.140565E+02***********  -2009.145  -1601.719     365
   366.00000 -0.139656E+00  0.604800E+02 -0.181342E+02  0.395963E+02 -0.140565E+02***********  -2010.652  -1601.721     366
   367.00000 -0.228163E-01  0.604800E+02 -0.181323E+02  0.395963E+02 -0.140566E+02***********  -2012.149  -1601.723     367
   368.00000  0.178237E-01  0.604800E+02 -0.181303E+02  0.395963E+02 -0.140566E+02***********  -2013.634  -1601.724     368
   369.00000  0.129584E+00  0.604800E+02 -0.181284E+02  0.395963E+02 -0.140566E+02***********  -2015.109  -1601.726     369
   370.00000  0.221024E+00  0.604800E+02 -0.181265E+02  0.395963E+02 -0.140567E+02***********  -2016.572  -1601.727     370
   371.00000  0.373424E+00  0.604800E+02 -0.181245E+02  0.395963E+02 -0.140567E+02***********  -2018.025  -1601.729     371
   372.00000  0.401364E+00  0.604800E+02 -0.181226E+02  0.395963E+02 -0.140568E+02***********  -2019.468  -1601.730     372
   373.00000  0.485184E+00  0.604800E+02 -0.181208E+02  0.395963E+02 -0.140568E+02***********  -2020.917  -1601.732     373
   374.00000  0.675684E+00  0.604800E+02 -0.181189E+02  0.395963E+02 -0.140568E+02***********  -2022.359  -1601.733     374
   375.00000  0.713784E+00  0.604800E+02 -0.181170E+02  0.395963E+02 -0.140569E+02***********  -2023.791  -1601.734     375
   376.00000  0.729024E+00  0.604800E+02 -0.181152E+02  0.395963E+02 -0.140569E+02***********  -2025.213  -1601.735     376
   377.00000  0.734104E+00  0.604800E+02 -0.181133E+02  0.395963E+02 -0.140570E+02***********  -2026.626  -1601.736     377
   378.00000  0.741724E+00  0.604800E+02 -0.181115E+02  0.395963E+02 -0.140570E+02***********  -2028.030  -1601.738     378
   379.00000  0.746804E+00  0.604800E+02 -0.181097E+02  0.395963E+02 -0.140570E+02***********  -2029.424  -1601.739     379
   380.00000  0.767124E+00  0.604800E+02 -0.181079E+02  0.395963E+02 -0.140571E+02***********  -2030.810  -1601.740     380
   381.00000  0.845864E+00  0.604800E+02 -0.181061E+02  0.395963E+02 -0.140571E+02***********  -2032.172  -1601.742     381
   382.00000  0.863644E+00  0.604800E+02 -0.181043E+02  0.395963E+02 -0.140572E+02***********  -2033.510  -1601.743     382
   383.00000  0.880154E+00  0.604800E+02 -0.181025E+02  0.395963E+02 -0.140572E+02***********  -2034.836  -1601.745     383
   384.00000  0.895393E+00  0.604800E+02 -0.181007E+02  0.395963E+02 -0.140572E+02***********  -2036.156  -1601.745     384
   385.00000  0.100969E+01  0.604800E+02 -0.180989E+02  0.395963E+02 -0.140573E+02***********  -2037.473  -1601.747     385
   386.00000  0.113923E+01  0.604800E+02 -0.180972E+02  0.395963E+02 -0.140573E+02***********  -2038.789  -1601.749     386
   387.00000  0.117733E+01  0.604800E+02 -0.180954E+02  0.395963E+02 -0.140574E+02***********  -2040.107  -1601.750     387
   388.00000  0.133227E+01  0.604800E+02 -0.180937E+02  0.395963E+02 -0.140574E+02***********  -2041.422  -1601.752     388
   389.00000  0.147959E+01  0.604800E+02 -0.180920E+02  0.395963E+02 -0.140574E+02***********  -2042.743  -1601.754     389
   390.00000  0.164469E+01  0.604800E+02 -0.180902E+02  0.395963E+02 -0.140575E+02***********  -2044.066  -1601.755     390
   391.00000  0.183773E+01  0.604800E+02 -0.180885E+02  0.395963E+02 -0.140575E+02***********  -2045.385  -1601.757     391
   392.00000  0.204347E+01  0.604800E+02 -0.180868E+02  0.395963E+02 -0.140576E+02***********  -2046.701  -1601.759     392
   393.00000  0.230509E+01  0.604800E+02 -0.180851E+02  0.395963E+02 -0.140576E+02***********  -2048.023  -1601.760     393
   394.00000  0.252861E+01  0.604800E+02 -0.180834E+02  0.395963E+02 -0.140576E+02***********  -2049.344  -1601.762     394
   395.00000  0.277753E+01  0.604800E+02 -0.180818E+02  0.395963E+02 -0.140577E+02***********  -2050.660  -1601.763     395
   396.00000  0.301883E+01  0.604800E+02 -0.180801E+02  0.395963E+02 -0.140577E+02***********  -2051.967  -1601.765     396
   397.00000  0.321441E+01  0.604800E+02 -0.180784E+02  0.395963E+02 -0.140578E+02***********  -2053.265  -1601.767     397
   398.00000  0.329569E+01  0.604800E+02 -0.180768E+02  0.395963E+02 -0.140578E+02***********  -2054.556  -1601.770     398
   399.00000  0.332617E+01  0.604800E+02 -0.180751E+02  0.395963E+02 -0.140578E+02***********  -2055.846  -1601.771     399
   400.00000  0.336427E+01  0.604800E+02 -0.180735E+02  0.395963E+02 -0.140579E+02***********  -2057.127  -1601.772     400
   401.00000  0.340999E+01  0.604800E+02 -0.180718E+02  0.395963E+02 -0.140579E+02***********  -2058.402  -1601.772     401
   402.00000  0.343793E+01  0.604800E+02 -0.180702E+02  0.395963E+02 -0.140580E+02***********  -2059.666  -1601.773     402
   403.00000  0.347095E+01  0.604800E+02 -0.180686E+02  0.395963E+02 -0.140580E+02***********  -2060.920  -1601.774     403
   404.00000  0.350905E+01  0.604800E+02 -0.180670E+02  0.395963E+02 -0.140580E+02***********  -2062.164  -1601.775     404
   405.00000  0.354715E+01  0.604800E+02 -0.180654E+02  0.395963E+02 -0.140581E+02***********  -2063.404  -1601.777     405
   406.00000  0.361573E+01  0.604800E+02 -0.180638E+02  0.395963E+02 -0.140581E+02***********  -2064.632  -1601.778     406
   407.00000  0.369193E+01  0.604800E+02 -0.180622E+02  0.395963E+02 -0.140582E+02***********  -2065.835  -1601.780     407
   408.00000  0.376305E+01  0.604800E+02 -0.180606E+02  0.395963E+02 -0.140582E+02***********  -2067.014  -1601.782     408
   409.00000  0.379861E+01  0.604800E+02 -0.180590E+02  0.395963E+02 -0.140582E+02***********  -2068.175  -1601.783     409
   410.00000  0.383036E+01  0.604800E+02 -0.180574E+02  0.395963E+02 -0.140583E+02***********  -2069.318  -1601.784     410
   411.00000  0.385830E+01  0.604800E+02 -0.180559E+02  0.395963E+02 -0.140583E+02***********  -2070.448  -1601.785     411
   412.00000  0.389132E+01  0.604800E+02 -0.180543E+02  0.395963E+02 -0.140583E+02***********  -2071.566  -1601.787     412
   413.00000  0.398022E+01  0.604800E+02 -0.180528E+02  0.395963E+02 -0.140584E+02***********  -2072.675  -1601.789     413
   414.00000  0.413262E+01  0.604800E+02 -0.180512E+02  0.395963E+02 -0.140584E+02***********  -2073.775  -1601.791     414
   415.00000  0.423422E+01  0.604800E+02 -0.180497E+02  0.395963E+02 -0.140585E+02***********  -2074.871  -1601.791     415
   416.00000  0.440948E+01  0.604800E+02 -0.180481E+02  0.395963E+02 -0.140585E+02***********  -2075.965  -1601.793     416
   417.00000  0.454410E+01  0.604800E+02 -0.180466E+02  0.395963E+02 -0.140585E+02***********  -2077.053  -1601.794     417
   418.00000  0.467110E+01  0.604800E+02 -0.180451E+02  0.395963E+02 -0.140586E+02***********  -2078.138  -1601.796     418
   419.00000  0.487176E+01  0.604800E+02 -0.180435E+02  0.395963E+02 -0.140586E+02***********  -2079.220  -1601.797     419
   420.00000  0.504194E+01  0.604800E+02 -0.180420E+02  0.395963E+02 -0.140587E+02***********  -2080.296  -1601.798     420
   421.00000  0.530356E+01  0.604800E+02 -0.180405E+02  0.395963E+02 -0.140587E+02***********  -2081.371  -1601.799     421
   422.00000  0.539754E+01  0.604800E+02 -0.180390E+02  0.395963E+02 -0.140587E+02***********  -2082.442  -1601.801     422
   423.00000  0.544834E+01  0.604800E+02 -0.180375E+02  0.395963E+02 -0.140588E+02***********  -2083.510  -1601.803     423
   424.00000  0.567186E+01  0.604800E+02 -0.180360E+02  0.395963E+02 -0.140588E+02***********  -2084.577  -1601.803     424
   425.00000  0.600206E+01  0.604800E+02 -0.180345E+02  0.395963E+02 -0.140589E+02***********  -2085.640  -1601.805     425
   426.00000  0.619764E+01  0.604800E+02 -0.180330E+02  0.395963E+02 -0.140589E+02***********  -2086.702  -1601.806     426
   427.00000  0.623828E+01  0.604800E+02 -0.180315E+02  0.395963E+02 -0.140589E+02***********  -2087.761  -1601.807     427
   428.00000  0.628146E+01  0.604800E+02 -0.180300E+02  0.395963E+02 -0.140590E+02***********  -2088.826  -1601.808     428
   429.00000  0.633480E+01  0.604800E+02 -0.180285E+02  0.395963E+02 -0.140590E+02***********  -2089.887  -1601.809     429
   430.00000  0.642624E+01  0.604800E+02 -0.180270E+02  0.395963E+02 -0.140591E+02***********  -2090.956  -1601.811     430
   431.00000  0.650244E+01  0.604800E+02 -0.180255E+02  0.395963E+02 -0.140591E+02***********  -2092.028  -1601.813     431
   432.00000  0.661928E+01  0.604800E+02 -0.180241E+02  0.395963E+02 -0.140591E+02***********  -2093.097  -1601.814     432
   433.00000  0.693678E+01  0.604800E+02 -0.180226E+02  0.395963E+02 -0.140592E+02***********  -2094.158  -1601.815     433
   434.00000  0.735334E+01  0.604800E+02 -0.180211E+02  0.395963E+02 -0.140592E+02***********  -2095.212  -1601.817     434
   435.00000  0.766576E+01  0.604800E+02 -0.180197E+02  0.395963E+02 -0.140592E+02***********  -2096.257  -1601.818     435
   436.00000  0.788166E+01  0.604800E+02 -0.180182E+02  0.395963E+02 -0.140593E+02***********  -2097.295  -1601.820     436
   437.00000  0.812042E+01  0.604800E+02 -0.180168E+02  0.395963E+02 -0.140593E+02***********  -2098.326  -1601.821     437
   438.00000  0.825758E+01  0.604800E+02 -0.180153E+02  0.395963E+02 -0.140594E+02***********  -2099.350  -1601.822     438
   439.00000  0.839474E+01  0.604800E+02 -0.180139E+02  0.395963E+02 -0.140594E+02***********  -2100.368  -1601.823     439
   440.00000  0.861572E+01  0.604800E+02 -0.180125E+02  0.395963E+02 -0.140594E+02***********  -2101.390  -1601.825     440
   441.00000  0.878082E+01  0.604800E+02 -0.180110E+02  0.395963E+02 -0.140595E+02***********  -2102.407  -1601.826     441
   442.00000  0.896370E+01  0.604800E+02 -0.180096E+02  0.395963E+02 -0.140595E+02***********  -2103.417  -1601.827     442
   443.00000  0.925580E+01  0.604800E+02 -0.180082E+02  0.395963E+02 -0.140596E+02***********  -2104.424  -1601.828     443
   444.00000  0.947678E+01  0.604800E+02 -0.180068E+02  0.395963E+02 -0.140596E+02***********  -2105.426  -1601.830     444
   445.00000  0.954282E+01  0.604800E+02 -0.180053E+02  0.395963E+02 -0.140596E+02***********  -2106.425  -1601.830     445
   446.00000  0.965712E+01  0.604800E+02 -0.180039E+02  0.395963E+02 -0.140597E+02***********  -2107.420  -1601.832     446
   447.00000  0.972570E+01  0.604800E+02 -0.180025E+02  0.395963E+02 -0.140597E+02***********  -2108.412  -1601.833     447
   448.00000  0.976380E+01  0.604800E+02 -0.180011E+02  0.395963E+02 -0.140598E+02***********  -2109.404  -1601.835     448
   449.00000  0.984254E+01  0.604800E+02 -0.179997E+02  0.395963E+02 -0.140598E+02***********  -2110.395  -1601.836     449
   450.00000  0.996192E+01  0.604800E+02 -0.179983E+02  0.395963E+02 -0.140598E+02***********  -2111.381  -1601.836     450
   451.00000  0.101016E+02  0.604800E+02 -0.179969E+02  0.395963E+02 -0.140599E+02***********  -2112.365  -1601.837     451
   452.00000  0.103480E+02  0.604800E+02 -0.179955E+02  0.395963E+02 -0.140599E+02***********  -2113.347  -1601.839     452
   453.00000  0.104801E+02  0.604800E+02 -0.179941E+02  0.395963E+02 -0.140600E+02***********  -2114.325  -1601.841     453
   454.00000  0.105741E+02  0.604800E+02 -0.179927E+02  0.395963E+02 -0.140600E+02***********  -2115.302  -1601.843     454
   455.00000  0.106884E+02  0.604800E+02 -0.179914E+02  0.395963E+02 -0.140600E+02***********  -2116.276  -1601.844     455
   456.00000  0.107290E+02  0.604800E+02 -0.179900E+02  0.395963E+02 -0.140601E+02***********  -2117.247  -1601.845     456
   457.00000  0.107290E+02  0.607289E+02 -0.179900E+02  0.395963E+02 -0.140601E+02-542925.562  -2108.361  -1601.847     457
   458.00000  0.107290E+02  0.611124E+02 -0.179900E+02  0.395963E+02 -0.140602E+02-385697.500  -2097.151  -1601.848     458
   459.00000  0.107290E+02  0.614452E+02 -0.179900E+02  0.395963E+02 -0.140602E+02-292788.844  -2085.701  -1601.849     459
   460.00000  0.107290E+02  0.614985E+02 -0.179900E+02  0.395963E+02 -0.140602E+02-233577.656  -2074.813  -1601.851     460
   461.00000  0.107290E+02  0.615392E+02 -0.179900E+02  0.395963E+02 -0.140603E+02-192514.641  -2064.691  -1601.851     461
   462.00000  0.107290E+02  0.615925E+02 -0.179900E+02  0.395963E+02 -0.140603E+02-162329.641  -2055.345  -1601.853     462
   463.00000  0.107290E+02  0.616916E+02 -0.179900E+02  0.395963E+02 -0.140603E+02-139220.875  -2046.724  -1601.853     463
   464.00000  0.107290E+02  0.619481E+02 -0.179900E+02  0.395963E+02 -0.140604E+02-120994.648  -2038.758  -1601.855     464
   465.00000  0.107290E+02  0.623113E+02 -0.179900E+02  0.395963E+02 -0.140604E+02-106287.656  -2031.381  -1601.856     465
   466.00000  0.107290E+02  0.625399E+02 -0.179900E+02  0.395963E+02 -0.140605E+02 -94203.984  -2024.534  -1601.858     466
   467.00000  0.107290E+02  0.628473E+02 -0.179900E+02  0.395963E+02 -0.140605E+02 -84128.375  -2018.158  -1601.859     467
   468.00000  0.107290E+02  0.631521E+02 -0.179900E+02  0.395963E+02 -0.140605E+02 -75623.164  -2012.206  -1601.860     468
   469.00000  0.107290E+02  0.635331E+02 -0.179900E+02  0.395963E+02 -0.140606E+02 -68362.445  -2006.697  -1601.861     469
   470.00000  0.107290E+02  0.638429E+02 -0.179900E+02  0.395963E+02 -0.140606E+02 -62102.703  -2001.495  -1601.862     470
   471.00000  0.107290E+02  0.641350E+02 -0.179900E+02  0.395963E+02 -0.140607E+02 -56661.262  -1996.580  -1601.863     471
   472.00000  0.107290E+02  0.643967E+02 -0.179900E+02  0.395963E+02 -0.140607E+02 -51899.141  -1991.938  -1601.865     472
   473.00000  0.107290E+02  0.645161E+02 -0.179900E+02  0.395963E+02 -0.140607E+02 -47707.648  -1987.553  -1601.866     473
   474.00000  0.107290E+02  0.646557E+02 -0.179900E+02  0.395963E+02 -0.140608E+02 -44000.016  -1983.404  -1601.867     474
   475.00000  0.107290E+02  0.647599E+02 -0.179900E+02  0.395963E+02 -0.140608E+02 -40706.004  -1979.477  -1601.868     475
   476.00000  0.107290E+02  0.649961E+02 -0.179900E+02  0.395963E+02 -0.140609E+02 -37767.773  -1975.751  -1601.869     476
   477.00000  0.107290E+02  0.654305E+02 -0.179900E+02  0.395963E+02 -0.140609E+02 -35137.469  -1972.212  -1601.870     477
   478.00000  0.107290E+02  0.657810E+02 -0.179900E+02  0.395963E+02 -0.140609E+02 -32775.027  -1968.846  -1601.871     478
   479.00000  0.107290E+02  0.661061E+02 -0.179900E+02  0.395963E+02 -0.140610E+02 -30646.656  -1965.636  -1601.872     479
   480.00000  0.107290E+02  0.665531E+02 -0.179900E+02  0.395963E+02 -0.140610E+02 -28723.699  -1962.572  -1601.874     480
   481.00000  0.107290E+02  0.668275E+02 -0.179900E+02  0.395963E+02 -0.140610E+02 -26981.768  -1959.642  -1601.875     481
   482.00000  0.107290E+02  0.670815E+02 -0.179900E+02  0.395963E+02 -0.140611E+02 -25399.889  -1956.834  -1601.876     482
   483.00000  0.107290E+02  0.672110E+02 -0.179900E+02  0.395963E+02 -0.140611E+02 -23960.080  -1954.140  -1601.877     483
   484.00000  0.107290E+02  0.675641E+02 -0.179900E+02  0.395963E+02 -0.140612E+02 -22646.746  -1951.558  -1601.879     484
   485.00000  0.107290E+02  0.678841E+02 -0.179900E+02  0.395963E+02 -0.140612E+02 -21446.352  -1949.120  -1601.880     485
   486.00000  0.107290E+02  0.681787E+02 -0.179900E+02  0.395963E+02 -0.140612E+02 -20347.051  -1946.768  -1601.882     486
   487.00000  0.107290E+02  0.683743E+02 -0.179900E+02  0.395963E+02 -0.140613E+02 -19338.496  -5558.919  -1601.883     487
   488.00000  0.107290E+02  0.685064E+02 -0.179900E+02  0.395963E+02 -0.140613E+02 -18411.568  -5515.777  -1601.884     488
   489.00000  0.107290E+02  0.687020E+02 -0.179900E+02  0.395963E+02 -0.140614E+02 -17558.273  -5473.764  -1601.885     489
   490.00000  0.107290E+02  0.690297E+02 -0.179900E+02  0.395963E+02 -0.140614E+02 -16771.578  -5432.805  -1601.886     490
   491.00000  0.107290E+02  0.692557E+02 -0.179900E+02  0.395963E+02 -0.140614E+02 -16044.930  -5394.797  -1601.887     491
   492.00000  0.107290E+02  0.695580E+02 -0.179900E+02  0.395963E+02 -0.140615E+02 -15372.351  -5357.958  -1601.889     492
   493.00000  0.107290E+02  0.696875E+02 -0.179900E+02  0.395963E+02 -0.140615E+02 -14748.534  -5321.838  -1601.890     493
   494.00000  0.107290E+02  0.697332E+02 -0.179900E+02  0.395963E+02 -0.140615E+02 -14169.039  -5286.412  -1601.892     494
   495.00000  0.107290E+02  0.699999E+02 -0.179900E+02  0.395963E+02 -0.140616E+02 -13629.997  -5251.679  -1601.893     495
   496.00000  0.107290E+02  0.703987E+02 -0.179900E+02  0.395963E+02 -0.140616E+02 -13128.034  -5217.628  -1601.894     496
   497.00000  0.107290E+02  0.708280E+02 -0.179900E+02  0.395963E+02 -0.140617E+02 -12659.957  -5184.904  -1601.895     497
   498.00000  0.107290E+02  0.712522E+02 -0.179900E+02  0.395963E+02 -0.140617E+02 -12221.934  -5154.885  -1601.896     498
   499.00000  0.107290E+02  0.716331E+02 -0.179900E+02  0.395963E+02 -0.140617E+02 -11812.160  -5125.186  -1601.897     499
   500.00000  0.107290E+02  0.718516E+02 -0.179900E+02  0.395963E+02 -0.140618E+02 -11429.206  -5095.453  -1601.898     500
   501.00000  0.107290E+02  0.722097E+02 -0.179900E+02  0.395963E+02 -0.140618E+02 -11071.409  -5065.700  -1601.899     501
   502.00000  0.107290E+02  0.726898E+02 -0.179900E+02  0.395963E+02 -0.140619E+02 -10737.002  -5035.958  -1601.901     502
   503.00000  0.107290E+02  0.730505E+02 -0.179900E+02  0.395963E+02 -0.140619E+02 -10424.211  -5006.257  -1601.901     503
   504.00000  0.107290E+02  0.734035E+02 -0.179900E+02  0.395963E+02 -0.140619E+02 -10131.307  -4976.632  -1601.902     504
   505.00000  0.107290E+02  0.736525E+02 -0.179900E+02  0.395963E+02 -0.140620E+02  -9876.106  -4947.267  -1601.903     505
   506.00000  0.107290E+02  0.739496E+02 -0.179900E+02  0.395963E+02 -0.140620E+02  -9637.375  -4918.359  -1601.904     506
   507.00000  0.107290E+02  0.742392E+02 -0.179900E+02  0.395963E+02 -0.140620E+02  -9402.482  -4889.793  -1601.905     507
   508.00000  0.107290E+02  0.744729E+02 -0.179900E+02  0.395963E+02 -0.140621E+02  -9172.553  -4861.453  -1601.906     508
   509.00000  0.107290E+02  0.747294E+02 -0.179900E+02  0.395963E+02 -0.140621E+02  -8949.228  -4833.212  -1601.907     509
   510.00000  0.107290E+02  0.751282E+02 -0.179900E+02  0.395963E+02 -0.140622E+02  -8734.566  -4806.463  -1601.908     510
   511.00000  0.107290E+02  0.754431E+02 -0.179900E+02  0.395963E+02 -0.140622E+02  -8531.914  -4782.205  -1601.909     511
   512.00000  0.107290E+02  0.758648E+02 -0.179900E+02  0.395963E+02 -0.140622E+02  -8340.753  -4757.880  -1601.911     512
   513.00000  0.107290E+02  0.762763E+02 -0.179900E+02  0.395963E+02 -0.140623E+02  -8160.124  -4733.386  -1601.912     513
   514.00000  0.107290E+02  0.767462E+02 -0.179900E+02  0.395963E+02 -0.140623E+02  -7989.016  -4708.760  -1601.914     514
   515.00000  0.107290E+02  0.771577E+02 -0.179900E+02  0.395963E+02 -0.140624E+02  -7851.761  -4684.276  -1601.915     515
   516.00000  0.107290E+02  0.775234E+02 -0.179900E+02  0.395963E+02 -0.140624E+02  -7726.433  -4660.662  -1601.916     516
   517.00000  0.107290E+02  0.779247E+02 -0.179900E+02  0.395963E+02 -0.140624E+02  -7601.335  -4638.646  -1601.918     517
   518.00000  0.107290E+02  0.782930E+02 -0.179900E+02  0.395963E+02 -0.140625E+02  -7476.910  -3517.797  -1601.920     518
   519.00000  0.107290E+02  0.787045E+02 -0.179900E+02  0.395963E+02 -0.140625E+02  -7354.194  -3508.439  -1601.921     519
   520.00000  0.107290E+02  0.791693E+02 -0.179900E+02  0.395963E+02 -0.140625E+02  -7233.962  -3499.117  -1601.922     520
   521.00000  0.107290E+02  0.796469E+02 -0.179900E+02  0.395963E+02 -0.140626E+02  -7116.718  -3489.817  -1601.923     521
   522.00000  0.107290E+02  0.800914E+02 -0.179900E+02  0.395963E+02 -0.140626E+02  -7002.787  -3480.534  -1601.925     522
   523.00000  0.107290E+02  0.805333E+02 -0.179900E+02  0.395963E+02 -0.140627E+02  -6892.319  -3471.268  -1601.927     523
   524.00000  0.107290E+02  0.809600E+02 -0.179900E+02  0.395963E+02 -0.140627E+02  -6785.377  -3462.019  -1601.928     524
   525.00000  0.107290E+02  0.813766E+02 -0.179900E+02  0.395963E+02 -0.140627E+02  -6681.962  -3452.791  -1601.929     525
   526.00000  0.107290E+02  0.817754E+02 -0.179900E+02  0.395963E+02 -0.140628E+02  -6582.012  -3443.585  -1601.931     526
   527.00000  0.107290E+02  0.822351E+02 -0.179900E+02  0.395963E+02 -0.140628E+02  -6487.032  -3435.019  -1601.933     527
   528.00000  0.107290E+02  0.827863E+02 -0.179900E+02  0.395963E+02 -0.140629E+02  -6398.990  -3426.878  -1601.934     528
   529.00000  0.920501E+01  0.833070E+02 -0.195140E+02  0.397823E+02 -0.140629E+02    -83.959  -1535.374  -1601.934     529
   530.00000  0.768101E+01  0.837616E+02 -0.210380E+02  0.401461E+02 -0.140629E+02    -59.260   -705.525  -1601.934     530
   531.00000  0.615701E+01  0.841782E+02 -0.225620E+02  0.405522E+02 -0.140630E+02    -48.223   -150.944  -1601.934     531
   532.00000  0.450721E+01  0.845059E+02 -0.242118E+02  0.408799E+02 -0.140630E+02    -37.299    -71.289  -1601.934     532
   533.00000  0.292201E+01  0.849377E+02 -0.257970E+02  0.413117E+02 -0.140630E+02    -35.086    -55.996  -1601.934     533
   534.00000 -0.671292E+00  0.850342E+02 -0.293903E+02  0.414082E+02 -0.140631E+02     -7.346    -11.823  -1601.934     534
   535.00000 -0.671292E+00  0.852679E+02 -0.293903E+02  0.416419E+02 -0.140631E+02    -69.622    -63.125  -1601.934     535
   536.00000 -0.671292E+00  0.856438E+02 -0.293903E+02  0.420178E+02 -0.140632E+02   -107.262    -96.445  -1601.934     536
   537.00000 -0.671292E+00  0.860629E+02 -0.293903E+02  0.424369E+02 -0.140632E+02   -149.725   -131.690  -1601.935     537
   538.00000 -0.671292E+00  0.863982E+02 -0.293903E+02  0.427722E+02 -0.140632E+02   -190.326   -164.470  -1601.935     538
   539.00000 -0.671292E+00  0.868249E+02 -0.293903E+02  0.431989E+02 -0.140633E+02   -255.026   -209.731  -1601.936     539
   540.00000 -0.671292E+00  0.873812E+02 -0.293903E+02  0.437552E+02 -0.140633E+02   -394.642   -293.306  -1601.938     540
   541.00000 -0.671292E+00  0.878714E+02 -0.293903E+02  0.442268E+02 -0.140634E+02   -677.024   -433.588  -1601.940     541
   542.00000 -0.671292E+00  0.882829E+02 -0.293903E+02  0.445596E+02 -0.140634E+02  -1040.784   -608.377  -1601.942     542
   543.00000 -0.671292E+00  0.887248E+02 -0.293903E+02  0.448237E+02 -0.140634E+02  -1312.670   -760.020  -1601.943     543
   544.00000 -0.671292E+00  0.890474E+02 -0.293903E+02  0.449912E+02 -0.140635E+02  -1468.257   -863.826  -1601.945     544
   545.00000 -0.671292E+00  0.892659E+02 -0.293903E+02  0.450977E+02 -0.140635E+02  -1534.577   -910.526  -1601.947     545
   546.00000 -0.671292E+00  0.896418E+02 -0.293903E+02  0.452496E+02 -0.140636E+02  -1569.511   -963.361  -1601.948     546
   547.00000 -0.671292E+00  0.899110E+02 -0.293903E+02  0.453512E+02 -0.140636E+02  -1588.125  -1014.447  -1601.949     547
   548.00000 -0.671292E+00  0.902819E+02 -0.293903E+02  0.455249E+02 -0.140636E+02  -1595.258   -813.480  -1601.951     548
   549.00000 -0.206829E+01  0.907086E+02 -0.307873E+02  0.458559E+02 -0.140637E+02    -80.365   -445.487  -1601.950     549
   550.00000 -0.206829E+01  0.909550E+02 -0.307873E+02  0.461014E+02 -0.140637E+02   -242.379   -410.217  -1601.951     550
   551.00000 -0.487419E+01  0.913131E+02 -0.335932E+02  0.464596E+02 -0.140638E+02    -24.247   -179.791  -1601.951     551
   552.00000 -0.487419E+01  0.916890E+02 -0.335932E+02  0.468355E+02 -0.140638E+02   -114.387   -150.287  -1601.953     552
   553.00000 -0.783649E+01  0.920370E+02 -0.365555E+02  0.471835E+02 -0.140638E+02    -15.369    -46.326  -1601.953     553
   554.00000 -0.783649E+01  0.924815E+02 -0.365555E+02  0.476280E+02 -0.140639E+02    -84.812    -82.569  -1601.953     554
   555.00000 -0.106305E+02  0.929438E+02 -0.393495E+02  0.480902E+02 -0.140639E+02    -14.395    -29.521  -1601.953     555
   556.00000 -0.106305E+02  0.934010E+02 -0.393495E+02  0.485475E+02 -0.140639E+02    -74.942    -67.026  -1601.954     556
   557.00000 -0.134245E+02  0.938785E+02 -0.421435E+02  0.490250E+02 -0.140640E+02    -13.115    -23.403  -1601.954     557
   558.00000 -0.148658E+02  0.943103E+02 -0.435848E+02  0.494568E+02 -0.140640E+02    -24.616    -29.864  -1601.956     558
   559.00000 -0.148658E+02  0.947472E+02 -0.435848E+02  0.498936E+02 -0.140641E+02    -71.401    -60.172  -1601.956     559
   560.00000 -0.148658E+02  0.951967E+02 -0.435848E+02  0.503432E+02 -0.140641E+02    -99.659    -83.744  -1601.958     560
   561.00000 -0.148658E+02  0.956234E+02 -0.435848E+02  0.507699E+02 -0.140641E+02   -127.278   -105.859  -1601.959     561
   562.00000 -0.148658E+02  0.961060E+02 -0.435848E+02  0.512525E+02 -0.140642E+02   -162.504   -131.522  -1601.960     562
   563.00000 -0.148658E+02  0.965683E+02 -0.435848E+02  0.517148E+02 -0.140642E+02   -205.652   -160.562  -1601.962     563
   564.00000 -0.148658E+02  0.970204E+02 -0.435848E+02  0.521670E+02 -0.140643E+02   -259.806   -193.924  -1601.963     564
   565.00000 -0.148658E+02  0.973963E+02 -0.435848E+02  0.525429E+02 -0.140643E+02   -323.633   -229.889  -1601.964     565
   566.00000 -0.148658E+02  0.978053E+02 -0.435848E+02  0.529518E+02 -0.140643E+02   -403.626   -271.696  -1601.966     566
   567.00000 -0.148658E+02  0.982193E+02 -0.435848E+02  0.533658E+02 -0.140644E+02   -527.812   -329.401  -1601.968     567
   568.00000 -0.148658E+02  0.985901E+02 -0.435848E+02  0.537326E+02 -0.140644E+02   -703.826   -402.782  -1601.969     568
   569.00000 -0.148658E+02  0.989762E+02 -0.435848E+02  0.540829E+02 -0.140645E+02   -914.259   -492.153  -1601.970     569
   570.00000 -0.148658E+02  0.994588E+02 -0.435848E+02  0.544441E+02 -0.140645E+02  -1150.080   -605.945  -1601.973     570
   571.00000 -0.148658E+02  0.100015E+03 -0.435848E+02  0.547744E+02 -0.140645E+02  -1371.422   -736.650  -1601.974     571
   572.00000 -0.148658E+02  0.100604E+03 -0.435848E+02  0.550463E+02 -0.140646E+02  -1494.798   -845.910  -1601.977     572
   573.00000 -0.148658E+02  0.101077E+03 -0.435848E+02  0.552286E+02 -0.140646E+02  -1554.184   -919.129  -1601.979     573
   574.00000 -0.148658E+02  0.101483E+03 -0.435848E+02  0.553719E+02 -0.140646E+02  -1585.131   -963.691  -1601.981     574
   575.00000 -0.148658E+02  0.101826E+03 -0.435848E+02  0.554874E+02 -0.140647E+02  -1595.773   -992.155  -1601.983     575
   576.00000 -0.148658E+02  0.102268E+03 -0.435848E+02  0.556189E+02 -0.140647E+02  -1599.533  -1021.546  -1601.985     576
   577.00000 -0.148658E+02  0.102649E+03 -0.435848E+02  0.557276E+02 -0.140648E+02  -1600.945  -1048.823  -1601.987     577
   578.00000 -0.148658E+02  0.103119E+03 -0.435848E+02  0.558454E+02 -0.140648E+02  -1601.596  -1076.535  -1601.989     578
   579.00000 -0.148658E+02  0.103533E+03 -0.435848E+02  0.559446E+02 -0.140648E+02  -1602.052  -1102.366  -1601.991     579
   580.00000 -0.148658E+02  0.103962E+03 -0.435848E+02  0.560396E+02 -0.140649E+02  -1602.422  -1124.419  -1601.993     580
   581.00000 -0.148658E+02  0.104325E+03 -0.435848E+02  0.561187E+02 -0.140649E+02  -1602.741  -1142.248  -1601.993     581
   582.00000 -0.148658E+02  0.104458E+03 -0.435848E+02  0.561515E+02 -0.140649E+02  -1603.018  -1142.989  -1601.991     582
   583.00000 -0.148658E+02  0.104790E+03 -0.435848E+02  0.562261E+02 -0.140650E+02  -1603.241  -1145.710  -1601.987     583
   584.00000 -0.148658E+02  0.105136E+03 -0.435848E+02  0.562993E+02 -0.140650E+02  -1603.425  -1161.377  -1601.977     584
   585.00000 -0.148658E+02  0.105255E+03 -0.435848E+02  0.563282E+02 -0.140651E+02  -1603.590  -1162.447  -1601.958     585
   586.00000 -0.148658E+02  0.105507E+03 -0.435848E+02  0.563854E+02 -0.140651E+02  -1603.726  -1163.772  -1601.924     586
   587.00000 -0.148658E+02  0.105819E+03 -0.435848E+02  0.564513E+02 -0.140651E+02  -1603.835  -1175.997  -1601.864     587
   588.00000 -0.148658E+02  0.106134E+03 -0.435848E+02  0.565143E+02 -0.140652E+02  -1603.936  -1190.939  -1601.766     588
   589.00000 -0.148658E+02  0.106500E+03 -0.435848E+02  0.565806E+02 -0.140652E+02  -1604.041  -1207.538  -1601.611     589
   590.00000 -0.148658E+02  0.106878E+03 -0.435848E+02  0.566440E+02 -0.140653E+02  -1604.157  -1224.749  -1601.375     590
   591.00000 -0.148658E+02  0.107203E+03 -0.435848E+02  0.566975E+02 -0.140653E+02  -1604.284  -1237.997  -1601.023     591
   592.00000 -0.148658E+02  0.107526E+03 -0.435848E+02  0.567484E+02 -0.140653E+02  -1604.416  -1248.589  -1600.515     592
   593.00000 -0.148658E+02  0.107930E+03 -0.435848E+02  0.568050E+02 -0.140654E+02  -1604.552  -1261.358  -1599.795     593
   594.00000 -0.148658E+02  0.108311E+03 -0.435848E+02  0.568562E+02 -0.140654E+02  -1604.690  -1273.903  -1598.800     594
   595.00000 -0.148658E+02  0.108669E+03 -0.435848E+02  0.569030E+02 -0.140655E+02  -1604.829  -1284.102  -1597.451     595
   596.00000 -0.148658E+02  0.109045E+03 -0.435848E+02  0.569492E+02 -0.140655E+02  -1604.968  -1293.470  -1595.658     596
   597.00000 -0.148658E+02  0.109479E+03 -0.435848E+02  0.569973E+02 -0.140655E+02  -1605.107  -1304.134  -1593.319     597
   598.00000 -0.148658E+02  0.109822E+03 -0.435848E+02  0.570367E+02 -0.140656E+02  -1605.246  -1311.985  -1590.317     598
   599.00000 -0.148658E+02  0.110112E+03 -0.435848E+02  0.570710E+02 -0.140656E+02  -1605.383  -1316.028  -1586.530     599
   600.00000 -0.148658E+02  0.110427E+03 -0.435848E+02  0.571070E+02 -0.140657E+02  -1605.518  -1319.941  -1581.831     600
   601.00000 -0.148658E+02  0.110805E+03 -0.435848E+02  0.571466E+02 -0.140657E+02  -1605.648  -1326.439  -1576.097     601
   602.00000 -0.148658E+02  0.111148E+03 -0.435848E+02  0.571823E+02 -0.140657E+02  -1605.774  -1332.843  -1569.238     602
   603.00000 -0.148658E+02  0.111519E+03 -0.435848E+02  0.572187E+02 -0.140658E+02  -1605.896  -1339.104  -1561.311     603
   604.00000 -0.148658E+02  0.111867E+03 -0.435848E+02  0.572526E+02 -0.140658E+02  -1606.014  -1344.781  -1553.293     604
   605.00000 -0.148658E+02  0.112329E+03 -0.435848E+02  0.572912E+02 -0.140659E+02  -1606.130  -1352.520  -1544.369     605
   606.00000 -0.148658E+02  0.112593E+03 -0.435848E+02  0.573172E+02 -0.140659E+02  -1606.242  -1356.196  -1533.121     606
   607.00000 -0.148658E+02  0.112989E+03 -0.435848E+02  0.573509E+02 -0.140660E+02  -1606.353  -1360.216  -1519.438     607
   608.00000 -0.148658E+02  0.113355E+03 -0.435848E+02  0.573819E+02 -0.140660E+02  -1606.461  -1365.522  -1503.256     608
   609.00000 -0.148658E+02  0.113660E+03 -0.435848E+02  0.574088E+02 -0.140661E+02  -1606.567  -1368.723  -1484.556     609
   610.00000 -0.148658E+02  0.113949E+03 -0.435848E+02  0.608185E+02 -0.140661E+02  -1606.670   -692.906  -1463.387     610
   611.00000 -0.148658E+02  0.114252E+03 -0.435848E+02  0.633758E+02 -0.140662E+02  -1606.774  -1201.896  -1516.525     611
   612.00000 -0.148658E+02  0.114549E+03 -0.435848E+02  0.640154E+02 -0.140662E+02  -1606.884  -1479.057  -1558.722     612
   613.00000 -0.148658E+02  0.114844E+03 -0.435848E+02  0.641752E+02 -0.140662E+02  -1607.008  -1567.528  -1586.207     613
   614.00000 -0.148658E+02  0.115133E+03 -0.435848E+02  0.642137E+02 -0.140663E+02  -1607.145  -1596.104  -1597.624     614
   615.00000 -0.148658E+02  0.115435E+03 -0.435848E+02  0.642176E+02 -0.140663E+02  -1607.291  -1602.061  -1600.331     615
   616.00000 -0.148658E+02  0.115727E+03 -0.435848E+02  0.642176E+02 -0.140664E+02  -1607.444  -1602.264  -1600.858     616
   617.00000 -0.148658E+02  0.116012E+03 -0.435848E+02  0.642176E+02 -0.140664E+02  -1607.599  -1602.280  -1601.073     617
   618.00000 -0.148658E+02  0.116408E+03 -0.435848E+02  0.642176E+02 -0.140664E+02  -1607.755  -1602.292  -1601.206     618
   619.00000 -0.148658E+02  0.116591E+03 -0.435848E+02  0.642176E+02 -0.140665E+02  -1607.911  -1602.305  -1601.297     619
   620.00000 -0.148658E+02  0.116743E+03 -0.435848E+02  0.642176E+02 -0.140665E+02  -1608.066  -1602.317  -1601.365     620
   621.00000 -0.148658E+02  0.116807E+03 -0.435848E+02  0.642176E+02 -0.140666E+02  -1608.219  -1602.330  -1601.417     621
   622.00000 -0.148658E+02  0.117046E+03 -0.435848E+02  0.642176E+02 -0.140666E+02  -1608.370  -1602.342  -1601.458     622
   623.00000 -0.148658E+02  0.117404E+03 -0.435848E+02  0.642176E+02 -0.140666E+02  -1608.520  -1602.355  -1601.492     623
   624.00000 -0.148658E+02  0.117577E+03 -0.435848E+02  0.642176E+02 -0.140667E+02  -1608.667  -1602.367  -1601.521     624
   625.00000 -0.148658E+02  0.117775E+03 -0.435848E+02  0.642176E+02 -0.140667E+02  -1608.813  -1602.379  -1601.544     625
   626.00000 -0.148658E+02  0.117942E+03 -0.435848E+02  0.642176E+02 -0.140668E+02  -1608.956  -1602.392  -1601.566     626
   627.00000 -0.148658E+02  0.118031E+03 -0.435848E+02  0.642176E+02 -0.140668E+02  -1609.098  -1602.405  -1601.586     627
   628.00000 -0.148658E+02  0.118275E+03 -0.435848E+02  0.642176E+02 -0.140668E+02  -1609.239  -1602.417  -1601.602     628
   629.00000 -0.148658E+02  0.118621E+03 -0.435848E+02  0.642176E+02 -0.140669E+02  -1609.377  -1602.429  -1601.618     629
   630.00000 -0.148658E+02  0.118816E+03 -0.435848E+02  0.642176E+02 -0.140669E+02  -1609.514  -1602.441  -1601.632     630
   631.00000 -0.148658E+02  0.119139E+03 -0.435848E+02  0.642176E+02 -0.140670E+02  -1609.649  -1602.453  -1601.645     631
   632.00000 -0.148658E+02  0.119405E+03 -0.435848E+02  0.642176E+02 -0.140670E+02  -1609.782  -1602.466  -1601.657     632
   633.00000 -0.148658E+02  0.119847E+03 -0.435848E+02  0.642176E+02 -0.140670E+02  -1609.914  -1602.478  -1601.668     633
   634.00000 -0.148658E+02  0.120244E+03 -0.435848E+02  0.642176E+02 -0.140671E+02  -1610.045  -1602.489  -1601.678     634
   635.00000 -0.148658E+02  0.120561E+03 -0.435848E+02  0.642176E+02 -0.140671E+02  -1610.175  -1602.502  -1601.688     635
   636.00000 -0.148658E+02  0.120970E+03 -0.435848E+02  0.642176E+02 -0.140672E+02  -1610.303  -1602.515  -1601.697     636
   637.00000 -0.148658E+02  0.121204E+03 -0.435848E+02  0.642176E+02 -0.140672E+02  -1610.429  -1602.526  -1601.705     637
   638.00000 -0.148658E+02  0.121521E+03 -0.435848E+02  0.642176E+02 -0.140672E+02  -1610.554  -1602.539  -1601.714     638
   639.00000 -0.148658E+02  0.121729E+03 -0.435848E+02  0.642176E+02 -0.140673E+02  -1610.677  -1602.551  -1601.721     639
   640.00000 -0.143248E+02  0.121729E+03 -0.434480E+02  0.642176E+02 -0.140673E+02***********  -1698.278  -1601.728     640
   641.00000 -0.141317E+02  0.121729E+03 -0.434273E+02  0.642176E+02 -0.140674E+02***********  -1722.531  -1601.735     641
   642.00000 -0.139565E+02  0.121729E+03 -0.434129E+02  0.642176E+02 -0.140674E+02***********  -1738.698  -1601.742     642
   643.00000 -0.134942E+02  0.121729E+03 -0.434009E+02  0.642176E+02 -0.140674E+02***********  -1751.682  -1601.748     643
   644.00000 -0.132402E+02  0.121729E+03 -0.433907E+02  0.642176E+02 -0.140675E+02***********  -1762.922  -1601.754     644
   645.00000 -0.130167E+02  0.121729E+03 -0.433815E+02  0.642176E+02 -0.140675E+02***********  -1773.180  -1601.759     645
   646.00000 -0.126814E+02  0.121729E+03 -0.433732E+02  0.642176E+02 -0.140676E+02***********  -1781.514  -1601.763     646
   647.00000 -0.123283E+02  0.121729E+03 -0.433655E+02  0.642176E+02 -0.140676E+02***********  -1789.125  -1601.768     647
   648.00000 -0.120489E+02  0.121729E+03 -0.433584E+02  0.642176E+02 -0.140676E+02***********  -1796.199  -1601.772     648
   649.00000 -0.118737E+02  0.121729E+03 -0.433517E+02  0.642176E+02 -0.140677E+02***********  -1802.676  -1601.777     649
   650.00000 -0.117441E+02  0.121729E+03 -0.433454E+02  0.642176E+02 -0.140677E+02***********  -1808.679  -1601.781     650
   651.00000 -0.115968E+02  0.121729E+03 -0.433394E+02  0.642176E+02 -0.140678E+02***********  -1814.336  -1601.785     651
   652.00000 -0.114419E+02  0.121729E+03 -0.433337E+02  0.642176E+02 -0.140678E+02***********  -1819.732  -1601.789     652
   653.00000 -0.111371E+02  0.121729E+03 -0.433283E+02  0.642176E+02 -0.140678E+02***********  -1824.880  -1601.792     653
   654.00000 -0.109034E+02  0.121729E+03 -0.433231E+02  0.642176E+02 -0.140679E+02***********  -1829.533  -1601.796     654
   655.00000 -0.106443E+02  0.121729E+03 -0.433180E+02  0.642176E+02 -0.140679E+02***********  -1834.067  -1601.799     655
   656.00000 -0.105072E+02  0.121729E+03 -0.433131E+02  0.642176E+02 -0.140679E+02***********  -1838.548  -1601.802     656
   657.00000 -0.102506E+02  0.121729E+03 -0.433083E+02  0.642176E+02 -0.140680E+02***********  -1842.973  -1601.804     657
   658.00000 -0.976293E+01  0.121729E+03 -0.433037E+02  0.642176E+02 -0.140680E+02***********  -1847.241  -1601.807     658
   659.00000 -0.935653E+01  0.121729E+03 -0.432993E+02  0.642176E+02 -0.140681E+02***********  -1851.283  -1601.810     659
   660.00000 -0.915587E+01  0.121729E+03 -0.432949E+02  0.642176E+02 -0.140681E+02***********  -1855.167  -1601.811     660
   661.00000 -0.898315E+01  0.121729E+03 -0.432907E+02  0.642176E+02 -0.140681E+02***********  -1858.932  -1601.814     661
   662.00000 -0.872915E+01  0.121729E+03 -0.432865E+02  0.642176E+02 -0.140682E+02***********  -1862.562  -1601.816     662
   663.00000 -0.856405E+01  0.121729E+03 -0.432825E+02  0.642176E+02 -0.140682E+02***********  -1866.053  -1601.818     663
   664.00000 -0.845737E+01  0.121729E+03 -0.432785E+02  0.642176E+02 -0.140683E+02***********  -1869.421  -1601.819     664
   665.00000 -0.818051E+01  0.121729E+03 -0.432747E+02  0.642176E+02 -0.140683E+02***********  -1872.691  -1601.820     665
   666.00000 -0.785285E+01  0.121729E+03 -0.432709E+02  0.642176E+02 -0.140683E+02***********  -1875.907  -1601.822     666
   667.00000 -0.763949E+01  0.121729E+03 -0.432671E+02  0.642176E+02 -0.140684E+02***********  -1879.042  -1601.824     667
   668.00000 -0.755821E+01  0.121729E+03 -0.432635E+02  0.642176E+02 -0.140684E+02***********  -1882.110  -1601.824     668
   669.00000 -0.738295E+01  0.121729E+03 -0.432599E+02  0.642176E+02 -0.140685E+02***********  -1885.128  -1601.826     669
   670.00000 -0.723563E+01  0.121729E+03 -0.432564E+02  0.642176E+02 -0.140685E+02***********  -1888.082  -1601.827     670
   671.00000 -0.706545E+01  0.121729E+03 -0.432529E+02  0.642176E+02 -0.140685E+02***********  -1890.976  -1601.827     671
   672.00000 -0.685463E+01  0.121729E+03 -0.432495E+02  0.642176E+02 -0.140686E+02***********  -1893.812  -1601.828     672
   673.00000 -0.675303E+01  0.121729E+03 -0.432462E+02  0.642176E+02 -0.140686E+02***********  -1896.596  -1601.828     673
   674.00000 -0.653459E+01  0.121729E+03 -0.432429E+02  0.642176E+02 -0.140687E+02***********  -1899.328  -1601.828     674
   675.00000 -0.645585E+01  0.121729E+03 -0.432397E+02  0.642176E+02 -0.140687E+02***********  -1902.013  -1601.829     675
   676.00000 -0.630345E+01  0.121729E+03 -0.432365E+02  0.642176E+02 -0.140687E+02***********  -1904.671  -1601.830     676
   677.00000 -0.601643E+01  0.121729E+03 -0.432334E+02  0.642176E+02 -0.140688E+02***********  -1907.251  -1601.830     677
   678.00000 -0.576497E+01  0.121729E+03 -0.432304E+02  0.642176E+02 -0.140688E+02***********  -1909.711  -1601.832     678
   679.00000 -0.565321E+01  0.121729E+03 -0.432273E+02  0.642176E+02 -0.140688E+02***********  -1912.142  -1601.833     679
   680.00000 -0.554907E+01  0.121729E+03 -0.432243E+02  0.642176E+02 -0.140689E+02***********  -1914.566  -1601.834     680
   681.00000 -0.536365E+01  0.121729E+03 -0.432213E+02  0.642176E+02 -0.140689E+02***********  -1916.985  -1601.835     681
   682.00000 -0.518077E+01  0.121729E+03 -0.432184E+02  0.642176E+02 -0.140690E+02***********  -1919.404  -1601.836     682
   683.00000 -0.490137E+01  0.121729E+03 -0.432155E+02  0.642176E+02 -0.140690E+02***********  -1921.852  -1601.837     683
   684.00000 -0.466007E+01  0.121729E+03 -0.432126E+02  0.642176E+02 -0.140690E+02***********  -1924.301  -1601.837     684
   685.00000 -0.459149E+01  0.121729E+03 -0.432098E+02  0.642176E+02 -0.140691E+02***********  -1926.740  -1601.837     685
   686.00000 -0.444163E+01  0.121729E+03 -0.432070E+02  0.642176E+02 -0.140691E+02***********  -1929.158  -1601.837     686
   687.00000 -0.412413E+01  0.121729E+03 -0.432042E+02  0.642176E+02 -0.140692E+02***********  -1931.563  -1601.838     687
   688.00000 -0.398951E+01  0.121729E+03 -0.432015E+02  0.642176E+02 -0.140692E+02***********  -1933.890  -1601.838     688
   689.00000 -0.394887E+01  0.121729E+03 -0.431988E+02  0.642176E+02 -0.140692E+02***********  -1936.138  -1601.839     689
   690.00000 -0.391839E+01  0.121729E+03 -0.431961E+02  0.642176E+02 -0.140693E+02***********  -1938.321  -1601.839     690
   691.00000 -0.387775E+01  0.121729E+03 -0.431935E+02  0.642176E+02 -0.140693E+02***********  -1940.452  -1601.840     691
   692.00000 -0.386505E+01  0.121729E+03 -0.431909E+02  0.642176E+02 -0.140694E+02***********  -1942.544  -1601.841     692
   693.00000 -0.384473E+01  0.121729E+03 -0.431883E+02  0.642176E+02 -0.140694E+02***********  -1944.610  -1601.842     693
   694.00000 -0.382695E+01  0.121729E+03 -0.431857E+02  0.642176E+02 -0.140694E+02***********  -1946.654  -1601.843     694
   695.00000 -0.380917E+01  0.121729E+03 -0.431831E+02  0.642176E+02 -0.140695E+02***********  -1948.676  -1601.844     695
   696.00000 -0.373297E+01  0.121729E+03 -0.431806E+02  0.642176E+02 -0.140695E+02***********  -1950.716  -1601.845     696
   697.00000 -0.371011E+01  0.121729E+03 -0.431781E+02  0.642176E+02 -0.140696E+02***********  -1952.738  -1601.846     697
   698.00000 -0.366947E+01  0.121729E+03 -0.431756E+02  0.642176E+02 -0.140696E+02***********  -1954.723  -1601.846     698
   699.00000 -0.365169E+01  0.121729E+03 -0.431731E+02  0.642176E+02 -0.140696E+02***********  -1956.674  -1601.847     699
   700.00000 -0.353231E+01  0.121729E+03 -0.431707E+02  0.642176E+02 -0.140697E+02***********  -1958.591  -1601.847     700
   701.00000 -0.349929E+01  0.121729E+03 -0.431683E+02  0.642176E+02 -0.140697E+02***********  -1960.478  -1601.847     701
   702.00000 -0.341801E+01  0.121729E+03 -0.431659E+02  0.642176E+02 -0.140697E+02***********  -1962.336  -1601.848     702
   703.00000 -0.326053E+01  0.121729E+03 -0.431635E+02  0.642176E+02 -0.140698E+02***********  -1964.175  -1601.849     703
   704.00000 -0.321227E+01  0.121729E+03 -0.431611E+02  0.642176E+02 -0.140698E+02***********  -1965.995  -1601.849     704
   705.00000 -0.303193E+01  0.121729E+03 -0.431588E+02  0.642176E+02 -0.140699E+02***********  -1967.795  -1601.849     705
   706.00000 -0.274237E+01  0.121729E+03 -0.431564E+02  0.642176E+02 -0.140699E+02***********  -1969.575  -1601.851     706
   707.00000 -0.237661E+01  0.121729E+03 -0.431541E+02  0.642176E+02 -0.140699E+02***********  -1971.338  -1601.851     707
   708.00000 -0.224707E+01  0.121729E+03 -0.431518E+02  0.642176E+02 -0.140700E+02***********  -1973.084  -1601.851     708
   709.00000 -0.218865E+01  0.121729E+03 -0.431495E+02  0.642176E+02 -0.140700E+02***********  -1974.818  -1601.852     709
   710.00000 -0.212007E+01  0.121729E+03 -0.431473E+02  0.642176E+02 -0.140701E+02***********  -1976.536  -1601.853     710
   711.00000 -0.201339E+01  0.121729E+03 -0.431450E+02  0.642176E+02 -0.140701E+02***********  -1978.242  -1601.853     711
   712.00000 -0.195751E+01  0.121729E+03 -0.431428E+02  0.642176E+02 -0.140701E+02***********  -1979.936  -1601.853     712
   713.00000 -0.182289E+01  0.121729E+03 -0.431405E+02  0.642176E+02 -0.140702E+02***********  -1981.618  -1601.854     713
   714.00000 -0.163747E+01  0.121729E+03 -0.431383E+02  0.642176E+02 -0.140702E+02***********  -1983.316  -1601.854     714
   715.00000 -0.152825E+01  0.121729E+03 -0.431361E+02  0.642176E+02 -0.140703E+02***********  -1985.007  -1601.854     715
   716.00000 -0.146983E+01  0.121729E+03 -0.431340E+02  0.642176E+02 -0.140703E+02***********  -1986.701  -1601.855     716
   717.00000 -0.144951E+01  0.121729E+03 -0.431318E+02  0.642176E+02 -0.140703E+02***********  -1988.383  -1601.855     717
   718.00000 -0.127679E+01  0.121729E+03 -0.431297E+02  0.642176E+02 -0.140704E+02***********  -1990.052  -1601.856     718
   719.00000 -0.115487E+01  0.121729E+03 -0.431275E+02  0.642176E+02 -0.140704E+02***********  -1991.708  -1601.857     719
   720.00000 -0.936434E+00  0.121729E+03 -0.431254E+02  0.642176E+02 -0.140704E+02***********  -1993.351  -1601.857     720
   721.00000 -0.684974E+00  0.121729E+03 -0.431233E+02  0.642176E+02 -0.140705E+02***********  -1994.980  -1601.857     721
   722.00000 -0.512254E+00  0.121729E+03 -0.431212E+02  0.642176E+02 -0.140705E+02***********  -1996.595  -1601.858     722
   723.00000 -0.314134E+00  0.121729E+03 -0.431191E+02  0.642176E+02 -0.140706E+02***********  -1998.198  -1601.859     723
   724.00000 -0.126174E+00  0.121729E+03 -0.431171E+02  0.642176E+02 -0.140706E+02***********  -1999.786  -1601.860     724
   725.00000  0.770261E-01  0.121729E+03 -0.431150E+02  0.642176E+02 -0.140706E+02***********  -2001.362  -1601.860     725
   726.00000  0.295466E+00  0.121729E+03 -0.431130E+02  0.642176E+02 -0.140707E+02***********  -2002.933  -1601.861     726
   727.00000  0.470726E+00  0.121729E+03 -0.431110E+02  0.642176E+02 -0.140707E+02***********  -2004.490  -1601.862     727
   728.00000  0.676466E+00  0.121729E+03 -0.431090E+02  0.642176E+02 -0.140708E+02***********  -2006.036  -1601.862     728
   729.00000  0.755206E+00  0.121729E+03 -0.431070E+02  0.642176E+02 -0.140708E+02***********  -2007.568  -1601.863     729
   730.00000  0.770446E+00  0.121729E+03 -0.431050E+02  0.642176E+02 -0.140708E+02***********  -2009.088  -1601.864     730
   731.00000  0.770446E+00  0.121729E+03 -0.431050E+02  0.642176E+02 -0.140709E+02-472393.250  -1997.430  -1601.863     731
   732.00000  0.783146E+00  0.121729E+03 -0.431016E+02  0.642176E+02 -0.140709E+02***********  -2003.202  -1601.863     732
   733.00000  0.795846E+00  0.121729E+03 -0.430995E+02  0.642176E+02 -0.140709E+02***********  -2008.055  -1601.864     733
   734.00000  0.808546E+00  0.121729E+03 -0.430975E+02  0.642176E+02 -0.140710E+02***********  -2011.395  -1601.864     734
   735.00000  0.818706E+00  0.121729E+03 -0.430955E+02  0.642176E+02 -0.140710E+02***********  -2013.933  -1601.865     735
   736.00000  0.823786E+00  0.121729E+03 -0.430935E+02  0.642176E+02 -0.140711E+02***********  -2016.051  -1601.866     736
   737.00000  0.839026E+00  0.121729E+03 -0.430916E+02  0.642176E+02 -0.140711E+02***********  -2017.935  -1601.867     737
   738.00000  0.910146E+00  0.121729E+03 -0.430897E+02  0.642176E+02 -0.140711E+02***********  -2019.691  -1601.868     738
   739.00000  0.101683E+01  0.121729E+03 -0.430878E+02  0.642176E+02 -0.140712E+02***********  -2021.356  -1601.868     739
   740.00000  0.108287E+01  0.121729E+03 -0.430859E+02  0.642176E+02 -0.140712E+02***********  -2022.956  -1601.868     740
   741.00000  0.127337E+01  0.121729E+03 -0.430841E+02  0.642176E+02 -0.140713E+02***********  -2024.507  -1601.869     741
   742.00000  0.131909E+01  0.121729E+03 -0.430822E+02  0.642176E+02 -0.140713E+02***********  -2026.022  -1601.870     742
   743.00000  0.134195E+01  0.121729E+03 -0.430804E+02  0.642176E+02 -0.140713E+02***********  -2027.507  -1601.870     743
   744.00000  0.139783E+01  0.121729E+03 -0.430785E+02  0.642176E+02 -0.140714E+02***********  -2028.966  -1601.871     744
   745.00000  0.150451E+01  0.121729E+03 -0.430767E+02  0.642176E+02 -0.140714E+02***********  -2030.406  -1601.872     745
   746.00000  0.163151E+01  0.121729E+03 -0.430749E+02  0.642176E+02 -0.140714E+02***********  -2031.821  -1601.873     746
   747.00000  0.183725E+01  0.121729E+03 -0.430731E+02  0.642176E+02 -0.140715E+02***********  -2033.201  -1601.874     747
   748.00000  0.187789E+01  0.121729E+03 -0.430713E+02  0.642176E+02 -0.140715E+02***********  -2034.557  -1601.875     748
   749.00000  0.189821E+01  0.121729E+03 -0.430695E+02  0.642176E+02 -0.140716E+02***********  -2035.900  -1601.876     749
   750.00000  0.191599E+01  0.121729E+03 -0.430678E+02  0.642176E+02 -0.140716E+02***********  -2037.235  -1601.878     750
   751.00000  0.197187E+01  0.121729E+03 -0.430660E+02  0.642176E+02 -0.140716E+02***********  -2038.567  -1601.879     751
   752.00000  0.212173E+01  0.121729E+03 -0.430643E+02  0.642176E+02 -0.140717E+02***********  -2039.897  -1601.880     752
   753.00000  0.216745E+01  0.121729E+03 -0.430625E+02  0.642176E+02 -0.140717E+02***********  -2041.225  -1601.882     753
   754.00000  0.232239E+01  0.121729E+03 -0.430608E+02  0.642176E+02 -0.140718E+02***********  -2042.556  -1601.883     754
   755.00000  0.235033E+01  0.121729E+03 -0.430591E+02  0.642176E+02 -0.140718E+02***********  -2043.888  -1601.884     755
   756.00000  0.238335E+01  0.121729E+03 -0.430574E+02  0.642176E+02 -0.140718E+02***********  -2045.214  -1601.885     756
end
