

   Time         sum(rTop)     sum(rRoot)    sum(vTop)     sum(vRoot)     sum(vBot)    hTop       hRoot      hBot      A-level
    [T]           [L]           [L]           [L]           [L]            [L]        [L]         [L]       [L] 

     1.00000  0.000000E+00  0.000000E+00 -0.625914E-08  0.000000E+00 -0.800193E-05    -15.016     -7.550    -15.008       1
     2.00000  0.355600E-01  0.000000E+00  0.355600E-01  0.000000E+00 -0.159740E-04    -51.388     -7.551    -15.016       2
     3.00000  0.142240E+00  0.000000E+00  0.142240E+00  0.000000E+00 -0.239313E-04   -549.307     -7.558    -15.024       3
     4.00000  0.218440E+00  0.000000E+00  0.211446E+00  0.000000E+00 -0.318736E-04***********     -7.606    -15.032       4
     5.00000  0.251460E+00  0.000000E+00  0.213227E+00  0.000000E+00 -0.398010E-04***********     -7.612    -15.040       5
     6.00000  0.299720E+00  0.000000E+00  0.214407E+00  0.000000E+00 -0.477135E-04***********     -7.616    -15.049       6
     7.00000  0.426720E+00  0.000000E+00  0.215468E+00  0.000000E+00 -0.555962E-04***********     -7.619    -15.057       7
     8.00000  0.612140E+00  0.000000E+00  0.216431E+00  0.000000E+00 -0.634641E-04***********     -7.622    -15.065       8
     9.00000  0.789940E+00  0.000000E+00  0.217306E+00  0.000000E+00 -0.713170E-04***********     -7.625    -15.073       9
    10.00000  0.886460E+00  0.000000E+00  0.218102E+00  0.000000E+00 -0.791550E-04***********     -7.628    -15.081      10
    11.00000  0.932180E+00  0.000000E+00  0.218826E+00  0.000000E+00 -0.869632E-04***********     -7.630    -15.088      11
    12.00000  0.112522E+01  0.000000E+00  0.219487E+00  0.000000E+00 -0.947714E-04***********     -7.632    -15.096      12
    13.00000  0.135636E+01  0.000000E+00  0.220090E+00  0.000000E+00 -0.102550E-03***********     -7.634    -15.104      13
    14.00000  0.152908E+01  0.000000E+00  0.220640E+00  0.000000E+00 -0.110328E-03***********     -7.636    -15.112      14
    15.00000  0.156210E+01  0.000000E+00  0.221144E+00  0.000000E+00 -0.118077E-03***********     -7.638    -15.120      15
    16.00000  0.158242E+01  0.000000E+00  0.221606E+00  0.000000E+00 -0.125811E-03***********     -7.639    -15.128      16
    17.00000  0.162560E+01  0.000000E+00  0.222030E+00  0.000000E+00 -0.133529E-03***********     -7.641    -15.136      17
    18.00000  0.178562E+01  0.000000E+00  0.222419E+00  0.000000E+00 -0.141233E-03***********     -7.642    -15.144      18
    19.00000  0.189230E+01  0.000000E+00  0.222778E+00  0.000000E+00 -0.148922E-03***********     -7.643    -15.151      19
    20.00000  0.201930E+01  0.000000E+00  0.223109E+00  0.000000E+00 -0.156596E-03***********     -7.644    -15.159      20
    21.00000  0.220218E+01  0.000000E+00  0.223414E+00  0.000000E+00 -0.164256E-03***********     -7.645    -15.167      21
    22.00000  0.228092E+01  0.000000E+00  0.223697E+00  0.000000E+00 -0.171885E-03***********     -7.646    -15.175      22
    23.00000  0.236982E+01  0.000000E+00  0.223959E+00  0.000000E+00 -0.179514E-03***********     -7.647    -15.183      23
    24.00000  0.245364E+01  0.000000E+00  0.224203E+00  0.000000E+00 -0.187114E-03***********     -7.648    -15.190      24
    25.00000  0.251460E+01  0.000000E+00  0.224430E+00  0.000000E+00 -0.194713E-03***********     -7.648    -15.198      25
    26.00000  0.266700E+01  0.000000E+00  0.224641E+00  0.000000E+00 -0.202283E-03***********     -7.649    -15.206      26
    27.00000  0.271272E+01  0.000000E+00  0.224839E+00  0.000000E+00 -0.209838E-03***********     -7.650    -15.213      27
    28.00000  0.274701E+01  0.000000E+00  0.225024E+00  0.000000E+00 -0.217378E-03***********     -7.650    -15.221      28
    29.00000  0.276987E+01  0.000000E+00  0.225198E+00  0.000000E+00 -0.224903E-03***********     -7.651    -15.229      29
    30.00000  0.282575E+01  0.000000E+00  0.225361E+00  0.000000E+00 -0.232413E-03***********     -7.652    -15.236      30
    31.00000  0.292989E+01  0.000000E+00  0.225515E+00  0.000000E+00 -0.239909E-03***********     -7.652    -15.244      31
    32.00000  0.304165E+01  0.000000E+00  0.225661E+00  0.000000E+00 -0.247389E-03***********     -7.653    -15.252      32
    33.00000  0.318643E+01  0.000000E+00  0.225799E+00  0.000000E+00 -0.254855E-03***********     -7.653    -15.259      33
    34.00000  0.344805E+01  0.000000E+00  0.225929E+00  0.000000E+00 -0.262305E-03***********     -7.653    -15.267      34
    35.00000  0.364109E+01  0.000000E+00  0.226053E+00  0.000000E+00 -0.269726E-03***********     -7.654    -15.274      35
    36.00000  0.384175E+01  0.000000E+00  0.226172E+00  0.000000E+00 -0.277147E-03***********     -7.654    -15.282      36
    37.00000  0.399415E+01  0.000000E+00  0.226284E+00  0.000000E+00 -0.284538E-03***********     -7.655    -15.289      37
    38.00000  0.420751E+01  0.000000E+00  0.226392E+00  0.000000E+00 -0.291929E-03***********     -7.655    -15.297      38
    39.00000  0.431165E+01  0.000000E+00  0.226496E+00  0.000000E+00 -0.299290E-03***********     -7.655    -15.304      39
    40.00000  0.454787E+01  0.000000E+00  0.226595E+00  0.000000E+00 -0.306651E-03***********     -7.656    -15.312      40
    41.00000  0.481965E+01  0.000000E+00  0.226690E+00  0.000000E+00 -0.313982E-03***********     -7.656    -15.319      41
    42.00000  0.499745E+01  0.000000E+00  0.226782E+00  0.000000E+00 -0.321314E-03***********     -7.656    -15.327      42
    43.00000  0.531495E+01  0.000000E+00  0.226870E+00  0.000000E+00 -0.328615E-03***********     -7.656    -15.334      43
    44.00000  0.555117E+01  0.000000E+00  0.226956E+00  0.000000E+00 -0.335902E-03***********     -7.657    -15.342      44
    45.00000  0.561721E+01  0.000000E+00  0.227038E+00  0.000000E+00 -0.343174E-03***********     -7.657    -15.349      45
    46.00000  0.574929E+01  0.000000E+00  0.227118E+00  0.000000E+00 -0.350431E-03***********     -7.657    -15.356      46
    47.00000  0.603631E+01  0.000000E+00  0.227196E+00  0.000000E+00 -0.357673E-03***********     -7.657    -15.364      47
    48.00000  0.627761E+01  0.000000E+00  0.227272E+00  0.000000E+00 -0.364900E-03***********     -7.658    -15.371      48
    49.00000  0.642239E+01  0.000000E+00  0.227345E+00  0.000000E+00 -0.372112E-03***********     -7.658    -15.378      49
    50.00000  0.658749E+01  0.000000E+00  0.227416E+00  0.000000E+00 -0.379309E-03***********     -7.658    -15.386      50
    51.00000  0.666369E+01  0.000000E+00  0.227486E+00  0.000000E+00 -0.386491E-03***********     -7.658    -15.393      51
    52.00000  0.672973E+01  0.000000E+00  0.227554E+00  0.000000E+00 -0.393659E-03***********     -7.659    -15.400      52
    53.00000  0.675259E+01  0.000000E+00  0.227620E+00  0.000000E+00 -0.400811E-03***********     -7.659    -15.408      53
    54.00000  0.677037E+01  0.000000E+00  0.227685E+00  0.000000E+00 -0.407949E-03***********     -7.659    -15.415      54
    55.00000  0.682625E+01  0.000000E+00  0.227748E+00  0.000000E+00 -0.415072E-03***********     -7.659    -15.422      55
    56.00000  0.701167E+01  0.000000E+00  0.227810E+00  0.000000E+00 -0.422180E-03***********     -7.659    -15.429      56
    57.00000  0.721233E+01  0.000000E+00  0.227871E+00  0.000000E+00 -0.429273E-03***********     -7.660    -15.437      57
    58.00000  0.735965E+01  0.000000E+00  0.227930E+00  0.000000E+00 -0.436351E-03***********     -7.660    -15.444      58
    59.00000  0.741553E+01  0.000000E+00  0.227989E+00  0.000000E+00 -0.443414E-03***********     -7.660    -15.451      59
    60.00000  0.753999E+01  0.000000E+00  0.228046E+00  0.000000E+00 -0.450462E-03***********     -7.660    -15.458      60
    61.00000  0.775843E+01  0.000000E+00  0.228102E+00  0.000000E+00 -0.457495E-03***********     -7.660    -15.465      61
    62.00000  0.791337E+01  0.000000E+00  0.228157E+00  0.000000E+00 -0.464514E-03***********     -7.661    -15.472      62
    63.00000  0.808863E+01  0.000000E+00  0.228212E+00  0.000000E+00 -0.471517E-03***********     -7.661    -15.480      63
    64.00000  0.812419E+01  0.000000E+00  0.228265E+00  0.000000E+00 -0.478506E-03***********     -7.661    -15.487      64
    65.00000  0.817499E+01  0.000000E+00  0.228318E+00  0.000000E+00 -0.485480E-03***********     -7.661    -15.494      65
    66.00000  0.823595E+01  0.000000E+00  0.228369E+00  0.000000E+00 -0.492439E-03***********     -7.661    -15.501      66
    67.00000  0.827913E+01  0.000000E+00  0.228420E+00  0.000000E+00 -0.499383E-03***********     -7.661    -15.508      67
    68.00000  0.834263E+01  0.000000E+00  0.228470E+00  0.000000E+00 -0.506312E-03***********     -7.662    -15.515      68
    69.00000  0.837057E+01  0.000000E+00  0.228520E+00  0.000000E+00 -0.513226E-03***********     -7.662    -15.522      69
    70.00000  0.842137E+01  0.000000E+00  0.228568E+00  0.000000E+00 -0.520125E-03***********     -7.662    -15.529      70
    71.00000  0.848741E+01  0.000000E+00  0.228616E+00  0.000000E+00 -0.527009E-03***********     -7.662    -15.536      71
    72.00000  0.866013E+01  0.000000E+00  0.228664E+00  0.000000E+00 -0.533879E-03***********     -7.662    -15.543      72
    73.00000  0.888111E+01  0.000000E+00  0.228710E+00  0.000000E+00 -0.540733E-03***********     -7.662    -15.550      73
    74.00000  0.897509E+01  0.000000E+00  0.228756E+00  0.000000E+00 -0.547573E-03***********     -7.662    -15.557      74
    75.00000  0.908431E+01  0.000000E+00  0.228802E+00  0.000000E+00 -0.554398E-03***********     -7.663    -15.564      75
    76.00000  0.921639E+01  0.000000E+00  0.228846E+00  0.000000E+00 -0.561208E-03***********     -7.663    -15.571      76
    77.00000  0.940943E+01  0.000000E+00  0.228891E+00  0.000000E+00 -0.568002E-03***********     -7.663    -15.578      77
    78.00000  0.956437E+01  0.000000E+00  0.228934E+00  0.000000E+00 -0.574782E-03***********     -7.663    -15.585      78
    79.00000  0.965073E+01  0.000000E+00  0.228977E+00  0.000000E+00 -0.581548E-03***********     -7.663    -15.591      79
    80.00000  0.978027E+01  0.000000E+00  0.229020E+00  0.000000E+00 -0.588298E-03***********     -7.663    -15.598      80
    81.00000  0.991997E+01  0.000000E+00  0.229062E+00  0.000000E+00 -0.595033E-03***********     -7.663    -15.605      81
    82.00000  0.101232E+02  0.000000E+00  0.229103E+00  0.000000E+00 -0.601768E-03***********     -7.664    -15.612      82
    83.00000  0.102781E+02  0.000000E+00  0.229144E+00  0.000000E+00 -0.608474E-03***********     -7.664    -15.619      83
    84.00000  0.103899E+02  0.000000E+00  0.229185E+00  0.000000E+00 -0.615180E-03***********     -7.664    -15.626      84
    85.00000  0.104991E+02  0.000000E+00  0.229225E+00  0.000000E+00 -0.621855E-03***********     -7.664    -15.632      85
    86.00000  0.106693E+02  0.000000E+00  0.229265E+00  0.000000E+00 -0.628531E-03***********     -7.664    -15.639      86
    87.00000  0.107912E+02  0.000000E+00  0.229304E+00  0.000000E+00 -0.635177E-03***********     -7.664    -15.646      87
    88.00000  0.109131E+02  0.000000E+00  0.229342E+00  0.000000E+00 -0.641823E-03***********     -7.664    -15.653      88
    89.00000  0.109944E+02  0.000000E+00  0.229381E+00  0.000000E+00 -0.648439E-03***********     -7.664    -15.659      89
    90.00000  0.111900E+02  0.000000E+00  0.229419E+00  0.000000E+00 -0.655055E-03***********     -7.665    -15.666      90
    91.00000  0.111900E+02  0.254000E+00  0.229419E+00  0.254000E+00 -0.661656E-03-966260.188    -24.198    -15.673      91
    92.00000  0.111900E+02  0.485140E+00  0.229419E+00  0.485140E+00 -0.668243E-03-965687.500    -39.110    -15.680      92
    93.00000  0.111900E+02  0.594360E+00  0.229419E+00  0.594360E+00 -0.674814E-03-965634.875    -51.525    -15.686      93
    94.00000  0.111900E+02  0.660400E+00  0.229419E+00  0.660400E+00 -0.681370E-03-965634.000    -58.931    -15.693      94
    95.00000  0.111900E+02  0.822960E+00  0.229419E+00  0.822960E+00 -0.687912E-03-965633.125    -70.113    -15.700      95
    96.00000  0.111900E+02  0.115570E+01  0.229419E+00  0.115570E+01 -0.694439E-03-965635.688   -103.805    -15.706      96
    97.00000  0.111900E+02  0.152908E+01  0.229419E+00  0.150603E+01 -0.700966E-03-965634.812   -209.086    -15.713      97
    98.00000  0.111900E+02  0.190754E+01  0.229419E+00  0.177747E+01 -0.707462E-03-965633.938   -398.721    -15.720      98
    99.00000  0.111900E+02  0.236474E+01  0.229419E+00  0.201313E+01 -0.713959E-03-965633.062   -594.126    -15.726      99
   100.00000  0.111900E+02  0.291338E+01  0.229419E+00  0.221350E+01 -0.720426E-03-965635.625   -771.337    -15.733     100
   101.00000  0.111900E+02  0.338582E+01  0.229419E+00  0.234283E+01 -0.726894E-03-965634.750   -922.409    -15.739     101
   102.00000  0.111900E+02  0.356870E+01  0.229419E+00  0.238924E+01 -0.733331E-03-965633.875  -1015.734    -15.746     102
   103.00000  0.111900E+02  0.366522E+01  0.229419E+00  0.240986E+01 -0.739768E-03-965633.000  -1061.054    -15.752     103
   104.00000  0.111900E+02  0.384556E+01  0.229419E+00  0.244147E+01 -0.746191E-03-965635.562  -1097.744    -15.759     104
   105.00000  0.111900E+02  0.413766E+01  0.229419E+00  0.248407E+01 -0.752598E-03-965634.688  -1128.495    -15.765     105
   106.00000  0.111900E+02  0.454406E+01  0.229419E+00  0.253982E+01 -0.758991E-03-965633.812  -1160.515    -15.772     106
   107.00000  0.111900E+02  0.489458E+01  0.229419E+00  0.258140E+01 -0.765368E-03-965632.938  -1208.937    -15.778     107
   108.00000  0.111900E+02  0.501904E+01  0.229419E+00  0.259421E+01 -0.771731E-03-965635.500  -1241.608    -15.785     108
   109.00000  0.111900E+02  0.514350E+01  0.229419E+00  0.260533E+01 -0.778079E-03-965634.625  -1259.260    -15.791     109
   110.00000  0.111900E+02  0.528066E+01  0.229419E+00  0.261638E+01 -0.784427E-03-965633.750  -1271.012    -15.798     110
   111.00000  0.111900E+02  0.539496E+01  0.229419E+00  0.262503E+01 -0.790745E-03-965632.875  -1278.508    -15.804     111
   112.00000  0.111900E+02  0.561086E+01  0.229419E+00  0.264053E+01 -0.797063E-03-965635.438  -1286.448    -15.811     112
   113.00000  0.111900E+02  0.586994E+01  0.229419E+00  0.265844E+01 -0.803351E-03-965634.562  -1295.276    -15.817     113
   114.00000  0.111900E+02  0.615188E+01  0.229419E+00  0.267771E+01 -0.809640E-03-965633.688  -1304.934    -15.823     114
   115.00000  0.111900E+02  0.651256E+01  0.229419E+00  0.270231E+01 -0.815913E-03-965632.812  -1319.049    -15.830     115
   116.00000  0.111900E+02  0.688086E+01  0.229419E+00  0.272605E+01 -0.822172E-03-965635.375  -1341.904    -15.836     116
   117.00000  0.111900E+02  0.711708E+01  0.229419E+00  0.273995E+01 -0.828415E-03-965634.500  -1366.053    -15.843     117
   118.00000  0.111900E+02  0.749554E+01  0.229419E+00  0.275652E+01 -0.834644E-03-965633.625  -1392.494    -15.849     118
   119.00000  0.111900E+02  0.785876E+01  0.229419E+00  0.276874E+01 -0.840873E-03-965632.750  -1416.564    -15.855     119
   120.00000  0.111900E+02  0.827024E+01  0.229419E+00  0.278001E+01 -0.847071E-03-965635.312  -1429.780    -15.862     120
   121.00000  0.111900E+02  0.866648E+01  0.229419E+00  0.289271E+01 -0.853270E-03-965634.438   -690.568    -15.868     121
   122.00000  0.111900E+02  0.901954E+01  0.229419E+00  0.301949E+01 -0.859439E-03-965633.562   -697.066    -15.874     122
   123.00000  0.111900E+02  0.938276E+01  0.229419E+00  0.314978E+01 -0.865608E-03-965632.688   -703.434    -15.880     123
   124.00000  0.111900E+02  0.978154E+01  0.229419E+00  0.329282E+01 -0.871763E-03-965635.250   -711.755    -15.887     124
   125.00000  0.111900E+02  0.100203E+02  0.229419E+00  0.337847E+01 -0.877902E-03-965634.375   -721.225    -15.893     125
   126.00000  0.111900E+02  0.101143E+02  0.229419E+00  0.341218E+01 -0.884026E-03-965633.500   -727.777    -15.899     126
   127.00000  0.111900E+02  0.104038E+02  0.229419E+00  0.351560E+01 -0.890136E-03-965632.625   -737.311    -15.905     127
   128.00000  0.111900E+02  0.107747E+02  0.229419E+00  0.364027E+01 -0.896245E-03-965635.188   -757.995    -15.912     128
   129.00000  0.111900E+02  0.110490E+02  0.229419E+00  0.372782E+01 -0.902325E-03-965634.312   -776.466    -15.918     129
   130.00000  0.111900E+02  0.113741E+02  0.229419E+00  0.382751E+01 -0.908405E-03-965633.438   -788.034    -15.924     130
   131.00000  0.111900E+02  0.116027E+02  0.229419E+00  0.389655E+01 -0.914454E-03-965632.562   -794.756    -15.930     131
   132.00000  0.111900E+02  0.119024E+02  0.229419E+00  0.398639E+01 -0.920504E-03-965635.125   -800.395    -15.936     132
   133.00000  0.111900E+02  0.120853E+02  0.229419E+00  0.404110E+01 -0.926539E-03-965634.250   -804.941    -15.942     133
   134.00000  0.111900E+02  0.122987E+02  0.229419E+00  0.410489E+01 -0.932559E-03-965633.375   -809.209    -15.948     134
   135.00000  0.111900E+02  0.127279E+02  0.229419E+00  0.423320E+01 -0.938579E-03-965632.500   -816.816    -15.955     135
   136.00000  0.111900E+02  0.132461E+02  0.229419E+00  0.438809E+01 -0.944570E-03-965635.062   -832.005    -15.961     136
   137.00000  0.111900E+02  0.134315E+02  0.229419E+00  0.444351E+01 -0.950560E-03-965634.188   -847.951    -15.967     137
   138.00000  0.111900E+02  0.137668E+02  0.229419E+00  0.454327E+01 -0.956520E-03-965633.312   -863.879    -15.973     138
   139.00000  0.111900E+02  0.141935E+02  0.229419E+00  0.466269E+01 -0.962481E-03-965635.875   -894.353    -15.979     139
   140.00000  0.111900E+02  0.145999E+02  0.229419E+00  0.476738E+01 -0.968426E-03-965635.000   -933.793    -15.985     140
   141.00000  0.111900E+02  0.150444E+02  0.229419E+00  0.486971E+01 -0.974357E-03-965634.125   -973.397    -15.991     141
   142.00000  0.111900E+02  0.153949E+02  0.229419E+00  0.494368E+01 -0.980288E-03-965633.250  -1008.851    -15.997     142
   143.00000  0.111900E+02  0.158039E+02  0.229419E+00  0.502011E+01 -0.986189E-03-965635.812  -1040.798    -16.003     143
   144.00000  0.111900E+02  0.160833E+02  0.229419E+00  0.506903E+01 -0.992090E-03-965634.938  -1066.249    -16.009     144
   145.00000  0.111900E+02  0.162306E+02  0.229419E+00  0.509375E+01 -0.997961E-03-965634.062  -1083.125    -16.015     145
   146.00000  0.111900E+02  0.163500E+02  0.229419E+00  0.511325E+01 -0.100383E-02-965633.188  -1093.379    -16.021     146
   147.00000  0.111900E+02  0.164592E+02  0.229419E+00  0.513076E+01 -0.100969E-02-965635.750  -1101.933    -16.027     147
   148.00000  0.111900E+02  0.168377E+02  0.229419E+00  0.518443E+01 -0.101553E-02-965634.875  -1117.124    -16.033     148
   149.00000  0.111900E+02  0.172796E+02  0.229419E+00  0.524182E+01 -0.102137E-02-965634.000  -1140.043    -16.039     149
   150.00000  0.111900E+02  0.177292E+02  0.229419E+00  0.529468E+01 -0.102720E-02-965633.125  -1162.751    -16.045     150
   151.00000  0.111900E+02  0.180645E+02  0.229419E+00  0.533196E+01 -0.103301E-02-965635.688  -1180.632    -16.051     151
   152.00000  0.111900E+02  0.183261E+02  0.229419E+00  0.540133E+01 -0.103880E-02-965634.812   -789.339    -16.057     152
   153.00000  0.111900E+02  0.184302E+02  0.229419E+00  0.543365E+01 -0.104459E-02-965633.938   -796.475    -16.062     153
   154.00000  0.111900E+02  0.186207E+02  0.229419E+00  0.549141E+01 -0.105037E-02-965633.062   -803.205    -16.068     154
   155.00000  0.111900E+02  0.190373E+02  0.229419E+00  0.561369E+01 -0.105612E-02-965635.625   -814.279    -16.074     155
   156.00000  0.111900E+02  0.194132E+02  0.229419E+00  0.572084E+01 -0.106187E-02-965634.750   -827.778    -16.080     156
   157.00000  0.111900E+02  0.197358E+02  0.229419E+00  0.581034E+01 -0.106761E-02-965633.875   -839.700    -16.086     157
   158.00000  0.111900E+02  0.201549E+02  0.229419E+00  0.592218E+01 -0.107333E-02-965633.000   -852.926    -16.092     158
   159.00000  0.111900E+02  0.204394E+02  0.229419E+00  0.599657E+01 -0.107905E-02-965635.562   -864.808    -16.097     159
   160.00000  0.111900E+02  0.206324E+02  0.229419E+00  0.604638E+01 -0.108474E-02-965634.688   -872.818    -16.103     160
   161.00000  0.111900E+02  0.208788E+02  0.229419E+00  0.610919E+01 -0.109044E-02-965633.812   -879.956    -16.109     161
   162.00000  0.111900E+02  0.212903E+02  0.229419E+00  0.620921E+01 -0.109610E-02-965632.938   -890.421    -16.115     162
   163.00000  0.111900E+02  0.217043E+02  0.229419E+00  0.630654E+01 -0.110176E-02-965635.500   -903.137    -16.121     163
   164.00000  0.111900E+02  0.221691E+02  0.229419E+00  0.641233E+01 -0.110741E-02-965634.625   -916.053    -16.126     164
   165.00000  0.111900E+02  0.226187E+02  0.229419E+00  0.651154E+01 -0.111304E-02-965633.750   -928.656    -16.132     165
   166.00000  0.111900E+02  0.228879E+02  0.229419E+00  0.657061E+01 -0.111867E-02-965632.875   -938.295    -16.138     166
   167.00000  0.111900E+02  0.233197E+02  0.229419E+00  0.666058E+01 -0.112429E-02-965635.438   -948.259    -16.143     167
   168.00000  0.111900E+02  0.237134E+02  0.229419E+00  0.674020E+01 -0.112990E-02-965634.562   -959.683    -16.149     168
   169.00000  0.111900E+02  0.240538E+02  0.229419E+00  0.680739E+01 -0.113550E-02-965633.688   -969.517    -16.155     169
   170.00000  0.111900E+02  0.245237E+02  0.229419E+00  0.689736E+01 -0.114107E-02-965632.812   -979.906    -16.161     170
   171.00000  0.111900E+02  0.249682E+02  0.229419E+00  0.698011E+01 -0.114664E-02-965635.375   -990.303    -16.166     171
   172.00000  0.111900E+02  0.253162E+02  0.229419E+00  0.704376E+01 -0.115219E-02-965634.500   -999.727    -16.172     172
   173.00000  0.111900E+02  0.257226E+02  0.229419E+00  0.711534E+01 -0.115773E-02-965633.625  -1009.043    -16.177     173
   174.00000  0.111900E+02  0.260426E+02  0.229419E+00  0.717043E+01 -0.116327E-02-965632.750  -1018.017    -16.183     174
   175.00000  0.111900E+02  0.264439E+02  0.229419E+00  0.723741E+01 -0.116879E-02-965635.312  -1026.827    -16.189     175
   176.00000  0.902888E+01  0.267843E+02 -0.115246E+01  0.733438E+01 -0.117327E-02      0.000   -823.033    -16.193     176
   177.00000  0.736768E+01  0.272237E+02 -0.181149E+01  0.749118E+01 -0.117879E-02      0.000   -767.793    -16.199     177
   178.00000  0.539717E+01  0.275641E+02 -0.237781E+01  0.762103E+01 -0.118420E-02      0.000   -671.792    -16.204     178
   179.00000  0.539717E+01  0.279146E+02 -0.237781E+01  0.781520E+01 -0.118965E-02    -10.936   -682.364    -16.210     179
   180.00000  0.209007E+01  0.283845E+02 -0.295869E+01  0.800506E+01 -0.119510E-02      0.000   -636.843    -16.215     180
   181.00000  0.209007E+01  0.288493E+02 -0.295869E+01  0.828142E+01 -0.120054E-02    -11.295   -652.233    -16.221     181
   182.00000 -0.121193E+01  0.294386E+02 -0.354494E+01  0.852887E+01 -0.120604E-02      0.000   -650.347    -16.227     182
   183.00000 -0.121193E+01  0.298882E+02 -0.354494E+01  0.879287E+01 -0.121146E-02    -11.196   -664.826    -16.232     183
   184.00000 -0.368923E+01  0.302641E+02 -0.411750E+01  0.894404E+01 -0.121695E-02      0.000   -615.418    -16.238     184
   185.00000 -0.368923E+01  0.305638E+02 -0.411750E+01  0.913413E+01 -0.122236E-02    -10.731   -626.312    -16.243     185
   186.00000 -0.368923E+01  0.309575E+02 -0.411750E+01  0.938160E+01 -0.122777E-02    -12.430   -638.596    -16.249     186
   187.00000 -0.368923E+01  0.313512E+02 -0.411750E+01  0.962746E+01 -0.123316E-02    -13.757   -652.418    -16.254     187
   188.00000 -0.368923E+01  0.317627E+02 -0.411750E+01  0.988255E+01 -0.123852E-02    -14.618   -667.641    -16.260     188
   189.00000 -0.368923E+01  0.321894E+02 -0.411750E+01  0.101446E+02 -0.124389E-02    -15.023   -684.115    -16.265     189
   190.00000 -0.368923E+01  0.326543E+02 -0.411750E+01  0.104270E+02 -0.124924E-02    -15.456   -703.179    -16.271     190
   191.00000 -0.368923E+01  0.330733E+02 -0.411750E+01  0.106800E+02 -0.125457E-02    -15.954   -722.803    -16.276     191
   192.00000 -0.368923E+01  0.334035E+02 -0.411750E+01  0.108784E+02 -0.125991E-02    -16.479   -741.824    -16.281     192
   193.00000 -0.368923E+01  0.338379E+02 -0.411750E+01  0.111365E+02 -0.126523E-02    -16.999   -763.234    -16.287     193
   194.00000 -0.504943E+01  0.342316E+02 -0.494446E+01  0.113629E+02 -0.127040E-02      0.000   -764.518    -16.292     194
   195.00000 -0.631943E+01  0.345847E+02 -0.554432E+01  0.115345E+02 -0.127569E-02      0.000   -768.143    -16.297     195
   196.00000 -0.758943E+01  0.349987E+02 -0.607621E+01  0.116889E+02 -0.128099E-02      0.000   -772.048    -16.303     196
   197.00000 -0.885942E+01  0.354305E+02 -0.658836E+01  0.118270E+02 -0.128625E-02      0.000   -722.292    -16.308     197
   198.00000 -0.101396E+02  0.358979E+02 -0.709355E+01  0.119736E+02 -0.129159E-02      0.000   -659.536    -16.314     198
   199.00000 -0.126796E+02  0.363424E+02 -0.759365E+01  0.121068E+02 -0.129682E-02      0.000   -606.216    -16.319     199
   200.00000 -0.126796E+02  0.367615E+02 -0.759365E+01  0.124012E+02 -0.130206E-02    -11.147   -620.100    -16.324     200
   201.00000 -0.139496E+02  0.372009E+02 -0.815473E+01  0.125837E+02 -0.130725E-02      0.000   -616.609    -16.330     201
   202.00000 -0.139496E+02  0.376733E+02 -0.815473E+01  0.129125E+02 -0.131248E-02    -11.298   -631.396    -16.335     202
   203.00000 -0.139496E+02  0.381407E+02 -0.815473E+01  0.132372E+02 -0.131768E-02    -13.014   -644.546    -16.340     203
   204.00000 -0.139496E+02  0.386004E+02 -0.815473E+01  0.135554E+02 -0.132287E-02    -14.283   -657.023    -16.345     204
   205.00000 -0.139496E+02  0.390703E+02 -0.815473E+01  0.138792E+02 -0.132805E-02    -14.906   -671.080    -16.351     205
   206.00000 -0.139496E+02  0.395351E+02 -0.815473E+01  0.141983E+02 -0.133322E-02    -15.363   -685.342    -16.356     206
   207.00000 -0.139496E+02  0.399847E+02 -0.815473E+01  0.145061E+02 -0.133838E-02    -15.874   -700.863    -16.361     207
   208.00000 -0.139496E+02  0.403251E+02 -0.815473E+01  0.147389E+02 -0.134353E-02    -16.420   -715.805    -16.366     208
   209.00000 -0.139496E+02  0.406857E+02 -0.815473E+01  0.149849E+02 -0.134867E-02    -16.953   -731.444    -16.372     209
   210.00000 -0.139496E+02  0.410794E+02 -0.815473E+01  0.152527E+02 -0.135380E-02    -17.456   -750.898    -16.377     210
   211.00000 -0.139496E+02  0.414706E+02 -0.815473E+01  0.155182E+02 -0.135893E-02    -17.904   -775.940    -16.382     211
   212.00000 -0.139496E+02  0.418846E+02 -0.815473E+01  0.157986E+02 -0.136404E-02    -18.278   -810.151    -16.387     212
   213.00000 -0.139496E+02  0.423240E+02 -0.815473E+01  0.160956E+02 -0.136913E-02    -18.556   -863.204    -16.392     213
   214.00000 -0.139496E+02  0.427609E+02 -0.815473E+01  0.163705E+02 -0.137421E-02    -18.728   -950.088    -16.398     214
   215.00000 -0.139496E+02  0.431572E+02 -0.815473E+01  0.165675E+02 -0.137928E-02    -18.899  -1069.346    -16.403     215
   216.00000 -0.139496E+02  0.435153E+02 -0.815473E+01  0.166923E+02 -0.138435E-02    -19.121  -1177.804    -16.408     216
   217.00000 -0.139496E+02  0.437109E+02 -0.815473E+01  0.167444E+02 -0.138941E-02    -19.365  -1243.350    -16.413     217
   218.00000 -0.139496E+02  0.438607E+02 -0.815473E+01  0.167772E+02 -0.139445E-02    -19.606  -1276.313    -16.418     218
   219.00000 -0.139496E+02  0.442011E+02 -0.815473E+01  0.168250E+02 -0.139949E-02    -19.839  -1312.683    -16.423     219
   220.00000 -0.139496E+02  0.445567E+02 -0.815473E+01  0.168565E+02 -0.140451E-02    -20.063  -1345.255    -16.428     220
   221.00000 -0.139496E+02  0.449631E+02 -0.815473E+01  0.168792E+02 -0.140952E-02    -20.276  -1366.865    -16.434     221
   222.00000 -0.139496E+02  0.454254E+02 -0.815473E+01  0.168973E+02 -0.141452E-02    -20.476  -1379.368    -16.439     222
   223.00000 -0.139496E+02  0.458242E+02 -0.815473E+01  0.169104E+02 -0.141951E-02    -20.665  -1386.428    -16.444     223
   224.00000 -0.139496E+02  0.460934E+02 -0.815473E+01  0.169188E+02 -0.142449E-02    -20.842  -1390.222    -16.449     224
   225.00000 -0.139496E+02  0.464490E+02 -0.815473E+01  0.169292E+02 -0.142947E-02    -21.009  -1393.356    -16.454     225
   226.00000 -0.139496E+02  0.468605E+02 -0.815473E+01  0.169408E+02 -0.143442E-02    -21.166  -1396.777    -16.459     226
   227.00000 -0.139496E+02  0.472974E+02 -0.815473E+01  0.169526E+02 -0.143936E-02    -21.315  -1400.152    -16.464     227
   228.00000 -0.139496E+02  0.476199E+02 -0.815473E+01  0.169613E+02 -0.144430E-02    -21.454  -1403.009    -16.469     228
   229.00000 -0.139496E+02  0.480695E+02 -0.815473E+01  0.169731E+02 -0.144921E-02    -21.585  -1405.799    -16.474     229
   230.00000 -0.139496E+02  0.486232E+02 -0.815473E+01  0.169868E+02 -0.145413E-02    -21.709  -1408.872    -16.479     230
   231.00000 -0.139496E+02  0.489230E+02 -0.815473E+01  0.169944E+02 -0.145903E-02    -21.825  -1411.649    -16.484     231
   232.00000 -0.139496E+02  0.491744E+02 -0.815473E+01  0.170009E+02 -0.146392E-02    -21.934  -1413.601    -16.489     232
   233.00000 -0.139496E+02  0.492938E+02 -0.815473E+01  0.170039E+02 -0.146881E-02    -22.037  -1414.813    -16.494     233
   234.00000 -0.139496E+02  0.496545E+02 -0.815473E+01  0.170127E+02 -0.147368E-02    -22.134  -1416.539    -16.499     234
   235.00000 -0.139496E+02  0.500583E+02 -0.815473E+01  0.170220E+02 -0.147854E-02    -22.225  -1418.999    -16.504     235
   236.00000 -0.139496E+02  0.504216E+02 -0.815473E+01  0.170303E+02 -0.148340E-02    -22.310  -1421.634    -16.509     236
   237.00000 -0.139496E+02  0.507035E+02 -0.815473E+01  0.170367E+02 -0.148824E-02    -22.391  -1423.827    -16.514     237
   238.00000 -0.139496E+02  0.510718E+02 -0.815473E+01  0.170447E+02 -0.149307E-02    -22.467  -1426.021    -16.519     238
   239.00000 -0.139496E+02  0.513918E+02 -0.815473E+01  0.170515E+02 -0.149789E-02    -22.539  -1428.145    -16.523     239
   240.00000 -0.139496E+02  0.516916E+02 -0.815473E+01  0.170578E+02 -0.150271E-02    -22.606  -1430.468    -16.528     240
   241.00000 -0.139496E+02  0.520700E+02 -0.815473E+01  0.170653E+02 -0.150751E-02    -22.669  -1432.773    -16.533     241
   242.00000 -0.139496E+02  0.525348E+02 -0.815473E+01  0.170740E+02 -0.151230E-02    -22.729  -1435.327    -16.538     242
   243.00000 -0.139496E+02  0.529108E+02 -0.815473E+01  0.170811E+02 -0.151709E-02    -22.785  -1437.617    -16.543     243
   244.00000 -0.139496E+02  0.531927E+02 -0.815473E+01  0.235380E+02 -0.152186E-02    -22.838   -284.634    -16.548     244
   245.00000 -0.139496E+02  0.536220E+02 -0.815473E+01  0.299353E+02 -0.152662E-02    -22.888   -378.450    -16.553     245
   246.00000 -0.139496E+02  0.539928E+02 -0.815473E+01  0.315346E+02 -0.153136E-02    -22.934   -574.822    -16.557     246
   247.00000 -0.139496E+02  0.541655E+02 -0.815473E+01  0.319345E+02 -0.153610E-02    -22.978   -720.633    -16.562     247
   248.00000 -0.139496E+02  0.544398E+02 -0.815473E+01  0.320345E+02 -0.154084E-02    -23.020   -773.354    -16.567     248
   249.00000 -0.139496E+02  0.547827E+02 -0.815473E+01  0.320594E+02 -0.154556E-02    -23.059   -790.782    -16.572     249
   250.00000 -0.139496E+02  0.550520E+02 -0.815473E+01  0.320635E+02 -0.155027E-02    -23.095   -795.528    -16.577     250
   251.00000 -0.139496E+02  0.553060E+02 -0.815473E+01  0.320635E+02 -0.155498E-02    -23.130   -795.632    -16.581     251
   252.00000 -0.139496E+02  0.555194E+02 -0.815473E+01  0.320635E+02 -0.155966E-02    -23.162   -795.618    -16.586     252
   253.00000 -0.139496E+02  0.557556E+02 -0.815473E+01  0.320636E+02 -0.156434E-02    -23.193   -795.617    -16.591     253
   254.00000 -0.139496E+02  0.560070E+02 -0.815473E+01  0.320636E+02 -0.156902E-02    -23.222   -795.617    -16.596     254
   255.00000 -0.139496E+02  0.562991E+02 -0.815473E+01  0.320636E+02 -0.157368E-02    -23.249   -795.621    -16.601     255
   256.00000 -0.139496E+02  0.565455E+02 -0.815473E+01  0.320636E+02 -0.157833E-02    -23.274   -795.619    -16.605     256
   257.00000 -0.139496E+02  0.567640E+02 -0.815473E+01  0.320637E+02 -0.158298E-02    -23.298   -795.639    -16.610     257
   258.00000 -0.139496E+02  0.570560E+02 -0.815473E+01  0.320637E+02 -0.158760E-02    -23.321   -795.630    -16.615     258
   259.00000 -0.139496E+02  0.573786E+02 -0.815473E+01  0.320637E+02 -0.159222E-02    -23.342   -795.622    -16.619     259
   260.00000 -0.139496E+02  0.578409E+02 -0.815473E+01  0.320637E+02 -0.159684E-02    -23.362   -795.626    -16.624     260
   261.00000 -0.139496E+02  0.582168E+02 -0.815473E+01  0.320638E+02 -0.160143E-02    -23.381   -795.618    -16.629     261
   262.00000 -0.139496E+02  0.584175E+02 -0.815473E+01  0.320638E+02 -0.160602E-02    -23.398   -795.618    -16.633     262
   263.00000 -0.139496E+02  0.586004E+02 -0.815473E+01  0.320638E+02 -0.161061E-02    -23.415   -795.617    -16.638     263
   264.00000 -0.139496E+02  0.586486E+02 -0.815473E+01  0.320638E+02 -0.161518E-02    -23.430   -795.624    -16.643     264
   265.00000 -0.139496E+02  0.586944E+02 -0.815473E+01  0.320638E+02 -0.161974E-02    -23.445   -795.619    -16.647     265
   266.00000 -0.139496E+02  0.589306E+02 -0.815473E+01  0.320639E+02 -0.162430E-02    -23.459   -795.633    -16.652     266
   267.00000 -0.139496E+02  0.591592E+02 -0.815473E+01  0.320639E+02 -0.162885E-02    -23.472   -795.627    -16.657     267
   268.00000 -0.139496E+02  0.593852E+02 -0.815473E+01  0.320639E+02 -0.163338E-02    -23.484   -795.622    -16.661     268
   269.00000 -0.139496E+02  0.596748E+02 -0.815473E+01  0.320639E+02 -0.163791E-02    -23.496   -795.618    -16.666     269
   270.00000 -0.139496E+02  0.598958E+02 -0.815473E+01  0.320639E+02 -0.164244E-02    -23.507   -795.622    -16.670     270
   271.00000 -0.139496E+02  0.601828E+02 -0.815473E+01  0.320639E+02 -0.164694E-02    -23.517   -795.619    -16.675     271
   272.00000 -0.139496E+02  0.604139E+02 -0.815473E+01  0.320639E+02 -0.165144E-02    -23.526   -795.628    -16.680     272
   273.00000 -0.139496E+02  0.604800E+02 -0.815473E+01  0.320639E+02 -0.165594E-02    -23.535   -795.625    -16.684     273
   274.00000 -0.139268E+02  0.604800E+02 -0.813187E+01  0.320639E+02 -0.166041E-02    -46.779   -795.625    -16.689     274
   275.00000 -0.137083E+02  0.604800E+02 -0.796854E+01  0.320639E+02 -0.166488E-02***********   -795.625    -16.693     275
   276.00000 -0.135737E+02  0.604800E+02 -0.796849E+01  0.320639E+02 -0.166935E-02***********   -795.625    -16.698     276
   277.00000 -0.133832E+02  0.604800E+02 -0.796849E+01  0.320639E+02 -0.167379E-02***********   -795.625    -16.702     277
   278.00000 -0.132638E+02  0.604800E+02 -0.796849E+01  0.320639E+02 -0.167823E-02***********   -795.625    -16.707     278
   279.00000 -0.130682E+02  0.604800E+02 -0.796849E+01  0.320639E+02 -0.168267E-02***********   -795.625    -16.711     279
   280.00000 -0.128803E+02  0.604800E+02 -0.796849E+01  0.320639E+02 -0.168708E-02***********   -795.625    -16.716     280
   281.00000 -0.126466E+02  0.604800E+02 -0.796849E+01  0.320639E+02 -0.169149E-02***********   -795.625    -16.720     281
   282.00000 -0.124053E+02  0.604800E+02 -0.796849E+01  0.320639E+02 -0.169590E-02***********   -795.625    -16.725     282
   283.00000 -0.121945E+02  0.604800E+02 -0.796849E+01  0.320639E+02 -0.170028E-02***********   -795.625    -16.729     283
   284.00000 -0.120395E+02  0.604800E+02 -0.796849E+01  0.320639E+02 -0.170466E-02***********   -795.625    -16.734     284
   285.00000 -0.120192E+02  0.604800E+02 -0.796849E+01  0.320639E+02 -0.170904E-02***********   -795.625    -16.738     285
   286.00000 -0.119456E+02  0.604800E+02 -0.796849E+01  0.320639E+02 -0.171341E-02***********   -795.625    -16.743     286
   287.00000 -0.118084E+02  0.604800E+02 -0.796849E+01  0.320639E+02 -0.171776E-02***********   -795.625    -16.747     287
   288.00000 -0.116306E+02  0.604800E+02 -0.796849E+01  0.320639E+02 -0.172211E-02***********   -795.625    -16.751     288
   289.00000 -0.114477E+02  0.604800E+02 -0.796849E+01  0.320639E+02 -0.172646E-02***********   -795.625    -16.756     289
   290.00000 -0.111988E+02  0.604800E+02 -0.796849E+01  0.320639E+02 -0.173078E-02***********   -795.625    -16.760     290
   291.00000 -0.108356E+02  0.604800E+02 -0.796849E+01  0.320639E+02 -0.173511E-02***********   -795.625    -16.765     291
   292.00000 -0.104139E+02  0.604800E+02 -0.796849E+01  0.320639E+02 -0.173943E-02***********   -795.625    -16.769     292
   293.00000 -0.101447E+02  0.604800E+02 -0.796849E+01  0.320639E+02 -0.174372E-02***********   -795.625    -16.773     293
   294.00000 -0.100355E+02  0.604800E+02 -0.796849E+01  0.320639E+02 -0.174801E-02***********   -795.625    -16.778     294
   295.00000 -0.996690E+01  0.604800E+02 -0.796849E+01  0.320639E+02 -0.175230E-02***********   -795.625    -16.782     295
   296.00000 -0.993388E+01  0.604800E+02 -0.796849E+01  0.320639E+02 -0.175658E-02***********   -795.625    -16.787     296
   297.00000 -0.991102E+01  0.604800E+02 -0.796849E+01  0.320639E+02 -0.176084E-02***********   -795.625    -16.791     297
   298.00000 -0.988308E+01  0.604800E+02 -0.796849E+01  0.320639E+02 -0.176510E-02***********   -795.625    -16.795     298
   299.00000 -0.985768E+01  0.604800E+02 -0.796849E+01  0.320639E+02 -0.176935E-02***********   -795.625    -16.800     299
   300.00000 -0.983482E+01  0.604800E+02 -0.796849E+01  0.320639E+02 -0.177358E-02***********   -795.625    -16.804     300
   301.00000 -0.979418E+01  0.604800E+02 -0.796849E+01  0.320639E+02 -0.177781E-02***********   -795.625    -16.808     301
   302.00000 -0.972814E+01  0.604800E+02 -0.796849E+01  0.320639E+02 -0.178203E-02***********   -795.625    -16.812     302
   303.00000 -0.962654E+01  0.604800E+02 -0.796849E+01  0.320639E+02 -0.178623E-02***********   -795.625    -16.817     303
   304.00000 -0.949192E+01  0.604800E+02 -0.796849E+01  0.320639E+02 -0.179043E-02***********   -795.625    -16.821     304
   305.00000 -0.933444E+01  0.604800E+02 -0.796849E+01  0.320639E+02 -0.179464E-02***********   -795.625    -16.825     305
   306.00000 -0.922268E+01  0.604800E+02 -0.796849E+01  0.320639E+02 -0.179881E-02***********   -795.625    -16.829     306
   307.00000 -0.907790E+01  0.604800E+02 -0.796849E+01  0.320639E+02 -0.180298E-02***********   -795.625    -16.834     307
   308.00000 -0.888740E+01  0.604800E+02 -0.796849E+01  0.320639E+02 -0.180715E-02***********   -795.625    -16.838     308
   309.00000 -0.864864E+01  0.604800E+02 -0.796849E+01  0.320639E+02 -0.181131E-02***********   -795.626    -16.842     309
   310.00000 -0.853434E+01  0.604800E+02 -0.796849E+01  0.320639E+02 -0.181545E-02***********   -795.626    -16.846     310
   311.00000 -0.833114E+01  0.604800E+02 -0.796849E+01  0.320639E+02 -0.181960E-02***********   -795.626    -16.851     311
   312.00000 -0.820160E+01  0.604800E+02 -0.796849E+01  0.320639E+02 -0.182374E-02***********   -795.626    -16.855     312
   313.00000 -0.807714E+01  0.604800E+02 -0.796849E+01  0.320639E+02 -0.182785E-02***********   -795.626    -16.859     313
   314.00000 -0.792220E+01  0.604800E+02 -0.796849E+01  0.320639E+02 -0.183196E-02***********   -795.626    -16.863     314
   315.00000 -0.763264E+01  0.604800E+02 -0.796849E+01  0.320639E+02 -0.183608E-02***********   -795.626    -16.867     315
   316.00000 -0.749802E+01  0.604800E+02 -0.796849E+01  0.320639E+02 -0.184016E-02***********   -795.626    -16.872     316
   317.00000 -0.724910E+01  0.604800E+02 -0.796849E+01  0.320639E+02 -0.184424E-02***********   -795.626    -16.876     317
   318.00000 -0.706368E+01  0.604800E+02 -0.796849E+01  0.320639E+02 -0.184833E-02***********   -795.626    -16.880     318
   319.00000 -0.687572E+01  0.604800E+02 -0.796849E+01  0.320639E+02 -0.185241E-02***********   -795.626    -16.884     319
   320.00000 -0.677666E+01  0.604800E+02 -0.796849E+01  0.320639E+02 -0.185646E-02***********   -795.626    -16.888     320
   321.00000 -0.650234E+01  0.604800E+02 -0.796849E+01  0.320639E+02 -0.186051E-02***********   -795.626    -16.892     321
   322.00000 -0.630930E+01  0.604800E+02 -0.796849E+01  0.320639E+02 -0.186457E-02***********   -795.626    -16.896     322
   323.00000 -0.612134E+01  0.604800E+02 -0.796849E+01  0.320639E+02 -0.186859E-02***********   -795.626    -16.900     323
   324.00000 -0.595624E+01  0.604800E+02 -0.796849E+01  0.320639E+02 -0.187261E-02***********   -795.626    -16.905     324
   325.00000 -0.562350E+01  0.604800E+02 -0.796849E+01  0.320639E+02 -0.187664E-02***********   -795.626    -16.909     325
   326.00000 -0.547110E+01  0.604800E+02 -0.796849E+01  0.320639E+02 -0.188066E-02***********   -795.626    -16.913     326
   327.00000 -0.546094E+01  0.604800E+02 -0.796849E+01  0.320639E+02 -0.188465E-02***********   -795.626    -16.917     327
   328.00000 -0.544316E+01  0.604800E+02 -0.796849E+01  0.320639E+02 -0.188865E-02***********   -795.626    -16.921     328
   329.00000 -0.538220E+01  0.604800E+02 -0.796849E+01  0.320639E+02 -0.189264E-02***********   -795.626    -16.925     329
   330.00000 -0.532378E+01  0.604800E+02 -0.796849E+01  0.320639E+02 -0.189660E-02***********   -795.626    -16.929     330
   331.00000 -0.514090E+01  0.604800E+02 -0.796849E+01  0.320639E+02 -0.190057E-02***********   -795.626    -16.933     331
   332.00000 -0.485896E+01  0.604800E+02 -0.796849E+01  0.320639E+02 -0.190453E-02***********   -795.626    -16.937     332
   333.00000 -0.475228E+01  0.604800E+02 -0.796849E+01  0.320639E+02 -0.190850E-02***********   -795.626    -16.941     333
   334.00000 -0.472688E+01  0.604800E+02 -0.796849E+01  0.320639E+02 -0.191243E-02***********   -795.626    -16.945     334
   335.00000 -0.461258E+01  0.604800E+02 -0.796849E+01  0.320639E+02 -0.191636E-02***********   -795.626    -16.949     335
   336.00000 -0.444748E+01  0.604800E+02 -0.796849E+01  0.320639E+02 -0.192030E-02***********   -795.626    -16.953     336
   337.00000 -0.427730E+01  0.604800E+02 -0.796849E+01  0.320639E+02 -0.192420E-02***********   -795.626    -16.957     337
   338.00000 -0.411474E+01  0.604800E+02 -0.796849E+01  0.320639E+02 -0.192811E-02***********   -795.626    -16.961     338
   339.00000 -0.377692E+01  0.604800E+02 -0.796849E+01  0.320639E+02 -0.193201E-02***********   -795.626    -16.965     339
   340.00000 -0.352546E+01  0.604800E+02 -0.796849E+01  0.320639E+02 -0.193590E-02***********   -795.626    -16.969     340
   341.00000 -0.343402E+01  0.604800E+02 -0.796849E+01  0.320639E+02 -0.193977E-02***********   -795.626    -16.973     341
   342.00000 -0.340100E+01  0.604800E+02 -0.796849E+01  0.320639E+02 -0.194365E-02***********   -795.626    -16.977     342
   343.00000 -0.326130E+01  0.604800E+02 -0.796849E+01  0.320639E+02 -0.194752E-02***********   -795.626    -16.981     343
   344.00000 -0.305048E+01  0.604800E+02 -0.796849E+01  0.320639E+02 -0.195138E-02***********   -795.626    -16.985     344
   345.00000 -0.300476E+01  0.604800E+02 -0.796849E+01  0.320639E+02 -0.195523E-02***********   -795.626    -16.989     345
   346.00000 -0.296412E+01  0.604800E+02 -0.796849E+01  0.320639E+02 -0.195907E-02***********   -795.626    -16.992     346
   347.00000 -0.282696E+01  0.604800E+02 -0.796849E+01  0.320639E+02 -0.196292E-02***********   -795.626    -16.996     347
   348.00000 -0.271012E+01  0.604800E+02 -0.796849E+01  0.320639E+02 -0.196673E-02***********   -795.627    -17.000     348
   349.00000 -0.260344E+01  0.604800E+02 -0.796849E+01  0.320639E+02 -0.197054E-02***********   -795.627    -17.004     349
   350.00000 -0.227324E+01  0.604800E+02 -0.796849E+01  0.320639E+02 -0.197436E-02***********   -795.627    -17.008     350
   351.00000 -0.220720E+01  0.604800E+02 -0.796849E+01  0.320639E+02 -0.197816E-02***********   -795.627    -17.012     351
   352.00000 -0.197860E+01  0.604800E+02 -0.796849E+01  0.320639E+02 -0.198194E-02***********   -795.627    -17.016     352
   353.00000 -0.178556E+01  0.604800E+02 -0.796849E+01  0.320639E+02 -0.198573E-02***********   -795.627    -17.020     353
   354.00000 -0.157982E+01  0.604800E+02 -0.796849E+01  0.320639E+02 -0.198951E-02***********   -795.627    -17.023     354
   355.00000 -0.141472E+01  0.604800E+02 -0.796849E+01  0.320639E+02 -0.199328E-02***********   -795.627    -17.027     355
   356.00000 -0.121152E+01  0.604800E+02 -0.796849E+01  0.320639E+02 -0.199704E-02***********   -795.627    -17.031     356
   357.00000 -0.113786E+01  0.604800E+02 -0.796849E+01  0.320639E+02 -0.200079E-02***********   -795.627    -17.035     357
   358.00000 -0.106166E+01  0.604800E+02 -0.796849E+01  0.320639E+02 -0.200455E-02***********   -795.627    -17.039     358
   359.00000 -0.932119E+00  0.604800E+02 -0.796849E+01  0.320639E+02 -0.200829E-02***********   -795.627    -17.043     359
   360.00000 -0.767019E+00  0.604800E+02 -0.796849E+01  0.320639E+02 -0.201201E-02***********   -795.627    -17.046     360
   361.00000 -0.675579E+00  0.604800E+02 -0.796849E+01  0.320639E+02 -0.201574E-02***********   -795.627    -17.050     361
   362.00000 -0.485079E+00  0.604800E+02 -0.796849E+01  0.320639E+02 -0.201946E-02***********   -795.627    -17.054     362
   363.00000 -0.406339E+00  0.604800E+02 -0.796849E+01  0.320639E+02 -0.202318E-02***********   -795.627    -17.058     363
   364.00000 -0.373319E+00  0.604800E+02 -0.796849E+01  0.320639E+02 -0.202687E-02***********   -795.627    -17.061     364
   365.00000 -0.266639E+00  0.604800E+02 -0.796849E+01  0.320639E+02 -0.203057E-02***********   -795.627    -17.065     365
   366.00000 -0.139639E+00  0.604800E+02 -0.796849E+01  0.320639E+02 -0.203426E-02***********   -795.627    -17.069     366
   367.00000 -0.227992E-01  0.604800E+02 -0.796849E+01  0.320639E+02 -0.203793E-02***********   -795.627    -17.073     367
   368.00000  0.178408E-01  0.604800E+02 -0.796849E+01  0.320639E+02 -0.204159E-02***********   -795.627    -17.076     368
   369.00000  0.129601E+00  0.604800E+02 -0.796849E+01  0.320639E+02 -0.204526E-02***********   -795.627    -17.080     369
   370.00000  0.221041E+00  0.604800E+02 -0.796849E+01  0.320639E+02 -0.204892E-02***********   -795.627    -17.084     370
   371.00000  0.373441E+00  0.604800E+02 -0.796849E+01  0.320639E+02 -0.205256E-02***********   -795.627    -17.088     371
   372.00000  0.401381E+00  0.604800E+02 -0.796849E+01  0.320639E+02 -0.205620E-02***********   -795.627    -17.091     372
   373.00000  0.485201E+00  0.604800E+02 -0.796849E+01  0.320639E+02 -0.205983E-02***********   -795.627    -17.095     373
   374.00000  0.675701E+00  0.604800E+02 -0.796849E+01  0.320639E+02 -0.206345E-02***********   -795.627    -17.099     374
   375.00000  0.713801E+00  0.604800E+02 -0.796849E+01  0.320639E+02 -0.206706E-02***********   -795.627    -17.102     375
   376.00000  0.729041E+00  0.604800E+02 -0.796849E+01  0.320639E+02 -0.207067E-02***********   -795.627    -17.106     376
   377.00000  0.734121E+00  0.604800E+02 -0.796849E+01  0.320639E+02 -0.207427E-02***********   -795.627    -17.110     377
   378.00000  0.741741E+00  0.604800E+02 -0.796849E+01  0.320639E+02 -0.207786E-02***********   -795.627    -17.113     378
   379.00000  0.746821E+00  0.604800E+02 -0.796849E+01  0.320639E+02 -0.208144E-02***********   -795.627    -17.117     379
   380.00000  0.767141E+00  0.604800E+02 -0.796849E+01  0.320639E+02 -0.208502E-02***********   -795.627    -17.121     380
   381.00000  0.845881E+00  0.604800E+02 -0.796849E+01  0.320639E+02 -0.208859E-02***********   -795.627    -17.124     381
   382.00000  0.863661E+00  0.604800E+02 -0.796849E+01  0.320639E+02 -0.209214E-02***********   -795.627    -17.128     382
   383.00000  0.880171E+00  0.604800E+02 -0.796849E+01  0.320639E+02 -0.209568E-02***********   -795.627    -17.131     383
   384.00000  0.895411E+00  0.604800E+02 -0.796849E+01  0.320639E+02 -0.209923E-02***********   -795.627    -17.135     384
   385.00000  0.100971E+01  0.604800E+02 -0.796849E+01  0.320639E+02 -0.210278E-02***********   -795.627    -17.139     385
   386.00000  0.113925E+01  0.604800E+02 -0.796849E+01  0.320639E+02 -0.210631E-02***********   -795.627    -17.142     386
   387.00000  0.117735E+01  0.604800E+02 -0.796849E+01  0.320639E+02 -0.210983E-02***********   -795.628    -17.146     387
   388.00000  0.133229E+01  0.604800E+02 -0.796849E+01  0.320639E+02 -0.211334E-02***********   -795.628    -17.149     388
   389.00000  0.147961E+01  0.604800E+02 -0.796849E+01  0.320639E+02 -0.211686E-02***********   -795.628    -17.153     389
   390.00000  0.164471E+01  0.604800E+02 -0.796849E+01  0.320639E+02 -0.212035E-02***********   -795.628    -17.156     390
   391.00000  0.183775E+01  0.604800E+02 -0.796849E+01  0.320639E+02 -0.212383E-02***********   -795.628    -17.160     391
   392.00000  0.204349E+01  0.604800E+02 -0.796849E+01  0.320639E+02 -0.212732E-02***********   -795.628    -17.164     392
   393.00000  0.230511E+01  0.604800E+02 -0.796849E+01  0.320639E+02 -0.213081E-02***********   -795.628    -17.167     393
   394.00000  0.252863E+01  0.604800E+02 -0.796849E+01  0.320639E+02 -0.213428E-02***********   -795.628    -17.171     394
   395.00000  0.277755E+01  0.604800E+02 -0.796849E+01  0.320639E+02 -0.213774E-02***********   -795.628    -17.174     395
   396.00000  0.301885E+01  0.604800E+02 -0.796849E+01  0.320639E+02 -0.214119E-02***********   -795.628    -17.178     396
   397.00000  0.321443E+01  0.604800E+02 -0.796849E+01  0.320639E+02 -0.214465E-02***********   -795.628    -17.181     397
   398.00000  0.329571E+01  0.604800E+02 -0.796849E+01  0.320639E+02 -0.214809E-02***********   -795.628    -17.185     398
   399.00000  0.332619E+01  0.604800E+02 -0.796849E+01  0.320639E+02 -0.215152E-02***********   -795.628    -17.188     399
   400.00000  0.336429E+01  0.604800E+02 -0.796849E+01  0.320639E+02 -0.215495E-02***********   -795.628    -17.192     400
   401.00000  0.341001E+01  0.604800E+02 -0.796849E+01  0.320639E+02 -0.215837E-02***********   -795.628    -17.195     401
   402.00000  0.343795E+01  0.604800E+02 -0.796849E+01  0.320639E+02 -0.216179E-02***********   -795.628    -17.199     402
   403.00000  0.347097E+01  0.604800E+02 -0.796849E+01  0.320639E+02 -0.216518E-02***********   -795.628    -17.202     403
   404.00000  0.350907E+01  0.604800E+02 -0.796849E+01  0.320639E+02 -0.216858E-02***********   -795.628    -17.206     404
   405.00000  0.354717E+01  0.604800E+02 -0.796849E+01  0.320639E+02 -0.217198E-02***********   -795.628    -17.209     405
   406.00000  0.361575E+01  0.604800E+02 -0.796849E+01  0.320639E+02 -0.217538E-02***********   -795.628    -17.212     406
   407.00000  0.369195E+01  0.604800E+02 -0.796849E+01  0.320639E+02 -0.217874E-02***********   -795.628    -17.216     407
   408.00000  0.376307E+01  0.604800E+02 -0.796849E+01  0.320639E+02 -0.218211E-02***********   -795.628    -17.219     408
   409.00000  0.379863E+01  0.604800E+02 -0.796849E+01  0.320639E+02 -0.218548E-02***********   -795.628    -17.223     409
   410.00000  0.383038E+01  0.604800E+02 -0.796849E+01  0.320639E+02 -0.218883E-02***********   -795.628    -17.226     410
   411.00000  0.385832E+01  0.604800E+02 -0.796849E+01  0.320639E+02 -0.219217E-02***********   -795.628    -17.230     411
   412.00000  0.389134E+01  0.604800E+02 -0.796849E+01  0.320639E+02 -0.219551E-02***********   -795.628    -17.233     412
   413.00000  0.398024E+01  0.604800E+02 -0.796849E+01  0.320639E+02 -0.219885E-02***********   -795.628    -17.236     413
   414.00000  0.413264E+01  0.604800E+02 -0.796849E+01  0.320639E+02 -0.220218E-02***********   -795.628    -17.240     414
   415.00000  0.423424E+01  0.604800E+02 -0.796849E+01  0.320639E+02 -0.220551E-02***********   -795.628    -17.243     415
   416.00000  0.440950E+01  0.604800E+02 -0.796849E+01  0.320639E+02 -0.220881E-02***********   -795.628    -17.246     416
   417.00000  0.454412E+01  0.604800E+02 -0.796849E+01  0.320639E+02 -0.221212E-02***********   -795.628    -17.250     417
   418.00000  0.467112E+01  0.604800E+02 -0.796849E+01  0.320639E+02 -0.221543E-02***********   -795.628    -17.253     418
   419.00000  0.487178E+01  0.604800E+02 -0.796849E+01  0.320639E+02 -0.221871E-02***********   -795.628    -17.257     419
   420.00000  0.504196E+01  0.604800E+02 -0.796849E+01  0.320639E+02 -0.222199E-02***********   -795.628    -17.260     420
   421.00000  0.530358E+01  0.604800E+02 -0.796849E+01  0.320639E+02 -0.222526E-02***********   -795.628    -17.263     421
   422.00000  0.539756E+01  0.604800E+02 -0.796849E+01  0.320639E+02 -0.222854E-02***********   -795.628    -17.267     422
   423.00000  0.544836E+01  0.604800E+02 -0.796849E+01  0.320639E+02 -0.223182E-02***********   -795.628    -17.270     423
   424.00000  0.567188E+01  0.604800E+02 -0.796849E+01  0.320639E+02 -0.223507E-02***********   -795.628    -17.273     424
   425.00000  0.600208E+01  0.604800E+02 -0.796849E+01  0.320639E+02 -0.223832E-02***********   -795.628    -17.276     425
   426.00000  0.619766E+01  0.604800E+02 -0.796849E+01  0.320639E+02 -0.224157E-02***********   -795.628    -17.280     426
   427.00000  0.623830E+01  0.604800E+02 -0.796849E+01  0.320639E+02 -0.224482E-02***********   -795.628    -17.283     427
   428.00000  0.628148E+01  0.604800E+02 -0.796849E+01  0.320639E+02 -0.224803E-02***********   -795.628    -17.286     428
   429.00000  0.633482E+01  0.604800E+02 -0.796849E+01  0.320639E+02 -0.225125E-02***********   -795.629    -17.290     429
   430.00000  0.642626E+01  0.604800E+02 -0.796849E+01  0.320639E+02 -0.225447E-02***********   -795.629    -17.293     430
   431.00000  0.650246E+01  0.604800E+02 -0.796849E+01  0.320639E+02 -0.225769E-02***********   -795.629    -17.296     431
   432.00000  0.661930E+01  0.604800E+02 -0.796849E+01  0.320639E+02 -0.226089E-02***********   -795.629    -17.299     432
   433.00000  0.693680E+01  0.604800E+02 -0.796849E+01  0.320639E+02 -0.226408E-02***********   -795.629    -17.303     433
   434.00000  0.735336E+01  0.604800E+02 -0.796849E+01  0.320639E+02 -0.226727E-02***********   -795.629    -17.306     434
   435.00000  0.766578E+01  0.604800E+02 -0.796849E+01  0.320639E+02 -0.227046E-02***********   -795.629    -17.309     435
   436.00000  0.788168E+01  0.604800E+02 -0.796849E+01  0.320639E+02 -0.227363E-02***********   -795.629    -17.312     436
   437.00000  0.812044E+01  0.604800E+02 -0.796849E+01  0.320639E+02 -0.227679E-02***********   -795.629    -17.316     437
   438.00000  0.825760E+01  0.604800E+02 -0.796849E+01  0.320639E+02 -0.227995E-02***********   -795.629    -17.319     438
   439.00000  0.839476E+01  0.604800E+02 -0.796849E+01  0.320639E+02 -0.228311E-02***********   -795.629    -17.322     439
   440.00000  0.861574E+01  0.604800E+02 -0.796849E+01  0.320639E+02 -0.228627E-02***********   -795.629    -17.325     440
   441.00000  0.878084E+01  0.604800E+02 -0.796849E+01  0.320639E+02 -0.228940E-02***********   -795.629    -17.328     441
   442.00000  0.896372E+01  0.604800E+02 -0.796849E+01  0.320639E+02 -0.229253E-02***********   -795.629    -17.332     442
   443.00000  0.925582E+01  0.604800E+02 -0.796849E+01  0.320639E+02 -0.229566E-02***********   -795.629    -17.335     443
   444.00000  0.947680E+01  0.604800E+02 -0.796849E+01  0.320639E+02 -0.229879E-02***********   -795.629    -17.338     444
   445.00000  0.954284E+01  0.604800E+02 -0.796849E+01  0.320639E+02 -0.230190E-02***********   -795.629    -17.341     445
   446.00000  0.965714E+01  0.604800E+02 -0.796849E+01  0.320639E+02 -0.230500E-02***********   -795.629    -17.344     446
   447.00000  0.972572E+01  0.604800E+02 -0.796849E+01  0.320639E+02 -0.230810E-02***********   -795.629    -17.347     447
   448.00000  0.976382E+01  0.604800E+02 -0.796849E+01  0.320639E+02 -0.231120E-02***********   -795.629    -17.351     448
   449.00000  0.984256E+01  0.604800E+02 -0.796849E+01  0.320639E+02 -0.231430E-02***********   -795.629    -17.354     449
   450.00000  0.996194E+01  0.604800E+02 -0.796849E+01  0.320639E+02 -0.231737E-02***********   -795.629    -17.357     450
   451.00000  0.101016E+02  0.604800E+02 -0.796849E+01  0.320639E+02 -0.232044E-02***********   -795.629    -17.360     451
   452.00000  0.103480E+02  0.604800E+02 -0.796849E+01  0.320639E+02 -0.232351E-02***********   -795.629    -17.363     452
   453.00000  0.104801E+02  0.604800E+02 -0.796849E+01  0.320639E+02 -0.232658E-02***********   -795.629    -17.366     453
   454.00000  0.105741E+02  0.604800E+02 -0.796849E+01  0.320639E+02 -0.232963E-02***********   -795.629    -17.369     454
   455.00000  0.106884E+02  0.604800E+02 -0.796849E+01  0.320639E+02 -0.233267E-02***********   -795.629    -17.372     455
   456.00000  0.107290E+02  0.604800E+02 -0.796849E+01  0.320639E+02 -0.233571E-02***********   -795.629    -17.376     456
   457.00000  0.107290E+02  0.607289E+02 -0.796849E+01  0.320639E+02 -0.233875E-02***********  -1600.090    -17.379     457
   458.00000  0.107290E+02  0.611124E+02 -0.796849E+01  0.320639E+02 -0.234179E-02***********  -1600.090    -17.382     458
   459.00000  0.107290E+02  0.614452E+02 -0.796849E+01  0.320639E+02 -0.234482E-02***********  -1600.091    -17.385     459
   460.00000  0.107290E+02  0.614985E+02 -0.796849E+01  0.320639E+02 -0.234783E-02***********  -1600.090    -17.388     460
   461.00000  0.107290E+02  0.615391E+02 -0.796849E+01  0.320639E+02 -0.235084E-02***********  -1600.090    -17.391     461
   462.00000  0.107290E+02  0.615925E+02 -0.796849E+01  0.320639E+02 -0.235385E-02***********  -1600.091    -17.394     462
   463.00000  0.107290E+02  0.616915E+02 -0.796849E+01  0.320639E+02 -0.235686E-02***********  -1600.090    -17.397     463
   464.00000  0.107290E+02  0.619481E+02 -0.796849E+01  0.320639E+02 -0.235984E-02***********  -1600.090    -17.400     464
   465.00000  0.107290E+02  0.623113E+02 -0.796849E+01  0.320639E+02 -0.236282E-02***********  -1600.091    -17.403     465
   466.00000  0.107290E+02  0.625399E+02 -0.796849E+01  0.320639E+02 -0.236580E-02***********  -1600.090    -17.406     466
   467.00000  0.107290E+02  0.628472E+02 -0.796849E+01  0.320639E+02 -0.236878E-02***********  -1600.090    -17.409     467
   468.00000  0.107290E+02  0.631520E+02 -0.796849E+01  0.320639E+02 -0.237176E-02***********  -1600.091    -17.412     468
   469.00000  0.107290E+02  0.635330E+02 -0.796849E+01  0.320639E+02 -0.237471E-02***********  -1600.090    -17.415     469
   470.00000  0.107290E+02  0.638429E+02 -0.796849E+01  0.320639E+02 -0.237766E-02***********  -1600.090    -17.418     470
   471.00000  0.107290E+02  0.641350E+02 -0.796849E+01  0.320639E+02 -0.238061E-02***********  -1600.091    -17.421     471
   472.00000  0.107290E+02  0.643967E+02 -0.796849E+01  0.320639E+02 -0.238356E-02***********  -1600.090    -17.424     472
   473.00000  0.107290E+02  0.645160E+02 -0.796849E+01  0.320639E+02 -0.238651E-02***********  -1600.090    -17.427     473
   474.00000  0.107290E+02  0.646557E+02 -0.796849E+01  0.320639E+02 -0.238943E-02***********  -1600.091    -17.430     474
   475.00000  0.107290E+02  0.647599E+02 -0.796849E+01  0.320639E+02 -0.239235E-02***********  -1600.090    -17.433     475
   476.00000  0.107290E+02  0.649961E+02 -0.796849E+01  0.320639E+02 -0.239527E-02***********  -1600.090    -17.436     476
   477.00000  0.107290E+02  0.654304E+02 -0.796849E+01  0.320639E+02 -0.239819E-02***********  -1600.091    -17.439     477
   478.00000  0.107290E+02  0.657810E+02 -0.796849E+01  0.320639E+02 -0.240108E-02***********  -1600.090    -17.442     478
   479.00000  0.107290E+02  0.661061E+02 -0.796849E+01  0.320639E+02 -0.240397E-02***********  -1600.090    -17.445     479
   480.00000  0.107290E+02  0.665531E+02 -0.796849E+01  0.320639E+02 -0.240687E-02***********  -1600.091    -17.448     480
   481.00000  0.107290E+02  0.668274E+02 -0.796849E+01  0.320639E+02 -0.240976E-02***********  -1600.090    -17.451     481
   482.00000  0.107290E+02  0.670814E+02 -0.796849E+01  0.320639E+02 -0.241265E-02***********  -1600.090    -17.454     482
   483.00000  0.107290E+02  0.672110E+02 -0.796849E+01  0.320639E+02 -0.241552E-02***********  -1600.091    -17.457     483
   484.00000  0.107290E+02  0.675640E+02 -0.796849E+01  0.320639E+02 -0.241838E-02***********  -1600.090    -17.460     484
   485.00000  0.107290E+02  0.678841E+02 -0.796849E+01  0.320639E+02 -0.242124E-02***********  -1600.090    -17.463     485
   486.00000  0.107290E+02  0.681787E+02 -0.796849E+01  0.320639E+02 -0.242411E-02***********  -1600.091    -17.465     486
   487.00000  0.107290E+02  0.683743E+02 -0.796849E+01  0.320639E+02 -0.242697E-02***********  -1600.044    -17.468     487
   488.00000  0.107290E+02  0.685064E+02 -0.796849E+01  0.320639E+02 -0.242981E-02***********  -1600.044    -17.471     488
   489.00000  0.107290E+02  0.687020E+02 -0.796849E+01  0.320639E+02 -0.243264E-02***********  -1600.044    -17.474     489
   490.00000  0.107290E+02  0.690296E+02 -0.796849E+01  0.320639E+02 -0.243548E-02***********  -1600.044    -17.477     490
   491.00000  0.107290E+02  0.692557E+02 -0.796849E+01  0.320639E+02 -0.243831E-02***********  -1600.044    -17.480     491
   492.00000  0.107290E+02  0.695580E+02 -0.796849E+01  0.320639E+02 -0.244114E-02***********  -1600.044    -17.483     492
   493.00000  0.107290E+02  0.696875E+02 -0.796849E+01  0.320639E+02 -0.244395E-02***********  -1600.044    -17.486     493
   494.00000  0.107290E+02  0.697332E+02 -0.796849E+01  0.320639E+02 -0.244676E-02***********  -1600.044    -17.488     494
   495.00000  0.107290E+02  0.699999E+02 -0.796849E+01  0.320639E+02 -0.244956E-02***********  -1600.044    -17.491     495
   496.00000  0.107290E+02  0.703987E+02 -0.796849E+01  0.320639E+02 -0.245236E-02***********  -1600.044    -17.494     496
   497.00000  0.107290E+02  0.708280E+02 -0.796849E+01  0.320639E+02 -0.245516E-02***********  -1600.044    -17.497     497
   498.00000  0.107290E+02  0.712521E+02 -0.796849E+01  0.320639E+02 -0.245795E-02***********  -1600.044    -17.500     498
   499.00000  0.107290E+02  0.716331E+02 -0.796849E+01  0.320639E+02 -0.246072E-02***********  -1600.044    -17.503     499
   500.00000  0.107290E+02  0.718516E+02 -0.796849E+01  0.320639E+02 -0.246349E-02***********  -1600.044    -17.505     500
   501.00000  0.107290E+02  0.722097E+02 -0.796849E+01  0.320639E+02 -0.246626E-02***********  -1600.044    -17.508     501
   502.00000  0.107290E+02  0.726898E+02 -0.796849E+01  0.320639E+02 -0.246903E-02***********  -1600.044    -17.511     502
   503.00000  0.107290E+02  0.730505E+02 -0.796849E+01  0.320639E+02 -0.247177E-02***********  -1600.044    -17.514     503
   504.00000  0.107290E+02  0.734035E+02 -0.796849E+01  0.320639E+02 -0.247452E-02***********  -1600.044    -17.517     504
   505.00000  0.107290E+02  0.736524E+02 -0.796849E+01  0.320639E+02 -0.247726E-02***********  -1600.044    -17.519     505
   506.00000  0.107290E+02  0.739496E+02 -0.796849E+01  0.320639E+02 -0.248000E-02***********  -1600.044    -17.522     506
   507.00000  0.107290E+02  0.742392E+02 -0.796849E+01  0.320639E+02 -0.248274E-02***********  -1600.044    -17.525     507
   508.00000  0.107290E+02  0.744729E+02 -0.796849E+01  0.320639E+02 -0.248547E-02***********  -1600.044    -17.528     508
   509.00000  0.107290E+02  0.747294E+02 -0.796849E+01  0.320639E+02 -0.248818E-02***********  -1600.044    -17.531     509
   510.00000  0.107290E+02  0.751282E+02 -0.796849E+01  0.320639E+02 -0.249089E-02***********  -1600.044    -17.533     510
   511.00000  0.107290E+02  0.754431E+02 -0.796849E+01  0.320639E+02 -0.249361E-02***********  -1600.044    -17.536     511
   512.00000  0.107290E+02  0.758648E+02 -0.796849E+01  0.320639E+02 -0.249632E-02***********  -1600.044    -17.539     512
   513.00000  0.107290E+02  0.762763E+02 -0.796849E+01  0.320639E+02 -0.249900E-02***********  -1600.044    -17.542     513
   514.00000  0.107290E+02  0.767462E+02 -0.796849E+01  0.320639E+02 -0.250168E-02***********  -1600.044    -17.544     514
   515.00000  0.107290E+02  0.771576E+02 -0.796849E+01  0.320639E+02 -0.250436E-02***********  -1600.044    -17.547     515
   516.00000  0.107290E+02  0.775234E+02 -0.796849E+01  0.320639E+02 -0.250705E-02***********  -1600.044    -17.550     516
   517.00000  0.107290E+02  0.779247E+02 -0.796849E+01  0.320639E+02 -0.250973E-02***********  -1600.044    -17.552     517
   518.00000  0.107290E+02  0.782930E+02 -0.796849E+01  0.320639E+02 -0.251240E-02***********  -1600.457    -17.555     518
   519.00000  0.107290E+02  0.787045E+02 -0.796849E+01  0.320639E+02 -0.251505E-02***********  -1600.457    -17.558     519
   520.00000  0.107290E+02  0.791693E+02 -0.796849E+01  0.320639E+02 -0.251770E-02***********  -1600.456    -17.561     520
   521.00000  0.107290E+02  0.796468E+02 -0.796849E+01  0.320639E+02 -0.252035E-02***********  -1600.457    -17.563     521
   522.00000  0.107290E+02  0.800913E+02 -0.796849E+01  0.320639E+02 -0.252301E-02***********  -1600.457    -17.566     522
   523.00000  0.107290E+02  0.805333E+02 -0.796849E+01  0.320639E+02 -0.252566E-02***********  -1600.456    -17.569     523
   524.00000  0.107290E+02  0.809600E+02 -0.796849E+01  0.320639E+02 -0.252828E-02***********  -1600.457    -17.571     524
   525.00000  0.107290E+02  0.813766E+02 -0.796849E+01  0.320639E+02 -0.253090E-02***********  -1600.457    -17.574     525
   526.00000  0.107290E+02  0.817754E+02 -0.796849E+01  0.320639E+02 -0.253353E-02***********  -1600.456    -17.577     526
   527.00000  0.107290E+02  0.822351E+02 -0.796849E+01  0.320639E+02 -0.253615E-02***********  -1600.457    -17.579     527
   528.00000  0.107290E+02  0.827863E+02 -0.796849E+01  0.320639E+02 -0.253877E-02***********  -1600.457    -17.582     528
   529.00000  0.920502E+01  0.833068E+02 -0.925650E+01  0.321184E+02 -0.254023E-02      0.000  -1434.041    -17.584     529
   530.00000  0.768102E+01  0.837615E+02 -0.993916E+01  0.322065E+02 -0.254287E-02      0.000  -1327.249    -17.586     530
   531.00000  0.615702E+01  0.841780E+02 -0.105180E+02  0.322954E+02 -0.254554E-02      0.000  -1241.095    -17.589     531
   532.00000  0.450722E+01  0.845057E+02 -0.110530E+02  0.323687E+02 -0.254819E-02      0.000  -1165.455    -17.592     532
   533.00000  0.292202E+01  0.849375E+02 -0.115697E+02  0.324712E+02 -0.255078E-02      0.000  -1107.476    -17.594     533
   534.00000 -0.671284E+00  0.850340E+02 -0.120740E+02  0.324913E+02 -0.255349E-02      0.000  -1048.206    -17.597     534
   535.00000 -0.671284E+00  0.852677E+02 -0.120740E+02  0.326278E+02 -0.255607E-02    -10.463  -1030.076    -17.600     535
   536.00000 -0.671284E+00  0.856436E+02 -0.120740E+02  0.328427E+02 -0.255865E-02    -12.211  -1041.337    -17.602     536
   537.00000 -0.671284E+00  0.860627E+02 -0.120740E+02  0.330776E+02 -0.256120E-02    -13.572  -1052.685    -17.605     537
   538.00000 -0.671284E+00  0.863980E+02 -0.120740E+02  0.332631E+02 -0.256376E-02    -14.499  -1060.429    -17.607     538
   539.00000 -0.671284E+00  0.868247E+02 -0.120740E+02  0.334978E+02 -0.256632E-02    -14.954  -1066.653    -17.610     539
   540.00000 -0.671284E+00  0.873810E+02 -0.120740E+02  0.338027E+02 -0.256887E-02    -15.368  -1073.919    -17.613     540
   541.00000 -0.671284E+00  0.878712E+02 -0.120740E+02  0.340712E+02 -0.257140E-02    -15.874  -1082.462    -17.615     541
   542.00000 -0.671284E+00  0.882827E+02 -0.120740E+02  0.342966E+02 -0.257394E-02    -16.431  -1091.776    -17.618     542
   543.00000 -0.671284E+00  0.887247E+02 -0.120740E+02  0.345386E+02 -0.257647E-02    -16.994  -1103.346    -17.620     543
   544.00000 -0.671284E+00  0.890472E+02 -0.120740E+02  0.347153E+02 -0.257900E-02    -17.524  -1117.030    -17.623     544
   545.00000 -0.671284E+00  0.892657E+02 -0.120740E+02  0.348349E+02 -0.258154E-02    -17.959  -1129.380    -17.626     545
   546.00000 -0.671284E+00  0.896416E+02 -0.120740E+02  0.350407E+02 -0.258406E-02    -18.295  -1147.336    -17.628     546
   547.00000 -0.671284E+00  0.899109E+02 -0.120740E+02  0.351882E+02 -0.258656E-02    -18.540  -1173.820    -17.631     547
   548.00000 -0.671284E+00  0.902817E+02 -0.120740E+02  0.353913E+02 -0.258906E-02    -18.698  -1212.434    -17.633     548
   549.00000 -0.206828E+01  0.907084E+02 -0.131727E+02  0.356113E+02 -0.259057E-02      0.000  -1183.106    -17.635     549
   550.00000 -0.206828E+01  0.909548E+02 -0.131727E+02  0.357386E+02 -0.259309E-02    -10.754  -1218.379    -17.637     550
   551.00000 -0.487418E+01  0.913129E+02 -0.138436E+02  0.358822E+02 -0.259559E-02      0.000  -1198.850    -17.640     551
   552.00000 -0.487418E+01  0.916888E+02 -0.138436E+02  0.360536E+02 -0.259806E-02    -11.073  -1236.992    -17.642     552
   553.00000 -0.783648E+01  0.920368E+02 -0.144536E+02  0.361606E+02 -0.260054E-02      0.000  -1192.843    -17.645     553
   554.00000 -0.783648E+01  0.924813E+02 -0.144536E+02  0.363511E+02 -0.260301E-02    -11.253  -1215.910    -17.647     554
   555.00000 -0.106305E+02  0.929436E+02 -0.150482E+02  0.364747E+02 -0.260542E-02      0.000  -1179.453    -17.650     555
   556.00000 -0.106305E+02  0.934008E+02 -0.150482E+02  0.366800E+02 -0.260787E-02    -11.276  -1187.991    -17.652     556
   557.00000 -0.134245E+02  0.938783E+02 -0.156315E+02  0.368077E+02 -0.261033E-02      0.000  -1160.218    -17.655     557
   558.00000 -0.148658E+02  0.943101E+02 -0.161445E+02  0.369103E+02 -0.261274E-02      0.000  -1101.299    -17.657     558
   559.00000 -0.148658E+02  0.947469E+02 -0.161445E+02  0.371382E+02 -0.261517E-02    -11.113  -1096.054    -17.660     559
   560.00000 -0.148658E+02  0.951965E+02 -0.161445E+02  0.373678E+02 -0.261761E-02    -12.912  -1107.546    -17.662     560
   561.00000 -0.148658E+02  0.956232E+02 -0.161445E+02  0.375828E+02 -0.262006E-02    -14.182  -1114.997    -17.665     561
   562.00000 -0.148658E+02  0.961058E+02 -0.161445E+02  0.378247E+02 -0.262250E-02    -14.818  -1121.235    -17.667     562
   563.00000 -0.148658E+02  0.965681E+02 -0.161445E+02  0.380559E+02 -0.262493E-02    -15.263  -1127.128    -17.670     563
   564.00000 -0.148658E+02  0.970202E+02 -0.161445E+02  0.382820E+02 -0.262734E-02    -15.763  -1133.809    -17.672     564
   565.00000 -0.148658E+02  0.973961E+02 -0.161445E+02  0.384699E+02 -0.262976E-02    -16.307  -1141.302    -17.675     565
   566.00000 -0.148658E+02  0.978051E+02 -0.161445E+02  0.386744E+02 -0.263217E-02    -16.856  -1150.531    -17.677     566
   567.00000 -0.148658E+02  0.982191E+02 -0.161445E+02  0.388814E+02 -0.263458E-02    -17.386  -1163.225    -17.679     567
   568.00000 -0.148658E+02  0.985899E+02 -0.161445E+02  0.390668E+02 -0.263700E-02    -17.859  -1179.989    -17.682     568
   569.00000 -0.148658E+02  0.989760E+02 -0.161445E+02  0.392599E+02 -0.263938E-02    -18.249  -1202.947    -17.684     569
   570.00000 -0.148658E+02  0.994586E+02 -0.161445E+02  0.395012E+02 -0.264177E-02    -18.537  -1243.416    -17.687     570
   571.00000 -0.148658E+02  0.100015E+03 -0.161445E+02  0.397390E+02 -0.264415E-02    -18.725  -1331.584    -17.689     571
   572.00000 -0.148658E+02  0.100604E+03 -0.161445E+02  0.398775E+02 -0.264654E-02    -18.918  -1465.497    -17.692     572
   573.00000 -0.148658E+02  0.101077E+03 -0.161445E+02  0.399213E+02 -0.264892E-02    -19.168  -1550.733    -17.694     573
   574.00000 -0.148658E+02  0.101483E+03 -0.161445E+02  0.399343E+02 -0.265130E-02    -19.425  -1584.998    -17.696     574
   575.00000 -0.148658E+02  0.101826E+03 -0.161445E+02  0.399377E+02 -0.265366E-02    -19.674  -1595.862    -17.699     575
   576.00000 -0.148658E+02  0.102268E+03 -0.161445E+02  0.399388E+02 -0.265601E-02    -19.909  -1599.306    -17.701     576
   577.00000 -0.148658E+02  0.102649E+03 -0.161445E+02  0.399391E+02 -0.265837E-02    -20.131  -1599.972    -17.704     577
   578.00000 -0.148658E+02  0.103119E+03 -0.161445E+02  0.399394E+02 -0.266072E-02    -20.340  -1600.112    -17.706     578
   579.00000 -0.148658E+02  0.103533E+03 -0.161445E+02  0.399396E+02 -0.266308E-02    -20.537  -1600.137    -17.708     579
   580.00000 -0.148658E+02  0.103962E+03 -0.161445E+02  0.399398E+02 -0.266543E-02    -20.722  -1600.155    -17.711     580
   581.00000 -0.148658E+02  0.104325E+03 -0.161445E+02  0.399400E+02 -0.266777E-02    -20.896  -1600.154    -17.713     581
   582.00000 -0.148658E+02  0.104457E+03 -0.161445E+02  0.399401E+02 -0.267009E-02    -21.060  -1600.075    -17.716     582
   583.00000 -0.148658E+02  0.104790E+03 -0.161445E+02  0.399403E+02 -0.267242E-02    -21.214  -1600.111    -17.718     583
   584.00000 -0.148658E+02  0.105135E+03 -0.161445E+02  0.399404E+02 -0.267474E-02    -21.359  -1600.169    -17.720     584
   585.00000 -0.148658E+02  0.105255E+03 -0.161445E+02  0.399405E+02 -0.267707E-02    -21.495  -1600.115    -17.723     585
   586.00000 -0.148658E+02  0.105506E+03 -0.161445E+02  0.399407E+02 -0.267939E-02    -21.624  -1600.120    -17.725     586
   587.00000 -0.148658E+02  0.105819E+03 -0.161445E+02  0.399408E+02 -0.268170E-02    -21.745  -1600.182    -17.727     587
   588.00000 -0.148658E+02  0.106134E+03 -0.161445E+02  0.399410E+02 -0.268400E-02    -21.859  -1600.217    -17.730     588
   589.00000 -0.148658E+02  0.106499E+03 -0.161445E+02  0.399411E+02 -0.268629E-02    -21.966  -1600.246    -17.732     589
   590.00000 -0.148658E+02  0.106878E+03 -0.161445E+02  0.399412E+02 -0.268859E-02    -22.067  -1600.265    -17.734     590
   591.00000 -0.148658E+02  0.107203E+03 -0.161445E+02  0.399413E+02 -0.269088E-02    -22.162  -1600.268    -17.737     591
   592.00000 -0.148658E+02  0.107526E+03 -0.161445E+02  0.399414E+02 -0.269318E-02    -22.252  -1600.272    -17.739     592
   593.00000 -0.148658E+02  0.107930E+03 -0.161445E+02  0.399415E+02 -0.269546E-02    -22.336  -1600.293    -17.741     593
   594.00000 -0.148658E+02  0.108311E+03 -0.161445E+02  0.399415E+02 -0.269772E-02    -22.415  -1600.304    -17.744     594
   595.00000 -0.148658E+02  0.108669E+03 -0.161445E+02  0.399416E+02 -0.269999E-02    -22.490  -1600.308    -17.746     595
   596.00000 -0.148658E+02  0.109045E+03 -0.161445E+02  0.399417E+02 -0.270225E-02    -22.560  -1600.316    -17.748     596
   597.00000 -0.148658E+02  0.109479E+03 -0.161445E+02  0.399418E+02 -0.270452E-02    -22.626  -1600.329    -17.751     597
   598.00000 -0.148658E+02  0.109822E+03 -0.161445E+02  0.399418E+02 -0.270678E-02    -22.688  -1600.329    -17.753     598
   599.00000 -0.148658E+02  0.110111E+03 -0.161445E+02  0.399419E+02 -0.270903E-02    -22.747  -1600.325    -17.755     599
   600.00000 -0.148658E+02  0.110426E+03 -0.161445E+02  0.399419E+02 -0.271127E-02    -22.802  -1600.329    -17.757     600
   601.00000 -0.148658E+02  0.110805E+03 -0.161445E+02  0.399420E+02 -0.271350E-02    -22.853  -1600.342    -17.760     601
   602.00000 -0.148658E+02  0.111148E+03 -0.161445E+02  0.399421E+02 -0.271574E-02    -22.902  -1600.348    -17.762     602
   603.00000 -0.148658E+02  0.111519E+03 -0.161445E+02  0.399421E+02 -0.271797E-02    -22.948  -1600.354    -17.764     603
   604.00000 -0.148658E+02  0.111866E+03 -0.161445E+02  0.399422E+02 -0.272021E-02    -22.991  -1600.358    -17.767     604
   605.00000 -0.148658E+02  0.112329E+03 -0.161445E+02  0.399422E+02 -0.272244E-02    -23.032  -1600.369    -17.769     605
   606.00000 -0.148658E+02  0.112593E+03 -0.161445E+02  0.399422E+02 -0.272465E-02    -23.070  -1600.363    -17.771     606
   607.00000 -0.148658E+02  0.112989E+03 -0.161445E+02  0.399423E+02 -0.272685E-02    -23.106  -1600.370    -17.773     607
   608.00000 -0.148658E+02  0.113355E+03 -0.161445E+02  0.399423E+02 -0.272906E-02    -23.140  -1600.375    -17.776     608
   609.00000 -0.148658E+02  0.113660E+03 -0.161445E+02  0.399423E+02 -0.273126E-02    -23.172  -1600.374    -17.778     609
   610.00000 -0.148658E+02  0.113949E+03 -0.161445E+02  0.399424E+02 -0.273347E-02    -23.202   -795.622    -17.780     610
   611.00000 -0.148658E+02  0.114252E+03 -0.161445E+02  0.399425E+02 -0.273567E-02    -23.230   -795.644    -17.782     611
   612.00000 -0.148658E+02  0.114549E+03 -0.161445E+02  0.399425E+02 -0.273785E-02    -23.256   -795.633    -17.785     612
   613.00000 -0.148658E+02  0.114843E+03 -0.161445E+02  0.399425E+02 -0.274003E-02    -23.281   -795.623    -17.787     613
   614.00000 -0.148658E+02  0.115133E+03 -0.161445E+02  0.399425E+02 -0.274220E-02    -23.305   -795.640    -17.789     614
   615.00000 -0.148658E+02  0.115435E+03 -0.161445E+02  0.399425E+02 -0.274438E-02    -23.327   -795.633    -17.791     615
   616.00000 -0.148658E+02  0.115727E+03 -0.161445E+02  0.399426E+02 -0.274655E-02    -23.348   -795.626    -17.793     616
   617.00000 -0.148658E+02  0.116012E+03 -0.161445E+02  0.399426E+02 -0.274873E-02    -23.367   -795.628    -17.796     617
   618.00000 -0.148658E+02  0.116408E+03 -0.161445E+02  0.399426E+02 -0.275089E-02    -23.386   -795.641    -17.798     618
   619.00000 -0.148658E+02  0.116591E+03 -0.161445E+02  0.399426E+02 -0.275303E-02    -23.403   -795.634    -17.800     619
   620.00000 -0.148658E+02  0.116743E+03 -0.161445E+02  0.399426E+02 -0.275518E-02    -23.419   -795.627    -17.802     620
   621.00000 -0.148658E+02  0.116807E+03 -0.161445E+02  0.399426E+02 -0.275733E-02    -23.435   -795.628    -17.804     621
   622.00000 -0.148658E+02  0.117046E+03 -0.161445E+02  0.399427E+02 -0.275947E-02    -23.449   -795.642    -17.806     622
   623.00000 -0.148658E+02  0.117404E+03 -0.161445E+02  0.399427E+02 -0.276162E-02    -23.463   -795.636    -17.809     623
   624.00000 -0.148658E+02  0.117576E+03 -0.161445E+02  0.399427E+02 -0.276376E-02    -23.476   -795.631    -17.811     624
   625.00000 -0.148658E+02  0.117775E+03 -0.161445E+02  0.399427E+02 -0.276589E-02    -23.488   -795.626    -17.813     625
   626.00000 -0.148658E+02  0.117942E+03 -0.161445E+02  0.399427E+02 -0.276801E-02    -23.499   -795.627    -17.815     626
   627.00000 -0.148658E+02  0.118031E+03 -0.161445E+02  0.399427E+02 -0.277013E-02    -23.510   -795.625    -17.817     627
   628.00000 -0.148658E+02  0.118275E+03 -0.161445E+02  0.399427E+02 -0.277224E-02    -23.520   -795.627    -17.819     628
   629.00000 -0.148658E+02  0.118620E+03 -0.161445E+02  0.399427E+02 -0.277436E-02    -23.529   -795.637    -17.822     629
   630.00000 -0.148658E+02  0.118816E+03 -0.161445E+02  0.399427E+02 -0.277647E-02    -23.538   -795.633    -17.824     630
   631.00000 -0.148658E+02  0.119139E+03 -0.161445E+02  0.399427E+02 -0.277857E-02    -23.546   -795.630    -17.826     631
   632.00000 -0.148658E+02  0.119405E+03 -0.161445E+02  0.399427E+02 -0.278068E-02    -23.554   -795.627    -17.828     632
   633.00000 -0.148658E+02  0.119847E+03 -0.161445E+02  0.399428E+02 -0.278276E-02    -23.561   -795.627    -17.830     633
   634.00000 -0.148658E+02  0.120243E+03 -0.161445E+02  0.399428E+02 -0.278485E-02    -23.568   -795.627    -17.832     634
   635.00000 -0.148658E+02  0.120561E+03 -0.161445E+02  0.399428E+02 -0.278693E-02    -23.575   -795.630    -17.834     635
   636.00000 -0.148658E+02  0.120970E+03 -0.161445E+02  0.399428E+02 -0.278902E-02    -23.581   -795.628    -17.837     636
   637.00000 -0.148658E+02  0.121204E+03 -0.161445E+02  0.399428E+02 -0.279111E-02    -23.587   -795.629    -17.839     637
   638.00000 -0.148658E+02  0.121521E+03 -0.161445E+02  0.399428E+02 -0.279319E-02    -23.592   -795.626    -17.841     638
   639.00000 -0.148658E+02  0.121729E+03 -0.161445E+02  0.399428E+02 -0.279525E-02    -23.597   -795.631    -17.843     639
   640.00000 -0.143248E+02  0.121729E+03 -0.159584E+02  0.399428E+02 -0.279731E-02***********   -795.631    -17.845     640
   641.00000 -0.141317E+02  0.121729E+03 -0.159584E+02  0.399428E+02 -0.279936E-02***********   -795.631    -17.847     641
   642.00000 -0.139565E+02  0.121729E+03 -0.159584E+02  0.399428E+02 -0.280142E-02***********   -795.631    -17.849     642
   643.00000 -0.134942E+02  0.121729E+03 -0.159584E+02  0.399428E+02 -0.280347E-02***********   -795.631    -17.851     643
   644.00000 -0.132402E+02  0.121729E+03 -0.159584E+02  0.399428E+02 -0.280553E-02***********   -795.631    -17.853     644
   645.00000 -0.130167E+02  0.121729E+03 -0.159584E+02  0.399428E+02 -0.280756E-02***********   -795.631    -17.855     645
   646.00000 -0.126814E+02  0.121729E+03 -0.159584E+02  0.399428E+02 -0.280958E-02***********   -795.632    -17.857     646
   647.00000 -0.123283E+02  0.121729E+03 -0.159584E+02  0.399428E+02 -0.281161E-02***********   -795.632    -17.860     647
   648.00000 -0.120489E+02  0.121729E+03 -0.159584E+02  0.399428E+02 -0.281364E-02***********   -795.632    -17.862     648
   649.00000 -0.118737E+02  0.121729E+03 -0.159584E+02  0.399428E+02 -0.281566E-02***********   -795.632    -17.864     649
   650.00000 -0.117441E+02  0.121729E+03 -0.159584E+02  0.399428E+02 -0.281769E-02***********   -795.632    -17.866     650
   651.00000 -0.115968E+02  0.121729E+03 -0.159584E+02  0.399428E+02 -0.281972E-02***********   -795.632    -17.868     651
   652.00000 -0.114419E+02  0.121729E+03 -0.159584E+02  0.399428E+02 -0.282171E-02***********   -795.632    -17.870     652
   653.00000 -0.111371E+02  0.121729E+03 -0.159584E+02  0.399428E+02 -0.282371E-02***********   -795.632    -17.872     653
   654.00000 -0.109034E+02  0.121729E+03 -0.159584E+02  0.399428E+02 -0.282571E-02***********   -795.632    -17.874     654
   655.00000 -0.106443E+02  0.121729E+03 -0.159584E+02  0.399428E+02 -0.282770E-02***********   -795.632    -17.876     655
   656.00000 -0.105071E+02  0.121729E+03 -0.159584E+02  0.399428E+02 -0.282970E-02***********   -795.632    -17.878     656
   657.00000 -0.102506E+02  0.121729E+03 -0.159584E+02  0.399428E+02 -0.283170E-02***********   -795.632    -17.880     657
   658.00000 -0.976292E+01  0.121729E+03 -0.159584E+02  0.399428E+02 -0.283369E-02***********   -795.632    -17.882     658
   659.00000 -0.935652E+01  0.121729E+03 -0.159584E+02  0.399428E+02 -0.283568E-02***********   -795.632    -17.884     659
   660.00000 -0.915586E+01  0.121729E+03 -0.159584E+02  0.399428E+02 -0.283764E-02***********   -795.632    -17.886     660
   661.00000 -0.898314E+01  0.121729E+03 -0.159584E+02  0.399428E+02 -0.283961E-02***********   -795.632    -17.888     661
   662.00000 -0.872914E+01  0.121729E+03 -0.159584E+02  0.399428E+02 -0.284158E-02***********   -795.632    -17.890     662
   663.00000 -0.856404E+01  0.121729E+03 -0.159584E+02  0.399428E+02 -0.284354E-02***********   -795.632    -17.892     663
   664.00000 -0.845736E+01  0.121729E+03 -0.159584E+02  0.399428E+02 -0.284551E-02***********   -795.632    -17.894     664
   665.00000 -0.818050E+01  0.121729E+03 -0.159584E+02  0.399428E+02 -0.284748E-02***********   -795.632    -17.896     665
   666.00000 -0.785284E+01  0.121729E+03 -0.159584E+02  0.399428E+02 -0.284943E-02***********   -795.632    -17.898     666
   667.00000 -0.763948E+01  0.121729E+03 -0.159584E+02  0.399428E+02 -0.285137E-02***********   -795.632    -17.900     667
   668.00000 -0.755820E+01  0.121729E+03 -0.159584E+02  0.399428E+02 -0.285330E-02***********   -795.632    -17.902     668
   669.00000 -0.738294E+01  0.121729E+03 -0.159584E+02  0.399428E+02 -0.285524E-02***********   -795.632    -17.904     669
   670.00000 -0.723562E+01  0.121729E+03 -0.159584E+02  0.399428E+02 -0.285718E-02***********   -795.632    -17.906     670
   671.00000 -0.706544E+01  0.121729E+03 -0.159584E+02  0.399428E+02 -0.285912E-02***********   -795.632    -17.908     671
   672.00000 -0.685462E+01  0.121729E+03 -0.159584E+02  0.399428E+02 -0.286105E-02***********   -795.632    -17.910     672
   673.00000 -0.675302E+01  0.121729E+03 -0.159584E+02  0.399428E+02 -0.286298E-02***********   -795.632    -17.912     673
   674.00000 -0.653458E+01  0.121729E+03 -0.159584E+02  0.399428E+02 -0.286488E-02***********   -795.632    -17.914     674
   675.00000 -0.645584E+01  0.121729E+03 -0.159584E+02  0.399428E+02 -0.286679E-02***********   -795.632    -17.916     675
   676.00000 -0.630344E+01  0.121729E+03 -0.159584E+02  0.399428E+02 -0.286870E-02***********   -795.632    -17.918     676
   677.00000 -0.601642E+01  0.121729E+03 -0.159584E+02  0.399428E+02 -0.287060E-02***********   -795.632    -17.920     677
   678.00000 -0.576496E+01  0.121729E+03 -0.159584E+02  0.399428E+02 -0.287251E-02***********   -795.632    -17.921     678
   679.00000 -0.565320E+01  0.121729E+03 -0.159584E+02  0.399428E+02 -0.287442E-02***********   -795.632    -17.923     679
   680.00000 -0.554906E+01  0.121729E+03 -0.159584E+02  0.399428E+02 -0.287633E-02***********   -795.632    -17.925     680
   681.00000 -0.536364E+01  0.121729E+03 -0.159584E+02  0.399428E+02 -0.287820E-02***********   -795.632    -17.927     681
   682.00000 -0.518076E+01  0.121729E+03 -0.159584E+02  0.399428E+02 -0.288008E-02***********   -795.632    -17.929     682
   683.00000 -0.490136E+01  0.121729E+03 -0.159584E+02  0.399428E+02 -0.288196E-02***********   -795.632    -17.931     683
   684.00000 -0.466006E+01  0.121729E+03 -0.159584E+02  0.399428E+02 -0.288384E-02***********   -795.632    -17.933     684
   685.00000 -0.459148E+01  0.121729E+03 -0.159584E+02  0.399428E+02 -0.288571E-02***********   -795.632    -17.935     685
   686.00000 -0.444162E+01  0.121729E+03 -0.159584E+02  0.399428E+02 -0.288759E-02***********   -795.632    -17.937     686
   687.00000 -0.412412E+01  0.121729E+03 -0.159584E+02  0.399428E+02 -0.288947E-02***********   -795.632    -17.939     687
   688.00000 -0.398950E+01  0.121729E+03 -0.159584E+02  0.399428E+02 -0.289133E-02***********   -795.632    -17.941     688
   689.00000 -0.394886E+01  0.121729E+03 -0.159584E+02  0.399428E+02 -0.289318E-02***********   -795.632    -17.942     689
   690.00000 -0.391838E+01  0.121729E+03 -0.159584E+02  0.399428E+02 -0.289503E-02***********   -795.632    -17.944     690
   691.00000 -0.387774E+01  0.121729E+03 -0.159584E+02  0.399428E+02 -0.289688E-02***********   -795.632    -17.946     691
   692.00000 -0.386504E+01  0.121729E+03 -0.159584E+02  0.399428E+02 -0.289872E-02***********   -795.632    -17.948     692
   693.00000 -0.384472E+01  0.121729E+03 -0.159584E+02  0.399428E+02 -0.290057E-02***********   -795.632    -17.950     693
   694.00000 -0.382694E+01  0.121729E+03 -0.159584E+02  0.399428E+02 -0.290242E-02***********   -795.632    -17.952     694
   695.00000 -0.380916E+01  0.121729E+03 -0.159584E+02  0.399428E+02 -0.290427E-02***********   -795.632    -17.954     695
   696.00000 -0.373296E+01  0.121729E+03 -0.159584E+02  0.399428E+02 -0.290608E-02***********   -795.632    -17.956     696
   697.00000 -0.371010E+01  0.121729E+03 -0.159584E+02  0.399428E+02 -0.290790E-02***********   -795.632    -17.957     697
   698.00000 -0.366946E+01  0.121729E+03 -0.159584E+02  0.399428E+02 -0.290972E-02***********   -795.632    -17.959     698
   699.00000 -0.365168E+01  0.121729E+03 -0.159584E+02  0.399428E+02 -0.291154E-02***********   -795.632    -17.961     699
   700.00000 -0.353230E+01  0.121729E+03 -0.159584E+02  0.399428E+02 -0.291336E-02***********   -795.632    -17.963     700
   701.00000 -0.349928E+01  0.121729E+03 -0.159584E+02  0.399428E+02 -0.291517E-02***********   -795.632    -17.965     701
   702.00000 -0.341800E+01  0.121729E+03 -0.159584E+02  0.399428E+02 -0.291699E-02***********   -795.632    -17.967     702
   703.00000 -0.326052E+01  0.121729E+03 -0.159584E+02  0.399428E+02 -0.291879E-02***********   -795.632    -17.969     703
   704.00000 -0.321226E+01  0.121729E+03 -0.159584E+02  0.399428E+02 -0.292058E-02***********   -795.632    -17.970     704
   705.00000 -0.303192E+01  0.121729E+03 -0.159584E+02  0.399428E+02 -0.292237E-02***********   -795.632    -17.972     705
   706.00000 -0.274236E+01  0.121729E+03 -0.159584E+02  0.399428E+02 -0.292416E-02***********   -795.632    -17.974     706
   707.00000 -0.237660E+01  0.121729E+03 -0.159584E+02  0.399428E+02 -0.292595E-02***********   -795.632    -17.976     707
   708.00000 -0.224706E+01  0.121729E+03 -0.159584E+02  0.399428E+02 -0.292774E-02***********   -795.632    -17.978     708
   709.00000 -0.218864E+01  0.121729E+03 -0.159584E+02  0.399428E+02 -0.292952E-02***********   -795.632    -17.979     709
   710.00000 -0.212006E+01  0.121729E+03 -0.159584E+02  0.399428E+02 -0.293131E-02***********   -795.632    -17.981     710
   711.00000 -0.201338E+01  0.121729E+03 -0.159584E+02  0.399428E+02 -0.293310E-02***********   -795.632    -17.983     711
   712.00000 -0.195750E+01  0.121729E+03 -0.159584E+02  0.399428E+02 -0.293487E-02***********   -795.632    -17.985     712
   713.00000 -0.182288E+01  0.121729E+03 -0.159584E+02  0.399428E+02 -0.293663E-02***********   -795.632    -17.987     713
   714.00000 -0.163746E+01  0.121729E+03 -0.159584E+02  0.399428E+02 -0.293839E-02***********   -795.632    -17.988     714
   715.00000 -0.152824E+01  0.121729E+03 -0.159584E+02  0.399428E+02 -0.294015E-02***********   -795.632    -17.990     715
   716.00000 -0.146982E+01  0.121729E+03 -0.159584E+02  0.399428E+02 -0.294191E-02***********   -795.632    -17.992     716
   717.00000 -0.144950E+01  0.121729E+03 -0.159584E+02  0.399428E+02 -0.294366E-02***********   -795.632    -17.994     717
   718.00000 -0.127678E+01  0.121729E+03 -0.159584E+02  0.399428E+02 -0.294542E-02***********   -795.632    -17.996     718
   719.00000 -0.115486E+01  0.121729E+03 -0.159584E+02  0.399428E+02 -0.294718E-02***********   -795.632    -17.997     719
   720.00000 -0.936422E+00  0.121729E+03 -0.159584E+02  0.399428E+02 -0.294891E-02***********   -795.632    -17.999     720
   721.00000 -0.684962E+00  0.121729E+03 -0.159584E+02  0.399428E+02 -0.295064E-02***********   -795.632    -18.001     721
   722.00000 -0.512242E+00  0.121729E+03 -0.159584E+02  0.399428E+02 -0.295237E-02***********   -795.632    -18.003     722
   723.00000 -0.314122E+00  0.121729E+03 -0.159584E+02  0.399428E+02 -0.295410E-02***********   -795.632    -18.004     723
   724.00000 -0.126162E+00  0.121729E+03 -0.159584E+02  0.399428E+02 -0.295582E-02***********   -795.633    -18.006     724
   725.00000  0.770376E-01  0.121729E+03 -0.159584E+02  0.399428E+02 -0.295755E-02***********   -795.633    -18.008     725
   726.00000  0.295478E+00  0.121729E+03 -0.159584E+02  0.399428E+02 -0.295928E-02***********   -795.633    -18.010     726
   727.00000  0.470738E+00  0.121729E+03 -0.159584E+02  0.399428E+02 -0.296101E-02***********   -795.633    -18.011     727
   728.00000  0.676478E+00  0.121729E+03 -0.159584E+02  0.399428E+02 -0.296271E-02***********   -795.633    -18.013     728
   729.00000  0.755218E+00  0.121729E+03 -0.159584E+02  0.399428E+02 -0.296441E-02***********   -795.633    -18.015     729
   730.00000  0.770458E+00  0.121729E+03 -0.159584E+02  0.399428E+02 -0.296611E-02***********   -795.633    -18.017     730
   731.00000  0.770458E+00  0.121729E+03 -0.159584E+02  0.399428E+02 -0.296780E-02***********   -795.633    -18.018     731
   732.00000  0.783157E+00  0.121729E+03 -0.159584E+02  0.399428E+02 -0.296950E-02***********   -795.633    -18.020     732
   733.00000  0.795857E+00  0.121729E+03 -0.159584E+02  0.399428E+02 -0.297120E-02***********   -795.633    -18.022     733
   734.00000  0.808557E+00  0.121729E+03 -0.159584E+02  0.399428E+02 -0.297290E-02***********   -795.633    -18.024     734
   735.00000  0.818717E+00  0.121729E+03 -0.159584E+02  0.399428E+02 -0.297460E-02***********   -795.633    -18.025     735
   736.00000  0.823797E+00  0.121729E+03 -0.159584E+02  0.399428E+02 -0.297628E-02***********   -795.633    -18.027     736
   737.00000  0.839037E+00  0.121729E+03 -0.159584E+02  0.399428E+02 -0.297795E-02***********   -795.633    -18.029     737
   738.00000  0.910157E+00  0.121729E+03 -0.159584E+02  0.399428E+02 -0.297962E-02***********   -795.633    -18.030     738
   739.00000  0.101684E+01  0.121729E+03 -0.159584E+02  0.399428E+02 -0.298129E-02***********   -795.633    -18.032     739
   740.00000  0.108288E+01  0.121729E+03 -0.159584E+02  0.399428E+02 -0.298296E-02***********   -795.633    -18.034     740
   741.00000  0.127338E+01  0.121729E+03 -0.159584E+02  0.399428E+02 -0.298463E-02***********   -795.633    -18.035     741
   742.00000  0.131910E+01  0.121729E+03 -0.159584E+02  0.399428E+02 -0.298630E-02***********   -795.633    -18.037     742
   743.00000  0.134196E+01  0.121729E+03 -0.159584E+02  0.399428E+02 -0.298797E-02***********   -795.633    -18.039     743
   744.00000  0.139784E+01  0.121729E+03 -0.159584E+02  0.399428E+02 -0.298961E-02***********   -795.633    -18.041     744
   745.00000  0.150452E+01  0.121729E+03 -0.159584E+02  0.399428E+02 -0.299124E-02***********   -795.633    -18.042     745
   746.00000  0.163152E+01  0.121729E+03 -0.159584E+02  0.399428E+02 -0.299288E-02***********   -795.633    -18.044     746
   747.00000  0.183726E+01  0.121729E+03 -0.159584E+02  0.399428E+02 -0.299452E-02***********   -795.633    -18.046     747
   748.00000  0.187790E+01  0.121729E+03 -0.159584E+02  0.399428E+02 -0.299616E-02***********   -795.633    -18.047     748
   749.00000  0.189822E+01  0.121729E+03 -0.159584E+02  0.399428E+02 -0.299780E-02***********   -795.633    -18.049     749
   750.00000  0.191600E+01  0.121729E+03 -0.159584E+02  0.399428E+02 -0.299944E-02***********   -795.633    -18.051     750
   751.00000  0.197188E+01  0.121729E+03 -0.159584E+02  0.399428E+02 -0.300108E-02***********   -795.633    -18.052     751
   752.00000  0.212174E+01  0.121729E+03 -0.159584E+02  0.399428E+02 -0.300272E-02***********   -795.633    -18.054     752
   753.00000  0.216746E+01  0.121729E+03 -0.159584E+02  0.399428E+02 -0.300433E-02***********   -795.633    -18.056     753
   754.00000  0.232240E+01  0.121729E+03 -0.159584E+02  0.399428E+02 -0.300594E-02***********   -795.633    -18.057     754
   755.00000  0.235034E+01  0.121729E+03 -0.159584E+02  0.399428E+02 -0.300755E-02***********   -795.633    -18.059     755
   756.00000  0.238336E+01  0.121729E+03 -0.159584E+02  0.399428E+02 -0.300916E-02***********   -795.633    -18.060     756
end
