 ******* Program HYDRUS
 ******* 
 None                                                                    
 Date:  16. 1.    Time:  15:28: 4
 Units: L = mm   , T = days , M = mmol 
 
 CosAlf,MaxIt,TolTh,  TolH
 1.000   10   0.001 1.00000
 
 TopInF,BotInF,AtmBC,SinkF,WLayer,qGWLF,FreeD,SeepF,lWat,lChem,lTemp,lRoot,lWDep
     T     F     T     T     F     F     T     F     T     F     F     T     F

Nodal point information

node      x         hOld    MatN LayN  Beta      Ah       AK      ATh     Temp    Conc(1...NS)         Sorb(1...NS)

   1      0.000    -15.000    1    1   0.000    1.000    1.000    1.000
   2     -1.000    -15.000    1    1   0.000    1.000    1.000    1.000
   3     -2.000    -15.000    1    1   0.000    1.000    1.000    1.000
   4     -3.000    -15.000    1    1   0.000    1.000    1.000    1.000
   5     -4.000    -15.000    1    1   0.000    1.000    1.000    1.000
   6     -5.000    -15.000    1    1   0.000    1.000    1.000    1.000
   7     -6.000    -15.000    1    1   0.000    1.000    1.000    1.000
   8     -7.000    -15.000    1    1   0.000    1.000    1.000    1.000
   9     -8.000    -15.000    1    1   0.000    1.000    1.000    1.000
  10     -9.000    -15.000    1    1   0.000    1.000    1.000    1.000
  11    -10.000    -15.000    1    1   0.000    1.000    1.000    1.000
  12    -11.000    -15.000    1    1   0.000    1.000    1.000    1.000
  13    -12.000    -15.000    1    1   0.000    1.000    1.000    1.000
  14    -13.000    -15.000    1    1   0.000    1.000    1.000    1.000
  15    -14.000    -15.000    1    1   0.000    1.000    1.000    1.000
  16    -15.000    -15.000    1    1   0.000    1.000    1.000    1.000
  17    -16.000    -15.000    1    1   0.000    1.000    1.000    1.000
  18    -17.000    -15.000    1    1   0.000    1.000    1.000    1.000
  19    -18.000    -15.000    1    1   0.000    1.000    1.000    1.000
  20    -19.000    -15.000    1    1   0.000    1.000    1.000    1.000
  21    -20.000    -15.000    1    1   0.000    1.000    1.000    1.000
  22    -21.000    -15.000    1    1   0.000    1.000    1.000    1.000
  23    -22.000    -15.000    1    1   0.000    1.000    1.000    1.000
  24    -23.000    -15.000    1    1   0.000    1.000    1.000    1.000
  25    -24.000    -15.000    1    1   0.000    1.000    1.000    1.000
  26    -25.000    -15.000    1    1   0.000    1.000    1.000    1.000
  27    -26.000    -15.000    1    1   0.000    1.000    1.000    1.000
  28    -27.000    -15.000    1    1   0.000    1.000    1.000    1.000
  29    -28.000    -15.000    1    1   0.000    1.000    1.000    1.000
  30    -29.000    -15.000    1    1   0.000    1.000    1.000    1.000
  31    -30.000    -15.000    1    1   0.000    1.000    1.000    1.000
  32    -31.000    -15.000    1    1   0.000    1.000    1.000    1.000
  33    -32.000    -15.000    1    1   0.000    1.000    1.000    1.000
  34    -33.000    -15.000    1    1   0.000    1.000    1.000    1.000
  35    -34.000    -15.000    1    1   0.000    1.000    1.000    1.000
  36    -35.000    -15.000    1    1   0.000    1.000    1.000    1.000
  37    -36.000    -15.000    1    1   0.000    1.000    1.000    1.000
  38    -37.000    -15.000    1    1   0.000    1.000    1.000    1.000
  39    -38.000    -15.000    1    1   0.000    1.000    1.000    1.000
  40    -39.000    -15.000    1    1   0.000    1.000    1.000    1.000
  41    -40.000    -15.000    1    1   0.000    1.000    1.000    1.000
  42    -41.000    -15.000    1    1   0.000    1.000    1.000    1.000
  43    -42.000    -15.000    1    1   0.000    1.000    1.000    1.000
  44    -43.000    -15.000    1    1   0.000    1.000    1.000    1.000
  45    -44.000    -15.000    1    1   0.000    1.000    1.000    1.000
  46    -45.000    -15.000    1    1   0.000    1.000    1.000    1.000
  47    -46.000    -15.000    1    1   0.000    1.000    1.000    1.000
  48    -47.000    -15.000    1    1   0.000    1.000    1.000    1.000
  49    -48.000    -15.000    1    1   0.000    1.000    1.000    1.000
  50    -49.000    -15.000    1    1   0.000    1.000    1.000    1.000
  51    -50.000    -15.000    1    1   0.000    1.000    1.000    1.000
  52    -51.000    -15.000    1    1   0.000    1.000    1.000    1.000
  53    -52.000    -15.000    1    1   0.000    1.000    1.000    1.000
  54    -53.000    -15.000    1    1   0.000    1.000    1.000    1.000
  55    -54.000    -15.000    1    1   0.000    1.000    1.000    1.000
  56    -55.000    -15.000    1    1   0.000    1.000    1.000    1.000
  57    -56.000    -15.000    1    1   0.000    1.000    1.000    1.000
  58    -57.000    -15.000    1    1   0.000    1.000    1.000    1.000
  59    -58.000    -15.000    1    1   0.000    1.000    1.000    1.000
  60    -59.000    -15.000    1    1   0.000    1.000    1.000    1.000
  61    -60.000    -15.000    1    1   0.000    1.000    1.000    1.000
  62    -61.000    -15.000    1    1   0.000    1.000    1.000    1.000
  63    -62.000    -15.000    1    1   0.000    1.000    1.000    1.000
  64    -63.000    -15.000    1    1   0.000    1.000    1.000    1.000
  65    -64.000    -15.000    1    1   0.000    1.000    1.000    1.000
  66    -65.000    -15.000    1    1   0.000    1.000    1.000    1.000
  67    -66.000    -15.000    1    1   0.000    1.000    1.000    1.000
  68    -67.000    -15.000    1    1   0.000    1.000    1.000    1.000
  69    -68.000    -15.000    1    1   0.000    1.000    1.000    1.000
  70    -69.000    -15.000    1    1   0.000    1.000    1.000    1.000
  71    -70.000    -15.000    1    1   0.000    1.000    1.000    1.000
  72    -71.000    -15.000    1    1   0.000    1.000    1.000    1.000
  73    -72.000    -15.000    1    1   0.000    1.000    1.000    1.000
  74    -73.000    -15.000    1    1   0.000    1.000    1.000    1.000
  75    -74.000    -15.000    2    1   0.000    1.000    1.000    1.000
  76    -75.000    -15.000    2    1   0.000    1.000    1.000    1.000
  77    -76.000    -15.000    2    1   0.000    1.000    1.000    1.000
  78    -77.000    -15.000    2    1   0.000    1.000    1.000    1.000
  79    -78.000    -15.000    2    1   0.000    1.000    1.000    1.000
  80    -79.000    -15.000    2    1   0.000    1.000    1.000    1.000
  81    -80.000    -15.000    2    1   0.000    1.000    1.000    1.000
  82    -81.000    -15.000    2    1   0.000    1.000    1.000    1.000
  83    -82.000    -15.000    2    1   0.000    1.000    1.000    1.000
  84    -83.000    -15.000    2    1   0.000    1.000    1.000    1.000
  85    -84.000    -15.000    2    1   0.000    1.000    1.000    1.000
  86    -85.000    -15.000    2    1   0.000    1.000    1.000    1.000
  87    -86.000    -15.000    2    1   0.000    1.000    1.000    1.000
  88    -87.000    -15.000    2    1   0.000    1.000    1.000    1.000
  89    -88.000    -15.000    2    1   0.000    1.000    1.000    1.000
  90    -89.000    -15.000    2    1   0.000    1.000    1.000    1.000
  91    -90.000    -15.000    2    1   0.000    1.000    1.000    1.000
  92    -91.000    -15.000    2    1   0.000    1.000    1.000    1.000
  93    -92.000    -15.000    2    1   0.000    1.000    1.000    1.000
  94    -93.000    -15.000    2    1   0.000    1.000    1.000    1.000
  95    -94.000    -15.000    2    1   0.000    1.000    1.000    1.000
  96    -95.000    -15.000    2    1   0.000    1.000    1.000    1.000
  97    -96.000    -15.000    2    1   0.000    1.000    1.000    1.000
  98    -97.000    -15.000    2    1   0.000    1.000    1.000    1.000
  99    -98.000    -15.000    2    1   0.000    1.000    1.000    1.000
 100    -99.000    -15.000    2    1   0.000    1.000    1.000    1.000
 101   -100.000    -15.000    3    1   0.000    1.000    1.000    1.000
 102   -101.000    -15.000    3    1   0.000    1.000    1.000    1.000
 103   -102.000    -15.000    3    1   0.000    1.000    1.000    1.000
 104   -103.000    -15.000    3    1   0.000    1.000    1.000    1.000
 105   -104.000    -15.000    3    1   0.000    1.000    1.000    1.000
 106   -105.000    -15.000    3    1   0.000    1.000    1.000    1.000
 107   -106.000    -15.000    3    1   0.000    1.000    1.000    1.000
 108   -107.000    -15.000    3    1   0.000    1.000    1.000    1.000
 109   -108.000    -15.000    3    1   0.000    1.000    1.000    1.000
 110   -109.000    -15.000    3    1   0.000    1.000    1.000    1.000
 111   -110.000    -15.000    3    1   0.000    1.000    1.000    1.000
 112   -111.000    -15.000    3    1   0.000    1.000    1.000    1.000
 113   -112.000    -15.000    3    1   0.000    1.000    1.000    1.000
 114   -113.000    -15.000    3    1   0.000    1.000    1.000    1.000
 115   -114.000    -15.000    3    1   0.000    1.000    1.000    1.000
 116   -115.000    -15.000    3    1   0.000    1.000    1.000    1.000
 117   -116.000    -15.000    3    1   0.000    1.000    1.000    1.000
 118   -117.000    -15.000    3    1   0.000    1.000    1.000    1.000
 119   -118.000    -15.000    3    1   0.000    1.000    1.000    1.000
 120   -119.000    -15.000    3    1   0.000    1.000    1.000    1.000
 121   -120.000    -15.000    3    1   0.000    1.000    1.000    1.000
 122   -121.000    -15.000    3    1   0.000    1.000    1.000    1.000
 123   -122.000    -15.000    3    1   0.000    1.000    1.000    1.000
 124   -123.000    -15.000    3    1   0.000    1.000    1.000    1.000
 125   -124.000    -15.000    3    1   0.000    1.000    1.000    1.000
 126   -125.000    -15.000    3    1   0.000    1.000    1.000    1.000
 127   -126.000    -15.000    3    1   0.000    1.000    1.000    1.000
 128   -127.000    -15.000    3    1   0.000    1.000    1.000    1.000
 129   -128.000    -15.000    3    1   0.000    1.000    1.000    1.000
 130   -129.000    -15.000    3    1   0.000    1.000    1.000    1.000
 131   -130.000    -15.000    3    1   0.000    1.000    1.000    1.000
 132   -131.000    -15.000    3    1   0.000    1.000    1.000    1.000
 133   -132.000    -15.000    3    1   0.000    1.000    1.000    1.000
 134   -133.000    -15.000    3    1   0.000    1.000    1.000    1.000
 135   -134.000    -15.000    3    1   0.000    1.000    1.000    1.000
 136   -135.000    -15.000    3    1   0.000    1.000    1.000    1.000
 137   -136.000    -15.000    3    1   0.000    1.000    1.000    1.000
 138   -137.000    -15.000    3    1   0.000    1.000    1.000    1.000
 139   -138.000    -15.000    3    1   0.000    1.000    1.000    1.000
 140   -139.000    -15.000    3    1   0.000    1.000    1.000    1.000
 141   -140.000    -15.000    3    1   0.000    1.000    1.000    1.000
 142   -141.000    -15.000    3    1   0.000    1.000    1.000    1.000
 143   -142.000    -15.000    3    1   0.000    1.000    1.000    1.000
 144   -143.000    -15.000    3    1   0.000    1.000    1.000    1.000
 145   -144.000    -15.000    3    1   0.000    1.000    1.000    1.000
 146   -145.000    -15.000    3    1   0.000    1.000    1.000    1.000
 147   -146.000    -15.000    3    1   0.000    1.000    1.000    1.000
 148   -147.000    -15.000    3    1   0.000    1.000    1.000    1.000
 149   -148.000    -15.000    3    1   0.000    1.000    1.000    1.000
 150   -149.000    -15.000    3    1   0.000    1.000    1.000    1.000
 151   -150.000    -15.000    1    1   0.000    1.000    1.000    1.000
end

 Number of species in the chain :   0


MatNum, Param. array:

   Mat     Qr     Qs        Alfa         n          Ks      l

    1    0.054  0.466   0.200E-01   0.154E+01   0.500E+00177.961

       Table of Hydraulic Properties which are interpolated in simulation
       =================================================================

  theta         h        log h        C             K        log K          S          Kv
 
  0.4656  -0.100E-05 -0.6000E+01  0.2904E-06  0.4999E+00 -0.3011E+00    1.0000  0.0000E+00
  0.4656  -0.126E-05 -0.5899E+01  0.3296E-06  0.4999E+00 -0.3011E+00    1.0000  0.0000E+00
  0.4656  -0.159E-05 -0.5798E+01  0.3741E-06  0.4999E+00 -0.3011E+00    1.0000  0.0000E+00
  0.4656  -0.201E-05 -0.5697E+01  0.4245E-06  0.4999E+00 -0.3011E+00    1.0000  0.0000E+00
  0.4656  -0.254E-05 -0.5596E+01  0.4818E-06  0.4999E+00 -0.3011E+00    1.0000  0.0000E+00
  0.4656  -0.320E-05 -0.5495E+01  0.5468E-06  0.4999E+00 -0.3011E+00    1.0000  0.0000E+00
  0.4656  -0.404E-05 -0.5394E+01  0.6206E-06  0.4999E+00 -0.3012E+00    1.0000  0.0000E+00
  0.4656  -0.509E-05 -0.5293E+01  0.7043E-06  0.4998E+00 -0.3012E+00    1.0000  0.0000E+00
  0.4656  -0.643E-05 -0.5192E+01  0.7993E-06  0.4998E+00 -0.3012E+00    1.0000  0.0000E+00
  0.4656  -0.811E-05 -0.5091E+01  0.9071E-06  0.4998E+00 -0.3012E+00    1.0000  0.0000E+00
  0.4656  -0.102E-04 -0.4990E+01  0.1029E-05  0.4998E+00 -0.3012E+00    1.0000  0.0000E+00
  0.4656  -0.129E-04 -0.4889E+01  0.1168E-05  0.4997E+00 -0.3013E+00    1.0000  0.0000E+00
  0.4656  -0.163E-04 -0.4788E+01  0.1326E-05  0.4997E+00 -0.3013E+00    1.0000  0.0000E+00
  0.4656  -0.206E-04 -0.4687E+01  0.1505E-05  0.4997E+00 -0.3013E+00    1.0000  0.0000E+00
  0.4656  -0.260E-04 -0.4586E+01  0.1708E-05  0.4996E+00 -0.3014E+00    1.0000  0.0000E+00
  0.4656  -0.327E-04 -0.4485E+01  0.1938E-05  0.4996E+00 -0.3014E+00    1.0000  0.0000E+00
  0.4656  -0.413E-04 -0.4384E+01  0.2200E-05  0.4995E+00 -0.3015E+00    1.0000  0.0000E+00
  0.4656  -0.521E-04 -0.4283E+01  0.2497E-05  0.4994E+00 -0.3015E+00    1.0000  0.0000E+00
  0.4656  -0.658E-04 -0.4182E+01  0.2833E-05  0.4994E+00 -0.3016E+00    1.0000  0.0000E+00
  0.4656  -0.830E-04 -0.4081E+01  0.3216E-05  0.4993E+00 -0.3017E+00    1.0000  0.0000E+00
  0.4656  -0.105E-03 -0.3980E+01  0.3650E-05  0.4992E+00 -0.3017E+00    1.0000  0.0000E+00
  0.4656  -0.132E-03 -0.3879E+01  0.4142E-05  0.4991E+00 -0.3018E+00    1.0000  0.0000E+00
  0.4656  -0.167E-03 -0.3778E+01  0.4701E-05  0.4990E+00 -0.3019E+00    1.0000  0.0000E+00
  0.4656  -0.210E-03 -0.3677E+01  0.5335E-05  0.4988E+00 -0.3021E+00    1.0000  0.0000E+00
  0.4656  -0.266E-03 -0.3576E+01  0.6055E-05  0.4987E+00 -0.3022E+00    1.0000  0.0000E+00
  0.4656  -0.335E-03 -0.3475E+01  0.6871E-05  0.4985E+00 -0.3024E+00    1.0000  0.0000E+00
  0.4656  -0.423E-03 -0.3374E+01  0.7798E-05  0.4983E+00 -0.3025E+00    1.0000  0.0000E+00
  0.4656  -0.534E-03 -0.3273E+01  0.8850E-05  0.4980E+00 -0.3027E+00    1.0000  0.0000E+00
  0.4656  -0.673E-03 -0.3172E+01  0.1004E-04  0.4978E+00 -0.3030E+00    1.0000  0.0000E+00
  0.4656  -0.850E-03 -0.3071E+01  0.1140E-04  0.4975E+00 -0.3032E+00    1.0000  0.0000E+00
  0.4656  -0.107E-02 -0.2970E+01  0.1294E-04  0.4971E+00 -0.3035E+00    1.0000  0.0000E+00
  0.4656  -0.135E-02 -0.2869E+01  0.1468E-04  0.4967E+00 -0.3039E+00    1.0000  0.0000E+00
  0.4656  -0.171E-02 -0.2768E+01  0.1666E-04  0.4963E+00 -0.3043E+00    1.0000  0.0000E+00
  0.4656  -0.215E-02 -0.2667E+01  0.1891E-04  0.4958E+00 -0.3047E+00    1.0000  0.0000E+00
  0.4656  -0.272E-02 -0.2566E+01  0.2146E-04  0.4952E+00 -0.3052E+00    1.0000  0.0000E+00
  0.4656  -0.343E-02 -0.2465E+01  0.2436E-04  0.4946E+00 -0.3058E+00    1.0000  0.1011E-28
  0.4656  -0.433E-02 -0.2364E+01  0.2764E-04  0.4938E+00 -0.3064E+00    1.0000  0.3906E-28
  0.4656  -0.546E-02 -0.2263E+01  0.3137E-04  0.4930E+00 -0.3071E+00    1.0000  0.1019E-27
  0.4656  -0.689E-02 -0.2162E+01  0.3561E-04  0.4921E+00 -0.3080E+00    1.0000  0.2144E-27
  0.4656  -0.870E-02 -0.2061E+01  0.4041E-04  0.4910E+00 -0.3089E+00    1.0000  0.1027E-26
  0.4656  -0.110E-01 -0.1960E+01  0.4586E-04  0.4898E+00 -0.3100E+00    1.0000  0.2969E-26
  0.4656  -0.138E-01 -0.1859E+01  0.5205E-04  0.4884E+00 -0.3113E+00    1.0000  0.1035E-25
  0.4656  -0.175E-01 -0.1758E+01  0.5907E-04  0.4868E+00 -0.3127E+00    1.0000  0.2992E-25
  0.4656  -0.221E-01 -0.1657E+01  0.6704E-04  0.4850E+00 -0.3143E+00    1.0000  0.1043E-24
  0.4656  -0.278E-01 -0.1556E+01  0.7608E-04  0.4829E+00 -0.3161E+00    1.0000  0.3498E-24
  0.4656  -0.351E-01 -0.1455E+01  0.8635E-04  0.4805E+00 -0.3183E+00    1.0000  0.1165E-23
  0.4656  -0.443E-01 -0.1354E+01  0.9800E-04  0.4778E+00 -0.3207E+00    1.0000  0.3788E-23
  0.4656  -0.559E-01 -0.1253E+01  0.1112E-03  0.4747E+00 -0.3236E+00    1.0000  0.1266E-22
  0.4656  -0.705E-01 -0.1152E+01  0.1262E-03  0.4711E+00 -0.3269E+00    1.0000  0.4239E-22
  0.4656  -0.890E-01 -0.1051E+01  0.1432E-03  0.4669E+00 -0.3308E+00    1.0000  0.1390E-21
  0.4656  -0.112E+00 -0.9495E+00  0.1626E-03  0.4621E+00 -0.3353E+00    1.0000  0.4612E-21
  0.4656  -0.142E+00 -0.8485E+00  0.1845E-03  0.4564E+00 -0.3407E+00    1.0000  0.1522E-20
  0.4655  -0.179E+00 -0.7475E+00  0.2094E-03  0.4497E+00 -0.3471E+00    0.9999  0.5051E-20
  0.4655  -0.226E+00 -0.6465E+00  0.2376E-03  0.4418E+00 -0.3548E+00    0.9999  0.1669E-19
  0.4655  -0.285E+00 -0.5455E+00  0.2696E-03  0.4323E+00 -0.3642E+00    0.9999  0.5531E-19
  0.4655  -0.359E+00 -0.4444E+00  0.3059E-03  0.4210E+00 -0.3758E+00    0.9998  0.1831E-18
  0.4655  -0.453E+00 -0.3434E+00  0.3471E-03  0.4073E+00 -0.3901E+00    0.9998  0.6056E-18
  0.4654  -0.572E+00 -0.2424E+00  0.3937E-03  0.3906E+00 -0.4083E+00    0.9996  0.2003E-17
  0.4654  -0.722E+00 -0.1414E+00  0.4466E-03  0.3703E+00 -0.4314E+00    0.9995  0.6625E-17
  0.4653  -0.911E+00 -0.4040E-01  0.5064E-03  0.3456E+00 -0.4614E+00    0.9993  0.2190E-16
  0.4651  -0.115E+01  0.6061E-01  0.5740E-03  0.3157E+00 -0.5007E+00    0.9990  0.7237E-16
  0.4650  -0.145E+01  0.1616E+00  0.6504E-03  0.2801E+00 -0.5527E+00    0.9985  0.2389E-15
  0.4647  -0.183E+01  0.2626E+00  0.7363E-03  0.2386E+00 -0.6223E+00    0.9979  0.7877E-15
  0.4643  -0.231E+01  0.3636E+00  0.8327E-03  0.1921E+00 -0.7164E+00    0.9970  0.2592E-14
  0.4638  -0.292E+01  0.4646E+00  0.9403E-03  0.1430E+00 -0.8446E+00    0.9957  0.8511E-14
  0.4630  -0.368E+01  0.5657E+00  0.1060E-02  0.9541E-01 -0.1020E+01    0.9938  0.2784E-13
  0.4619  -0.464E+01  0.6667E+00  0.1190E-02  0.5464E-01 -0.1262E+01    0.9912  0.9062E-13
  0.4604  -0.586E+01  0.7677E+00  0.1331E-02  0.2529E-01 -0.1597E+01    0.9874  0.2928E-12
  0.4582  -0.739E+01  0.8687E+00  0.1481E-02  0.8718E-02 -0.2060E+01    0.9822  0.9368E-12
  0.4552  -0.933E+01  0.9697E+00  0.1633E-02  0.2002E-02 -0.2699E+01    0.9749  0.2955E-11
  0.4510  -0.118E+02  0.1071E+01  0.1780E-02  0.2643E-03 -0.3578E+01    0.9647  0.9146E-11
  0.4453  -0.148E+02  0.1172E+01  0.1911E-02  0.1663E-04 -0.4779E+01    0.9509  0.2757E-10
  0.4377  -0.187E+02  0.1273E+01  0.2011E-02  0.3957E-06 -0.6403E+01    0.9323  0.8028E-10
  0.4277  -0.236E+02  0.1374E+01  0.2062E-02  0.2731E-08 -0.8564E+01    0.9080  0.2235E-09
  0.4149  -0.298E+02  0.1475E+01  0.2049E-02  0.4131E-11 -0.1138E+02    0.8771  0.5880E-09
  0.3992  -0.376E+02  0.1576E+01  0.1961E-02  0.1057E-14 -0.1498E+02    0.8390  0.1446E-08
  0.3807  -0.475E+02  0.1677E+01  0.1800E-02  0.3762E-19 -0.1942E+02    0.7939  0.3290E-08
  0.3596  -0.599E+02  0.1778E+01  0.1583E-02  0.1707E-24 -0.2477E+02    0.7428  0.6881E-08
  0.3368  -0.756E+02  0.1879E+01  0.1334E-02  0.1026E-30 -0.3099E+02    0.6874  0.1319E-07
  0.3130  -0.955E+02  0.1980E+01  0.1081E-02  0.1000E-36 -0.3700E+02    0.6296  0.2322E-07
  0.2890  -0.120E+03  0.2081E+01  0.8464E-03  0.1000E-36 -0.3700E+02    0.5716  0.3772E-07
  0.2658  -0.152E+03  0.2182E+01  0.6441E-03  0.1000E-36 -0.3700E+02    0.5151  0.5700E-07
  0.2436  -0.192E+03  0.2283E+01  0.4793E-03  0.1000E-36 -0.3700E+02    0.4614  0.8087E-07
  0.2231  -0.242E+03  0.2384E+01  0.3505E-03  0.1000E-36 -0.3700E+02    0.4115  0.1087E-06
  0.2042  -0.305E+03  0.2485E+01  0.2530E-03  0.1000E-36 -0.3700E+02    0.3657  0.1395E-06
  0.1871  -0.385E+03  0.2586E+01  0.1809E-03  0.1000E-36 -0.3700E+02    0.3242  0.1723E-06
  0.1718  -0.486E+03  0.2687E+01  0.1285E-03  0.1000E-36 -0.3700E+02    0.2870  0.2060E-06
  0.1580  -0.614E+03  0.2788E+01  0.9078E-04  0.1000E-36 -0.3700E+02    0.2536  0.2399E-06
  0.1458  -0.774E+03  0.2889E+01  0.6392E-04  0.1000E-36 -0.3700E+02    0.2240  0.2732E-06
  0.1350  -0.977E+03  0.2990E+01  0.4490E-04  0.1000E-36 -0.3700E+02    0.1976  0.3053E-06
  0.1254  -0.123E+04  0.3091E+01  0.3148E-04  0.1000E-36 -0.3700E+02    0.1743  0.3359E-06
  0.1169  -0.156E+04  0.3192E+01  0.2205E-04  0.1000E-36 -0.3700E+02    0.1537  0.3647E-06
  0.1094  -0.196E+04  0.3293E+01  0.1542E-04  0.1000E-36 -0.3700E+02    0.1355  0.3915E-06
  0.1028  -0.248E+04  0.3394E+01  0.1079E-04  0.1000E-36 -0.3700E+02    0.1195  0.4162E-06
  0.0969  -0.313E+04  0.3495E+01  0.7539E-05  0.1000E-36 -0.3700E+02    0.1053  0.4390E-06
  0.0918  -0.394E+04  0.3596E+01  0.5268E-05  0.1000E-36 -0.3700E+02    0.0928  0.4597E-06
  0.0872  -0.498E+04  0.3697E+01  0.3680E-05  0.1000E-36 -0.3700E+02    0.0818  0.4786E-06
  0.0832  -0.628E+04  0.3798E+01  0.2571E-05  0.1000E-36 -0.3700E+02    0.0721  0.4956E-06
  0.0797  -0.792E+04  0.3899E+01  0.1795E-05  0.1000E-36 -0.3700E+02    0.0635  0.5110E-06
  0.0766  -0.100E+05  0.4000E+01  0.1254E-05  0.1000E-36 -0.3700E+02    0.0559  0.5247E-06
end
