

   Time         sum(rTop)     sum(rRoot)    sum(vTop)     sum(vRoot)     sum(vBot)    hTop       hRoot      hBot      A-level
    [T]           [L]           [L]           [L]           [L]            [L]        [L]         [L]       [L] 

     1.00000  0.000000E+00  0.000000E+00 -0.272098E-07  0.000000E+00 -0.238419E-06    -15.000     -7.550    -15.000       1
     2.00000  0.355600E-01  0.000000E+00  0.355600E-01  0.000000E+00 -0.476837E-06    -41.137     -7.550    -15.000       2
     3.00000  0.142240E+00  0.000000E+00  0.142240E+00  0.000000E+00 -0.745058E-06 -94010.008     -7.563    -15.000       3
     4.00000  0.218440E+00  0.000000E+00  0.149823E+00  0.000000E+00 -0.998378E-06***********     -7.578    -15.001       4
     5.00000  0.251460E+00  0.000000E+00  0.151305E+00  0.000000E+00 -0.125170E-05***********     -7.581    -15.001       5
     6.00000  0.299720E+00  0.000000E+00  0.152629E+00  0.000000E+00 -0.151992E-05***********     -7.584    -15.001       6
     7.00000  0.426720E+00  0.000000E+00  0.153801E+00  0.000000E+00 -0.178814E-05***********     -7.587    -15.001       7
     8.00000  0.612140E+00  0.000000E+00  0.154848E+00  0.000000E+00 -0.205636E-05***********     -7.589    -15.001       8
     9.00000  0.789940E+00  0.000000E+00  0.155784E+00  0.000000E+00 -0.232458E-05***********     -7.591    -15.001       9
    10.00000  0.886460E+00  0.000000E+00  0.156621E+00  0.000000E+00 -0.259280E-05***********     -7.593    -15.002      10
    11.00000  0.932180E+00  0.000000E+00  0.157369E+00  0.000000E+00 -0.286102E-05***********     -7.595    -15.002      11
    12.00000  0.112522E+01  0.000000E+00  0.158037E+00  0.000000E+00 -0.312924E-05***********     -7.596    -15.002      12
    13.00000  0.135636E+01  0.000000E+00  0.158635E+00  0.000000E+00 -0.339746E-05***********     -7.597    -15.002      13
    14.00000  0.152908E+01  0.000000E+00  0.159169E+00  0.000000E+00 -0.366568E-05***********     -7.599    -15.002      14
    15.00000  0.156210E+01  0.000000E+00  0.159647E+00  0.000000E+00 -0.393390E-05***********     -7.600    -15.002      15
    16.00000  0.158242E+01  0.000000E+00  0.160074E+00  0.000000E+00 -0.420213E-05***********     -7.601    -15.003      16
    17.00000  0.162560E+01  0.000000E+00  0.160456E+00  0.000000E+00 -0.447035E-05***********     -7.601    -15.003      17
    18.00000  0.178562E+01  0.000000E+00  0.160797E+00  0.000000E+00 -0.473857E-05***********     -7.602    -15.003      18
    19.00000  0.189230E+01  0.000000E+00  0.161102E+00  0.000000E+00 -0.500679E-05***********     -7.603    -15.003      19
    20.00000  0.201930E+01  0.000000E+00  0.161375E+00  0.000000E+00 -0.527501E-05***********     -7.603    -15.003      20
    21.00000  0.220218E+01  0.000000E+00  0.161620E+00  0.000000E+00 -0.554323E-05***********     -7.604    -15.004      21
    22.00000  0.228092E+01  0.000000E+00  0.161838E+00  0.000000E+00 -0.581145E-05***********     -7.604    -15.004      22
    23.00000  0.236982E+01  0.000000E+00  0.162034E+00  0.000000E+00 -0.607967E-05***********     -7.605    -15.004      23
    24.00000  0.245364E+01  0.000000E+00  0.162208E+00  0.000000E+00 -0.634789E-05***********     -7.605    -15.004      24
    25.00000  0.251460E+01  0.000000E+00  0.162365E+00  0.000000E+00 -0.661611E-05***********     -7.606    -15.004      25
    26.00000  0.266700E+01  0.000000E+00  0.162505E+00  0.000000E+00 -0.688433E-05***********     -7.606    -15.004      26
    27.00000  0.271272E+01  0.000000E+00  0.162630E+00  0.000000E+00 -0.715256E-05***********     -7.606    -15.005      27
    28.00000  0.274701E+01  0.000000E+00  0.162742E+00  0.000000E+00 -0.742078E-05***********     -7.606    -15.005      28
    29.00000  0.276987E+01  0.000000E+00  0.162843E+00  0.000000E+00 -0.768900E-05***********     -7.607    -15.005      29
    30.00000  0.282575E+01  0.000000E+00  0.162933E+00  0.000000E+00 -0.795722E-05***********     -7.607    -15.005      30
    31.00000  0.292989E+01  0.000000E+00  0.163013E+00  0.000000E+00 -0.822544E-05***********     -7.607    -15.005      31
    32.00000  0.304165E+01  0.000000E+00  0.163086E+00  0.000000E+00 -0.849366E-05***********     -7.607    -15.005      32
    33.00000  0.318643E+01  0.000000E+00  0.163151E+00  0.000000E+00 -0.876188E-05***********     -7.607    -15.006      33
    34.00000  0.344805E+01  0.000000E+00  0.163209E+00  0.000000E+00 -0.903010E-05***********     -7.607    -15.006      34
    35.00000  0.364109E+01  0.000000E+00  0.163261E+00  0.000000E+00 -0.929832E-05***********     -7.608    -15.006      35
    36.00000  0.384175E+01  0.000000E+00  0.163308E+00  0.000000E+00 -0.956654E-05***********     -7.608    -15.006      36
    37.00000  0.399415E+01  0.000000E+00  0.163350E+00  0.000000E+00 -0.983476E-05***********     -7.608    -15.006      37
    38.00000  0.420751E+01  0.000000E+00  0.163387E+00  0.000000E+00 -0.101030E-04***********     -7.608    -15.006      38
    39.00000  0.431165E+01  0.000000E+00  0.163421E+00  0.000000E+00 -0.103712E-04***********     -7.608    -15.007      39
    40.00000  0.454787E+01  0.000000E+00  0.163452E+00  0.000000E+00 -0.106394E-04***********     -7.608    -15.007      40
    41.00000  0.481965E+01  0.000000E+00  0.163479E+00  0.000000E+00 -0.109076E-04***********     -7.608    -15.007      41
    42.00000  0.499745E+01  0.000000E+00  0.163504E+00  0.000000E+00 -0.111759E-04***********     -7.608    -15.007      42
    43.00000  0.531495E+01  0.000000E+00  0.163527E+00  0.000000E+00 -0.114441E-04***********     -7.608    -15.007      43
    44.00000  0.555117E+01  0.000000E+00  0.163547E+00  0.000000E+00 -0.117123E-04***********     -7.608    -15.007      44
    45.00000  0.561721E+01  0.000000E+00  0.163565E+00  0.000000E+00 -0.119805E-04***********     -7.608    -15.008      45
    46.00000  0.574929E+01  0.000000E+00  0.163581E+00  0.000000E+00 -0.122488E-04***********     -7.608    -15.008      46
    47.00000  0.603631E+01  0.000000E+00  0.163596E+00  0.000000E+00 -0.125170E-04***********     -7.608    -15.008      47
    48.00000  0.627761E+01  0.000000E+00  0.163610E+00  0.000000E+00 -0.127852E-04***********     -7.608    -15.008      48
    49.00000  0.642239E+01  0.000000E+00  0.163622E+00  0.000000E+00 -0.130534E-04***********     -7.608    -15.008      49
    50.00000  0.658749E+01  0.000000E+00  0.163634E+00  0.000000E+00 -0.133216E-04***********     -7.608    -15.008      50
    51.00000  0.666369E+01  0.000000E+00  0.163644E+00  0.000000E+00 -0.135899E-04***********     -7.608    -15.009      51
    52.00000  0.672973E+01  0.000000E+00  0.163653E+00  0.000000E+00 -0.138581E-04***********     -7.608    -15.009      52
    53.00000  0.675259E+01  0.000000E+00  0.163662E+00  0.000000E+00 -0.141263E-04***********     -7.608    -15.009      53
    54.00000  0.677037E+01  0.000000E+00  0.163670E+00  0.000000E+00 -0.143945E-04***********     -7.608    -15.009      54
    55.00000  0.682625E+01  0.000000E+00  0.163677E+00  0.000000E+00 -0.146627E-04***********     -7.608    -15.009      55
    56.00000  0.701167E+01  0.000000E+00  0.163684E+00  0.000000E+00 -0.149310E-04***********     -7.608    -15.009      56
    57.00000  0.721233E+01  0.000000E+00  0.163690E+00  0.000000E+00 -0.151992E-04***********     -7.608    -15.010      57
    58.00000  0.735965E+01  0.000000E+00  0.163696E+00  0.000000E+00 -0.154674E-04***********     -7.609    -15.010      58
    59.00000  0.741553E+01  0.000000E+00  0.163701E+00  0.000000E+00 -0.157356E-04***********     -7.609    -15.010      59
    60.00000  0.753999E+01  0.000000E+00  0.163706E+00  0.000000E+00 -0.160038E-04***********     -7.609    -15.010      60
    61.00000  0.775843E+01  0.000000E+00  0.163711E+00  0.000000E+00 -0.162721E-04***********     -7.609    -15.010      61
    62.00000  0.791337E+01  0.000000E+00  0.163715E+00  0.000000E+00 -0.165403E-04***********     -7.609    -15.011      62
    63.00000  0.808863E+01  0.000000E+00  0.163719E+00  0.000000E+00 -0.168085E-04***********     -7.609    -15.011      63
    64.00000  0.812419E+01  0.000000E+00  0.163723E+00  0.000000E+00 -0.170767E-04***********     -7.609    -15.011      64
    65.00000  0.817499E+01  0.000000E+00  0.163727E+00  0.000000E+00 -0.173449E-04***********     -7.609    -15.011      65
    66.00000  0.823595E+01  0.000000E+00  0.163730E+00  0.000000E+00 -0.176132E-04***********     -7.609    -15.011      66
    67.00000  0.827913E+01  0.000000E+00  0.163733E+00  0.000000E+00 -0.178814E-04***********     -7.609    -15.011      67
    68.00000  0.834263E+01  0.000000E+00  0.163737E+00  0.000000E+00 -0.181496E-04***********     -7.609    -15.012      68
    69.00000  0.837057E+01  0.000000E+00  0.163740E+00  0.000000E+00 -0.184178E-04***********     -7.609    -15.012      69
    70.00000  0.842137E+01  0.000000E+00  0.163743E+00  0.000000E+00 -0.186861E-04***********     -7.609    -15.012      70
    71.00000  0.848741E+01  0.000000E+00  0.163745E+00  0.000000E+00 -0.189543E-04***********     -7.609    -15.012      71
    72.00000  0.866013E+01  0.000000E+00  0.163748E+00  0.000000E+00 -0.192225E-04***********     -7.609    -15.012      72
    73.00000  0.888111E+01  0.000000E+00  0.163751E+00  0.000000E+00 -0.194907E-04***********     -7.609    -15.012      73
    74.00000  0.897509E+01  0.000000E+00  0.163754E+00  0.000000E+00 -0.197589E-04***********     -7.609    -15.013      74
    75.00000  0.908431E+01  0.000000E+00  0.163756E+00  0.000000E+00 -0.200272E-04***********     -7.609    -15.013      75
    76.00000  0.921639E+01  0.000000E+00  0.163759E+00  0.000000E+00 -0.202954E-04***********     -7.609    -15.013      76
    77.00000  0.940943E+01  0.000000E+00  0.163761E+00  0.000000E+00 -0.205636E-04***********     -7.609    -15.013      77
    78.00000  0.956437E+01  0.000000E+00  0.163764E+00  0.000000E+00 -0.208318E-04***********     -7.609    -15.013      78
    79.00000  0.965073E+01  0.000000E+00  0.163767E+00  0.000000E+00 -0.211000E-04***********     -7.609    -15.013      79
    80.00000  0.978027E+01  0.000000E+00  0.163769E+00  0.000000E+00 -0.213683E-04***********     -7.609    -15.014      80
    81.00000  0.991997E+01  0.000000E+00  0.163772E+00  0.000000E+00 -0.216365E-04***********     -7.609    -15.014      81
    82.00000  0.101232E+02  0.000000E+00  0.163775E+00  0.000000E+00 -0.219047E-04***********     -7.609    -15.014      82
    83.00000  0.102781E+02  0.000000E+00  0.163777E+00  0.000000E+00 -0.221729E-04***********     -7.609    -15.014      83
    84.00000  0.103899E+02  0.000000E+00  0.163780E+00  0.000000E+00 -0.224411E-04***********     -7.609    -15.014      84
    85.00000  0.104991E+02  0.000000E+00  0.163783E+00  0.000000E+00 -0.227094E-04***********     -7.609    -15.014      85
    86.00000  0.106693E+02  0.000000E+00  0.163785E+00  0.000000E+00 -0.229776E-04***********     -7.609    -15.015      86
    87.00000  0.107912E+02  0.000000E+00  0.163788E+00  0.000000E+00 -0.232458E-04***********     -7.609    -15.015      87
    88.00000  0.109131E+02  0.000000E+00  0.163790E+00  0.000000E+00 -0.235140E-04***********     -7.609    -15.015      88
    89.00000  0.109944E+02  0.000000E+00  0.163793E+00  0.000000E+00 -0.237823E-04***********     -7.609    -15.015      89
    90.00000  0.111900E+02  0.000000E+00  0.163796E+00  0.000000E+00 -0.240505E-04***********     -7.609    -15.015      90
    91.00000  0.111900E+02  0.254000E+00  0.163796E+00  0.254000E+00 -0.243187E-04-986104.312    -20.998    -15.015      91
    92.00000  0.111900E+02  0.485140E+00  0.163796E+00  0.485140E+00 -0.245869E-04-985674.875    -32.117    -15.016      92
    93.00000  0.111900E+02  0.594360E+00  0.163796E+00  0.594360E+00 -0.248551E-04-985632.125    -42.994    -15.016      93
    94.00000  0.111900E+02  0.660400E+00  0.163796E+00  0.660400E+00 -0.251234E-04-985630.125    -50.322    -15.016      94
    95.00000  0.111900E+02  0.822960E+00  0.163796E+00  0.822960E+00 -0.253916E-04-985628.125    -63.202    -15.016      95
    96.00000  0.111900E+02  0.115570E+01  0.163796E+00  0.113123E+01 -0.256598E-04-985626.125   -121.366    -15.016      96
    97.00000  0.111900E+02  0.152908E+01  0.163796E+00  0.138771E+01 -0.259280E-04-985644.500   -288.191    -15.016      97
    98.00000  0.111900E+02  0.190754E+01  0.163796E+00  0.157482E+01 -0.261962E-04-985642.500   -503.841    -15.017      98
    99.00000  0.111900E+02  0.236474E+01  0.163796E+00  0.173167E+01 -0.264645E-04-985640.500   -706.804    -15.017      99
   100.00000  0.111900E+02  0.291338E+01  0.163796E+00  0.185724E+01 -0.267327E-04-985638.500   -885.071    -15.017     100
   101.00000  0.111900E+02  0.338582E+01  0.163796E+00  0.193435E+01 -0.270009E-04-985636.500  -1030.263    -15.017     101
   102.00000  0.111900E+02  0.356870E+01  0.163796E+00  0.196242E+01 -0.272691E-04-985634.500  -1115.259    -15.017     102
   103.00000  0.111900E+02  0.366522E+01  0.163796E+00  0.197632E+01 -0.275373E-04-985632.500  -1156.168    -15.017     103
   104.00000  0.111900E+02  0.384556E+01  0.163796E+00  0.199799E+01 -0.278056E-04-985630.500  -1208.077    -15.018     104
   105.00000  0.111900E+02  0.413766E+01  0.163796E+00  0.202022E+01 -0.280738E-04-985628.500  -1250.898    -15.018     105
   106.00000  0.111900E+02  0.454406E+01  0.163796E+00  0.204850E+01 -0.283420E-04-985626.500  -1268.472    -15.018     106
   107.00000  0.111900E+02  0.489458E+01  0.163796E+00  0.207255E+01 -0.286102E-04-985644.875  -1283.038    -15.018     107
   108.00000  0.111900E+02  0.501904E+01  0.163796E+00  0.208103E+01 -0.288784E-04-985642.875  -1294.045    -15.018     108
   109.00000  0.111900E+02  0.514350E+01  0.163796E+00  0.208952E+01 -0.291467E-04-985640.875  -1301.955    -15.019     109
   110.00000  0.111900E+02  0.528066E+01  0.163796E+00  0.209887E+01 -0.294149E-04-985638.875  -1312.836    -15.019     110
   111.00000  0.111900E+02  0.539496E+01  0.163796E+00  0.210666E+01 -0.296831E-04-985636.875  -1327.097    -15.019     111
   112.00000  0.111900E+02  0.561086E+01  0.163796E+00  0.212051E+01 -0.299513E-04-985634.875  -1356.913    -15.019     112
   113.00000  0.111900E+02  0.586994E+01  0.163796E+00  0.213027E+01 -0.302196E-04-985632.875  -1404.422    -15.019     113
   114.00000  0.111900E+02  0.615188E+01  0.163796E+00  0.213764E+01 -0.304878E-04-985630.875  -1424.617    -15.019     114
   115.00000  0.111900E+02  0.651256E+01  0.163796E+00  0.214608E+01 -0.307560E-04-985628.875  -1432.028    -15.020     115
   116.00000  0.111900E+02  0.688086E+01  0.163796E+00  0.215448E+01 -0.310242E-04-985626.875  -1434.875    -15.020     116
   117.00000  0.111900E+02  0.711708E+01  0.163796E+00  0.215985E+01 -0.312924E-04-985645.250  -1435.989    -15.020     117
   118.00000  0.111900E+02  0.749554E+01  0.163796E+00  0.216845E+01 -0.315607E-04-985643.250  -1437.256    -15.020     118
   119.00000  0.111900E+02  0.785876E+01  0.163796E+00  0.217671E+01 -0.318289E-04-985641.250  -1439.165    -15.020     119
   120.00000  0.111900E+02  0.827024E+01  0.163796E+00  0.218606E+01 -0.320971E-04-985639.250  -1441.548    -15.020     120
   121.00000  0.111900E+02  0.866648E+01  0.163796E+00  0.229791E+01 -0.323653E-04-985637.250   -694.163    -15.021     121
   122.00000  0.111900E+02  0.901954E+01  0.163796E+00  0.242455E+01 -0.326335E-04-985635.250   -703.917    -15.021     122
   123.00000  0.111900E+02  0.938276E+01  0.163796E+00  0.255066E+01 -0.329018E-04-985633.250   -726.328    -15.021     123
   124.00000  0.111900E+02  0.978154E+01  0.163796E+00  0.267488E+01 -0.331700E-04-985631.250   -755.990    -15.021     124
   125.00000  0.111900E+02  0.100203E+02  0.163796E+00  0.274750E+01 -0.334382E-04-985629.250   -770.554    -15.021     125
   126.00000  0.111900E+02  0.101143E+02  0.163796E+00  0.277588E+01 -0.337064E-04-985627.250   -775.074    -15.021     126
   127.00000  0.111900E+02  0.104038E+02  0.163796E+00  0.286250E+01 -0.339746E-04-985645.625   -777.594    -15.022     127
   128.00000  0.111900E+02  0.107747E+02  0.163796E+00  0.297335E+01 -0.342429E-04-985643.625   -780.512    -15.022     128
   129.00000  0.111900E+02  0.110490E+02  0.163796E+00  0.305535E+01 -0.345111E-04-985641.625   -783.802    -15.022     129
   130.00000  0.111900E+02  0.113741E+02  0.163796E+00  0.315253E+01 -0.347793E-04-985639.625   -787.648    -15.022     130
   131.00000  0.111900E+02  0.116027E+02  0.163796E+00  0.322087E+01 -0.350475E-04-985637.625   -791.976    -15.022     131
   132.00000  0.111900E+02  0.119024E+02  0.163796E+00  0.331046E+01 -0.353158E-04-985635.625   -797.418    -15.022     132
   133.00000  0.111900E+02  0.120853E+02  0.163796E+00  0.336512E+01 -0.355840E-04-985633.625   -803.815    -15.023     133
   134.00000  0.111900E+02  0.122987E+02  0.163796E+00  0.342890E+01 -0.358522E-04-985631.625   -810.885    -15.023     134
   135.00000  0.111900E+02  0.127279E+02  0.163796E+00  0.355721E+01 -0.361204E-04-985629.625   -829.407    -15.023     135
   136.00000  0.111900E+02  0.132461E+02  0.163796E+00  0.369262E+01 -0.363886E-04-985627.625   -880.595    -15.023     136
   137.00000  0.111900E+02  0.134315E+02  0.163796E+00  0.373922E+01 -0.366569E-04-985625.625   -934.925    -15.023     137
   138.00000  0.111900E+02  0.137668E+02  0.163796E+00  0.380861E+01 -0.369251E-04-985644.000   -972.824    -15.023     138
   139.00000  0.111900E+02  0.141935E+02  0.163796E+00  0.388749E+01 -0.371933E-04-985642.000  -1014.221    -15.024     139
   140.00000  0.111900E+02  0.145999E+02  0.163796E+00  0.395281E+01 -0.374615E-04-985640.000  -1053.906    -15.024     140
   141.00000  0.111900E+02  0.150444E+02  0.163796E+00  0.401632E+01 -0.377297E-04-985638.000  -1091.644    -15.024     141
   142.00000  0.111900E+02  0.153949E+02  0.163796E+00  0.405986E+01 -0.379980E-04-985636.000  -1125.684    -15.024     142
   143.00000  0.111900E+02  0.158039E+02  0.163796E+00  0.410732E+01 -0.382662E-04-985634.000  -1148.185    -15.024     143
   144.00000  0.111900E+02  0.160833E+02  0.163796E+00  0.413778E+01 -0.385344E-04-985632.000  -1172.961    -15.024     144
   145.00000  0.111900E+02  0.162306E+02  0.163796E+00  0.415231E+01 -0.388026E-04-985630.000  -1191.240    -15.025     145
   146.00000  0.111900E+02  0.163500E+02  0.163796E+00  0.416318E+01 -0.390708E-04-985628.000  -1201.700    -15.025     146
   147.00000  0.111900E+02  0.164592E+02  0.163796E+00  0.417268E+01 -0.393391E-04-985626.000  -1207.838    -15.025     147
   148.00000  0.111900E+02  0.168377E+02  0.163796E+00  0.420409E+01 -0.396073E-04-985644.375  -1215.566    -15.025     148
   149.00000  0.111900E+02  0.172796E+02  0.163796E+00  0.424010E+01 -0.398755E-04-985642.375  -1229.029    -15.025     149
   150.00000  0.111900E+02  0.177292E+02  0.163796E+00  0.427347E+01 -0.401437E-04-985640.375  -1250.069    -15.026     150
   151.00000  0.111900E+02  0.180645E+02  0.163796E+00  0.429536E+01 -0.404119E-04-985638.375  -1272.450    -15.026     151
   152.00000  0.111900E+02  0.183261E+02  0.163796E+00  0.434961E+01 -0.406802E-04-985636.375   -848.322    -15.026     152
   153.00000  0.111900E+02  0.184302E+02  0.163796E+00  0.437586E+01 -0.409484E-04-985634.375   -852.985    -15.026     153
   154.00000  0.111900E+02  0.186207E+02  0.163796E+00  0.442360E+01 -0.412166E-04-985632.375   -856.576    -15.026     154
   155.00000  0.111900E+02  0.190373E+02  0.163796E+00  0.452773E+01 -0.414848E-04-985630.375   -864.199    -15.026     155
   156.00000  0.111900E+02  0.194132E+02  0.163796E+00  0.461824E+01 -0.417531E-04-985628.375   -881.043    -15.027     156
   157.00000  0.111900E+02  0.197358E+02  0.163796E+00  0.469097E+01 -0.420213E-04-985626.375   -897.740    -15.027     157
   158.00000  0.111900E+02  0.201549E+02  0.163796E+00  0.478249E+01 -0.422895E-04-985644.750   -906.471    -15.027     158
   159.00000  0.111900E+02  0.204394E+02  0.163796E+00  0.484429E+01 -0.425577E-04-985642.750   -913.356    -15.027     159
   160.00000  0.111900E+02  0.206324E+02  0.163796E+00  0.488613E+01 -0.428259E-04-985640.750   -918.862    -15.027     160
   161.00000  0.111900E+02  0.208788E+02  0.163796E+00  0.493951E+01 -0.430942E-04-985638.750   -926.103    -15.027     161
   162.00000  0.111900E+02  0.212903E+02  0.163796E+00  0.502342E+01 -0.433624E-04-985636.750   -940.801    -15.028     162
   163.00000  0.111900E+02  0.217043E+02  0.163796E+00  0.510251E+01 -0.436306E-04-985634.750   -955.268    -15.028     163
   164.00000  0.111900E+02  0.221691E+02  0.163796E+00  0.518938E+01 -0.438988E-04-985632.750   -963.351    -15.028     164
   165.00000  0.111900E+02  0.226187E+02  0.163796E+00  0.527300E+01 -0.441670E-04-985630.750   -971.380    -15.028     165
   166.00000  0.111900E+02  0.228879E+02  0.163796E+00  0.532300E+01 -0.444353E-04-985628.750   -980.298    -15.028     166
   167.00000  0.111900E+02  0.233197E+02  0.163796E+00  0.539903E+01 -0.447035E-04-985626.750   -993.779    -15.028     167
   168.00000  0.111900E+02  0.237134E+02  0.163796E+00  0.546378E+01 -0.449717E-04-985645.125  -1009.522    -15.029     168
   169.00000  0.111900E+02  0.240538E+02  0.163796E+00  0.551798E+01 -0.452399E-04-985643.125  -1016.709    -15.029     169
   170.00000  0.111900E+02  0.245237E+02  0.163796E+00  0.559200E+01 -0.455081E-04-985641.125  -1022.234    -15.029     170
   171.00000  0.111900E+02  0.249682E+02  0.163796E+00  0.566185E+01 -0.457764E-04-985639.125  -1028.778    -15.029     171
   172.00000  0.111900E+02  0.253162E+02  0.163796E+00  0.571650E+01 -0.460446E-04-985637.125  -1037.502    -15.029     172
   173.00000  0.111900E+02  0.257226E+02  0.163796E+00  0.577724E+01 -0.463128E-04-985635.125  -1050.359    -15.029     173
   174.00000  0.111900E+02  0.260426E+02  0.163796E+00  0.582232E+01 -0.465810E-04-985633.125  -1064.429    -15.030     174
   175.00000  0.111900E+02  0.264439E+02  0.163796E+00  0.587608E+01 -0.468493E-04-985631.125  -1073.684    -15.030     175
   176.00000  0.902888E+01  0.267843E+02 -0.104766E+01  0.596471E+01 -0.468493E-04      0.000   -859.386    -15.030     176
   177.00000  0.736768E+01  0.272237E+02 -0.166648E+01  0.610571E+01 -0.469685E-04      0.000   -755.473    -15.030     177
   178.00000  0.539718E+01  0.275641E+02 -0.221878E+01  0.622125E+01 -0.470728E-04      0.000   -660.961    -15.030     178
   179.00000  0.539718E+01  0.279146E+02 -0.221878E+01  0.642490E+01 -0.473261E-04     -8.557   -666.688    -15.030     179
   180.00000  0.209008E+01  0.283845E+02 -0.279711E+01  0.660301E+01 -0.473559E-04      0.000   -621.303    -15.030     180
   181.00000  0.209008E+01  0.288493E+02 -0.279711E+01  0.689234E+01 -0.476092E-04     -8.793   -641.554    -15.030     181
   182.00000 -0.121192E+01  0.294386E+02 -0.338507E+01  0.712505E+01 -0.476837E-04      0.000   -654.060    -15.030     182
   183.00000 -0.121192E+01  0.298882E+02 -0.338507E+01  0.739655E+01 -0.479370E-04     -8.755   -675.210    -15.030     183
   184.00000 -0.368922E+01  0.302641E+02 -0.396186E+01  0.753268E+01 -0.479519E-04      0.000   -632.384    -15.030     184
   185.00000 -0.368922E+01  0.305638E+02 -0.396186E+01  0.772457E+01 -0.482202E-04     -8.434   -647.150    -15.031     185
   186.00000 -0.368922E+01  0.309575E+02 -0.396186E+01  0.797432E+01 -0.484735E-04     -9.606   -661.935    -15.031     186
   187.00000 -0.368922E+01  0.313512E+02 -0.396186E+01  0.822145E+01 -0.487417E-04    -10.602   -677.975    -15.031     187
   188.00000 -0.368922E+01  0.317627E+02 -0.396186E+01  0.847736E+01 -0.490099E-04    -11.348   -693.974    -15.031     188
   189.00000 -0.368922E+01  0.321894E+02 -0.396186E+01  0.874090E+01 -0.492781E-04    -11.760   -709.562    -15.031     189
   190.00000 -0.368922E+01  0.326542E+02 -0.396186E+01  0.902631E+01 -0.495464E-04    -12.051   -724.637    -15.031     190
   191.00000 -0.368922E+01  0.330733E+02 -0.396186E+01  0.928217E+01 -0.498146E-04    -12.417   -742.071    -15.032     191
   192.00000 -0.368922E+01  0.334035E+02 -0.396186E+01  0.948272E+01 -0.500828E-04    -12.832   -759.937    -15.032     192
   193.00000 -0.368922E+01  0.338379E+02 -0.396186E+01  0.974467E+01 -0.503510E-04    -13.277   -781.616    -15.032     193
   194.00000 -0.504942E+01  0.342316E+02 -0.489066E+01  0.996839E+01 -0.503957E-04      0.000   -780.009    -15.032     194
   195.00000 -0.631942E+01  0.345846E+02 -0.546997E+01  0.101311E+02 -0.505745E-04      0.000   -781.584    -15.032     195
   196.00000 -0.758942E+01  0.349987E+02 -0.600310E+01  0.102829E+02 -0.506938E-04      0.000   -793.484    -15.032     196
   197.00000 -0.885943E+01  0.354305E+02 -0.651727E+01  0.103977E+02 -0.508577E-04      0.000   -763.991    -15.032     197
   198.00000 -0.101396E+02  0.358978E+02 -0.702411E+01  0.105115E+02 -0.509173E-04      0.000   -666.373    -15.032     198
   199.00000 -0.126796E+02  0.363423E+02 -0.752684E+01  0.106125E+02 -0.509769E-04      0.000   -615.631    -15.032     199
   200.00000 -0.126796E+02  0.367614E+02 -0.752684E+01  0.109127E+02 -0.512302E-04     -8.688   -627.581    -15.033     200
   201.00000 -0.139496E+02  0.372008E+02 -0.809130E+01  0.110845E+02 -0.512451E-04      0.000   -580.513    -15.033     201
   202.00000 -0.139496E+02  0.376733E+02 -0.809130E+01  0.114371E+02 -0.514686E-04     -8.815   -589.017    -15.033     202
   203.00000 -0.139496E+02  0.381406E+02 -0.809130E+01  0.117877E+02 -0.517219E-04    -10.058   -600.153    -15.033     203
   204.00000 -0.139496E+02  0.386004E+02 -0.809130E+01  0.121318E+02 -0.519902E-04    -11.059   -613.261    -15.033     204
   205.00000 -0.139496E+02  0.390703E+02 -0.809130E+01  0.124826E+02 -0.522584E-04    -11.644   -631.427    -15.033     205
   206.00000 -0.139496E+02  0.395351E+02 -0.809130E+01  0.128222E+02 -0.525266E-04    -11.942   -661.371    -15.033     206
   207.00000 -0.139496E+02  0.399847E+02 -0.809130E+01  0.131418E+02 -0.527948E-04    -12.317   -688.946    -15.034     207
   208.00000 -0.139496E+02  0.403250E+02 -0.809130E+01  0.133819E+02 -0.530630E-04    -12.753   -708.316    -15.034     208
   209.00000 -0.139496E+02  0.406857E+02 -0.809130E+01  0.136353E+02 -0.533313E-04    -13.216   -724.689    -15.034     209
   210.00000 -0.139496E+02  0.410794E+02 -0.809130E+01  0.139113E+02 -0.535995E-04    -13.694   -746.401    -15.034     210
   211.00000 -0.139496E+02  0.414706E+02 -0.809130E+01  0.141855E+02 -0.538677E-04    -14.165   -783.644    -15.034     211
   212.00000 -0.139496E+02  0.418846E+02 -0.809130E+01  0.144578E+02 -0.541359E-04    -14.574   -871.458    -15.034     212
   213.00000 -0.139496E+02  0.423240E+02 -0.809130E+01  0.146430E+02 -0.544041E-04    -14.835  -1032.378    -15.035     213
   214.00000 -0.139496E+02  0.427609E+02 -0.809130E+01  0.147646E+02 -0.546724E-04    -15.050  -1168.885    -15.035     214
   215.00000 -0.139496E+02  0.431571E+02 -0.809130E+01  0.148398E+02 -0.549406E-04    -15.281  -1262.800    -15.035     215
   216.00000 -0.139496E+02  0.435153E+02 -0.809130E+01  0.148853E+02 -0.552088E-04    -15.503  -1334.397    -15.035     216
   217.00000 -0.139496E+02  0.437109E+02 -0.809130E+01  0.149024E+02 -0.554770E-04    -15.712  -1382.382    -15.035     217
   218.00000 -0.139496E+02  0.438607E+02 -0.809130E+01  0.149100E+02 -0.557452E-04    -15.909  -1406.358    -15.035     218
   219.00000 -0.139496E+02  0.442011E+02 -0.809130E+01  0.149189E+02 -0.560135E-04    -16.094  -1418.201    -15.036     219
   220.00000 -0.139496E+02  0.445567E+02 -0.809130E+01  0.149265E+02 -0.562817E-04    -16.267  -1425.661    -15.036     220
   221.00000 -0.139496E+02  0.449631E+02 -0.809130E+01  0.149342E+02 -0.565499E-04    -16.429  -1430.475    -15.036     221
   222.00000 -0.139496E+02  0.454254E+02 -0.809130E+01  0.149424E+02 -0.568181E-04    -16.581  -1435.277    -15.036     222
   223.00000 -0.139496E+02  0.458241E+02 -0.809130E+01  0.149491E+02 -0.570863E-04    -16.723  -1439.033    -15.036     223
   224.00000 -0.139496E+02  0.460934E+02 -0.809130E+01  0.149536E+02 -0.573546E-04    -16.856  -1441.364    -15.036     224
   225.00000 -0.139496E+02  0.464490E+02 -0.809130E+01  0.149592E+02 -0.576228E-04    -16.980  -1443.152    -15.037     225
   226.00000 -0.139496E+02  0.468605E+02 -0.809130E+01  0.149656E+02 -0.578910E-04    -17.096  -1444.823    -15.037     226
   227.00000 -0.139496E+02  0.472973E+02 -0.809130E+01  0.149722E+02 -0.581592E-04    -17.205  -1446.366    -15.037     227
   228.00000 -0.139496E+02  0.476199E+02 -0.809130E+01  0.149771E+02 -0.584275E-04    -17.307  -1447.727    -15.037     228
   229.00000 -0.139496E+02  0.480695E+02 -0.809130E+01  0.149837E+02 -0.586957E-04    -17.403  -1448.856    -15.037     229
   230.00000 -0.139496E+02  0.486232E+02 -0.809130E+01  0.149918E+02 -0.589639E-04    -17.492  -1450.335    -15.037     230
   231.00000 -0.139496E+02  0.489229E+02 -0.809130E+01  0.149962E+02 -0.592321E-04    -17.575  -1451.504    -15.038     231
   232.00000 -0.139496E+02  0.491744E+02 -0.809130E+01  0.150000E+02 -0.595003E-04    -17.653  -1452.303    -15.038     232
   233.00000 -0.139496E+02  0.492938E+02 -0.809130E+01  0.150018E+02 -0.597686E-04    -17.726  -1452.817    -15.038     233
   234.00000 -0.139496E+02  0.496545E+02 -0.809130E+01  0.150071E+02 -0.600368E-04    -17.794  -1453.804    -15.038     234
   235.00000 -0.139496E+02  0.500583E+02 -0.809130E+01  0.150129E+02 -0.603050E-04    -17.858  -1455.240    -15.038     235
   236.00000 -0.139496E+02  0.504215E+02 -0.809130E+01  0.150182E+02 -0.605732E-04    -17.917  -1456.691    -15.038     236
   237.00000 -0.139496E+02  0.507035E+02 -0.809130E+01  0.150223E+02 -0.608414E-04    -17.973  -1458.309    -15.039     237
   238.00000 -0.139496E+02  0.510718E+02 -0.809130E+01  0.150277E+02 -0.611097E-04    -18.025  -1460.053    -15.039     238
   239.00000 -0.139496E+02  0.513918E+02 -0.809130E+01  0.150323E+02 -0.613779E-04    -18.073  -1462.030    -15.039     239
   240.00000 -0.139496E+02  0.516915E+02 -0.809130E+01  0.150367E+02 -0.616461E-04    -18.119  -1464.291    -15.039     240
   241.00000 -0.139496E+02  0.520700E+02 -0.809130E+01  0.150418E+02 -0.619143E-04    -18.161  -1466.690    -15.039     241
   242.00000 -0.139496E+02  0.525348E+02 -0.809130E+01  0.150476E+02 -0.621825E-04    -18.201  -1470.186    -15.040     242
   243.00000 -0.139496E+02  0.529107E+02 -0.809130E+01  0.150522E+02 -0.624508E-04    -18.238  -1473.341    -15.040     243
   244.00000 -0.139496E+02  0.531927E+02 -0.809130E+01  0.207639E+02 -0.627190E-04    -18.272   -291.688    -15.040     244
   245.00000 -0.139496E+02  0.536219E+02 -0.809130E+01  0.250477E+02 -0.629872E-04    -18.305   -352.364    -15.040     245
   246.00000 -0.139496E+02  0.539928E+02 -0.809130E+01  0.261187E+02 -0.632554E-04    -18.335   -511.284    -15.040     246
   247.00000 -0.139496E+02  0.541655E+02 -0.809130E+01  0.263864E+02 -0.635237E-04    -18.363   -678.863    -15.040     247
   248.00000 -0.139496E+02  0.544398E+02 -0.809130E+01  0.264534E+02 -0.637919E-04    -18.390   -761.257    -15.041     248
   249.00000 -0.139496E+02  0.547827E+02 -0.809130E+01  0.264702E+02 -0.640601E-04    -18.414   -786.834    -15.041     249
   250.00000 -0.139496E+02  0.550520E+02 -0.809130E+01  0.264743E+02 -0.643283E-04    -18.437   -794.708    -15.041     250
   251.00000 -0.139496E+02  0.553060E+02 -0.809130E+01  0.264744E+02 -0.645965E-04    -18.459   -796.036    -15.041     251
   252.00000 -0.139496E+02  0.555193E+02 -0.809130E+01  0.264744E+02 -0.648648E-04    -18.479   -796.102    -15.041     252
   253.00000 -0.139496E+02  0.557556E+02 -0.809130E+01  0.264744E+02 -0.651330E-04    -18.498   -796.108    -15.041     253
   254.00000 -0.139496E+02  0.560070E+02 -0.809130E+01  0.264745E+02 -0.654012E-04    -18.515   -796.111    -15.042     254
   255.00000 -0.139496E+02  0.562991E+02 -0.809130E+01  0.264745E+02 -0.656694E-04    -18.531   -796.086    -15.042     255
   256.00000 -0.139496E+02  0.565455E+02 -0.809130E+01  0.264745E+02 -0.659376E-04    -18.547   -796.094    -15.042     256
   257.00000 -0.139496E+02  0.567639E+02 -0.809130E+01  0.264745E+02 -0.662059E-04    -18.561   -796.109    -15.042     257
   258.00000 -0.139496E+02  0.570560E+02 -0.809130E+01  0.264746E+02 -0.664741E-04    -18.574   -796.089    -15.042     258
   259.00000 -0.139496E+02  0.573786E+02 -0.809130E+01  0.264746E+02 -0.667423E-04    -18.587   -796.099    -15.042     259
   260.00000 -0.139496E+02  0.578409E+02 -0.809130E+01  0.264746E+02 -0.670105E-04    -18.598   -796.107    -15.043     260
   261.00000 -0.139496E+02  0.582168E+02 -0.809130E+01  0.264746E+02 -0.672787E-04    -18.609   -796.090    -15.043     261
   262.00000 -0.139496E+02  0.584175E+02 -0.809130E+01  0.264746E+02 -0.675470E-04    -18.620   -796.103    -15.043     262
   263.00000 -0.139496E+02  0.586003E+02 -0.809130E+01  0.264747E+02 -0.678152E-04    -18.629   -796.091    -15.043     263
   264.00000 -0.139496E+02  0.586486E+02 -0.809130E+01  0.264747E+02 -0.680834E-04    -18.638   -796.106    -15.043     264
   265.00000 -0.139496E+02  0.586943E+02 -0.809130E+01  0.264747E+02 -0.683516E-04    -18.646   -796.096    -15.043     265
   266.00000 -0.139496E+02  0.589306E+02 -0.809130E+01  0.264747E+02 -0.686198E-04    -18.654   -796.116    -15.044     266
   267.00000 -0.139496E+02  0.591592E+02 -0.809130E+01  0.264747E+02 -0.688881E-04    -18.661   -796.104    -15.044     267
   268.00000 -0.139496E+02  0.593852E+02 -0.809130E+01  0.264747E+02 -0.691563E-04    -18.668   -796.094    -15.044     268
   269.00000 -0.139496E+02  0.596748E+02 -0.809130E+01  0.264747E+02 -0.694245E-04    -18.674   -796.117    -15.044     269
   270.00000 -0.139496E+02  0.598957E+02 -0.809130E+01  0.264747E+02 -0.696927E-04    -18.680   -796.107    -15.044     270
   271.00000 -0.139496E+02  0.601828E+02 -0.809130E+01  0.264747E+02 -0.699610E-04    -18.686   -796.099    -15.044     271
   272.00000 -0.139496E+02  0.604139E+02 -0.809130E+01  0.264748E+02 -0.702292E-04    -18.691   -796.092    -15.045     272
   273.00000 -0.139496E+02  0.604799E+02 -0.809130E+01  0.264748E+02 -0.704974E-04    -18.695   -796.112    -15.045     273
   274.00000 -0.139268E+02  0.604799E+02 -0.806844E+01  0.264748E+02 -0.707656E-04    -35.106   -796.114    -15.045     274
   275.00000 -0.137083E+02  0.604799E+02 -0.796029E+01  0.264748E+02 -0.710338E-04***********   -796.113    -15.045     275
   276.00000 -0.135737E+02  0.604799E+02 -0.796030E+01  0.264748E+02 -0.713021E-04***********   -796.113    -15.045     276
   277.00000 -0.133832E+02  0.604799E+02 -0.796030E+01  0.264748E+02 -0.715703E-04***********   -796.113    -15.045     277
   278.00000 -0.132638E+02  0.604799E+02 -0.796030E+01  0.264748E+02 -0.718385E-04***********   -796.113    -15.046     278
   279.00000 -0.130682E+02  0.604799E+02 -0.796030E+01  0.264748E+02 -0.721067E-04***********   -796.114    -15.046     279
   280.00000 -0.128803E+02  0.604799E+02 -0.796030E+01  0.264748E+02 -0.723749E-04***********   -796.114    -15.046     280
   281.00000 -0.126466E+02  0.604799E+02 -0.796030E+01  0.264748E+02 -0.726432E-04***********   -796.114    -15.046     281
   282.00000 -0.124053E+02  0.604799E+02 -0.796030E+01  0.264748E+02 -0.729114E-04***********   -796.113    -15.046     282
   283.00000 -0.121945E+02  0.604799E+02 -0.796030E+01  0.264748E+02 -0.731796E-04***********   -796.113    -15.047     283
   284.00000 -0.120395E+02  0.604799E+02 -0.796030E+01  0.264748E+02 -0.734478E-04***********   -796.113    -15.047     284
   285.00000 -0.120192E+02  0.604799E+02 -0.796030E+01  0.264748E+02 -0.737160E-04***********   -796.113    -15.047     285
   286.00000 -0.119456E+02  0.604799E+02 -0.796030E+01  0.264748E+02 -0.739843E-04***********   -796.114    -15.047     286
   287.00000 -0.118084E+02  0.604799E+02 -0.796030E+01  0.264748E+02 -0.742525E-04***********   -796.114    -15.047     287
   288.00000 -0.116306E+02  0.604799E+02 -0.796030E+01  0.264748E+02 -0.745207E-04***********   -796.114    -15.047     288
   289.00000 -0.114477E+02  0.604799E+02 -0.796030E+01  0.264748E+02 -0.747889E-04***********   -796.113    -15.048     289
   290.00000 -0.111988E+02  0.604799E+02 -0.796030E+01  0.264748E+02 -0.750571E-04***********   -796.113    -15.048     290
   291.00000 -0.108356E+02  0.604799E+02 -0.796030E+01  0.264748E+02 -0.753254E-04***********   -796.113    -15.048     291
   292.00000 -0.104139E+02  0.604799E+02 -0.796030E+01  0.264748E+02 -0.755936E-04***********   -796.113    -15.048     292
   293.00000 -0.101447E+02  0.604799E+02 -0.796030E+01  0.264748E+02 -0.758618E-04***********   -796.114    -15.048     293
   294.00000 -0.100355E+02  0.604799E+02 -0.796030E+01  0.264748E+02 -0.761300E-04***********   -796.114    -15.048     294
   295.00000 -0.996691E+01  0.604799E+02 -0.796030E+01  0.264748E+02 -0.763983E-04***********   -796.114    -15.049     295
   296.00000 -0.993389E+01  0.604799E+02 -0.796030E+01  0.264748E+02 -0.766665E-04***********   -796.113    -15.049     296
   297.00000 -0.991103E+01  0.604799E+02 -0.796030E+01  0.264748E+02 -0.769347E-04***********   -796.113    -15.049     297
   298.00000 -0.988309E+01  0.604799E+02 -0.796030E+01  0.264748E+02 -0.772029E-04***********   -796.113    -15.049     298
   299.00000 -0.985769E+01  0.604799E+02 -0.796030E+01  0.264748E+02 -0.774711E-04***********   -796.113    -15.049     299
   300.00000 -0.983483E+01  0.604799E+02 -0.796030E+01  0.264748E+02 -0.777394E-04***********   -796.114    -15.049     300
   301.00000 -0.979419E+01  0.604799E+02 -0.796030E+01  0.264748E+02 -0.780076E-04***********   -796.114    -15.050     301
   302.00000 -0.972815E+01  0.604799E+02 -0.796030E+01  0.264748E+02 -0.782758E-04***********   -796.114    -15.050     302
   303.00000 -0.962655E+01  0.604799E+02 -0.796030E+01  0.264748E+02 -0.785440E-04***********   -796.113    -15.050     303
   304.00000 -0.949193E+01  0.604799E+02 -0.796030E+01  0.264748E+02 -0.788122E-04***********   -796.113    -15.050     304
   305.00000 -0.933445E+01  0.604799E+02 -0.796030E+01  0.264748E+02 -0.790805E-04***********   -796.113    -15.050     305
   306.00000 -0.922269E+01  0.604799E+02 -0.796030E+01  0.264748E+02 -0.793487E-04***********   -796.113    -15.050     306
   307.00000 -0.907791E+01  0.604799E+02 -0.796030E+01  0.264748E+02 -0.796169E-04***********   -796.114    -15.051     307
   308.00000 -0.888741E+01  0.604799E+02 -0.796030E+01  0.264748E+02 -0.798851E-04***********   -796.114    -15.051     308
   309.00000 -0.864865E+01  0.604799E+02 -0.796030E+01  0.264748E+02 -0.801533E-04***********   -796.114    -15.051     309
   310.00000 -0.853435E+01  0.604799E+02 -0.796030E+01  0.264748E+02 -0.804216E-04***********   -796.114    -15.051     310
   311.00000 -0.833115E+01  0.604799E+02 -0.796030E+01  0.264748E+02 -0.806898E-04***********   -796.113    -15.051     311
   312.00000 -0.820161E+01  0.604799E+02 -0.796030E+01  0.264748E+02 -0.809580E-04***********   -796.113    -15.051     312
   313.00000 -0.807715E+01  0.604799E+02 -0.796030E+01  0.264748E+02 -0.812262E-04***********   -796.114    -15.052     313
   314.00000 -0.792221E+01  0.604799E+02 -0.796030E+01  0.264748E+02 -0.814945E-04***********   -796.114    -15.052     314
   315.00000 -0.763265E+01  0.604799E+02 -0.796030E+01  0.264748E+02 -0.817627E-04***********   -796.114    -15.052     315
   316.00000 -0.749803E+01  0.604799E+02 -0.796030E+01  0.264748E+02 -0.820309E-04***********   -796.114    -15.052     316
   317.00000 -0.724911E+01  0.604799E+02 -0.796030E+01  0.264748E+02 -0.822991E-04***********   -796.114    -15.052     317
   318.00000 -0.706369E+01  0.604799E+02 -0.796030E+01  0.264748E+02 -0.825673E-04***********   -796.114    -15.052     318
   319.00000 -0.687573E+01  0.604799E+02 -0.796030E+01  0.264748E+02 -0.828356E-04***********   -796.113    -15.053     319
   320.00000 -0.677667E+01  0.604799E+02 -0.796030E+01  0.264748E+02 -0.831038E-04***********   -796.114    -15.053     320
   321.00000 -0.650235E+01  0.604799E+02 -0.796030E+01  0.264748E+02 -0.833720E-04***********   -796.114    -15.053     321
   322.00000 -0.630931E+01  0.604799E+02 -0.796030E+01  0.264748E+02 -0.836402E-04***********   -796.114    -15.053     322
   323.00000 -0.612135E+01  0.604799E+02 -0.796030E+01  0.264748E+02 -0.839084E-04***********   -796.114    -15.053     323
   324.00000 -0.595625E+01  0.604799E+02 -0.796030E+01  0.264748E+02 -0.841767E-04***********   -796.114    -15.053     324
   325.00000 -0.562351E+01  0.604799E+02 -0.796030E+01  0.264748E+02 -0.844449E-04***********   -796.114    -15.054     325
   326.00000 -0.547111E+01  0.604799E+02 -0.796030E+01  0.264748E+02 -0.847131E-04***********   -796.113    -15.054     326
   327.00000 -0.546095E+01  0.604799E+02 -0.796030E+01  0.264748E+02 -0.849813E-04***********   -796.114    -15.054     327
   328.00000 -0.544317E+01  0.604799E+02 -0.796030E+01  0.264748E+02 -0.852495E-04***********   -796.114    -15.054     328
   329.00000 -0.538221E+01  0.604799E+02 -0.796030E+01  0.264748E+02 -0.855178E-04***********   -796.114    -15.054     329
   330.00000 -0.532379E+01  0.604799E+02 -0.796030E+01  0.264748E+02 -0.857860E-04***********   -796.114    -15.055     330
   331.00000 -0.514091E+01  0.604799E+02 -0.796030E+01  0.264748E+02 -0.860542E-04***********   -796.114    -15.055     331
   332.00000 -0.485897E+01  0.604799E+02 -0.796030E+01  0.264748E+02 -0.863224E-04***********   -796.114    -15.055     332
   333.00000 -0.475229E+01  0.604799E+02 -0.796030E+01  0.264748E+02 -0.865906E-04***********   -796.113    -15.055     333
   334.00000 -0.472689E+01  0.604799E+02 -0.796030E+01  0.264748E+02 -0.868589E-04***********   -796.114    -15.055     334
   335.00000 -0.461259E+01  0.604799E+02 -0.796030E+01  0.264748E+02 -0.871271E-04***********   -796.114    -15.055     335
   336.00000 -0.444749E+01  0.604799E+02 -0.796030E+01  0.264748E+02 -0.873953E-04***********   -796.114    -15.056     336
   337.00000 -0.427731E+01  0.604799E+02 -0.796030E+01  0.264748E+02 -0.876635E-04***********   -796.114    -15.056     337
   338.00000 -0.411475E+01  0.604799E+02 -0.796030E+01  0.264748E+02 -0.879318E-04***********   -796.114    -15.056     338
   339.00000 -0.377693E+01  0.604799E+02 -0.796030E+01  0.264748E+02 -0.882000E-04***********   -796.114    -15.056     339
   340.00000 -0.352547E+01  0.604799E+02 -0.796030E+01  0.264748E+02 -0.884682E-04***********   -796.113    -15.056     340
   341.00000 -0.343403E+01  0.604799E+02 -0.796030E+01  0.264748E+02 -0.887364E-04***********   -796.114    -15.056     341
   342.00000 -0.340101E+01  0.604799E+02 -0.796030E+01  0.264748E+02 -0.890046E-04***********   -796.114    -15.057     342
   343.00000 -0.326131E+01  0.604799E+02 -0.796030E+01  0.264748E+02 -0.892729E-04***********   -796.114    -15.057     343
   344.00000 -0.305049E+01  0.604799E+02 -0.796030E+01  0.264748E+02 -0.895411E-04***********   -796.114    -15.057     344
   345.00000 -0.300477E+01  0.604799E+02 -0.796030E+01  0.264748E+02 -0.898093E-04***********   -796.114    -15.057     345
   346.00000 -0.296413E+01  0.604799E+02 -0.796030E+01  0.264748E+02 -0.900775E-04***********   -796.114    -15.057     346
   347.00000 -0.282697E+01  0.604799E+02 -0.796030E+01  0.264748E+02 -0.903457E-04***********   -796.113    -15.057     347
   348.00000 -0.271013E+01  0.604799E+02 -0.796030E+01  0.264748E+02 -0.906140E-04***********   -796.114    -15.058     348
   349.00000 -0.260345E+01  0.604799E+02 -0.796030E+01  0.264748E+02 -0.908822E-04***********   -796.114    -15.058     349
   350.00000 -0.227325E+01  0.604799E+02 -0.796030E+01  0.264748E+02 -0.911504E-04***********   -796.114    -15.058     350
   351.00000 -0.220721E+01  0.604799E+02 -0.796030E+01  0.264748E+02 -0.914186E-04***********   -796.114    -15.058     351
   352.00000 -0.197861E+01  0.604799E+02 -0.796030E+01  0.264748E+02 -0.916868E-04***********   -796.114    -15.058     352
   353.00000 -0.178557E+01  0.604799E+02 -0.796030E+01  0.264748E+02 -0.919551E-04***********   -796.114    -15.058     353
   354.00000 -0.157983E+01  0.604799E+02 -0.796030E+01  0.264748E+02 -0.922233E-04***********   -796.114    -15.059     354
   355.00000 -0.141473E+01  0.604799E+02 -0.796030E+01  0.264748E+02 -0.924915E-04***********   -796.114    -15.059     355
   356.00000 -0.121153E+01  0.604799E+02 -0.796030E+01  0.264748E+02 -0.927597E-04***********   -796.114    -15.059     356
   357.00000 -0.113787E+01  0.604799E+02 -0.796030E+01  0.264748E+02 -0.930279E-04***********   -796.114    -15.059     357
   358.00000 -0.106167E+01  0.604799E+02 -0.796030E+01  0.264748E+02 -0.932962E-04***********   -796.114    -15.059     358
   359.00000 -0.932127E+00  0.604799E+02 -0.796030E+01  0.264748E+02 -0.935644E-04***********   -796.114    -15.059     359
   360.00000 -0.767027E+00  0.604799E+02 -0.796030E+01  0.264748E+02 -0.938326E-04***********   -796.114    -15.060     360
   361.00000 -0.675587E+00  0.604799E+02 -0.796030E+01  0.264748E+02 -0.941008E-04***********   -796.114    -15.060     361
   362.00000 -0.485087E+00  0.604799E+02 -0.796030E+01  0.264748E+02 -0.943691E-04***********   -796.114    -15.060     362
   363.00000 -0.406347E+00  0.604799E+02 -0.796030E+01  0.264748E+02 -0.946373E-04***********   -796.114    -15.060     363
   364.00000 -0.373327E+00  0.604799E+02 -0.796030E+01  0.264748E+02 -0.949055E-04***********   -796.114    -15.060     364
   365.00000 -0.266647E+00  0.604799E+02 -0.796030E+01  0.264748E+02 -0.951737E-04***********   -796.114    -15.060     365
   366.00000 -0.139647E+00  0.604799E+02 -0.796030E+01  0.264748E+02 -0.954419E-04***********   -796.114    -15.061     366
   367.00000 -0.228068E-01  0.604799E+02 -0.796030E+01  0.264748E+02 -0.957102E-04***********   -796.114    -15.061     367
   368.00000  0.178332E-01  0.604799E+02 -0.796030E+01  0.264748E+02 -0.959784E-04***********   -796.114    -15.061     368
   369.00000  0.129593E+00  0.604799E+02 -0.796030E+01  0.264748E+02 -0.962466E-04***********   -796.114    -15.061     369
   370.00000  0.221033E+00  0.604799E+02 -0.796030E+01  0.264748E+02 -0.965148E-04***********   -796.114    -15.061     370
   371.00000  0.373433E+00  0.604799E+02 -0.796030E+01  0.264748E+02 -0.967830E-04***********   -796.114    -15.062     371
   372.00000  0.401373E+00  0.604799E+02 -0.796030E+01  0.264748E+02 -0.970513E-04***********   -796.114    -15.062     372
   373.00000  0.485193E+00  0.604799E+02 -0.796030E+01  0.264748E+02 -0.973195E-04***********   -796.114    -15.062     373
   374.00000  0.675693E+00  0.604799E+02 -0.796030E+01  0.264748E+02 -0.975877E-04***********   -796.114    -15.062     374
   375.00000  0.713793E+00  0.604799E+02 -0.796030E+01  0.264748E+02 -0.978559E-04***********   -796.114    -15.062     375
   376.00000  0.729033E+00  0.604799E+02 -0.796030E+01  0.264748E+02 -0.981241E-04***********   -796.114    -15.062     376
   377.00000  0.734113E+00  0.604799E+02 -0.796030E+01  0.264748E+02 -0.983924E-04***********   -796.114    -15.063     377
   378.00000  0.741733E+00  0.604799E+02 -0.796030E+01  0.264748E+02 -0.986606E-04***********   -796.114    -15.063     378
   379.00000  0.746813E+00  0.604799E+02 -0.796030E+01  0.264748E+02 -0.989288E-04***********   -796.114    -15.063     379
   380.00000  0.767133E+00  0.604799E+02 -0.796030E+01  0.264748E+02 -0.991970E-04***********   -796.114    -15.063     380
   381.00000  0.845873E+00  0.604799E+02 -0.796030E+01  0.264748E+02 -0.994653E-04***********   -796.114    -15.063     381
   382.00000  0.863653E+00  0.604799E+02 -0.796030E+01  0.264748E+02 -0.997335E-04***********   -796.114    -15.063     382
   383.00000  0.880163E+00  0.604799E+02 -0.796030E+01  0.264748E+02 -0.100002E-03***********   -796.114    -15.064     383
   384.00000  0.895403E+00  0.604799E+02 -0.796030E+01  0.264748E+02 -0.100270E-03***********   -796.114    -15.064     384
   385.00000  0.100970E+01  0.604799E+02 -0.796030E+01  0.264748E+02 -0.100538E-03***********   -796.114    -15.064     385
   386.00000  0.113924E+01  0.604799E+02 -0.796030E+01  0.264748E+02 -0.100806E-03***********   -796.114    -15.064     386
   387.00000  0.117734E+01  0.604799E+02 -0.796030E+01  0.264748E+02 -0.101075E-03***********   -796.114    -15.064     387
   388.00000  0.133228E+01  0.604799E+02 -0.796030E+01  0.264748E+02 -0.101343E-03***********   -796.114    -15.064     388
   389.00000  0.147960E+01  0.604799E+02 -0.796030E+01  0.264748E+02 -0.101611E-03***********   -796.114    -15.065     389
   390.00000  0.164470E+01  0.604799E+02 -0.796030E+01  0.264748E+02 -0.101879E-03***********   -796.114    -15.065     390
   391.00000  0.183774E+01  0.604799E+02 -0.796030E+01  0.264748E+02 -0.102147E-03***********   -796.114    -15.065     391
   392.00000  0.204348E+01  0.604799E+02 -0.796030E+01  0.264748E+02 -0.102416E-03***********   -796.114    -15.065     392
   393.00000  0.230510E+01  0.604799E+02 -0.796030E+01  0.264748E+02 -0.102684E-03***********   -796.114    -15.065     393
   394.00000  0.252862E+01  0.604799E+02 -0.796030E+01  0.264748E+02 -0.102952E-03***********   -796.114    -15.065     394
   395.00000  0.277754E+01  0.604799E+02 -0.796030E+01  0.264748E+02 -0.103220E-03***********   -796.114    -15.066     395
   396.00000  0.301884E+01  0.604799E+02 -0.796030E+01  0.264748E+02 -0.103489E-03***********   -796.114    -15.066     396
   397.00000  0.321442E+01  0.604799E+02 -0.796030E+01  0.264748E+02 -0.103757E-03***********   -796.114    -15.066     397
   398.00000  0.329570E+01  0.604799E+02 -0.796030E+01  0.264748E+02 -0.104025E-03***********   -796.114    -15.066     398
   399.00000  0.332618E+01  0.604799E+02 -0.796030E+01  0.264748E+02 -0.104293E-03***********   -796.114    -15.066     399
   400.00000  0.336428E+01  0.604799E+02 -0.796030E+01  0.264748E+02 -0.104561E-03***********   -796.114    -15.066     400
   401.00000  0.341000E+01  0.604799E+02 -0.796030E+01  0.264748E+02 -0.104830E-03***********   -796.114    -15.067     401
   402.00000  0.343794E+01  0.604799E+02 -0.796030E+01  0.264748E+02 -0.105098E-03***********   -796.114    -15.067     402
   403.00000  0.347096E+01  0.604799E+02 -0.796030E+01  0.264748E+02 -0.105366E-03***********   -796.114    -15.067     403
   404.00000  0.350906E+01  0.604799E+02 -0.796030E+01  0.264748E+02 -0.105634E-03***********   -796.114    -15.067     404
   405.00000  0.354716E+01  0.604799E+02 -0.796030E+01  0.264748E+02 -0.105903E-03***********   -796.114    -15.067     405
   406.00000  0.361574E+01  0.604799E+02 -0.796030E+01  0.264748E+02 -0.106171E-03***********   -796.114    -15.067     406
   407.00000  0.369194E+01  0.604799E+02 -0.796030E+01  0.264748E+02 -0.106439E-03***********   -796.114    -15.068     407
   408.00000  0.376306E+01  0.604799E+02 -0.796030E+01  0.264748E+02 -0.106707E-03***********   -796.114    -15.068     408
   409.00000  0.379862E+01  0.604799E+02 -0.796030E+01  0.264748E+02 -0.106975E-03***********   -796.114    -15.068     409
   410.00000  0.383037E+01  0.604799E+02 -0.796030E+01  0.264748E+02 -0.107244E-03***********   -796.114    -15.068     410
   411.00000  0.385831E+01  0.604799E+02 -0.796030E+01  0.264748E+02 -0.107512E-03***********   -796.114    -15.068     411
   412.00000  0.389133E+01  0.604799E+02 -0.796030E+01  0.264748E+02 -0.107780E-03***********   -796.114    -15.068     412
   413.00000  0.398023E+01  0.604799E+02 -0.796030E+01  0.264748E+02 -0.108048E-03***********   -796.114    -15.069     413
   414.00000  0.413263E+01  0.604799E+02 -0.796030E+01  0.264748E+02 -0.108317E-03***********   -796.114    -15.069     414
   415.00000  0.423423E+01  0.604799E+02 -0.796030E+01  0.264748E+02 -0.108585E-03***********   -796.114    -15.069     415
   416.00000  0.440949E+01  0.604799E+02 -0.796030E+01  0.264748E+02 -0.108838E-03***********   -796.114    -15.069     416
   417.00000  0.454411E+01  0.604799E+02 -0.796030E+01  0.264748E+02 -0.109091E-03***********   -796.114    -15.069     417
   418.00000  0.467111E+01  0.604799E+02 -0.796030E+01  0.264748E+02 -0.109345E-03***********   -796.114    -15.069     418
   419.00000  0.487177E+01  0.604799E+02 -0.796030E+01  0.264748E+02 -0.109598E-03***********   -796.114    -15.070     419
   420.00000  0.504195E+01  0.604799E+02 -0.796030E+01  0.264748E+02 -0.109851E-03***********   -796.114    -15.070     420
   421.00000  0.530357E+01  0.604799E+02 -0.796030E+01  0.264748E+02 -0.110105E-03***********   -796.114    -15.070     421
   422.00000  0.539755E+01  0.604799E+02 -0.796030E+01  0.264748E+02 -0.110358E-03***********   -796.114    -15.070     422
   423.00000  0.544835E+01  0.604799E+02 -0.796030E+01  0.264748E+02 -0.110596E-03***********   -796.114    -15.070     423
   424.00000  0.567187E+01  0.604799E+02 -0.796030E+01  0.264748E+02 -0.110865E-03***********   -796.114    -15.070     424
   425.00000  0.600207E+01  0.604799E+02 -0.796030E+01  0.264748E+02 -0.111103E-03***********   -796.114    -15.071     425
   426.00000  0.619765E+01  0.604799E+02 -0.796030E+01  0.264748E+02 -0.111371E-03***********   -796.114    -15.071     426
   427.00000  0.623829E+01  0.604799E+02 -0.796030E+01  0.264748E+02 -0.111610E-03***********   -796.114    -15.071     427
   428.00000  0.628147E+01  0.604799E+02 -0.796030E+01  0.264748E+02 -0.111878E-03***********   -796.114    -15.071     428
   429.00000  0.633481E+01  0.604799E+02 -0.796030E+01  0.264748E+02 -0.112116E-03***********   -796.114    -15.071     429
   430.00000  0.642625E+01  0.604799E+02 -0.796030E+01  0.264748E+02 -0.112385E-03***********   -796.114    -15.071     430
   431.00000  0.650245E+01  0.604799E+02 -0.796030E+01  0.264748E+02 -0.112623E-03***********   -796.114    -15.072     431
   432.00000  0.661929E+01  0.604799E+02 -0.796030E+01  0.264748E+02 -0.112891E-03***********   -796.114    -15.072     432
   433.00000  0.693679E+01  0.604799E+02 -0.796030E+01  0.264748E+02 -0.113130E-03***********   -796.114    -15.072     433
   434.00000  0.735335E+01  0.604799E+02 -0.796030E+01  0.264748E+02 -0.113398E-03***********   -796.114    -15.072     434
   435.00000  0.766577E+01  0.604799E+02 -0.796030E+01  0.264748E+02 -0.113636E-03***********   -796.114    -15.072     435
   436.00000  0.788167E+01  0.604799E+02 -0.796030E+01  0.264748E+02 -0.113904E-03***********   -796.114    -15.072     436
   437.00000  0.812043E+01  0.604799E+02 -0.796030E+01  0.264748E+02 -0.114143E-03***********   -796.114    -15.073     437
   438.00000  0.825759E+01  0.604799E+02 -0.796030E+01  0.264748E+02 -0.114411E-03***********   -796.114    -15.073     438
   439.00000  0.839475E+01  0.604799E+02 -0.796030E+01  0.264748E+02 -0.114650E-03***********   -796.114    -15.073     439
   440.00000  0.861573E+01  0.604799E+02 -0.796030E+01  0.264748E+02 -0.114918E-03***********   -796.114    -15.073     440
   441.00000  0.878083E+01  0.604799E+02 -0.796030E+01  0.264748E+02 -0.115171E-03***********   -796.114    -15.073     441
   442.00000  0.896371E+01  0.604799E+02 -0.796030E+01  0.264748E+02 -0.115424E-03***********   -796.114    -15.073     442
   443.00000  0.925581E+01  0.604799E+02 -0.796030E+01  0.264748E+02 -0.115678E-03***********   -796.114    -15.074     443
   444.00000  0.947679E+01  0.604799E+02 -0.796030E+01  0.264748E+02 -0.115931E-03***********   -796.114    -15.074     444
   445.00000  0.954283E+01  0.604799E+02 -0.796030E+01  0.264748E+02 -0.116184E-03***********   -796.114    -15.074     445
   446.00000  0.965713E+01  0.604799E+02 -0.796030E+01  0.264748E+02 -0.116438E-03***********   -796.114    -15.074     446
   447.00000  0.972571E+01  0.604799E+02 -0.796030E+01  0.264748E+02 -0.116691E-03***********   -796.114    -15.074     447
   448.00000  0.976381E+01  0.604799E+02 -0.796030E+01  0.264748E+02 -0.116944E-03***********   -796.114    -15.074     448
   449.00000  0.984255E+01  0.604799E+02 -0.796030E+01  0.264748E+02 -0.117198E-03***********   -796.114    -15.074     449
   450.00000  0.996193E+01  0.604799E+02 -0.796030E+01  0.264748E+02 -0.117451E-03***********   -796.114    -15.075     450
   451.00000  0.101016E+02  0.604799E+02 -0.796030E+01  0.264748E+02 -0.117719E-03***********   -796.114    -15.075     451
   452.00000  0.103480E+02  0.604799E+02 -0.796030E+01  0.264748E+02 -0.117958E-03***********   -796.114    -15.075     452
   453.00000  0.104801E+02  0.604799E+02 -0.796030E+01  0.264748E+02 -0.118226E-03***********   -796.114    -15.075     453
   454.00000  0.105741E+02  0.604799E+02 -0.796030E+01  0.264748E+02 -0.118464E-03***********   -796.114    -15.075     454
   455.00000  0.106884E+02  0.604799E+02 -0.796030E+01  0.264748E+02 -0.118718E-03***********   -796.114    -15.075     455
   456.00000  0.107290E+02  0.604799E+02 -0.796030E+01  0.264748E+02 -0.118971E-03***********   -796.114    -15.076     456
   457.00000  0.107290E+02  0.607289E+02 -0.796030E+01  0.264748E+02 -0.119239E-03***********  -1600.711    -15.076     457
   458.00000  0.107290E+02  0.611124E+02 -0.796030E+01  0.264748E+02 -0.119478E-03***********  -1600.711    -15.076     458
   459.00000  0.107290E+02  0.614451E+02 -0.796030E+01  0.264748E+02 -0.119746E-03***********  -1600.711    -15.076     459
   460.00000  0.107290E+02  0.614985E+02 -0.796030E+01  0.264748E+02 -0.119984E-03***********  -1600.711    -15.076     460
   461.00000  0.107290E+02  0.615391E+02 -0.796030E+01  0.264748E+02 -0.120252E-03***********  -1600.711    -15.076     461
   462.00000  0.107290E+02  0.615925E+02 -0.796030E+01  0.264748E+02 -0.120491E-03***********  -1600.711    -15.077     462
   463.00000  0.107290E+02  0.616915E+02 -0.796030E+01  0.264748E+02 -0.120759E-03***********  -1600.711    -15.077     463
   464.00000  0.107290E+02  0.619481E+02 -0.796030E+01  0.264748E+02 -0.120997E-03***********  -1600.711    -15.077     464
   465.00000  0.107290E+02  0.623113E+02 -0.796030E+01  0.264748E+02 -0.121266E-03***********  -1600.711    -15.077     465
   466.00000  0.107290E+02  0.625399E+02 -0.796030E+01  0.264748E+02 -0.121519E-03***********  -1600.711    -15.077     466
   467.00000  0.107290E+02  0.628472E+02 -0.796030E+01  0.264748E+02 -0.121772E-03***********  -1600.711    -15.077     467
   468.00000  0.107290E+02  0.631520E+02 -0.796030E+01  0.264748E+02 -0.122026E-03***********  -1600.711    -15.078     468
   469.00000  0.107290E+02  0.635330E+02 -0.796030E+01  0.264748E+02 -0.122279E-03***********  -1600.711    -15.078     469
   470.00000  0.107290E+02  0.638429E+02 -0.796030E+01  0.264748E+02 -0.122532E-03***********  -1600.711    -15.078     470
   471.00000  0.107290E+02  0.641350E+02 -0.796030E+01  0.264748E+02 -0.122786E-03***********  -1600.711    -15.078     471
   472.00000  0.107290E+02  0.643966E+02 -0.796030E+01  0.264748E+02 -0.123039E-03***********  -1600.711    -15.078     472
   473.00000  0.107290E+02  0.645160E+02 -0.796030E+01  0.264748E+02 -0.123292E-03***********  -1600.711    -15.078     473
   474.00000  0.107290E+02  0.646557E+02 -0.796030E+01  0.264748E+02 -0.123546E-03***********  -1600.711    -15.079     474
   475.00000  0.107290E+02  0.647598E+02 -0.796030E+01  0.264748E+02 -0.123799E-03***********  -1600.711    -15.079     475
   476.00000  0.107290E+02  0.649961E+02 -0.796030E+01  0.264748E+02 -0.124052E-03***********  -1600.711    -15.079     476
   477.00000  0.107290E+02  0.654304E+02 -0.796030E+01  0.264748E+02 -0.124305E-03***********  -1600.711    -15.079     477
   478.00000  0.107290E+02  0.657809E+02 -0.796030E+01  0.264748E+02 -0.124559E-03***********  -1600.711    -15.079     478
   479.00000  0.107290E+02  0.661061E+02 -0.796030E+01  0.264748E+02 -0.124812E-03***********  -1600.711    -15.079     479
   480.00000  0.107290E+02  0.665531E+02 -0.796030E+01  0.264748E+02 -0.125065E-03***********  -1600.711    -15.079     480
   481.00000  0.107290E+02  0.668274E+02 -0.796030E+01  0.264748E+02 -0.125319E-03***********  -1600.711    -15.080     481
   482.00000  0.107290E+02  0.670814E+02 -0.796030E+01  0.264748E+02 -0.125572E-03***********  -1600.711    -15.080     482
   483.00000  0.107290E+02  0.672110E+02 -0.796030E+01  0.264748E+02 -0.125811E-03***********  -1600.711    -15.080     483
   484.00000  0.107290E+02  0.675640E+02 -0.796030E+01  0.264748E+02 -0.126079E-03***********  -1600.711    -15.080     484
   485.00000  0.107290E+02  0.678841E+02 -0.796030E+01  0.264748E+02 -0.126317E-03***********  -1600.711    -15.080     485
   486.00000  0.107290E+02  0.681787E+02 -0.796030E+01  0.264748E+02 -0.126585E-03***********  -1600.711    -15.080     486
   487.00000  0.107290E+02  0.683743E+02 -0.796030E+01  0.264748E+02 -0.126824E-03***********  -1600.538    -15.081     487
   488.00000  0.107290E+02  0.685064E+02 -0.796030E+01  0.264748E+02 -0.127092E-03***********  -1600.538    -15.081     488
   489.00000  0.107290E+02  0.687020E+02 -0.796030E+01  0.264748E+02 -0.127330E-03***********  -1600.538    -15.081     489
   490.00000  0.107290E+02  0.690296E+02 -0.796030E+01  0.264748E+02 -0.127599E-03***********  -1600.538    -15.081     490
   491.00000  0.107290E+02  0.692557E+02 -0.796030E+01  0.264748E+02 -0.127837E-03***********  -1600.538    -15.081     491
   492.00000  0.107290E+02  0.695579E+02 -0.796030E+01  0.264748E+02 -0.128105E-03***********  -1600.538    -15.081     492
   493.00000  0.107290E+02  0.696875E+02 -0.796030E+01  0.264748E+02 -0.128344E-03***********  -1600.538    -15.082     493
   494.00000  0.107290E+02  0.697332E+02 -0.796030E+01  0.264748E+02 -0.128612E-03***********  -1600.538    -15.082     494
   495.00000  0.107290E+02  0.699999E+02 -0.796030E+01  0.264748E+02 -0.128865E-03***********  -1600.538    -15.082     495
   496.00000  0.107290E+02  0.703987E+02 -0.796030E+01  0.264748E+02 -0.129119E-03***********  -1600.538    -15.082     496
   497.00000  0.107290E+02  0.708279E+02 -0.796030E+01  0.264748E+02 -0.129357E-03***********  -1600.538    -15.082     497
   498.00000  0.107290E+02  0.712521E+02 -0.796030E+01  0.264748E+02 -0.129625E-03***********  -1600.538    -15.082     498
   499.00000  0.107290E+02  0.716331E+02 -0.796030E+01  0.264748E+02 -0.129864E-03***********  -1600.538    -15.083     499
   500.00000  0.107290E+02  0.718516E+02 -0.796030E+01  0.264748E+02 -0.130132E-03***********  -1600.538    -15.083     500
   501.00000  0.107290E+02  0.722097E+02 -0.796030E+01  0.264748E+02 -0.130385E-03***********  -1600.538    -15.083     501
   502.00000  0.107290E+02  0.726898E+02 -0.796030E+01  0.264748E+02 -0.130638E-03***********  -1600.538    -15.083     502
   503.00000  0.107290E+02  0.730504E+02 -0.796030E+01  0.264748E+02 -0.130892E-03***********  -1600.538    -15.083     503
   504.00000  0.107290E+02  0.734035E+02 -0.796030E+01  0.264748E+02 -0.131145E-03***********  -1600.538    -15.083     504
   505.00000  0.107290E+02  0.736524E+02 -0.796030E+01  0.264748E+02 -0.131398E-03***********  -1600.538    -15.084     505
   506.00000  0.107290E+02  0.739496E+02 -0.796030E+01  0.264748E+02 -0.131652E-03***********  -1600.538    -15.084     506
   507.00000  0.107290E+02  0.742392E+02 -0.796030E+01  0.264748E+02 -0.131905E-03***********  -1600.538    -15.084     507
   508.00000  0.107290E+02  0.744728E+02 -0.796030E+01  0.264748E+02 -0.132158E-03***********  -1600.538    -15.084     508
   509.00000  0.107290E+02  0.747294E+02 -0.796030E+01  0.264748E+02 -0.132427E-03***********  -1600.538    -15.084     509
   510.00000  0.107290E+02  0.751282E+02 -0.796030E+01  0.264748E+02 -0.132665E-03***********  -1600.538    -15.084     510
   511.00000  0.107290E+02  0.754431E+02 -0.796030E+01  0.264748E+02 -0.132933E-03***********  -1600.538    -15.084     511
   512.00000  0.107290E+02  0.758648E+02 -0.796030E+01  0.264748E+02 -0.133172E-03***********  -1600.538    -15.085     512
   513.00000  0.107290E+02  0.762762E+02 -0.796030E+01  0.264748E+02 -0.133440E-03***********  -1600.538    -15.085     513
   514.00000  0.107290E+02  0.767461E+02 -0.796030E+01  0.264748E+02 -0.133678E-03***********  -1600.538    -15.085     514
   515.00000  0.107290E+02  0.771576E+02 -0.796030E+01  0.264748E+02 -0.133947E-03***********  -1600.538    -15.085     515
   516.00000  0.107290E+02  0.775234E+02 -0.796030E+01  0.264748E+02 -0.134185E-03***********  -1600.538    -15.085     516
   517.00000  0.107290E+02  0.779247E+02 -0.796030E+01  0.264748E+02 -0.134453E-03***********  -1600.538    -15.085     517
   518.00000  0.107290E+02  0.782930E+02 -0.796030E+01  0.264748E+02 -0.134692E-03***********  -1600.682    -15.086     518
   519.00000  0.107290E+02  0.787045E+02 -0.796030E+01  0.264748E+02 -0.134960E-03***********  -1600.681    -15.086     519
   520.00000  0.107290E+02  0.791693E+02 -0.796030E+01  0.264748E+02 -0.135198E-03***********  -1600.682    -15.086     520
   521.00000  0.107290E+02  0.796468E+02 -0.796030E+01  0.264748E+02 -0.135466E-03***********  -1600.681    -15.086     521
   522.00000  0.107290E+02  0.800913E+02 -0.796030E+01  0.264748E+02 -0.135705E-03***********  -1600.682    -15.086     522
   523.00000  0.107290E+02  0.805333E+02 -0.796030E+01  0.264748E+02 -0.135973E-03***********  -1600.682    -15.086     523
   524.00000  0.107290E+02  0.809600E+02 -0.796030E+01  0.264748E+02 -0.136212E-03***********  -1600.682    -15.087     524
   525.00000  0.107290E+02  0.813766E+02 -0.796030E+01  0.264748E+02 -0.136480E-03***********  -1600.682    -15.087     525
   526.00000  0.107290E+02  0.817753E+02 -0.796030E+01  0.264748E+02 -0.136733E-03***********  -1600.681    -15.087     526
   527.00000  0.107290E+02  0.822351E+02 -0.796030E+01  0.264748E+02 -0.136986E-03***********  -1600.682    -15.087     527
   528.00000  0.107290E+02  0.827863E+02 -0.796030E+01  0.264748E+02 -0.137240E-03***********  -1600.681    -15.087     528
   529.00000  0.920501E+01  0.833069E+02 -0.911311E+01  0.265350E+02 -0.137255E-03      0.000  -1384.753    -15.087     529
   530.00000  0.768101E+01  0.837616E+02 -0.974788E+01  0.266182E+02 -0.137269E-03      0.000  -1276.349    -15.087     530
   531.00000  0.615701E+01  0.841781E+02 -0.103067E+02  0.267084E+02 -0.137374E-03      0.000  -1215.247    -15.087     531
   532.00000  0.450721E+01  0.845058E+02 -0.108343E+02  0.267787E+02 -0.137478E-03      0.000  -1107.092    -15.087     532
   533.00000  0.292201E+01  0.849375E+02 -0.113481E+02  0.268689E+02 -0.137612E-03      0.000  -1049.476    -15.087     533
   534.00000 -0.671288E+00  0.850341E+02 -0.118536E+02  0.268868E+02 -0.137672E-03      0.000   -940.345    -15.087     534
   535.00000 -0.671288E+00  0.852678E+02 -0.118536E+02  0.270353E+02 -0.137910E-03     -8.291   -942.878    -15.088     535
   536.00000 -0.671288E+00  0.856437E+02 -0.118536E+02  0.272743E+02 -0.138149E-03     -9.448   -945.364    -15.088     536
   537.00000 -0.671288E+00  0.860628E+02 -0.118536E+02  0.275407E+02 -0.138402E-03    -10.445   -948.260    -15.088     537
   538.00000 -0.671288E+00  0.863980E+02 -0.118536E+02  0.277539E+02 -0.138640E-03    -11.235   -951.193    -15.088     538
   539.00000 -0.671288E+00  0.868248E+02 -0.118536E+02  0.280251E+02 -0.138879E-03    -11.690   -954.697    -15.088     539
   540.00000 -0.671288E+00  0.873810E+02 -0.118536E+02  0.283788E+02 -0.139132E-03    -11.962   -960.307    -15.088     540
   541.00000 -0.671288E+00  0.878713E+02 -0.118536E+02  0.286904E+02 -0.139400E-03    -12.334   -968.522    -15.089     541
   542.00000 -0.671288E+00  0.882827E+02 -0.118536E+02  0.289520E+02 -0.139669E-03    -12.779   -979.143    -15.089     542
   543.00000 -0.671288E+00  0.887247E+02 -0.118536E+02  0.292329E+02 -0.139922E-03    -13.274   -994.557    -15.089     543
   544.00000 -0.671288E+00  0.890473E+02 -0.118536E+02  0.294380E+02 -0.140175E-03    -13.793  -1018.277    -15.089     544
   545.00000 -0.671288E+00  0.892657E+02 -0.118536E+02  0.295769E+02 -0.140429E-03    -14.240  -1046.172    -15.089     545
   546.00000 -0.671288E+00  0.896416E+02 -0.118536E+02  0.298159E+02 -0.140682E-03    -14.583  -1104.179    -15.089     546
   547.00000 -0.671288E+00  0.899109E+02 -0.118536E+02  0.299528E+02 -0.140950E-03    -14.828  -1253.679    -15.090     547
   548.00000 -0.671288E+00  0.902817E+02 -0.118536E+02  0.300480E+02 -0.141189E-03    -15.025  -1390.692    -15.090     548
   549.00000 -0.206829E+01  0.907085E+02 -0.129084E+02  0.301806E+02 -0.141203E-03      0.000  -1287.239    -15.090     549
   550.00000 -0.206829E+01  0.909549E+02 -0.129084E+02  0.302627E+02 -0.141457E-03     -8.449  -1335.167    -15.090     550
   551.00000 -0.487419E+01  0.913131E+02 -0.135608E+02  0.303437E+02 -0.141472E-03      0.000  -1260.982    -15.090     551
   552.00000 -0.487419E+01  0.916890E+02 -0.135608E+02  0.304754E+02 -0.141710E-03     -8.649  -1273.904    -15.090     552
   553.00000 -0.783649E+01  0.920370E+02 -0.141647E+02  0.305533E+02 -0.141799E-03      0.000  -1215.561    -15.090     553
   554.00000 -0.783649E+01  0.924815E+02 -0.141647E+02  0.307301E+02 -0.142053E-03     -8.776  -1218.179    -15.090     554
   555.00000 -0.106305E+02  0.929438E+02 -0.147577E+02  0.308420E+02 -0.142112E-03      0.000  -1160.358    -15.090     555
   556.00000 -0.106305E+02  0.934010E+02 -0.147577E+02  0.310478E+02 -0.142381E-03     -8.742  -1163.220    -15.090     556
   557.00000 -0.134245E+02  0.938785E+02 -0.153421E+02  0.311692E+02 -0.142410E-03      0.000  -1105.604    -15.091     557
   558.00000 -0.148658E+02  0.943103E+02 -0.158541E+02  0.312579E+02 -0.142530E-03      0.000  -1005.548    -15.091     558
   559.00000 -0.148658E+02  0.947472E+02 -0.158541E+02  0.315170E+02 -0.142753E-03     -8.735  -1006.678    -15.091     559
   560.00000 -0.148658E+02  0.951968E+02 -0.158541E+02  0.317835E+02 -0.142992E-03     -9.990  -1015.305    -15.091     560
   561.00000 -0.148658E+02  0.956236E+02 -0.158541E+02  0.320315E+02 -0.143260E-03    -10.976  -1034.480    -15.091     561
   562.00000 -0.148658E+02  0.961062E+02 -0.158541E+02  0.322995E+02 -0.143498E-03    -11.589  -1053.875    -15.091     562
   563.00000 -0.148658E+02  0.965684E+02 -0.158541E+02  0.325536E+02 -0.143766E-03    -11.907  -1064.176    -15.091     563
   564.00000 -0.148658E+02  0.970206E+02 -0.158541E+02  0.328014E+02 -0.144035E-03    -12.266  -1072.018    -15.092     564
   565.00000 -0.148658E+02  0.973965E+02 -0.158541E+02  0.330073E+02 -0.144288E-03    -12.689  -1079.982    -15.092     565
   566.00000 -0.148658E+02  0.978054E+02 -0.158541E+02  0.332313E+02 -0.144526E-03    -13.151  -1090.755    -15.092     566
   567.00000 -0.148658E+02  0.982194E+02 -0.158541E+02  0.334580E+02 -0.144780E-03    -13.650  -1109.087    -15.092     567
   568.00000 -0.148658E+02  0.985903E+02 -0.158541E+02  0.336611E+02 -0.145018E-03    -14.145  -1142.429    -15.092     568
   569.00000 -0.148658E+02  0.989763E+02 -0.158541E+02  0.338610E+02 -0.145271E-03    -14.564  -1219.091    -15.092     569
   570.00000 -0.148658E+02  0.994589E+02 -0.158541E+02  0.339881E+02 -0.145510E-03    -14.817  -1375.137    -15.092     570
   571.00000 -0.148658E+02  0.100015E+03 -0.158541E+02  0.340340E+02 -0.145748E-03    -15.025  -1510.017    -15.093     571
   572.00000 -0.148658E+02  0.100604E+03 -0.158541E+02  0.340457E+02 -0.146002E-03    -15.255  -1572.152    -15.093     572
   573.00000 -0.148658E+02  0.101077E+03 -0.158541E+02  0.340488E+02 -0.146270E-03    -15.478  -1592.841    -15.093     573
   574.00000 -0.148658E+02  0.101483E+03 -0.158541E+02  0.340497E+02 -0.146523E-03    -15.689  -1598.536    -15.093     574
   575.00000 -0.148658E+02  0.101826E+03 -0.158541E+02  0.340500E+02 -0.146776E-03    -15.888  -1599.510    -15.093     575
   576.00000 -0.148658E+02  0.102268E+03 -0.158541E+02  0.340503E+02 -0.147030E-03    -16.074  -1599.659    -15.093     576
   577.00000 -0.148658E+02  0.102649E+03 -0.158541E+02  0.340506E+02 -0.147283E-03    -16.248  -1599.754    -15.094     577
   578.00000 -0.148658E+02  0.103119E+03 -0.158541E+02  0.340509E+02 -0.147536E-03    -16.411  -1599.838    -15.094     578
   579.00000 -0.148658E+02  0.103533E+03 -0.158541E+02  0.340511E+02 -0.147790E-03    -16.564  -1599.916    -15.094     579
   580.00000 -0.148658E+02  0.103962E+03 -0.158541E+02  0.340514E+02 -0.148058E-03    -16.707  -1599.989    -15.094     580
   581.00000 -0.148658E+02  0.104326E+03 -0.158541E+02  0.340516E+02 -0.148311E-03    -16.841  -1600.058    -15.094     581
   582.00000 -0.148658E+02  0.104458E+03 -0.158541E+02  0.340518E+02 -0.148550E-03    -16.966  -1600.113    -15.094     582
   583.00000 -0.148658E+02  0.104790E+03 -0.158541E+02  0.340520E+02 -0.148803E-03    -17.084  -1600.174    -15.095     583
   584.00000 -0.148658E+02  0.105136E+03 -0.158541E+02  0.340522E+02 -0.149056E-03    -17.193  -1600.236    -15.095     584
   585.00000 -0.148658E+02  0.105255E+03 -0.158541E+02  0.340523E+02 -0.149310E-03    -17.296  -1600.217    -15.095     585
   586.00000 -0.148658E+02  0.105507E+03 -0.158541E+02  0.340525E+02 -0.149563E-03    -17.392  -1600.295    -15.095     586
   587.00000 -0.148658E+02  0.105819E+03 -0.158541E+02  0.340526E+02 -0.149816E-03    -17.482  -1600.375    -15.095     587
   588.00000 -0.148658E+02  0.106134E+03 -0.158541E+02  0.340528E+02 -0.150070E-03    -17.566  -1600.428    -15.095     588
   589.00000 -0.148658E+02  0.106500E+03 -0.158541E+02  0.340529E+02 -0.150308E-03    -17.644  -1600.471    -15.096     589
   590.00000 -0.148658E+02  0.106878E+03 -0.158541E+02  0.340530E+02 -0.150561E-03    -17.718  -1600.510    -15.096     590
   591.00000 -0.148658E+02  0.107203E+03 -0.158541E+02  0.340531E+02 -0.150830E-03    -17.786  -1600.545    -15.096     591
   592.00000 -0.148658E+02  0.107526E+03 -0.158541E+02  0.340532E+02 -0.151083E-03    -17.851  -1600.579    -15.096     592
   593.00000 -0.148658E+02  0.107930E+03 -0.158541E+02  0.340533E+02 -0.151336E-03    -17.911  -1600.610    -15.096     593
   594.00000 -0.148658E+02  0.108311E+03 -0.158541E+02  0.340534E+02 -0.151604E-03    -17.967  -1600.639    -15.096     594
   595.00000 -0.148658E+02  0.108669E+03 -0.158541E+02  0.340535E+02 -0.151858E-03    -18.019  -1600.641    -15.097     595
   596.00000 -0.148658E+02  0.109045E+03 -0.158541E+02  0.340536E+02 -0.152111E-03    -18.068  -1600.656    -15.097     596
   597.00000 -0.148658E+02  0.109479E+03 -0.158541E+02  0.340536E+02 -0.152364E-03    -18.114  -1600.679    -15.097     597
   598.00000 -0.148658E+02  0.109822E+03 -0.158541E+02  0.340537E+02 -0.152633E-03    -18.157  -1600.662    -15.097     598
   599.00000 -0.148658E+02  0.110112E+03 -0.158541E+02  0.340538E+02 -0.152886E-03    -18.196  -1600.653    -15.097     599
   600.00000 -0.148658E+02  0.110427E+03 -0.158541E+02  0.340538E+02 -0.153139E-03    -18.234  -1600.671    -15.097     600
   601.00000 -0.148658E+02  0.110805E+03 -0.158541E+02  0.340539E+02 -0.153393E-03    -18.269  -1600.694    -15.097     601
   602.00000 -0.148658E+02  0.111148E+03 -0.158541E+02  0.340539E+02 -0.153646E-03    -18.301  -1600.691    -15.098     602
   603.00000 -0.148658E+02  0.111519E+03 -0.158541E+02  0.340540E+02 -0.153899E-03    -18.332  -1600.702    -15.098     603
   604.00000 -0.148658E+02  0.111867E+03 -0.158541E+02  0.340540E+02 -0.154153E-03    -18.360  -1600.701    -15.098     604
   605.00000 -0.148658E+02  0.112329E+03 -0.158541E+02  0.340541E+02 -0.154421E-03    -18.387  -1600.725    -15.098     605
   606.00000 -0.148658E+02  0.112593E+03 -0.158541E+02  0.340541E+02 -0.154674E-03    -18.411  -1600.696    -15.098     606
   607.00000 -0.148658E+02  0.112989E+03 -0.158541E+02  0.340541E+02 -0.154927E-03    -18.435  -1600.728    -15.098     607
   608.00000 -0.148658E+02  0.113355E+03 -0.158541E+02  0.340542E+02 -0.155181E-03    -18.456  -1600.725    -15.099     608
   609.00000 -0.148658E+02  0.113660E+03 -0.158541E+02  0.340542E+02 -0.155434E-03    -18.476  -1600.718    -15.099     609
   610.00000 -0.148658E+02  0.113950E+03 -0.158541E+02  0.340542E+02 -0.155672E-03    -18.495   -796.136    -15.099     610
   611.00000 -0.148658E+02  0.114252E+03 -0.158541E+02  0.340543E+02 -0.155911E-03    -18.513   -796.144    -15.099     611
   612.00000 -0.148658E+02  0.114549E+03 -0.158541E+02  0.340543E+02 -0.156179E-03    -18.530   -796.149    -15.099     612
   613.00000 -0.148658E+02  0.114844E+03 -0.158541E+02  0.340543E+02 -0.156432E-03    -18.545   -796.126    -15.099     613
   614.00000 -0.148658E+02  0.115133E+03 -0.158541E+02  0.340543E+02 -0.156686E-03    -18.559   -796.134    -15.100     614
   615.00000 -0.148658E+02  0.115436E+03 -0.158541E+02  0.340544E+02 -0.156939E-03    -18.573   -796.149    -15.100     615
   616.00000 -0.148658E+02  0.115728E+03 -0.158541E+02  0.340544E+02 -0.157207E-03    -18.585   -796.130    -15.100     616
   617.00000 -0.148658E+02  0.116012E+03 -0.158541E+02  0.340544E+02 -0.157446E-03    -18.597   -796.140    -15.100     617
   618.00000 -0.148658E+02  0.116408E+03 -0.158541E+02  0.340544E+02 -0.157699E-03    -18.608   -796.126    -15.100     618
   619.00000 -0.148658E+02  0.116591E+03 -0.158541E+02  0.340544E+02 -0.157967E-03    -18.618   -796.140    -15.100     619
   620.00000 -0.148658E+02  0.116744E+03 -0.158541E+02  0.340545E+02 -0.158221E-03    -18.628   -796.128    -15.101     620
   621.00000 -0.148658E+02  0.116807E+03 -0.158541E+02  0.340545E+02 -0.158459E-03    -18.637   -796.143    -15.101     621
   622.00000 -0.148658E+02  0.117046E+03 -0.158541E+02  0.340545E+02 -0.158712E-03    -18.645   -796.133    -15.101     622
   623.00000 -0.148658E+02  0.117404E+03 -0.158541E+02  0.340545E+02 -0.158980E-03    -18.653   -796.153    -15.101     623
   624.00000 -0.148658E+02  0.117577E+03 -0.158541E+02  0.340545E+02 -0.159234E-03    -18.660   -796.142    -15.101     624
   625.00000 -0.148658E+02  0.117775E+03 -0.158541E+02  0.340545E+02 -0.159487E-03    -18.667   -796.132    -15.101     625
   626.00000 -0.148658E+02  0.117942E+03 -0.158541E+02  0.340545E+02 -0.159755E-03    -18.673   -796.154    -15.102     626
   627.00000 -0.148658E+02  0.118031E+03 -0.158541E+02  0.340545E+02 -0.160009E-03    -18.679   -796.145    -15.102     627
   628.00000 -0.148658E+02  0.118275E+03 -0.158541E+02  0.340545E+02 -0.160247E-03    -18.685   -796.136    -15.102     628
   629.00000 -0.148658E+02  0.118621E+03 -0.158541E+02  0.340546E+02 -0.160500E-03    -18.690   -796.129    -15.102     629
   630.00000 -0.148658E+02  0.118816E+03 -0.158541E+02  0.340546E+02 -0.160769E-03    -18.695   -796.150    -15.102     630
   631.00000 -0.148658E+02  0.119139E+03 -0.158541E+02  0.340546E+02 -0.161022E-03    -18.699   -796.145    -15.102     631
   632.00000 -0.148658E+02  0.119406E+03 -0.158541E+02  0.340546E+02 -0.161275E-03    -18.704   -796.139    -15.103     632
   633.00000 -0.148658E+02  0.119847E+03 -0.158541E+02  0.340546E+02 -0.161543E-03    -18.708   -796.133    -15.103     633
   634.00000 -0.148658E+02  0.120244E+03 -0.158541E+02  0.340546E+02 -0.161797E-03    -18.711   -796.157    -15.103     634
   635.00000 -0.148658E+02  0.120561E+03 -0.158541E+02  0.340546E+02 -0.162035E-03    -18.715   -796.151    -15.103     635
   636.00000 -0.148658E+02  0.120970E+03 -0.158541E+02  0.340546E+02 -0.162289E-03    -18.718   -796.146    -15.103     636
   637.00000 -0.148658E+02  0.121204E+03 -0.158541E+02  0.340546E+02 -0.162542E-03    -18.721   -796.142    -15.103     637
   638.00000 -0.148658E+02  0.121521E+03 -0.158541E+02  0.340546E+02 -0.162795E-03    -18.724   -796.138    -15.103     638
   639.00000 -0.148658E+02  0.121730E+03 -0.158541E+02  0.340546E+02 -0.163049E-03    -18.726   -796.134    -15.104     639
   640.00000 -0.143248E+02  0.121730E+03 -0.157231E+02  0.340546E+02 -0.163302E-03***********   -796.134    -15.104     640
   641.00000 -0.141317E+02  0.121730E+03 -0.157231E+02  0.340546E+02 -0.163570E-03***********   -796.134    -15.104     641
   642.00000 -0.139565E+02  0.121730E+03 -0.157231E+02  0.340546E+02 -0.163823E-03***********   -796.134    -15.104     642
   643.00000 -0.134942E+02  0.121730E+03 -0.157231E+02  0.340546E+02 -0.164062E-03***********   -796.134    -15.104     643
   644.00000 -0.132402E+02  0.121730E+03 -0.157231E+02  0.340546E+02 -0.164315E-03***********   -796.134    -15.104     644
   645.00000 -0.130167E+02  0.121730E+03 -0.157231E+02  0.340546E+02 -0.164583E-03***********   -796.134    -15.105     645
   646.00000 -0.126814E+02  0.121730E+03 -0.157231E+02  0.340546E+02 -0.164837E-03***********   -796.134    -15.105     646
   647.00000 -0.123283E+02  0.121730E+03 -0.157231E+02  0.340546E+02 -0.165075E-03***********   -796.134    -15.105     647
   648.00000 -0.120489E+02  0.121730E+03 -0.157231E+02  0.340546E+02 -0.165343E-03***********   -796.134    -15.105     648
   649.00000 -0.118737E+02  0.121730E+03 -0.157231E+02  0.340546E+02 -0.165612E-03***********   -796.134    -15.105     649
   650.00000 -0.117441E+02  0.121730E+03 -0.157231E+02  0.340546E+02 -0.165850E-03***********   -796.134    -15.105     650
   651.00000 -0.115968E+02  0.121730E+03 -0.157231E+02  0.340546E+02 -0.166103E-03***********   -796.134    -15.106     651
   652.00000 -0.114419E+02  0.121730E+03 -0.157231E+02  0.340546E+02 -0.166371E-03***********   -796.134    -15.106     652
   653.00000 -0.111371E+02  0.121730E+03 -0.157231E+02  0.340546E+02 -0.166610E-03***********   -796.134    -15.106     653
   654.00000 -0.109034E+02  0.121730E+03 -0.157231E+02  0.340546E+02 -0.166848E-03***********   -796.134    -15.106     654
   655.00000 -0.106443E+02  0.121730E+03 -0.157231E+02  0.340546E+02 -0.167117E-03***********   -796.134    -15.106     655
   656.00000 -0.105072E+02  0.121730E+03 -0.157231E+02  0.340546E+02 -0.167385E-03***********   -796.134    -15.106     656
   657.00000 -0.102506E+02  0.121730E+03 -0.157231E+02  0.340546E+02 -0.167623E-03***********   -796.134    -15.107     657
   658.00000 -0.976293E+01  0.121730E+03 -0.157231E+02  0.340546E+02 -0.167876E-03***********   -796.134    -15.107     658
   659.00000 -0.935653E+01  0.121730E+03 -0.157231E+02  0.340546E+02 -0.168145E-03***********   -796.134    -15.107     659
   660.00000 -0.915587E+01  0.121730E+03 -0.157231E+02  0.340546E+02 -0.168383E-03***********   -796.134    -15.107     660
   661.00000 -0.898315E+01  0.121730E+03 -0.157231E+02  0.340546E+02 -0.168622E-03***********   -796.134    -15.107     661
   662.00000 -0.872915E+01  0.121730E+03 -0.157231E+02  0.340546E+02 -0.168890E-03***********   -796.134    -15.107     662
   663.00000 -0.856405E+01  0.121730E+03 -0.157231E+02  0.340546E+02 -0.169158E-03***********   -796.134    -15.108     663
   664.00000 -0.845737E+01  0.121730E+03 -0.157231E+02  0.340546E+02 -0.169396E-03***********   -796.134    -15.108     664
   665.00000 -0.818051E+01  0.121730E+03 -0.157231E+02  0.340546E+02 -0.169650E-03***********   -796.134    -15.108     665
   666.00000 -0.785285E+01  0.121730E+03 -0.157231E+02  0.340546E+02 -0.169918E-03***********   -796.134    -15.108     666
   667.00000 -0.763949E+01  0.121730E+03 -0.157231E+02  0.340546E+02 -0.170171E-03***********   -796.134    -15.108     667
   668.00000 -0.755821E+01  0.121730E+03 -0.157231E+02  0.340546E+02 -0.170410E-03***********   -796.134    -15.108     668
   669.00000 -0.738295E+01  0.121730E+03 -0.157231E+02  0.340546E+02 -0.170678E-03***********   -796.134    -15.108     669
   670.00000 -0.723563E+01  0.121730E+03 -0.157231E+02  0.340546E+02 -0.170946E-03***********   -796.134    -15.109     670
   671.00000 -0.706545E+01  0.121730E+03 -0.157231E+02  0.340546E+02 -0.171185E-03***********   -796.134    -15.109     671
   672.00000 -0.685463E+01  0.121730E+03 -0.157231E+02  0.340546E+02 -0.171423E-03***********   -796.134    -15.109     672
   673.00000 -0.675303E+01  0.121730E+03 -0.157231E+02  0.340546E+02 -0.171691E-03***********   -796.134    -15.109     673
   674.00000 -0.653459E+01  0.121730E+03 -0.157231E+02  0.340546E+02 -0.171944E-03***********   -796.134    -15.109     674
   675.00000 -0.645585E+01  0.121730E+03 -0.157231E+02  0.340546E+02 -0.172183E-03***********   -796.134    -15.109     675
   676.00000 -0.630345E+01  0.121730E+03 -0.157231E+02  0.340546E+02 -0.172451E-03***********   -796.134    -15.110     676
   677.00000 -0.601643E+01  0.121730E+03 -0.157231E+02  0.340546E+02 -0.172719E-03***********   -796.134    -15.110     677
   678.00000 -0.576497E+01  0.121730E+03 -0.157231E+02  0.340546E+02 -0.172958E-03***********   -796.134    -15.110     678
   679.00000 -0.565321E+01  0.121730E+03 -0.157231E+02  0.340546E+02 -0.173211E-03***********   -796.134    -15.110     679
   680.00000 -0.554907E+01  0.121730E+03 -0.157231E+02  0.340546E+02 -0.173479E-03***********   -796.134    -15.110     680
   681.00000 -0.536365E+01  0.121730E+03 -0.157231E+02  0.340546E+02 -0.173748E-03***********   -796.134    -15.110     681
   682.00000 -0.518077E+01  0.121730E+03 -0.157231E+02  0.340546E+02 -0.173986E-03***********   -796.134    -15.111     682
   683.00000 -0.490137E+01  0.121730E+03 -0.157231E+02  0.340546E+02 -0.174254E-03***********   -796.134    -15.111     683
   684.00000 -0.466007E+01  0.121730E+03 -0.157231E+02  0.340546E+02 -0.174493E-03***********   -796.134    -15.111     684
   685.00000 -0.459149E+01  0.121730E+03 -0.157231E+02  0.340546E+02 -0.174731E-03***********   -796.134    -15.111     685
   686.00000 -0.444163E+01  0.121730E+03 -0.157231E+02  0.340546E+02 -0.174969E-03***********   -796.134    -15.111     686
   687.00000 -0.412413E+01  0.121730E+03 -0.157231E+02  0.340546E+02 -0.175208E-03***********   -796.134    -15.111     687
   688.00000 -0.398951E+01  0.121730E+03 -0.157231E+02  0.340546E+02 -0.175446E-03***********   -796.134    -15.112     688
   689.00000 -0.394887E+01  0.121730E+03 -0.157231E+02  0.340546E+02 -0.175685E-03***********   -796.134    -15.112     689
   690.00000 -0.391839E+01  0.121730E+03 -0.157231E+02  0.340546E+02 -0.175923E-03***********   -796.134    -15.112     690
   691.00000 -0.387775E+01  0.121730E+03 -0.157231E+02  0.340546E+02 -0.176162E-03***********   -796.134    -15.112     691
   692.00000 -0.386505E+01  0.121730E+03 -0.157231E+02  0.340546E+02 -0.176400E-03***********   -796.134    -15.112     692
   693.00000 -0.384473E+01  0.121730E+03 -0.157231E+02  0.340546E+02 -0.176638E-03***********   -796.134    -15.112     693
   694.00000 -0.382695E+01  0.121730E+03 -0.157231E+02  0.340546E+02 -0.176877E-03***********   -796.134    -15.112     694
   695.00000 -0.380917E+01  0.121730E+03 -0.157231E+02  0.340546E+02 -0.177115E-03***********   -796.134    -15.113     695
   696.00000 -0.373297E+01  0.121730E+03 -0.157231E+02  0.340546E+02 -0.177354E-03***********   -796.134    -15.113     696
   697.00000 -0.371011E+01  0.121730E+03 -0.157231E+02  0.340546E+02 -0.177592E-03***********   -796.134    -15.113     697
   698.00000 -0.366947E+01  0.121730E+03 -0.157231E+02  0.340546E+02 -0.177830E-03***********   -796.134    -15.113     698
   699.00000 -0.365169E+01  0.121730E+03 -0.157231E+02  0.340546E+02 -0.178069E-03***********   -796.134    -15.113     699
   700.00000 -0.353231E+01  0.121730E+03 -0.157231E+02  0.340546E+02 -0.178307E-03***********   -796.134    -15.113     700
   701.00000 -0.349929E+01  0.121730E+03 -0.157231E+02  0.340546E+02 -0.178546E-03***********   -796.134    -15.113     701
   702.00000 -0.341801E+01  0.121730E+03 -0.157231E+02  0.340546E+02 -0.178784E-03***********   -796.134    -15.114     702
   703.00000 -0.326053E+01  0.121730E+03 -0.157231E+02  0.340546E+02 -0.179023E-03***********   -796.134    -15.114     703
   704.00000 -0.321227E+01  0.121730E+03 -0.157231E+02  0.340546E+02 -0.179261E-03***********   -796.134    -15.114     704
   705.00000 -0.303193E+01  0.121730E+03 -0.157231E+02  0.340546E+02 -0.179499E-03***********   -796.134    -15.114     705
   706.00000 -0.274237E+01  0.121730E+03 -0.157231E+02  0.340546E+02 -0.179738E-03***********   -796.134    -15.114     706
   707.00000 -0.237661E+01  0.121730E+03 -0.157231E+02  0.340546E+02 -0.179976E-03***********   -796.134    -15.114     707
   708.00000 -0.224707E+01  0.121730E+03 -0.157231E+02  0.340546E+02 -0.180215E-03***********   -796.134    -15.115     708
   709.00000 -0.218865E+01  0.121730E+03 -0.157231E+02  0.340546E+02 -0.180453E-03***********   -796.134    -15.115     709
   710.00000 -0.212007E+01  0.121730E+03 -0.157231E+02  0.340546E+02 -0.180691E-03***********   -796.134    -15.115     710
   711.00000 -0.201339E+01  0.121730E+03 -0.157231E+02  0.340546E+02 -0.180930E-03***********   -796.134    -15.115     711
   712.00000 -0.195751E+01  0.121730E+03 -0.157231E+02  0.340546E+02 -0.181168E-03***********   -796.134    -15.115     712
   713.00000 -0.182289E+01  0.121730E+03 -0.157231E+02  0.340546E+02 -0.181407E-03***********   -796.134    -15.115     713
   714.00000 -0.163747E+01  0.121730E+03 -0.157231E+02  0.340546E+02 -0.181645E-03***********   -796.134    -15.115     714
   715.00000 -0.152825E+01  0.121730E+03 -0.157231E+02  0.340546E+02 -0.181884E-03***********   -796.134    -15.116     715
   716.00000 -0.146983E+01  0.121730E+03 -0.157231E+02  0.340546E+02 -0.182122E-03***********   -796.134    -15.116     716
   717.00000 -0.144951E+01  0.121730E+03 -0.157231E+02  0.340546E+02 -0.182360E-03***********   -796.134    -15.116     717
   718.00000 -0.127679E+01  0.121730E+03 -0.157231E+02  0.340546E+02 -0.182599E-03***********   -796.134    -15.116     718
   719.00000 -0.115487E+01  0.121730E+03 -0.157231E+02  0.340546E+02 -0.182837E-03***********   -796.134    -15.116     719
   720.00000 -0.936433E+00  0.121730E+03 -0.157231E+02  0.340546E+02 -0.183076E-03***********   -796.134    -15.116     720
   721.00000 -0.684973E+00  0.121730E+03 -0.157231E+02  0.340546E+02 -0.183314E-03***********   -796.134    -15.117     721
   722.00000 -0.512253E+00  0.121730E+03 -0.157231E+02  0.340546E+02 -0.183553E-03***********   -796.134    -15.117     722
   723.00000 -0.314133E+00  0.121730E+03 -0.157231E+02  0.340546E+02 -0.183791E-03***********   -796.134    -15.117     723
   724.00000 -0.126173E+00  0.121730E+03 -0.157231E+02  0.340546E+02 -0.184029E-03***********   -796.134    -15.117     724
   725.00000  0.770271E-01  0.121730E+03 -0.157231E+02  0.340546E+02 -0.184268E-03***********   -796.134    -15.117     725
   726.00000  0.295467E+00  0.121730E+03 -0.157231E+02  0.340546E+02 -0.184506E-03***********   -796.134    -15.117     726
   727.00000  0.470727E+00  0.121730E+03 -0.157231E+02  0.340546E+02 -0.184745E-03***********   -796.134    -15.117     727
   728.00000  0.676467E+00  0.121730E+03 -0.157231E+02  0.340546E+02 -0.184983E-03***********   -796.134    -15.118     728
   729.00000  0.755207E+00  0.121730E+03 -0.157231E+02  0.340546E+02 -0.185221E-03***********   -796.134    -15.118     729
   730.00000  0.770447E+00  0.121730E+03 -0.157231E+02  0.340546E+02 -0.185460E-03***********   -796.134    -15.118     730
   731.00000  0.770447E+00  0.121730E+03 -0.157231E+02  0.340546E+02 -0.185698E-03***********   -796.134    -15.118     731
   732.00000  0.783147E+00  0.121730E+03 -0.157231E+02  0.340546E+02 -0.185937E-03***********   -796.134    -15.118     732
   733.00000  0.795847E+00  0.121730E+03 -0.157231E+02  0.340546E+02 -0.186175E-03***********   -796.134    -15.118     733
   734.00000  0.808547E+00  0.121730E+03 -0.157231E+02  0.340546E+02 -0.186414E-03***********   -796.134    -15.118     734
   735.00000  0.818707E+00  0.121730E+03 -0.157231E+02  0.340546E+02 -0.186652E-03***********   -796.134    -15.119     735
   736.00000  0.823787E+00  0.121730E+03 -0.157231E+02  0.340546E+02 -0.186890E-03***********   -796.134    -15.119     736
   737.00000  0.839027E+00  0.121730E+03 -0.157231E+02  0.340546E+02 -0.187129E-03***********   -796.134    -15.119     737
   738.00000  0.910147E+00  0.121730E+03 -0.157231E+02  0.340546E+02 -0.187367E-03***********   -796.134    -15.119     738
   739.00000  0.101683E+01  0.121730E+03 -0.157231E+02  0.340546E+02 -0.187606E-03***********   -796.134    -15.119     739
   740.00000  0.108287E+01  0.121730E+03 -0.157231E+02  0.340546E+02 -0.187844E-03***********   -796.134    -15.119     740
   741.00000  0.127337E+01  0.121730E+03 -0.157231E+02  0.340546E+02 -0.188082E-03***********   -796.134    -15.120     741
   742.00000  0.131909E+01  0.121730E+03 -0.157231E+02  0.340546E+02 -0.188321E-03***********   -796.134    -15.120     742
   743.00000  0.134195E+01  0.121730E+03 -0.157231E+02  0.340546E+02 -0.188559E-03***********   -796.134    -15.120     743
   744.00000  0.139783E+01  0.121730E+03 -0.157231E+02  0.340546E+02 -0.188798E-03***********   -796.134    -15.120     744
   745.00000  0.150451E+01  0.121730E+03 -0.157231E+02  0.340546E+02 -0.189036E-03***********   -796.134    -15.120     745
   746.00000  0.163151E+01  0.121730E+03 -0.157231E+02  0.340546E+02 -0.189275E-03***********   -796.134    -15.120     746
   747.00000  0.183725E+01  0.121730E+03 -0.157231E+02  0.340546E+02 -0.189513E-03***********   -796.134    -15.120     747
   748.00000  0.187789E+01  0.121730E+03 -0.157231E+02  0.340546E+02 -0.189751E-03***********   -796.134    -15.121     748
   749.00000  0.189821E+01  0.121730E+03 -0.157231E+02  0.340546E+02 -0.189990E-03***********   -796.134    -15.121     749
   750.00000  0.191599E+01  0.121730E+03 -0.157231E+02  0.340546E+02 -0.190228E-03***********   -796.134    -15.121     750
   751.00000  0.197187E+01  0.121730E+03 -0.157231E+02  0.340546E+02 -0.190467E-03***********   -796.134    -15.121     751
   752.00000  0.212173E+01  0.121730E+03 -0.157231E+02  0.340546E+02 -0.190705E-03***********   -796.134    -15.121     752
   753.00000  0.216745E+01  0.121730E+03 -0.157231E+02  0.340546E+02 -0.190943E-03***********   -796.134    -15.121     753
   754.00000  0.232239E+01  0.121730E+03 -0.157231E+02  0.340546E+02 -0.191182E-03***********   -796.134    -15.122     754
   755.00000  0.235033E+01  0.121730E+03 -0.157231E+02  0.340546E+02 -0.191420E-03***********   -796.134    -15.122     755
   756.00000  0.238335E+01  0.121730E+03 -0.157231E+02  0.340546E+02 -0.191659E-03***********   -796.134    -15.122     756
end
