 ******* Program HYDRUS
 ******* 
 None                                                                    
 Date:  16. 1.    Time:  15:28:29
 Units: L = mm   , T = days , M = mmol 
 
 CosAlf,MaxIt,TolTh,  TolH
 1.000   10   0.001 1.00000
 
 TopInF,BotInF,AtmBC,SinkF,WLayer,qGWLF,FreeD,SeepF,lWat,lChem,lTemp,lRoot,lWDep
     T     F     T     T     F     F     T     F     T     F     F     T     F

Nodal point information

node      x         hOld    MatN LayN  Beta      Ah       AK      ATh     Temp    Conc(1...NS)         Sorb(1...NS)

   1      0.000    -15.000    1    1   0.000    1.000    1.000    1.000
   2     -1.000    -15.000    1    1   0.000    1.000    1.000    1.000
   3     -2.000    -15.000    1    1   0.000    1.000    1.000    1.000
   4     -3.000    -15.000    1    1   0.000    1.000    1.000    1.000
   5     -4.000    -15.000    1    1   0.000    1.000    1.000    1.000
   6     -5.000    -15.000    1    1   0.000    1.000    1.000    1.000
   7     -6.000    -15.000    1    1   0.000    1.000    1.000    1.000
   8     -7.000    -15.000    1    1   0.000    1.000    1.000    1.000
   9     -8.000    -15.000    1    1   0.000    1.000    1.000    1.000
  10     -9.000    -15.000    1    1   0.000    1.000    1.000    1.000
  11    -10.000    -15.000    1    1   0.000    1.000    1.000    1.000
  12    -11.000    -15.000    1    1   0.000    1.000    1.000    1.000
  13    -12.000    -15.000    1    1   0.000    1.000    1.000    1.000
  14    -13.000    -15.000    1    1   0.000    1.000    1.000    1.000
  15    -14.000    -15.000    1    1   0.000    1.000    1.000    1.000
  16    -15.000    -15.000    1    1   0.000    1.000    1.000    1.000
  17    -16.000    -15.000    1    1   0.000    1.000    1.000    1.000
  18    -17.000    -15.000    1    1   0.000    1.000    1.000    1.000
  19    -18.000    -15.000    1    1   0.000    1.000    1.000    1.000
  20    -19.000    -15.000    1    1   0.000    1.000    1.000    1.000
  21    -20.000    -15.000    1    1   0.000    1.000    1.000    1.000
  22    -21.000    -15.000    1    1   0.000    1.000    1.000    1.000
  23    -22.000    -15.000    1    1   0.000    1.000    1.000    1.000
  24    -23.000    -15.000    1    1   0.000    1.000    1.000    1.000
  25    -24.000    -15.000    1    1   0.000    1.000    1.000    1.000
  26    -25.000    -15.000    1    1   0.000    1.000    1.000    1.000
  27    -26.000    -15.000    1    1   0.000    1.000    1.000    1.000
  28    -27.000    -15.000    1    1   0.000    1.000    1.000    1.000
  29    -28.000    -15.000    1    1   0.000    1.000    1.000    1.000
  30    -29.000    -15.000    1    1   0.000    1.000    1.000    1.000
  31    -30.000    -15.000    1    1   0.000    1.000    1.000    1.000
  32    -31.000    -15.000    1    1   0.000    1.000    1.000    1.000
  33    -32.000    -15.000    1    1   0.000    1.000    1.000    1.000
  34    -33.000    -15.000    1    1   0.000    1.000    1.000    1.000
  35    -34.000    -15.000    1    1   0.000    1.000    1.000    1.000
  36    -35.000    -15.000    1    1   0.000    1.000    1.000    1.000
  37    -36.000    -15.000    1    1   0.000    1.000    1.000    1.000
  38    -37.000    -15.000    1    1   0.000    1.000    1.000    1.000
  39    -38.000    -15.000    1    1   0.000    1.000    1.000    1.000
  40    -39.000    -15.000    1    1   0.000    1.000    1.000    1.000
  41    -40.000    -15.000    1    1   0.000    1.000    1.000    1.000
  42    -41.000    -15.000    1    1   0.000    1.000    1.000    1.000
  43    -42.000    -15.000    1    1   0.000    1.000    1.000    1.000
  44    -43.000    -15.000    1    1   0.000    1.000    1.000    1.000
  45    -44.000    -15.000    1    1   0.000    1.000    1.000    1.000
  46    -45.000    -15.000    1    1   0.000    1.000    1.000    1.000
  47    -46.000    -15.000    1    1   0.000    1.000    1.000    1.000
  48    -47.000    -15.000    1    1   0.000    1.000    1.000    1.000
  49    -48.000    -15.000    1    1   0.000    1.000    1.000    1.000
  50    -49.000    -15.000    1    1   0.000    1.000    1.000    1.000
  51    -50.000    -15.000    1    1   0.000    1.000    1.000    1.000
  52    -51.000    -15.000    1    1   0.000    1.000    1.000    1.000
  53    -52.000    -15.000    1    1   0.000    1.000    1.000    1.000
  54    -53.000    -15.000    1    1   0.000    1.000    1.000    1.000
  55    -54.000    -15.000    1    1   0.000    1.000    1.000    1.000
  56    -55.000    -15.000    1    1   0.000    1.000    1.000    1.000
  57    -56.000    -15.000    1    1   0.000    1.000    1.000    1.000
  58    -57.000    -15.000    1    1   0.000    1.000    1.000    1.000
  59    -58.000    -15.000    1    1   0.000    1.000    1.000    1.000
  60    -59.000    -15.000    1    1   0.000    1.000    1.000    1.000
  61    -60.000    -15.000    1    1   0.000    1.000    1.000    1.000
  62    -61.000    -15.000    1    1   0.000    1.000    1.000    1.000
  63    -62.000    -15.000    1    1   0.000    1.000    1.000    1.000
  64    -63.000    -15.000    1    1   0.000    1.000    1.000    1.000
  65    -64.000    -15.000    1    1   0.000    1.000    1.000    1.000
  66    -65.000    -15.000    1    1   0.000    1.000    1.000    1.000
  67    -66.000    -15.000    1    1   0.000    1.000    1.000    1.000
  68    -67.000    -15.000    1    1   0.000    1.000    1.000    1.000
  69    -68.000    -15.000    1    1   0.000    1.000    1.000    1.000
  70    -69.000    -15.000    1    1   0.000    1.000    1.000    1.000
  71    -70.000    -15.000    1    1   0.000    1.000    1.000    1.000
  72    -71.000    -15.000    1    1   0.000    1.000    1.000    1.000
  73    -72.000    -15.000    1    1   0.000    1.000    1.000    1.000
  74    -73.000    -15.000    1    1   0.000    1.000    1.000    1.000
  75    -74.000    -15.000    2    1   0.000    1.000    1.000    1.000
  76    -75.000    -15.000    2    1   0.000    1.000    1.000    1.000
  77    -76.000    -15.000    2    1   0.000    1.000    1.000    1.000
  78    -77.000    -15.000    2    1   0.000    1.000    1.000    1.000
  79    -78.000    -15.000    2    1   0.000    1.000    1.000    1.000
  80    -79.000    -15.000    2    1   0.000    1.000    1.000    1.000
  81    -80.000    -15.000    2    1   0.000    1.000    1.000    1.000
  82    -81.000    -15.000    2    1   0.000    1.000    1.000    1.000
  83    -82.000    -15.000    2    1   0.000    1.000    1.000    1.000
  84    -83.000    -15.000    2    1   0.000    1.000    1.000    1.000
  85    -84.000    -15.000    2    1   0.000    1.000    1.000    1.000
  86    -85.000    -15.000    2    1   0.000    1.000    1.000    1.000
  87    -86.000    -15.000    2    1   0.000    1.000    1.000    1.000
  88    -87.000    -15.000    2    1   0.000    1.000    1.000    1.000
  89    -88.000    -15.000    2    1   0.000    1.000    1.000    1.000
  90    -89.000    -15.000    2    1   0.000    1.000    1.000    1.000
  91    -90.000    -15.000    2    1   0.000    1.000    1.000    1.000
  92    -91.000    -15.000    2    1   0.000    1.000    1.000    1.000
  93    -92.000    -15.000    2    1   0.000    1.000    1.000    1.000
  94    -93.000    -15.000    2    1   0.000    1.000    1.000    1.000
  95    -94.000    -15.000    2    1   0.000    1.000    1.000    1.000
  96    -95.000    -15.000    2    1   0.000    1.000    1.000    1.000
  97    -96.000    -15.000    2    1   0.000    1.000    1.000    1.000
  98    -97.000    -15.000    2    1   0.000    1.000    1.000    1.000
  99    -98.000    -15.000    2    1   0.000    1.000    1.000    1.000
 100    -99.000    -15.000    2    1   0.000    1.000    1.000    1.000
 101   -100.000    -15.000    3    1   0.000    1.000    1.000    1.000
 102   -101.000    -15.000    3    1   0.000    1.000    1.000    1.000
 103   -102.000    -15.000    3    1   0.000    1.000    1.000    1.000
 104   -103.000    -15.000    3    1   0.000    1.000    1.000    1.000
 105   -104.000    -15.000    3    1   0.000    1.000    1.000    1.000
 106   -105.000    -15.000    3    1   0.000    1.000    1.000    1.000
 107   -106.000    -15.000    3    1   0.000    1.000    1.000    1.000
 108   -107.000    -15.000    3    1   0.000    1.000    1.000    1.000
 109   -108.000    -15.000    3    1   0.000    1.000    1.000    1.000
 110   -109.000    -15.000    3    1   0.000    1.000    1.000    1.000
 111   -110.000    -15.000    3    1   0.000    1.000    1.000    1.000
 112   -111.000    -15.000    3    1   0.000    1.000    1.000    1.000
 113   -112.000    -15.000    3    1   0.000    1.000    1.000    1.000
 114   -113.000    -15.000    3    1   0.000    1.000    1.000    1.000
 115   -114.000    -15.000    3    1   0.000    1.000    1.000    1.000
 116   -115.000    -15.000    3    1   0.000    1.000    1.000    1.000
 117   -116.000    -15.000    3    1   0.000    1.000    1.000    1.000
 118   -117.000    -15.000    3    1   0.000    1.000    1.000    1.000
 119   -118.000    -15.000    3    1   0.000    1.000    1.000    1.000
 120   -119.000    -15.000    3    1   0.000    1.000    1.000    1.000
 121   -120.000    -15.000    3    1   0.000    1.000    1.000    1.000
 122   -121.000    -15.000    3    1   0.000    1.000    1.000    1.000
 123   -122.000    -15.000    3    1   0.000    1.000    1.000    1.000
 124   -123.000    -15.000    3    1   0.000    1.000    1.000    1.000
 125   -124.000    -15.000    3    1   0.000    1.000    1.000    1.000
 126   -125.000    -15.000    3    1   0.000    1.000    1.000    1.000
 127   -126.000    -15.000    3    1   0.000    1.000    1.000    1.000
 128   -127.000    -15.000    3    1   0.000    1.000    1.000    1.000
 129   -128.000    -15.000    3    1   0.000    1.000    1.000    1.000
 130   -129.000    -15.000    3    1   0.000    1.000    1.000    1.000
 131   -130.000    -15.000    3    1   0.000    1.000    1.000    1.000
 132   -131.000    -15.000    3    1   0.000    1.000    1.000    1.000
 133   -132.000    -15.000    3    1   0.000    1.000    1.000    1.000
 134   -133.000    -15.000    3    1   0.000    1.000    1.000    1.000
 135   -134.000    -15.000    3    1   0.000    1.000    1.000    1.000
 136   -135.000    -15.000    3    1   0.000    1.000    1.000    1.000
 137   -136.000    -15.000    3    1   0.000    1.000    1.000    1.000
 138   -137.000    -15.000    3    1   0.000    1.000    1.000    1.000
 139   -138.000    -15.000    3    1   0.000    1.000    1.000    1.000
 140   -139.000    -15.000    3    1   0.000    1.000    1.000    1.000
 141   -140.000    -15.000    3    1   0.000    1.000    1.000    1.000
 142   -141.000    -15.000    3    1   0.000    1.000    1.000    1.000
 143   -142.000    -15.000    3    1   0.000    1.000    1.000    1.000
 144   -143.000    -15.000    3    1   0.000    1.000    1.000    1.000
 145   -144.000    -15.000    3    1   0.000    1.000    1.000    1.000
 146   -145.000    -15.000    3    1   0.000    1.000    1.000    1.000
 147   -146.000    -15.000    3    1   0.000    1.000    1.000    1.000
 148   -147.000    -15.000    3    1   0.000    1.000    1.000    1.000
 149   -148.000    -15.000    3    1   0.000    1.000    1.000    1.000
 150   -149.000    -15.000    3    1   0.000    1.000    1.000    1.000
 151   -150.000    -15.000    1    1   0.000    1.000    1.000    1.000
end

 Number of species in the chain :   0


MatNum, Param. array:

   Mat     Qr     Qs        Alfa         n          Ks      l

    1    0.051  0.359   0.351E-01   0.167E+01   0.500E+00102.971

       Table of Hydraulic Properties which are interpolated in simulation
       =================================================================

  theta         h        log h        C             K        log K          S          Kv
 
  0.3591  -0.100E-05 -0.6000E+01  0.6851E-07  0.5000E+00 -0.3010E+00    1.0000  0.0000E+00
  0.3591  -0.126E-05 -0.5899E+01  0.8015E-07  0.5000E+00 -0.3010E+00    1.0000  0.0000E+00
  0.3591  -0.159E-05 -0.5798E+01  0.9377E-07  0.5000E+00 -0.3010E+00    1.0000  0.0000E+00
  0.3591  -0.201E-05 -0.5697E+01  0.1097E-06  0.5000E+00 -0.3010E+00    1.0000  0.0000E+00
  0.3591  -0.254E-05 -0.5596E+01  0.1283E-06  0.5000E+00 -0.3010E+00    1.0000  0.0000E+00
  0.3591  -0.320E-05 -0.5495E+01  0.1501E-06  0.5000E+00 -0.3010E+00    1.0000  0.0000E+00
  0.3591  -0.404E-05 -0.5394E+01  0.1756E-06  0.5000E+00 -0.3011E+00    1.0000  0.0000E+00
  0.3591  -0.509E-05 -0.5293E+01  0.2055E-06  0.5000E+00 -0.3011E+00    1.0000  0.0000E+00
  0.3591  -0.643E-05 -0.5192E+01  0.2404E-06  0.5000E+00 -0.3011E+00    1.0000  0.0000E+00
  0.3591  -0.811E-05 -0.5091E+01  0.2812E-06  0.5000E+00 -0.3011E+00    1.0000  0.0000E+00
  0.3591  -0.102E-04 -0.4990E+01  0.3290E-06  0.5000E+00 -0.3011E+00    1.0000  0.0000E+00
  0.3591  -0.129E-04 -0.4889E+01  0.3848E-06  0.4999E+00 -0.3011E+00    1.0000  0.0000E+00
  0.3591  -0.163E-04 -0.4788E+01  0.4502E-06  0.4999E+00 -0.3011E+00    1.0000  0.0000E+00
  0.3591  -0.206E-04 -0.4687E+01  0.5267E-06  0.4999E+00 -0.3011E+00    1.0000  0.0000E+00
  0.3591  -0.260E-04 -0.4586E+01  0.6161E-06  0.4999E+00 -0.3011E+00    1.0000  0.0000E+00
  0.3591  -0.327E-04 -0.4485E+01  0.7208E-06  0.4999E+00 -0.3011E+00    1.0000  0.0000E+00
  0.3591  -0.413E-04 -0.4384E+01  0.8432E-06  0.4999E+00 -0.3011E+00    1.0000  0.0000E+00
  0.3591  -0.521E-04 -0.4283E+01  0.9865E-06  0.4999E+00 -0.3011E+00    1.0000  0.0000E+00
  0.3591  -0.658E-04 -0.4182E+01  0.1154E-05  0.4998E+00 -0.3012E+00    1.0000  0.0000E+00
  0.3591  -0.830E-04 -0.4081E+01  0.1350E-05  0.4998E+00 -0.3012E+00    1.0000  0.0000E+00
  0.3591  -0.105E-03 -0.3980E+01  0.1579E-05  0.4998E+00 -0.3012E+00    1.0000  0.0000E+00
  0.3591  -0.132E-03 -0.3879E+01  0.1848E-05  0.4997E+00 -0.3012E+00    1.0000  0.0000E+00
  0.3591  -0.167E-03 -0.3778E+01  0.2162E-05  0.4997E+00 -0.3013E+00    1.0000  0.0000E+00
  0.3591  -0.210E-03 -0.3677E+01  0.2529E-05  0.4997E+00 -0.3013E+00    1.0000  0.0000E+00
  0.3591  -0.266E-03 -0.3576E+01  0.2958E-05  0.4996E+00 -0.3014E+00    1.0000  0.0000E+00
  0.3591  -0.335E-03 -0.3475E+01  0.3461E-05  0.4995E+00 -0.3014E+00    1.0000  0.0000E+00
  0.3591  -0.423E-03 -0.3374E+01  0.4049E-05  0.4994E+00 -0.3015E+00    1.0000  0.0000E+00
  0.3591  -0.534E-03 -0.3273E+01  0.4736E-05  0.4994E+00 -0.3016E+00    1.0000  0.0000E+00
  0.3591  -0.673E-03 -0.3172E+01  0.5541E-05  0.4992E+00 -0.3017E+00    1.0000  0.0000E+00
  0.3591  -0.850E-03 -0.3071E+01  0.6482E-05  0.4991E+00 -0.3018E+00    1.0000  0.0000E+00
  0.3591  -0.107E-02 -0.2970E+01  0.7583E-05  0.4990E+00 -0.3019E+00    1.0000  0.0000E+00
  0.3591  -0.135E-02 -0.2869E+01  0.8872E-05  0.4988E+00 -0.3021E+00    1.0000  0.0000E+00
  0.3591  -0.171E-02 -0.2768E+01  0.1038E-04  0.4986E+00 -0.3023E+00    1.0000  0.0000E+00
  0.3591  -0.215E-02 -0.2667E+01  0.1214E-04  0.4983E+00 -0.3025E+00    1.0000  0.1686E-29
  0.3591  -0.272E-02 -0.2566E+01  0.1420E-04  0.4981E+00 -0.3027E+00    1.0000  0.1686E-29
  0.3591  -0.343E-02 -0.2465E+01  0.1662E-04  0.4977E+00 -0.3030E+00    1.0000  0.1686E-29
  0.3591  -0.433E-02 -0.2364E+01  0.1944E-04  0.4973E+00 -0.3033E+00    1.0000  0.1699E-28
  0.3591  -0.546E-02 -0.2263E+01  0.2274E-04  0.4969E+00 -0.3037E+00    1.0000  0.1699E-28
  0.3591  -0.689E-02 -0.2162E+01  0.2660E-04  0.4963E+00 -0.3042E+00    1.0000  0.1712E-27
  0.3591  -0.870E-02 -0.2061E+01  0.3112E-04  0.4957E+00 -0.3048E+00    1.0000  0.3603E-27
  0.3591  -0.110E-01 -0.1960E+01  0.3641E-04  0.4950E+00 -0.3054E+00    1.0000  0.1726E-26
  0.3591  -0.138E-01 -0.1859E+01  0.4260E-04  0.4941E+00 -0.3062E+00    1.0000  0.6668E-26
  0.3591  -0.175E-01 -0.1758E+01  0.4983E-04  0.4931E+00 -0.3070E+00    1.0000  0.2129E-25
  0.3591  -0.221E-01 -0.1657E+01  0.5830E-04  0.4919E+00 -0.3081E+00    1.0000  0.8776E-25
  0.3591  -0.278E-01 -0.1556E+01  0.6820E-04  0.4905E+00 -0.3093E+00    1.0000  0.3109E-24
  0.3591  -0.351E-01 -0.1455E+01  0.7978E-04  0.4889E+00 -0.3108E+00    1.0000  0.1132E-23
  0.3591  -0.443E-01 -0.1354E+01  0.9333E-04  0.4869E+00 -0.3125E+00    1.0000  0.4204E-23
  0.3591  -0.559E-01 -0.1253E+01  0.1092E-03  0.4846E+00 -0.3146E+00    1.0000  0.1518E-22
  0.3591  -0.705E-01 -0.1152E+01  0.1277E-03  0.4818E+00 -0.3171E+00    1.0000  0.5654E-22
  0.3591  -0.890E-01 -0.1051E+01  0.1494E-03  0.4785E+00 -0.3201E+00    1.0000  0.2066E-21
  0.3591  -0.112E+00 -0.9495E+00  0.1748E-03  0.4745E+00 -0.3238E+00    1.0000  0.7494E-21
  0.3591  -0.142E+00 -0.8485E+00  0.2045E-03  0.4697E+00 -0.3282E+00    0.9999  0.2758E-20
  0.3591  -0.179E+00 -0.7475E+00  0.2392E-03  0.4638E+00 -0.3336E+00    0.9999  0.1008E-19
  0.3591  -0.226E+00 -0.6465E+00  0.2798E-03  0.4567E+00 -0.3404E+00    0.9999  0.3700E-19
  0.3591  -0.285E+00 -0.5455E+00  0.3272E-03  0.4478E+00 -0.3489E+00    0.9998  0.1353E-18
  0.3591  -0.359E+00 -0.4444E+00  0.3827E-03  0.4368E+00 -0.3597E+00    0.9997  0.4953E-18
  0.3590  -0.453E+00 -0.3434E+00  0.4475E-03  0.4231E+00 -0.3735E+00    0.9996  0.1813E-17
  0.3590  -0.572E+00 -0.2424E+00  0.5232E-03  0.4059E+00 -0.3916E+00    0.9994  0.6634E-17
  0.3589  -0.722E+00 -0.1414E+00  0.6115E-03  0.3843E+00 -0.4154E+00    0.9991  0.2427E-16
  0.3587  -0.911E+00 -0.4040E-01  0.7143E-03  0.3571E+00 -0.4472E+00    0.9987  0.8867E-16
  0.3586  -0.115E+01  0.6061E-01  0.8339E-03  0.3235E+00 -0.4901E+00    0.9981  0.3237E-15
  0.3583  -0.145E+01  0.1616E+00  0.9726E-03  0.2826E+00 -0.5489E+00    0.9973  0.1179E-14
  0.3579  -0.183E+01  0.2626E+00  0.1133E-02  0.2344E+00 -0.6301E+00    0.9960  0.4288E-14
  0.3573  -0.231E+01  0.3636E+00  0.1316E-02  0.1806E+00 -0.7432E+00    0.9941  0.1553E-13
  0.3564  -0.292E+01  0.4646E+00  0.1525E-02  0.1254E+00 -0.9018E+00    0.9913  0.5597E-13
  0.3552  -0.368E+01  0.5657E+00  0.1758E-02  0.7489E-01 -0.1126E+01    0.9872  0.2001E-12
  0.3534  -0.464E+01  0.6667E+00  0.2015E-02  0.3616E-01 -0.1442E+01    0.9813  0.7079E-12
  0.3507  -0.586E+01  0.7677E+00  0.2287E-02  0.1292E-01 -0.1889E+01    0.9728  0.2465E-11
  0.3470  -0.739E+01  0.8687E+00  0.2561E-02  0.3030E-02 -0.2519E+01    0.9607  0.8391E-11
  0.3418  -0.933E+01  0.9697E+00  0.2816E-02  0.3988E-03 -0.3399E+01    0.9438  0.2769E-10
  0.3346  -0.118E+02  0.1071E+01  0.3021E-02  0.2421E-04 -0.4616E+01    0.9206  0.8757E-10
  0.3251  -0.148E+02  0.1172E+01  0.3138E-02  0.5398E-06 -0.6268E+01    0.8897  0.2618E-09
  0.3129  -0.187E+02  0.1273E+01  0.3132E-02  0.3485E-08 -0.8458E+01    0.8500  0.7292E-09
  0.2978  -0.236E+02  0.1374E+01  0.2983E-02  0.5277E-11 -0.1128E+02    0.8012  0.1865E-08
  0.2802  -0.298E+02  0.1475E+01  0.2697E-02  0.1630E-14 -0.1479E+02    0.7441  0.4328E-08
  0.2607  -0.376E+02  0.1576E+01  0.2313E-02  0.9946E-19 -0.1900E+02    0.6807  0.9055E-08
  0.2400  -0.475E+02  0.1677E+01  0.1887E-02  0.1304E-23 -0.2388E+02    0.6138  0.1707E-07
  0.2193  -0.599E+02  0.1778E+01  0.1473E-02  0.4395E-29 -0.2936E+02    0.5464  0.2918E-07
  0.1992  -0.756E+02  0.1879E+01  0.1108E-02  0.4790E-35 -0.3532E+02    0.4813  0.4562E-07
  0.1804  -0.955E+02  0.1980E+01  0.8097E-03  0.1000E-36 -0.3700E+02    0.4205  0.6603E-07
  0.1633  -0.120E+03  0.2081E+01  0.5787E-03  0.1000E-36 -0.3700E+02    0.3650  0.8955E-07
  0.1480  -0.152E+03  0.2182E+01  0.4071E-03  0.1000E-36 -0.3700E+02    0.3154  0.1151E-06
  0.1345  -0.192E+03  0.2283E+01  0.2830E-03  0.1000E-36 -0.3700E+02    0.2716  0.1415E-06
  0.1227  -0.242E+03  0.2384E+01  0.1952E-03  0.1000E-36 -0.3700E+02    0.2334  0.1678E-06
  0.1125  -0.305E+03  0.2485E+01  0.1339E-03  0.1000E-36 -0.3700E+02    0.2002  0.1932E-06
  0.1037  -0.385E+03  0.2586E+01  0.9144E-04  0.1000E-36 -0.3700E+02    0.1715  0.2173E-06
  0.0960  -0.486E+03  0.2687E+01  0.6230E-04  0.1000E-36 -0.3700E+02    0.1469  0.2396E-06
  0.0895  -0.614E+03  0.2788E+01  0.4236E-04  0.1000E-36 -0.3700E+02    0.1257  0.2601E-06
  0.0839  -0.774E+03  0.2889E+01  0.2877E-04  0.1000E-36 -0.3700E+02    0.1075  0.2785E-06
  0.0791  -0.977E+03  0.2990E+01  0.1953E-04  0.1000E-36 -0.3700E+02    0.0920  0.2950E-06
  0.0750  -0.123E+04  0.3091E+01  0.1324E-04  0.1000E-36 -0.3700E+02    0.0786  0.3097E-06
  0.0715  -0.156E+04  0.3192E+01  0.8979E-05  0.1000E-36 -0.3700E+02    0.0672  0.3226E-06
  0.0685  -0.196E+04  0.3293E+01  0.6086E-05  0.1000E-36 -0.3700E+02    0.0575  0.3340E-06
  0.0659  -0.248E+04  0.3394E+01  0.4124E-05  0.1000E-36 -0.3700E+02    0.0491  0.3440E-06
  0.0637  -0.313E+04  0.3495E+01  0.2794E-05  0.1000E-36 -0.3700E+02    0.0420  0.3526E-06
  0.0618  -0.394E+04  0.3596E+01  0.1893E-05  0.1000E-36 -0.3700E+02    0.0359  0.3601E-06
  0.0602  -0.498E+04  0.3697E+01  0.1283E-05  0.1000E-36 -0.3700E+02    0.0307  0.3666E-06
  0.0588  -0.628E+04  0.3798E+01  0.8690E-06  0.1000E-36 -0.3700E+02    0.0262  0.3723E-06
  0.0577  -0.792E+04  0.3899E+01  0.5887E-06  0.1000E-36 -0.3700E+02    0.0224  0.3771E-06
  0.0567  -0.100E+05  0.4000E+01  0.3988E-06  0.1000E-36 -0.3700E+02    0.0192  0.3812E-06
end
