 ******* Program HYDRUS
 ******* 
 None                                                                    
 Date:  16. 1.    Time:  15:28:29
 Units: L = mm   , T = days , M = mmol 



                               Node( 37)

         time            h        theta    Temp  
          1.0000      -15.00  0.3247   20.000
          2.0000      -15.00  0.3247   20.000
          3.0000      -15.00  0.3247   20.000
          4.0000      -15.00  0.3247   20.000
          5.0000      -15.00  0.3247   20.000
          6.0000      -15.00  0.3247   20.000
          7.0000      -15.00  0.3247   20.000
          8.0000      -15.00  0.3247   20.000
          9.0000      -15.00  0.3247   20.000
         10.0000      -15.00  0.3247   20.000
         11.0000      -15.00  0.3247   20.000
         12.0000      -15.00  0.3247   20.000
         13.0000      -15.00  0.3247   20.000
         14.0000      -15.00  0.3247   20.000
         15.0000      -15.00  0.3247   20.000
         16.0000      -15.00  0.3247   20.000
         17.0000      -15.00  0.3247   20.000
         18.0000      -15.00  0.3247   20.000
         19.0000      -15.00  0.3247   20.000
         20.0000      -15.00  0.3247   20.000
         21.0000      -15.00  0.3247   20.000
         22.0000      -15.00  0.3247   20.000
         23.0000      -15.00  0.3247   20.000
         24.0000      -15.00  0.3247   20.000
         25.0000      -15.00  0.3247   20.000
         26.0000      -15.00  0.3247   20.000
         27.0000      -15.00  0.3247   20.000
         28.0000      -15.00  0.3247   20.000
         29.0000      -15.00  0.3247   20.000
         30.0000      -15.00  0.3247   20.000
         31.0000      -15.00  0.3247   20.000
         32.0000      -15.00  0.3247   20.000
         33.0000      -15.00  0.3247   20.000
         34.0000      -15.00  0.3247   20.000
         35.0000      -15.00  0.3247   20.000
         36.0000      -15.00  0.3247   20.000
         37.0000      -15.00  0.3247   20.000
         38.0000      -15.00  0.3247   20.000
         39.0000      -15.00  0.3247   20.000
         40.0000      -15.00  0.3247   20.000
         41.0000      -15.00  0.3247   20.000
         42.0000      -15.00  0.3247   20.000
         43.0000      -15.00  0.3247   20.000
         44.0000      -15.00  0.3247   20.000
         45.0000      -15.00  0.3247   20.000
         46.0000      -15.00  0.3247   20.000
         47.0000      -15.00  0.3247   20.000
         48.0000      -15.00  0.3247   20.000
         49.0000      -15.00  0.3247   20.000
         50.0000      -15.00  0.3247   20.000
         51.0000      -15.00  0.3247   20.000
         52.0000      -15.00  0.3247   20.000
         53.0000      -15.00  0.3247   20.000
         54.0000      -15.00  0.3247   20.000
         55.0000      -15.00  0.3247   20.000
         56.0000      -15.00  0.3247   20.000
         57.0000      -15.00  0.3247   20.000
         58.0000      -15.00  0.3247   20.000
         59.0000      -15.00  0.3247   20.000
         60.0000      -15.00  0.3247   20.000
         61.0000      -15.00  0.3247   20.000
         62.0000      -15.00  0.3247   20.000
         63.0000      -15.00  0.3247   20.000
         64.0000      -15.00  0.3247   20.000
         65.0000      -15.00  0.3247   20.000
         66.0000      -15.00  0.3247   20.000
         67.0000      -15.00  0.3247   20.000
         68.0000      -15.00  0.3247   20.000
         69.0000      -15.00  0.3247   20.000
         70.0000      -15.00  0.3247   20.000
         71.0000      -15.00  0.3247   20.000
         72.0000      -15.00  0.3247   20.000
         73.0000      -15.00  0.3247   20.000
         74.0000      -15.00  0.3247   20.000
         75.0000      -15.00  0.3247   20.000
         76.0000      -15.00  0.3247   20.000
         77.0000      -15.00  0.3247   20.000
         78.0000      -15.00  0.3247   20.000
         79.0000      -15.00  0.3247   20.000
         80.0000      -15.00  0.3247   20.000
         81.0000      -15.00  0.3247   20.000
         82.0000      -15.00  0.3247   20.000
         83.0000      -15.00  0.3247   20.000
         84.0000      -15.00  0.3247   20.000
         85.0000      -15.00  0.3247   20.000
         86.0000      -15.00  0.3247   20.000
         87.0000      -15.00  0.3247   20.000
         88.0000      -15.00  0.3247   20.000
         89.0000      -15.00  0.3247   20.000
         90.0000      -15.00  0.3247   20.000
         91.0000      -15.00  0.3247   20.000
         92.0000      -15.00  0.3247   20.000
         93.0000      -15.00  0.3247   20.000
         94.0000      -15.00  0.3247   20.000
         95.0000      -15.00  0.3247   20.000
         96.0000      -15.00  0.3247   20.000
         97.0000      -15.00  0.3247   20.000
         98.0000      -15.00  0.3247   20.000
         99.0000      -15.00  0.3247   20.000
        100.0000      -15.00  0.3247   20.000
        101.0000      -15.00  0.3247   20.000
        102.0000      -15.00  0.3247   20.000
        103.0000      -15.00  0.3247   20.000
        104.0000      -15.00  0.3247   20.000
        105.0000      -15.00  0.3247   20.000
        106.0000      -15.00  0.3247   20.000
        107.0000      -15.00  0.3247   20.000
        108.0000      -15.00  0.3247   20.000
        109.0000      -15.00  0.3247   20.000
        110.0000      -15.00  0.3247   20.000
        111.0000      -15.00  0.3247   20.000
        112.0000      -15.00  0.3247   20.000
        113.0000      -15.00  0.3247   20.000
        114.0000      -15.00  0.3247   20.000
        115.0000      -15.00  0.3247   20.000
        116.0000      -15.00  0.3247   20.000
        117.0000      -15.00  0.3247   20.000
        118.0000      -15.00  0.3247   20.000
        119.0000      -15.00  0.3247   20.000
        120.0000      -15.00  0.3247   20.000
        121.0000      -15.00  0.3247   20.000
        122.0000      -15.00  0.3247   20.000
        123.0000      -15.00  0.3247   20.000
        124.0000      -15.00  0.3247   20.000
        125.0000      -15.00  0.3247   20.000
        126.0000      -15.00  0.3247   20.000
        127.0000      -15.00  0.3247   20.000
        128.0000      -15.00  0.3247   20.000
        129.0000      -15.00  0.3247   20.000
        130.0000      -15.00  0.3247   20.000
        131.0000      -15.00  0.3247   20.000
        132.0000      -15.00  0.3247   20.000
        133.0000      -15.00  0.3247   20.000
        134.0000      -15.00  0.3247   20.000
        135.0000      -15.00  0.3247   20.000
        136.0000      -15.00  0.3247   20.000
        137.0000      -15.00  0.3247   20.000
        138.0000      -15.00  0.3247   20.000
        139.0000      -15.00  0.3247   20.000
        140.0000      -15.00  0.3247   20.000
        141.0000      -15.00  0.3247   20.000
        142.0000      -15.00  0.3247   20.000
        143.0000      -15.00  0.3247   20.000
        144.0000      -15.00  0.3247   20.000
        145.0000      -15.00  0.3247   20.000
        146.0000      -15.00  0.3247   20.000
        147.0000      -15.00  0.3247   20.000
        148.0000      -15.00  0.3247   20.000
        149.0000      -15.00  0.3247   20.000
        150.0000      -15.00  0.3247   20.000
        151.0000      -15.00  0.3247   20.000
        152.0000      -15.00  0.3247   20.000
        153.0000      -15.00  0.3247   20.000
        154.0000      -15.00  0.3247   20.000
        155.0000      -15.00  0.3247   20.000
        156.0000      -15.00  0.3247   20.000
        157.0000      -15.00  0.3247   20.000
        158.0000      -15.00  0.3247   20.000
        159.0000      -15.00  0.3247   20.000
        160.0000      -15.00  0.3247   20.000
        161.0000      -15.00  0.3247   20.000
        162.0000      -15.00  0.3247   20.000
        163.0000      -15.00  0.3247   20.000
        164.0000      -15.00  0.3247   20.000
        165.0000      -15.00  0.3247   20.000
        166.0000      -15.00  0.3247   20.000
        167.0000      -15.00  0.3247   20.000
        168.0000      -15.00  0.3247   20.000
        169.0000      -15.00  0.3247   20.000
        170.0000      -15.00  0.3247   20.000
        171.0000      -15.00  0.3247   20.000
        172.0000      -15.00  0.3247   20.000
        173.0000      -15.00  0.3247   20.000
        174.0000      -15.00  0.3247   20.000
        175.0000      -15.00  0.3247   20.000
        176.0000      -15.00  0.3247   20.000
        177.0000      -15.00  0.3247   20.000
        178.0000      -15.00  0.3247   20.000
        179.0000      -15.00  0.3247   20.000
        180.0000      -15.00  0.3247   20.000
        181.0000      -15.00  0.3247   20.000
        182.0000      -15.00  0.3247   20.000
        183.0000      -15.00  0.3247   20.000
        184.0000      -15.00  0.3247   20.000
        185.0000      -15.00  0.3247   20.000
        186.0000      -15.00  0.3247   20.000
        187.0000      -15.00  0.3247   20.000
        188.0000      -15.00  0.3247   20.000
        189.0000      -15.00  0.3247   20.000
        190.0000      -15.00  0.3247   20.000
        191.0000      -15.00  0.3247   20.000
        192.0000      -15.00  0.3247   20.000
        193.0000      -15.00  0.3247   20.000
        194.0000      -15.00  0.3247   20.000
        195.0000      -15.00  0.3247   20.000
        196.0000      -15.00  0.3247   20.000
        197.0000      -15.00  0.3247   20.000
        198.0000      -15.00  0.3247   20.000
        199.0000      -15.00  0.3247   20.000
        200.0000      -15.00  0.3247   20.000
        201.0000      -15.00  0.3247   20.000
        202.0000      -15.00  0.3247   20.000
        203.0000      -15.00  0.3247   20.000
        204.0000      -15.00  0.3247   20.000
        205.0000      -15.00  0.3247   20.000
        206.0000      -15.00  0.3247   20.000
        207.0000      -15.00  0.3247   20.000
        208.0000      -15.00  0.3247   20.000
        209.0000      -15.00  0.3247   20.000
        210.0000      -15.00  0.3247   20.000
        211.0000      -15.00  0.3247   20.000
        212.0000      -15.00  0.3247   20.000
        213.0000      -15.00  0.3247   20.000
        214.0000      -15.00  0.3247   20.000
        215.0000      -15.00  0.3247   20.000
        216.0000      -15.00  0.3247   20.000
        217.0000      -15.00  0.3247   20.000
        218.0000      -15.00  0.3247   20.000
        219.0000      -15.00  0.3247   20.000
        220.0000      -15.00  0.3247   20.000
        221.0000      -15.00  0.3247   20.000
        222.0000      -15.00  0.3247   20.000
        223.0000      -15.00  0.3247   20.000
        224.0000      -15.00  0.3247   20.000
        225.0000      -15.00  0.3247   20.000
        226.0000      -15.00  0.3247   20.000
        227.0000      -15.00  0.3247   20.000
        228.0000      -15.00  0.3247   20.000
        229.0000      -15.00  0.3247   20.000
        230.0000      -15.00  0.3247   20.000
        231.0000      -15.00  0.3247   20.000
        232.0000      -15.00  0.3247   20.000
        233.0000      -15.00  0.3247   20.000
        234.0000      -15.00  0.3247   20.000
        235.0000      -15.00  0.3247   20.000
        236.0000      -15.00  0.3247   20.000
        237.0000      -15.00  0.3247   20.000
        238.0000      -15.00  0.3247   20.000
        239.0000      -15.00  0.3247   20.000
        240.0000      -15.00  0.3247   20.000
        241.0000      -15.00  0.3247   20.000
        242.0000      -15.00  0.3247   20.000
        243.0000      -15.00  0.3247   20.000
        244.0000      -15.00  0.3247   20.000
        245.0000     -191.80  0.1345   20.000
        246.0000     -689.21  0.0869   20.000
        247.0000    -1225.33  0.0751   20.000
        248.0000    -1491.47  0.0721   20.000
        249.0000    -1574.00  0.0713   20.000
        250.0000    -1599.54  0.0712   20.000
        251.0000    -1603.92  0.0711   20.000
        252.0000    -1604.12  0.0711   20.000
        253.0000    -1604.13  0.0711   20.000
        254.0000    -1604.14  0.0711   20.000
        255.0000    -1604.14  0.0711   20.000
        256.0000    -1604.14  0.0711   20.000
        257.0000    -1604.14  0.0711   20.000
        258.0000    -1604.14  0.0711   20.000
        259.0000    -1604.14  0.0711   20.000
        260.0000    -1604.14  0.0711   20.000
        261.0000    -1604.14  0.0711   20.000
        262.0000    -1604.14  0.0711   20.000
        263.0000    -1604.14  0.0711   20.000
        264.0000    -1604.14  0.0711   20.000
        265.0000    -1604.14  0.0711   20.000
        266.0000    -1604.14  0.0711   20.000
        267.0000    -1604.14  0.0711   20.000
        268.0000    -1604.14  0.0711   20.000
        269.0000    -1604.14  0.0711   20.000
        270.0000    -1604.14  0.0711   20.000
        271.0000    -1604.14  0.0711   20.000
        272.0000    -1604.14  0.0711   20.000
        273.0000    -1604.14  0.0711   20.000
        274.0000    -1604.14  0.0711   20.000
        275.0000    -1604.14  0.0711   20.000
        276.0000    -1604.14  0.0711   20.000
        277.0000    -1604.14  0.0711   20.000
        278.0000    -1604.14  0.0711   20.000
        279.0000    -1604.14  0.0711   20.000
        280.0000    -1604.14  0.0711   20.000
        281.0000    -1604.14  0.0711   20.000
        282.0000    -1604.14  0.0711   20.000
        283.0000    -1604.14  0.0711   20.000
        284.0000    -1604.14  0.0711   20.000
        285.0000    -1604.14  0.0711   20.000
        286.0000    -1604.14  0.0711   20.000
        287.0000    -1604.14  0.0711   20.000
        288.0000    -1604.14  0.0711   20.000
        289.0000    -1604.14  0.0711   20.000
        290.0000    -1604.14  0.0711   20.000
        291.0000    -1604.14  0.0711   20.000
        292.0000    -1604.14  0.0711   20.000
        293.0000    -1604.14  0.0711   20.000
        294.0000    -1604.14  0.0711   20.000
        295.0000    -1604.14  0.0711   20.000
        296.0000    -1604.14  0.0711   20.000
        297.0000    -1604.14  0.0711   20.000
        298.0000    -1604.14  0.0711   20.000
        299.0000    -1604.14  0.0711   20.000
        300.0000    -1604.14  0.0711   20.000
        301.0000    -1604.14  0.0711   20.000
        302.0000    -1604.14  0.0711   20.000
        303.0000    -1604.14  0.0711   20.000
        304.0000    -1604.14  0.0711   20.000
        305.0000    -1604.14  0.0711   20.000
        306.0000    -1604.14  0.0711   20.000
        307.0000    -1604.14  0.0711   20.000
        308.0000    -1604.14  0.0711   20.000
        309.0000    -1604.14  0.0711   20.000
        310.0000    -1604.14  0.0711   20.000
        311.0000    -1604.14  0.0711   20.000
        312.0000    -1604.14  0.0711   20.000
        313.0000    -1604.14  0.0711   20.000
        314.0000    -1604.14  0.0711   20.000
        315.0000    -1604.14  0.0711   20.000
        316.0000    -1604.14  0.0711   20.000
        317.0000    -1604.14  0.0711   20.000
        318.0000    -1604.14  0.0711   20.000
        319.0000    -1604.14  0.0711   20.000
        320.0000    -1604.14  0.0711   20.000
        321.0000    -1604.14  0.0711   20.000
        322.0000    -1604.14  0.0711   20.000
        323.0000    -1604.14  0.0711   20.000
        324.0000    -1604.14  0.0711   20.000
        325.0000    -1604.14  0.0711   20.000
        326.0000    -1604.14  0.0711   20.000
        327.0000    -1604.14  0.0711   20.000
        328.0000    -1604.14  0.0711   20.000
        329.0000    -1604.14  0.0711   20.000
        330.0000    -1604.14  0.0711   20.000
        331.0000    -1604.14  0.0711   20.000
        332.0000    -1604.14  0.0711   20.000
        333.0000    -1604.14  0.0711   20.000
        334.0000    -1604.14  0.0711   20.000
        335.0000    -1604.14  0.0711   20.000
        336.0000    -1604.14  0.0711   20.000
        337.0000    -1604.14  0.0711   20.000
        338.0000    -1604.14  0.0711   20.000
        339.0000    -1604.14  0.0711   20.000
        340.0000    -1604.14  0.0711   20.000
        341.0000    -1604.14  0.0711   20.000
        342.0000    -1604.14  0.0711   20.000
        343.0000    -1604.14  0.0711   20.000
        344.0000    -1604.14  0.0711   20.000
        345.0000    -1604.14  0.0711   20.000
        346.0000    -1604.14  0.0711   20.000
        347.0000    -1604.14  0.0711   20.000
        348.0000    -1604.14  0.0711   20.000
        349.0000    -1604.14  0.0711   20.000
        350.0000    -1604.14  0.0711   20.000
        351.0000    -1604.14  0.0711   20.000
        352.0000    -1604.14  0.0711   20.000
        353.0000    -1604.14  0.0711   20.000
        354.0000    -1604.14  0.0711   20.000
        355.0000    -1604.14  0.0711   20.000
        356.0000    -1604.14  0.0711   20.000
        357.0000    -1604.14  0.0711   20.000
        358.0000    -1604.14  0.0711   20.000
        359.0000    -1604.14  0.0711   20.000
        360.0000    -1604.14  0.0711   20.000
        361.0000    -1604.14  0.0711   20.000
        362.0000    -1604.14  0.0711   20.000
        363.0000    -1604.14  0.0711   20.000
        364.0000    -1604.14  0.0711   20.000
        365.0000    -1604.14  0.0711   20.000
        366.0000    -1604.14  0.0711   20.000
        367.0000    -1604.14  0.0711   20.000
        368.0000    -1604.14  0.0711   20.000
        369.0000    -1604.14  0.0711   20.000
        370.0000    -1604.14  0.0711   20.000
        371.0000    -1604.14  0.0711   20.000
        372.0000    -1604.14  0.0711   20.000
        373.0000    -1604.14  0.0711   20.000
        374.0000    -1604.14  0.0711   20.000
        375.0000    -1604.14  0.0711   20.000
        376.0000    -1604.14  0.0711   20.000
        377.0000    -1604.14  0.0711   20.000
        378.0000    -1604.14  0.0711   20.000
        379.0000    -1604.14  0.0711   20.000
        380.0000    -1604.14  0.0711   20.000
        381.0000    -1604.14  0.0711   20.000
        382.0000    -1604.14  0.0711   20.000
        383.0000    -1604.14  0.0711   20.000
        384.0000    -1604.14  0.0711   20.000
        385.0000    -1604.14  0.0711   20.000
        386.0000    -1604.14  0.0711   20.000
        387.0000    -1604.14  0.0711   20.000
        388.0000    -1604.14  0.0711   20.000
        389.0000    -1604.14  0.0711   20.000
        390.0000    -1604.14  0.0711   20.000
        391.0000    -1604.14  0.0711   20.000
        392.0000    -1604.14  0.0711   20.000
        393.0000    -1604.14  0.0711   20.000
        394.0000    -1604.14  0.0711   20.000
        395.0000    -1604.14  0.0711   20.000
        396.0000    -1604.14  0.0711   20.000
        397.0000    -1604.14  0.0711   20.000
        398.0000    -1604.14  0.0711   20.000
        399.0000    -1604.14  0.0711   20.000
        400.0000    -1604.14  0.0711   20.000
        401.0000    -1604.14  0.0711   20.000
        402.0000    -1604.14  0.0711   20.000
        403.0000    -1604.14  0.0711   20.000
        404.0000    -1604.14  0.0711   20.000
        405.0000    -1604.14  0.0711   20.000
        406.0000    -1604.14  0.0711   20.000
        407.0000    -1604.14  0.0711   20.000
        408.0000    -1604.14  0.0711   20.000
        409.0000    -1604.14  0.0711   20.000
        410.0000    -1604.14  0.0711   20.000
        411.0000    -1604.14  0.0711   20.000
        412.0000    -1604.14  0.0711   20.000
        413.0000    -1604.14  0.0711   20.000
        414.0000    -1604.14  0.0711   20.000
        415.0000    -1604.14  0.0711   20.000
        416.0000    -1604.14  0.0711   20.000
        417.0000    -1604.14  0.0711   20.000
        418.0000    -1604.14  0.0711   20.000
        419.0000    -1604.14  0.0711   20.000
        420.0000    -1604.14  0.0711   20.000
        421.0000    -1604.14  0.0711   20.000
        422.0000    -1604.14  0.0711   20.000
        423.0000    -1604.14  0.0711   20.000
        424.0000    -1604.14  0.0711   20.000
        425.0000    -1604.14  0.0711   20.000
        426.0000    -1604.14  0.0711   20.000
        427.0000    -1604.14  0.0711   20.000
        428.0000    -1604.14  0.0711   20.000
        429.0000    -1604.14  0.0711   20.000
        430.0000    -1604.14  0.0711   20.000
        431.0000    -1604.14  0.0711   20.000
        432.0000    -1604.14  0.0711   20.000
        433.0000    -1604.14  0.0711   20.000
        434.0000    -1604.14  0.0711   20.000
        435.0000    -1604.14  0.0711   20.000
        436.0000    -1604.14  0.0711   20.000
        437.0000    -1604.14  0.0711   20.000
        438.0000    -1604.14  0.0711   20.000
        439.0000    -1604.14  0.0711   20.000
        440.0000    -1604.14  0.0711   20.000
        441.0000    -1604.14  0.0711   20.000
        442.0000    -1604.14  0.0711   20.000
        443.0000    -1604.14  0.0711   20.000
        444.0000    -1604.14  0.0711   20.000
        445.0000    -1604.14  0.0711   20.000
        446.0000    -1604.14  0.0711   20.000
        447.0000    -1604.14  0.0711   20.000
        448.0000    -1604.14  0.0711   20.000
        449.0000    -1604.14  0.0711   20.000
        450.0000    -1604.14  0.0711   20.000
        451.0000    -1604.14  0.0711   20.000
        452.0000    -1604.14  0.0711   20.000
        453.0000    -1604.14  0.0711   20.000
        454.0000    -1604.14  0.0711   20.000
        455.0000    -1604.14  0.0711   20.000
        456.0000    -1604.14  0.0711   20.000
        457.0000    -1604.14  0.0711   20.000
        458.0000    -1604.14  0.0711   20.000
        459.0000    -1604.14  0.0711   20.000
        460.0000    -1604.14  0.0711   20.000
        461.0000    -1604.14  0.0711   20.000
        462.0000    -1604.14  0.0711   20.000
        463.0000    -1604.14  0.0711   20.000
        464.0000    -1604.14  0.0711   20.000
        465.0000    -1604.14  0.0711   20.000
        466.0000    -1604.14  0.0711   20.000
        467.0000    -1604.14  0.0711   20.000
        468.0000    -1604.14  0.0711   20.000
        469.0000    -1604.14  0.0711   20.000
        470.0000    -1604.14  0.0711   20.000
        471.0000    -1604.14  0.0711   20.000
        472.0000    -1604.14  0.0711   20.000
        473.0000    -1604.14  0.0711   20.000
        474.0000    -1604.14  0.0711   20.000
        475.0000    -1604.14  0.0711   20.000
        476.0000    -1604.14  0.0711   20.000
        477.0000    -1604.14  0.0711   20.000
        478.0000    -1604.14  0.0711   20.000
        479.0000    -1604.14  0.0711   20.000
        480.0000    -1604.14  0.0711   20.000
        481.0000    -1604.14  0.0711   20.000
        482.0000    -1604.14  0.0711   20.000
        483.0000    -1604.14  0.0711   20.000
        484.0000    -1604.14  0.0711   20.000
        485.0000    -1604.14  0.0711   20.000
        486.0000    -1604.14  0.0711   20.000
        487.0000    -1604.14  0.0711   20.000
        488.0000    -1604.14  0.0711   20.000
        489.0000    -1604.14  0.0711   20.000
        490.0000    -1604.14  0.0711   20.000
        491.0000    -1604.14  0.0711   20.000
        492.0000    -1604.14  0.0711   20.000
        493.0000    -1604.14  0.0711   20.000
        494.0000    -1604.14  0.0711   20.000
        495.0000    -1604.14  0.0711   20.000
        496.0000    -1604.14  0.0711   20.000
        497.0000    -1604.14  0.0711   20.000
        498.0000    -1604.14  0.0711   20.000
        499.0000    -1604.14  0.0711   20.000
        500.0000    -1604.14  0.0711   20.000
        501.0000    -1604.14  0.0711   20.000
        502.0000    -1604.14  0.0711   20.000
        503.0000    -1604.14  0.0711   20.000
        504.0000    -1604.14  0.0711   20.000
        505.0000    -1604.14  0.0711   20.000
        506.0000    -1604.14  0.0711   20.000
        507.0000    -1604.14  0.0711   20.000
        508.0000    -1604.14  0.0711   20.000
        509.0000    -1604.14  0.0711   20.000
        510.0000    -1604.14  0.0711   20.000
        511.0000    -1604.14  0.0711   20.000
        512.0000    -1604.14  0.0711   20.000
        513.0000    -1604.14  0.0711   20.000
        514.0000    -1604.14  0.0711   20.000
        515.0000    -1604.14  0.0711   20.000
        516.0000    -1604.14  0.0711   20.000
        517.0000    -1604.14  0.0711   20.000
        518.0000    -1604.14  0.0711   20.000
        519.0000    -1604.14  0.0711   20.000
        520.0000    -1604.14  0.0711   20.000
        521.0000    -1604.14  0.0711   20.000
        522.0000    -1604.14  0.0711   20.000
        523.0000    -1604.14  0.0711   20.000
        524.0000    -1604.14  0.0711   20.000
        525.0000    -1604.14  0.0711   20.000
        526.0000    -1604.14  0.0711   20.000
        527.0000    -1604.14  0.0711   20.000
        528.0000    -1604.14  0.0711   20.000
        529.0000    -1604.14  0.0711   20.000
        530.0000    -1604.14  0.0711   20.000
        531.0000    -1604.14  0.0711   20.000
        532.0000    -1604.14  0.0711   20.000
        533.0000    -1604.14  0.0711   20.000
        534.0000    -1604.14  0.0711   20.000
        535.0000    -1604.14  0.0711   20.000
        536.0000    -1604.14  0.0711   20.000
        537.0000    -1604.14  0.0711   20.000
        538.0000    -1604.14  0.0711   20.000
        539.0000    -1604.14  0.0711   20.000
        540.0000    -1604.14  0.0711   20.000
        541.0000    -1604.14  0.0711   20.000
        542.0000    -1604.14  0.0711   20.000
        543.0000    -1604.14  0.0711   20.000
        544.0000    -1604.14  0.0711   20.000
        545.0000    -1604.14  0.0711   20.000
        546.0000    -1604.14  0.0711   20.000
        547.0000    -1604.14  0.0711   20.000
        548.0000    -1604.14  0.0711   20.000
        549.0000    -1604.14  0.0711   20.000
        550.0000    -1604.14  0.0711   20.000
        551.0000    -1604.14  0.0711   20.000
        552.0000    -1604.14  0.0711   20.000
        553.0000    -1604.14  0.0711   20.000
        554.0000    -1604.14  0.0711   20.000
        555.0000    -1604.14  0.0711   20.000
        556.0000    -1604.14  0.0711   20.000
        557.0000    -1604.14  0.0711   20.000
        558.0000    -1604.14  0.0711   20.000
        559.0000    -1604.14  0.0711   20.000
        560.0000    -1604.14  0.0711   20.000
        561.0000    -1604.14  0.0711   20.000
        562.0000    -1604.14  0.0711   20.000
        563.0000    -1604.14  0.0711   20.000
        564.0000    -1604.14  0.0711   20.000
        565.0000    -1604.14  0.0711   20.000
        566.0000    -1604.14  0.0711   20.000
        567.0000    -1604.14  0.0711   20.000
        568.0000    -1604.14  0.0711   20.000
        569.0000    -1604.14  0.0711   20.000
        570.0000    -1604.14  0.0711   20.000
        571.0000    -1604.14  0.0711   20.000
        572.0000    -1604.14  0.0711   20.000
        573.0000    -1604.14  0.0711   20.000
        574.0000    -1604.14  0.0711   20.000
        575.0000    -1604.14  0.0711   20.000
        576.0000    -1604.14  0.0711   20.000
        577.0000    -1604.14  0.0711   20.000
        578.0000    -1604.14  0.0711   20.000
        579.0000    -1604.14  0.0711   20.000
        580.0000    -1604.14  0.0711   20.000
        581.0000    -1604.14  0.0711   20.000
        582.0000    -1604.14  0.0711   20.000
        583.0000    -1604.14  0.0711   20.000
        584.0000    -1604.14  0.0711   20.000
        585.0000    -1604.14  0.0711   20.000
        586.0000    -1604.14  0.0711   20.000
        587.0000    -1604.14  0.0711   20.000
        588.0000    -1604.14  0.0711   20.000
        589.0000    -1604.14  0.0711   20.000
        590.0000    -1604.14  0.0711   20.000
        591.0000    -1604.14  0.0711   20.000
        592.0000    -1604.14  0.0711   20.000
        593.0000    -1604.14  0.0711   20.000
        594.0000    -1604.14  0.0711   20.000
        595.0000    -1604.14  0.0711   20.000
        596.0000    -1604.14  0.0711   20.000
        597.0000    -1604.14  0.0711   20.000
        598.0000    -1604.14  0.0711   20.000
        599.0000    -1604.14  0.0711   20.000
        600.0000    -1604.14  0.0711   20.000
        601.0000    -1604.14  0.0711   20.000
        602.0000    -1604.14  0.0711   20.000
        603.0000    -1604.14  0.0711   20.000
        604.0000    -1604.14  0.0711   20.000
        605.0000    -1604.14  0.0711   20.000
        606.0000    -1604.14  0.0711   20.000
        607.0000    -1604.14  0.0711   20.000
        608.0000    -1604.14  0.0711   20.000
        609.0000    -1604.14  0.0711   20.000
        610.0000    -1604.14  0.0711   20.000
        611.0000    -1604.14  0.0711   20.000
        612.0000    -1604.14  0.0711   20.000
        613.0000    -1604.14  0.0711   20.000
        614.0000    -1604.14  0.0711   20.000
        615.0000    -1604.14  0.0711   20.000
        616.0000    -1604.14  0.0711   20.000
        617.0000    -1604.14  0.0711   20.000
        618.0000    -1604.14  0.0711   20.000
        619.0000    -1604.14  0.0711   20.000
        620.0000    -1604.14  0.0711   20.000
        621.0000    -1604.14  0.0711   20.000
        622.0000    -1604.14  0.0711   20.000
        623.0000    -1604.14  0.0711   20.000
        624.0000    -1604.14  0.0711   20.000
        625.0000    -1604.14  0.0711   20.000
        626.0000    -1604.14  0.0711   20.000
        627.0000    -1604.14  0.0711   20.000
        628.0000    -1604.14  0.0711   20.000
        629.0000    -1604.14  0.0711   20.000
        630.0000    -1604.14  0.0711   20.000
        631.0000    -1604.14  0.0711   20.000
        632.0000    -1604.14  0.0711   20.000
        633.0000    -1604.14  0.0711   20.000
        634.0000    -1604.14  0.0711   20.000
        635.0000    -1604.14  0.0711   20.000
        636.0000    -1604.14  0.0711   20.000
        637.0000    -1604.14  0.0711   20.000
        638.0000    -1604.14  0.0711   20.000
        639.0000    -1604.14  0.0711   20.000
        640.0000    -1604.14  0.0711   20.000
        641.0000    -1604.14  0.0711   20.000
        642.0000    -1604.14  0.0711   20.000
        643.0000    -1604.14  0.0711   20.000
        644.0000    -1604.14  0.0711   20.000
        645.0000    -1604.14  0.0711   20.000
        646.0000    -1604.14  0.0711   20.000
        647.0000    -1604.14  0.0711   20.000
        648.0000    -1604.14  0.0711   20.000
        649.0000    -1604.14  0.0711   20.000
        650.0000    -1604.14  0.0711   20.000
        651.0000    -1604.14  0.0711   20.000
        652.0000    -1604.14  0.0711   20.000
        653.0000    -1604.14  0.0711   20.000
        654.0000    -1604.14  0.0711   20.000
        655.0000    -1604.14  0.0711   20.000
        656.0000    -1604.14  0.0711   20.000
        657.0000    -1604.14  0.0711   20.000
        658.0000    -1604.14  0.0711   20.000
        659.0000    -1604.14  0.0711   20.000
        660.0000    -1604.14  0.0711   20.000
        661.0000    -1604.14  0.0711   20.000
        662.0000    -1604.14  0.0711   20.000
        663.0000    -1604.14  0.0711   20.000
        664.0000    -1604.14  0.0711   20.000
        665.0000    -1604.14  0.0711   20.000
        666.0000    -1604.14  0.0711   20.000
        667.0000    -1604.14  0.0711   20.000
        668.0000    -1604.14  0.0711   20.000
        669.0000    -1604.14  0.0711   20.000
        670.0000    -1604.14  0.0711   20.000
        671.0000    -1604.14  0.0711   20.000
        672.0000    -1604.14  0.0711   20.000
        673.0000    -1604.14  0.0711   20.000
        674.0000    -1604.14  0.0711   20.000
        675.0000    -1604.14  0.0711   20.000
        676.0000    -1604.14  0.0711   20.000
        677.0000    -1604.14  0.0711   20.000
        678.0000    -1604.14  0.0711   20.000
        679.0000    -1604.14  0.0711   20.000
        680.0000    -1604.14  0.0711   20.000
        681.0000    -1604.14  0.0711   20.000
        682.0000    -1604.14  0.0711   20.000
        683.0000    -1604.14  0.0711   20.000
        684.0000    -1604.14  0.0711   20.000
        685.0000    -1604.14  0.0711   20.000
        686.0000    -1604.14  0.0711   20.000
        687.0000    -1604.14  0.0711   20.000
        688.0000    -1604.14  0.0711   20.000
        689.0000    -1604.14  0.0711   20.000
        690.0000    -1604.14  0.0711   20.000
        691.0000    -1604.14  0.0711   20.000
        692.0000    -1604.14  0.0711   20.000
        693.0000    -1604.14  0.0711   20.000
        694.0000    -1604.14  0.0711   20.000
        695.0000    -1604.14  0.0711   20.000
        696.0000    -1604.14  0.0711   20.000
        697.0000    -1604.14  0.0711   20.000
        698.0000    -1604.14  0.0711   20.000
        699.0000    -1604.14  0.0711   20.000
        700.0000    -1604.14  0.0711   20.000
        701.0000    -1604.14  0.0711   20.000
        702.0000    -1604.14  0.0711   20.000
        703.0000    -1604.14  0.0711   20.000
        704.0000    -1604.14  0.0711   20.000
        705.0000    -1604.14  0.0711   20.000
        706.0000    -1604.14  0.0711   20.000
        707.0000    -1604.14  0.0711   20.000
        708.0000    -1604.14  0.0711   20.000
        709.0000    -1604.14  0.0711   20.000
        710.0000    -1604.14  0.0711   20.000
        711.0000    -1604.14  0.0711   20.000
        712.0000    -1604.14  0.0711   20.000
        713.0000    -1604.14  0.0711   20.000
        714.0000    -1604.14  0.0711   20.000
        715.0000    -1604.14  0.0711   20.000
        716.0000    -1604.14  0.0711   20.000
        717.0000    -1604.14  0.0711   20.000
        718.0000    -1604.14  0.0711   20.000
        719.0000    -1604.14  0.0711   20.000
        720.0000    -1604.14  0.0711   20.000
        721.0000    -1604.14  0.0711   20.000
        722.0000    -1604.14  0.0711   20.000
        723.0000    -1604.14  0.0711   20.000
        724.0000    -1604.14  0.0711   20.000
        725.0000    -1604.14  0.0711   20.000
        726.0000    -1604.14  0.0711   20.000
        727.0000    -1604.14  0.0711   20.000
        728.0000    -1604.14  0.0711   20.000
        729.0000    -1604.14  0.0711   20.000
        730.0000    -1604.14  0.0711   20.000
        731.0000    -1604.14  0.0711   20.000
        732.0000    -1604.14  0.0711   20.000
        733.0000    -1604.14  0.0711   20.000
        734.0000    -1604.14  0.0711   20.000
        735.0000    -1604.14  0.0711   20.000
        736.0000    -1604.14  0.0711   20.000
        737.0000    -1604.14  0.0711   20.000
        738.0000    -1604.14  0.0711   20.000
        739.0000    -1604.14  0.0711   20.000
        740.0000    -1604.14  0.0711   20.000
        741.0000    -1604.14  0.0711   20.000
        742.0000    -1604.14  0.0711   20.000
        743.0000    -1604.14  0.0711   20.000
        744.0000    -1604.14  0.0711   20.000
        745.0000    -1604.14  0.0711   20.000
        746.0000    -1604.14  0.0711   20.000
        747.0000    -1604.14  0.0711   20.000
        748.0000    -1604.14  0.0711   20.000
        749.0000    -1604.14  0.0711   20.000
        750.0000    -1604.14  0.0711   20.000
        751.0000    -1604.14  0.0711   20.000
        752.0000    -1604.14  0.0711   20.000
        753.0000    -1604.14  0.0711   20.000
        754.0000    -1604.14  0.0711   20.000
        755.0000    -1604.14  0.0711   20.000
        756.0000    -1604.14  0.0711   20.000
end
