 ******* Program HYDRUS
 ******* 
 None                                                                    
 Date:  16. 1.    Time:  15:28:29
 Units: L = mm   , T = days , M = mmol 


    TLevel      Time          dt      Iter    ItCum  KodT  KodB  Convergency

       22  0.1000000E+01  0.19550E+00    2       44    -4    -5     T
       26  0.2000000E+01  0.25000E+00    2       55    -4    -5     T
       28  0.3000000E+01  0.50000E+00    7       68    -4    -5     T
       39  0.4000000E+01  0.19660E+00    2      120     4    -5     T
       42  0.5000000E+01  0.37500E+00    2      126     4    -5     T
       45  0.6000000E+01  0.33333E+00    2      132     4    -5     T
       47  0.7000000E+01  0.50000E+00    2      136     4    -5     T
       49  0.8000000E+01  0.50000E+00    2      140     4    -5     T
       51  0.9000000E+01  0.50000E+00    2      144     4    -5     T
       53  0.1000000E+02  0.50000E+00    2      148     4    -5     T
       55  0.1100000E+02  0.50000E+00    2      152     4    -5     T
       57  0.1200000E+02  0.50000E+00    2      156     4    -5     T
       59  0.1300000E+02  0.50000E+00    2      160     4    -5     T
       61  0.1400000E+02  0.50000E+00    2      164     4    -5     T
       63  0.1500000E+02  0.50000E+00    2      168     4    -5     T
       65  0.1600000E+02  0.50000E+00    2      172     4    -5     T
       67  0.1700000E+02  0.50000E+00    2      176     4    -5     T
       69  0.1800000E+02  0.50000E+00    2      180     4    -5     T
       71  0.1900000E+02  0.50000E+00    2      184     4    -5     T
       73  0.2000000E+02  0.50000E+00    2      188     4    -5     T
       75  0.2100000E+02  0.50000E+00    2      192     4    -5     T
       77  0.2200000E+02  0.50000E+00    2      196     4    -5     T
       79  0.2300000E+02  0.50000E+00    2      200     4    -5     T
       81  0.2400000E+02  0.50000E+00    2      204     4    -5     T
       83  0.2500000E+02  0.50000E+00    2      208     4    -5     T
       85  0.2600000E+02  0.50000E+00    2      212     4    -5     T
       87  0.2700000E+02  0.50000E+00    2      216     4    -5     T
       89  0.2800000E+02  0.50000E+00    2      220     4    -5     T
       91  0.2900000E+02  0.50000E+00    2      224     4    -5     T
       93  0.3000000E+02  0.50000E+00    2      228     4    -5     T
       95  0.3100000E+02  0.50000E+00    2      232     4    -5     T
       97  0.3200000E+02  0.50000E+00    2      236     4    -5     T
       99  0.3300000E+02  0.50000E+00    2      240     4    -5     T
      101  0.3400000E+02  0.50000E+00    2      244     4    -5     T
      103  0.3500000E+02  0.50000E+00    2      248     4    -5     T
      105  0.3600000E+02  0.50000E+00    2      252     4    -5     T
      107  0.3700000E+02  0.50000E+00    2      256     4    -5     T
      109  0.3800000E+02  0.50000E+00    2      260     4    -5     T
      111  0.3900000E+02  0.50000E+00    2      264     4    -5     T
      113  0.4000000E+02  0.50000E+00    2      268     4    -5     T
      115  0.4100000E+02  0.50000E+00    2      272     4    -5     T
      117  0.4200000E+02  0.50000E+00    2      276     4    -5     T
      119  0.4300000E+02  0.50000E+00    2      280     4    -5     T
      121  0.4400000E+02  0.50000E+00    2      284     4    -5     T
      123  0.4500000E+02  0.50000E+00    2      288     4    -5     T
      125  0.4600000E+02  0.50000E+00    2      292     4    -5     T
      127  0.4700000E+02  0.50000E+00    2      296     4    -5     T
      129  0.4800000E+02  0.50000E+00    2      300     4    -5     T
      131  0.4900000E+02  0.50000E+00    2      304     4    -5     T
      133  0.5000000E+02  0.50000E+00    2      308     4    -5     T
      135  0.5100000E+02  0.50000E+00    2      312     4    -5     T
      137  0.5200000E+02  0.50000E+00    2      316     4    -5     T
      139  0.5300000E+02  0.50000E+00    2      320     4    -5     T
      141  0.5400000E+02  0.50000E+00    2      324     4    -5     T
      143  0.5500000E+02  0.50000E+00    2      328     4    -5     T
      145  0.5600000E+02  0.50000E+00    2      332     4    -5     T
      147  0.5700000E+02  0.50000E+00    2      336     4    -5     T
      149  0.5800000E+02  0.50000E+00    2      340     4    -5     T
      151  0.5900000E+02  0.50000E+00    2      344     4    -5     T
      153  0.6000000E+02  0.50000E+00    2      348     4    -5     T
      155  0.6100000E+02  0.50000E+00    2      352     4    -5     T
      157  0.6200000E+02  0.50000E+00    2      356     4    -5     T
      159  0.6300000E+02  0.50000E+00    2      360     4    -5     T
      161  0.6400000E+02  0.50000E+00    2      364     4    -5     T
      163  0.6500000E+02  0.50000E+00    2      368     4    -5     T
      165  0.6600000E+02  0.50000E+00    2      372     4    -5     T
      167  0.6700000E+02  0.50000E+00    2      376     4    -5     T
      169  0.6800000E+02  0.50000E+00    2      380     4    -5     T
      171  0.6900000E+02  0.50000E+00    2      384     4    -5     T
      173  0.7000000E+02  0.50000E+00    2      388     4    -5     T
      175  0.7100000E+02  0.50000E+00    2      392     4    -5     T
      177  0.7200000E+02  0.50000E+00    2      396     4    -5     T
      179  0.7300000E+02  0.50000E+00    2      400     4    -5     T
      181  0.7400000E+02  0.50000E+00    2      404     4    -5     T
      183  0.7500000E+02  0.50000E+00    2      408     4    -5     T
      185  0.7600000E+02  0.50000E+00    2      412     4    -5     T
      187  0.7700000E+02  0.50000E+00    2      416     4    -5     T
      189  0.7800000E+02  0.50000E+00    2      420     4    -5     T
      191  0.7900000E+02  0.50000E+00    2      424     4    -5     T
      193  0.8000000E+02  0.50000E+00    2      428     4    -5     T
      195  0.8100000E+02  0.50000E+00    2      432     4    -5     T
      197  0.8200000E+02  0.50000E+00    2      436     4    -5     T
      199  0.8300000E+02  0.50000E+00    2      440     4    -5     T
      201  0.8400000E+02  0.50000E+00    2      444     4    -5     T
      203  0.8500000E+02  0.50000E+00    2      448     4    -5     T
      205  0.8600000E+02  0.50000E+00    2      452     4    -5     T
      207  0.8700000E+02  0.50000E+00    2      456     4    -5     T
      209  0.8800000E+02  0.50000E+00    2      460     4    -5     T
      211  0.8900000E+02  0.50000E+00    2      464     4    -5     T
      213  0.9000000E+02  0.50000E+00    2      468     4    -5     T
      215  0.9100000E+02  0.50000E+00    5      475    -4    -5     T
      217  0.9200000E+02  0.50000E+00    2      481    -4    -5     T
      219  0.9300000E+02  0.50000E+00    4      489    -4    -5     T
      221  0.9400000E+02  0.50000E+00    4      495    -4    -5     T
      223  0.9500000E+02  0.50000E+00    4      501    -4    -5     T
      225  0.9600000E+02  0.50000E+00    5      509    -4    -5     T
      227  0.9700000E+02  0.50000E+00    5      518    -4    -5     T
      229  0.9800000E+02  0.50000E+00    4      526    -4    -5     T
      231  0.9900000E+02  0.50000E+00    5      535    -4    -5     T
      233  0.1000000E+03  0.50000E+00    5      543    -4    -5     T
      235  0.1010000E+03  0.50000E+00    3      550    -4    -5     T
      237  0.1020000E+03  0.50000E+00    4      557    -4    -5     T
      239  0.1030000E+03  0.50000E+00    2      561    -4    -5     T
      241  0.1040000E+03  0.50000E+00    3      566    -4    -5     T
      243  0.1050000E+03  0.50000E+00    3      571    -4    -5     T
      245  0.1060000E+03  0.50000E+00    3      577    -4    -5     T
      247  0.1070000E+03  0.50000E+00    2      581    -4    -5     T
      249  0.1080000E+03  0.50000E+00    4      587    -4    -5     T
      251  0.1090000E+03  0.50000E+00    2      591    -4    -5     T
      253  0.1100000E+03  0.50000E+00    2      595    -4    -5     T
      255  0.1110000E+03  0.50000E+00    2      599    -4    -5     T
      257  0.1120000E+03  0.50000E+00    3      604    -4    -5     T
      259  0.1130000E+03  0.50000E+00    2      608    -4    -5     T
      261  0.1140000E+03  0.50000E+00    2      612    -4    -5     T
      263  0.1150000E+03  0.50000E+00    2      616    -4    -5     T
      265  0.1160000E+03  0.50000E+00    2      620    -4    -5     T
      267  0.1170000E+03  0.50000E+00    2      624    -4    -5     T
      269  0.1180000E+03  0.50000E+00    3      629    -4    -5     T
      271  0.1190000E+03  0.50000E+00    2      633    -4    -5     T
      273  0.1200000E+03  0.50000E+00    2      637    -4    -5     T
      275  0.1210000E+03  0.50000E+00    4      643    -4    -5     T
      277  0.1220000E+03  0.50000E+00    2      649    -4    -5     T
      279  0.1230000E+03  0.50000E+00    4      656    -4    -5     T
      281  0.1240000E+03  0.50000E+00    2      660    -4    -5     T
      283  0.1250000E+03  0.50000E+00    4      666    -4    -5     T
      285  0.1260000E+03  0.50000E+00    4      672    -4    -5     T
      287  0.1270000E+03  0.50000E+00    4      678    -4    -5     T
      289  0.1280000E+03  0.50000E+00    3      683    -4    -5     T
      291  0.1290000E+03  0.50000E+00    2      688    -4    -5     T
      293  0.1300000E+03  0.50000E+00    2      693    -4    -5     T
      295  0.1310000E+03  0.50000E+00    2      697    -4    -5     T
      297  0.1320000E+03  0.50000E+00    3      703    -4    -5     T
      299  0.1330000E+03  0.50000E+00    3      709    -4    -5     T
      301  0.1340000E+03  0.50000E+00    2      713    -4    -5     T
      303  0.1350000E+03  0.50000E+00    4      719    -4    -5     T
      305  0.1360000E+03  0.50000E+00    3      725    -4    -5     T
      307  0.1370000E+03  0.50000E+00    4      732    -4    -5     T
      309  0.1380000E+03  0.50000E+00    3      737    -4    -5     T
      311  0.1390000E+03  0.50000E+00    3      743    -4    -5     T
      313  0.1400000E+03  0.50000E+00    2      747    -4    -5     T
      315  0.1410000E+03  0.50000E+00    3      753    -4    -5     T
      317  0.1420000E+03  0.50000E+00    2      757    -4    -5     T
      319  0.1430000E+03  0.50000E+00    3      762    -4    -5     T
      321  0.1440000E+03  0.50000E+00    2      766    -4    -5     T
      323  0.1450000E+03  0.50000E+00    2      770    -4    -5     T
      325  0.1460000E+03  0.50000E+00    2      774    -4    -5     T
      327  0.1470000E+03  0.50000E+00    2      778    -4    -5     T
      329  0.1480000E+03  0.50000E+00    3      783    -4    -5     T
      331  0.1490000E+03  0.50000E+00    2      787    -4    -5     T
      333  0.1500000E+03  0.50000E+00    2      791    -4    -5     T
      335  0.1510000E+03  0.50000E+00    2      795    -4    -5     T
      337  0.1520000E+03  0.50000E+00    2      799    -4    -5     T
      339  0.1530000E+03  0.50000E+00    2      803    -4    -5     T
      341  0.1540000E+03  0.50000E+00    3      808    -4    -5     T
      343  0.1550000E+03  0.50000E+00    3      813    -4    -5     T
      345  0.1560000E+03  0.50000E+00    2      817    -4    -5     T
      347  0.1570000E+03  0.50000E+00    2      821    -4    -5     T
      349  0.1580000E+03  0.50000E+00    3      826    -4    -5     T
      351  0.1590000E+03  0.50000E+00    2      830    -4    -5     T
      353  0.1600000E+03  0.50000E+00    2      834    -4    -5     T
      355  0.1610000E+03  0.50000E+00    2      838    -4    -5     T
      357  0.1620000E+03  0.50000E+00    3      843    -4    -5     T
      359  0.1630000E+03  0.50000E+00    2      847    -4    -5     T
      361  0.1640000E+03  0.50000E+00    2      851    -4    -5     T
      363  0.1650000E+03  0.50000E+00    2      855    -4    -5     T
      365  0.1660000E+03  0.50000E+00    2      859    -4    -5     T
      367  0.1670000E+03  0.50000E+00    3      864    -4    -5     T
      369  0.1680000E+03  0.50000E+00    2      868    -4    -5     T
      371  0.1690000E+03  0.50000E+00    2      872    -4    -5     T
      373  0.1700000E+03  0.50000E+00    3      877    -4    -5     T
      375  0.1710000E+03  0.50000E+00    2      881    -4    -5     T
      377  0.1720000E+03  0.50000E+00    2      885    -4    -5     T
      379  0.1730000E+03  0.50000E+00    2      889    -4    -5     T
      381  0.1740000E+03  0.50000E+00    2      893    -4    -5     T
      383  0.1750000E+03  0.50000E+00    3      898    -4    -5     T
      750  0.1760000E+03  0.13852E-01    2     2531     4    -5     T
      834  0.1770000E+03  0.26543E-01    4     2889     4    -5     T
      906  0.1780000E+03  0.16161E-01    3     3227     4    -5     T
      920  0.1790000E+03  0.28907E+00    2     3265    -4    -5     T
     1003  0.1800000E+03  0.12754E-01    2     3629     4    -5     T
     1018  0.1810000E+03  0.27251E+00    3     3674    -4    -5     T
     1098  0.1820000E+03  0.42233E-01    5     4015     4    -5     T
     1112  0.1830000E+03  0.29187E+00    3     4061    -4    -5     T
     1203  0.1840000E+03  0.23049E-01    3     4463     4    -5     T
     1215  0.1850000E+03  0.28359E+00    2     4498    -4    -5     T
     1218  0.1860000E+03  0.37500E+00    2     4505    -4    -5     T
     1220  0.1870000E+03  0.50000E+00    2     4509    -4    -5     T
     1222  0.1880000E+03  0.50000E+00    2     4513    -4    -5     T
     1224  0.1890000E+03  0.50000E+00    3     4518    -4    -5     T
     1226  0.1900000E+03  0.50000E+00    3     4523    -4    -5     T
     1228  0.1910000E+03  0.50000E+00    2     4528    -4    -5     T
     1230  0.1920000E+03  0.50000E+00    2     4532    -4    -5     T
     1232  0.1930000E+03  0.50000E+00    4     4539    -4    -5     T
     1481  0.1940000E+03  0.10446E-01    2     5641     4    -5     T
     1548  0.1950000E+03  0.92548E-02    7     5954     4    -5     T
     1608  0.1960000E+03  0.17855E-01    2     6223     4    -5     T
     1669  0.1970000E+03  0.38063E-01    3     6500     4    -5     T
     1740  0.1980000E+03  0.11700E-01    2     6840     4    -5     T
     1813  0.1990000E+03  0.16849E-01    2     7147     4    -5     T
     1825  0.2000000E+03  0.21059E+00    2     7181    -4    -5     T
     1906  0.2010000E+03  0.84580E-02    2     7554     4    -5     T
     1923  0.2020000E+03  0.20037E+00    2     7600    -4    -5     T
     1926  0.2030000E+03  0.37500E+00    2     7607    -4    -5     T
     1929  0.2040000E+03  0.33333E+00    2     7613    -4    -5     T
     1931  0.2050000E+03  0.50000E+00    3     7618    -4    -5     T
     1933  0.2060000E+03  0.50000E+00    2     7623    -4    -5     T
     1935  0.2070000E+03  0.50000E+00    2     7627    -4    -5     T
     1937  0.2080000E+03  0.50000E+00    3     7632    -4    -5     T
     1939  0.2090000E+03  0.50000E+00    3     7638    -4    -5     T
     1941  0.2100000E+03  0.50000E+00    4     7645    -4    -5     T
     1943  0.2110000E+03  0.50000E+00    3     7651    -4    -5     T
     1945  0.2120000E+03  0.50000E+00    4     7658    -4    -5     T
     1947  0.2130000E+03  0.50000E+00    4     7665    -4    -5     T
     1949  0.2140000E+03  0.50000E+00    3     7671    -4    -5     T
     1951  0.2150000E+03  0.50000E+00    3     7677    -4    -5     T
     1953  0.2160000E+03  0.50000E+00    3     7682    -4    -5     T
     1955  0.2170000E+03  0.50000E+00    2     7687    -4    -5     T
     1957  0.2180000E+03  0.50000E+00    2     7691    -4    -5     T
     1959  0.2190000E+03  0.50000E+00    2     7695    -4    -5     T
     1961  0.2200000E+03  0.50000E+00    2     7699    -4    -5     T
     1963  0.2210000E+03  0.50000E+00    2     7703    -4    -5     T
     1965  0.2220000E+03  0.50000E+00    2     7707    -4    -5     T
     1967  0.2230000E+03  0.50000E+00    2     7711    -4    -5     T
     1969  0.2240000E+03  0.50000E+00    2     7715    -4    -5     T
     1971  0.2250000E+03  0.50000E+00    2     7719    -4    -5     T
     1973  0.2260000E+03  0.50000E+00    2     7723    -4    -5     T
     1975  0.2270000E+03  0.50000E+00    2     7727    -4    -5     T
     1977  0.2280000E+03  0.50000E+00    2     7731    -4    -5     T
     1979  0.2290000E+03  0.50000E+00    2     7735    -4    -5     T
     1981  0.2300000E+03  0.50000E+00    2     7739    -4    -5     T
     1983  0.2310000E+03  0.50000E+00    2     7743    -4    -5     T
     1985  0.2320000E+03  0.50000E+00    2     7747    -4    -5     T
     1987  0.2330000E+03  0.50000E+00    2     7751    -4    -5     T
     1989  0.2340000E+03  0.50000E+00    2     7755    -4    -5     T
     1991  0.2350000E+03  0.50000E+00    2     7759    -4    -5     T
     1993  0.2360000E+03  0.50000E+00    2     7763    -4    -5     T
     1995  0.2370000E+03  0.50000E+00    2     7767    -4    -5     T
     1997  0.2380000E+03  0.50000E+00    2     7771    -4    -5     T
     1999  0.2390000E+03  0.50000E+00    2     7775    -4    -5     T
     2001  0.2400000E+03  0.50000E+00    2     7779    -4    -5     T
     2003  0.2410000E+03  0.50000E+00    2     7783    -4    -5     T
     2005  0.2420000E+03  0.50000E+00    2     7787    -4    -5     T
     2007  0.2430000E+03  0.50000E+00    2     7791    -4    -5     T
     2009  0.2440000E+03  0.50000E+00    2     7795    -4    -5     T
     2011  0.2450000E+03  0.50000E+00    5     7806    -4    -5     T
     2013  0.2460000E+03  0.50000E+00    3     7812    -4    -5     T
     2015  0.2470000E+03  0.50000E+00    2     7816    -4    -5     T
     2017  0.2480000E+03  0.50000E+00    2     7820    -4    -5     T
     2019  0.2490000E+03  0.50000E+00    2     7824    -4    -5     T
     2021  0.2500000E+03  0.50000E+00    2     7828    -4    -5     T
     2023  0.2510000E+03  0.50000E+00    2     7832    -4    -5     T
     2025  0.2520000E+03  0.50000E+00    2     7836    -4    -5     T
     2027  0.2530000E+03  0.50000E+00    2     7840    -4    -5     T
     2029  0.2540000E+03  0.50000E+00    2     7844    -4    -5     T
     2031  0.2550000E+03  0.50000E+00    2     7848    -4    -5     T
     2033  0.2560000E+03  0.50000E+00    2     7852    -4    -5     T
     2035  0.2570000E+03  0.50000E+00    2     7856    -4    -5     T
     2037  0.2580000E+03  0.50000E+00    2     7860    -4    -5     T
     2039  0.2590000E+03  0.50000E+00    2     7864    -4    -5     T
     2041  0.2600000E+03  0.50000E+00    2     7868    -4    -5     T
     2043  0.2610000E+03  0.50000E+00    2     7872    -4    -5     T
     2045  0.2620000E+03  0.50000E+00    2     7876    -4    -5     T
     2047  0.2630000E+03  0.50000E+00    2     7880    -4    -5     T
     2049  0.2640000E+03  0.50000E+00    2     7884    -4    -5     T
     2051  0.2650000E+03  0.50000E+00    2     7888    -4    -5     T
     2053  0.2660000E+03  0.50000E+00    2     7892    -4    -5     T
     2055  0.2670000E+03  0.50000E+00    2     7896    -4    -5     T
     2057  0.2680000E+03  0.50000E+00    2     7900    -4    -5     T
     2059  0.2690000E+03  0.50000E+00    2     7904    -4    -5     T
     2061  0.2700000E+03  0.50000E+00    2     7908    -4    -5     T
     2063  0.2710000E+03  0.50000E+00    2     7912    -4    -5     T
     2065  0.2720000E+03  0.50000E+00    2     7916    -4    -5     T
     2067  0.2730000E+03  0.50000E+00    2     7920    -4    -5     T
     2069  0.2740000E+03  0.50000E+00    2     7927    -4    -5     T
     2071  0.2750000E+03  0.50000E+00    2     7939     4    -5     T
     2073  0.2760000E+03  0.50000E+00    2     7943     4    -5     T
     2075  0.2770000E+03  0.50000E+00    2     7947     4    -5     T
     2077  0.2780000E+03  0.50000E+00    2     7951     4    -5     T
     2079  0.2790000E+03  0.50000E+00    2     7955     4    -5     T
     2081  0.2800000E+03  0.50000E+00    2     7959     4    -5     T
     2083  0.2810000E+03  0.50000E+00    2     7963     4    -5     T
     2085  0.2820000E+03  0.50000E+00    2     7967     4    -5     T
     2087  0.2830000E+03  0.50000E+00    2     7971     4    -5     T
     2089  0.2840000E+03  0.50000E+00    2     7975     4    -5     T
     2091  0.2850000E+03  0.50000E+00    2     7979     4    -5     T
     2093  0.2860000E+03  0.50000E+00    2     7983     4    -5     T
     2095  0.2870000E+03  0.50000E+00    2     7987     4    -5     T
     2097  0.2880000E+03  0.50000E+00    2     7991     4    -5     T
     2099  0.2890000E+03  0.50000E+00    2     7995     4    -5     T
     2101  0.2900000E+03  0.50000E+00    2     7999     4    -5     T
     2103  0.2910000E+03  0.50000E+00    2     8003     4    -5     T
     2105  0.2920000E+03  0.50000E+00    2     8007     4    -5     T
     2107  0.2930000E+03  0.50000E+00    2     8011     4    -5     T
     2109  0.2940000E+03  0.50000E+00    2     8015     4    -5     T
     2111  0.2950000E+03  0.50000E+00    2     8019     4    -5     T
     2113  0.2960000E+03  0.50000E+00    2     8023     4    -5     T
     2115  0.2970000E+03  0.50000E+00    2     8027     4    -5     T
     2117  0.2980000E+03  0.50000E+00    2     8031     4    -5     T
     2119  0.2990000E+03  0.50000E+00    2     8035     4    -5     T
     2121  0.3000000E+03  0.50000E+00    2     8039     4    -5     T
     2123  0.3010000E+03  0.50000E+00    2     8043     4    -5     T
     2125  0.3020000E+03  0.50000E+00    2     8047     4    -5     T
     2127  0.3030000E+03  0.50000E+00    2     8051     4    -5     T
     2129  0.3040000E+03  0.50000E+00    2     8055     4    -5     T
     2131  0.3050000E+03  0.50000E+00    2     8059     4    -5     T
     2133  0.3060000E+03  0.50000E+00    2     8063     4    -5     T
     2135  0.3070000E+03  0.50000E+00    2     8067     4    -5     T
     2137  0.3080000E+03  0.50000E+00    2     8071     4    -5     T
     2139  0.3090000E+03  0.50000E+00    2     8075     4    -5     T
     2141  0.3100000E+03  0.50000E+00    2     8079     4    -5     T
     2143  0.3110000E+03  0.50000E+00    2     8083     4    -5     T
     2145  0.3120000E+03  0.50000E+00    2     8087     4    -5     T
     2147  0.3130000E+03  0.50000E+00    2     8091     4    -5     T
     2149  0.3140000E+03  0.50000E+00    2     8095     4    -5     T
     2151  0.3150000E+03  0.50000E+00    2     8099     4    -5     T
     2153  0.3160000E+03  0.50000E+00    2     8103     4    -5     T
     2155  0.3170000E+03  0.50000E+00    2     8107     4    -5     T
     2157  0.3180000E+03  0.50000E+00    2     8111     4    -5     T
     2159  0.3190000E+03  0.50000E+00    2     8115     4    -5     T
     2161  0.3200000E+03  0.50000E+00    2     8119     4    -5     T
     2163  0.3210000E+03  0.50000E+00    2     8123     4    -5     T
     2165  0.3220000E+03  0.50000E+00    2     8127     4    -5     T
     2167  0.3230000E+03  0.50000E+00    2     8131     4    -5     T
     2169  0.3240000E+03  0.50000E+00    2     8135     4    -5     T
     2171  0.3250000E+03  0.50000E+00    2     8139     4    -5     T
     2173  0.3260000E+03  0.50000E+00    2     8143     4    -5     T
     2175  0.3270000E+03  0.50000E+00    2     8147     4    -5     T
     2177  0.3280000E+03  0.50000E+00    2     8151     4    -5     T
     2179  0.3290000E+03  0.50000E+00    2     8155     4    -5     T
     2181  0.3300000E+03  0.50000E+00    2     8159     4    -5     T
     2183  0.3310000E+03  0.50000E+00    2     8163     4    -5     T
     2185  0.3320000E+03  0.50000E+00    2     8167     4    -5     T
     2187  0.3330000E+03  0.50000E+00    2     8171     4    -5     T
     2189  0.3340000E+03  0.50000E+00    2     8175     4    -5     T
     2191  0.3350000E+03  0.50000E+00    2     8179     4    -5     T
     2193  0.3360000E+03  0.50000E+00    2     8183     4    -5     T
     2195  0.3370000E+03  0.50000E+00    2     8187     4    -5     T
     2197  0.3380000E+03  0.50000E+00    2     8191     4    -5     T
     2199  0.3390000E+03  0.50000E+00    2     8195     4    -5     T
     2201  0.3400000E+03  0.50000E+00    2     8199     4    -5     T
     2203  0.3410000E+03  0.50000E+00    2     8203     4    -5     T
     2205  0.3420000E+03  0.50000E+00    2     8207     4    -5     T
     2207  0.3430000E+03  0.50000E+00    2     8211     4    -5     T
     2209  0.3440000E+03  0.50000E+00    2     8215     4    -5     T
     2211  0.3450000E+03  0.50000E+00    2     8219     4    -5     T
     2213  0.3460000E+03  0.50000E+00    2     8223     4    -5     T
     2215  0.3470000E+03  0.50000E+00    2     8227     4    -5     T
     2217  0.3480000E+03  0.50000E+00    2     8231     4    -5     T
     2219  0.3490000E+03  0.50000E+00    2     8235     4    -5     T
     2221  0.3500000E+03  0.50000E+00    2     8239     4    -5     T
     2223  0.3510000E+03  0.50000E+00    2     8243     4    -5     T
     2225  0.3520000E+03  0.50000E+00    2     8247     4    -5     T
     2227  0.3530000E+03  0.50000E+00    2     8251     4    -5     T
     2229  0.3540000E+03  0.50000E+00    2     8255     4    -5     T
     2231  0.3550000E+03  0.50000E+00    2     8259     4    -5     T
     2233  0.3560000E+03  0.50000E+00    2     8263     4    -5     T
     2235  0.3570000E+03  0.50000E+00    2     8267     4    -5     T
     2237  0.3580000E+03  0.50000E+00    2     8271     4    -5     T
     2239  0.3590000E+03  0.50000E+00    2     8275     4    -5     T
     2241  0.3600000E+03  0.50000E+00    2     8279     4    -5     T
     2243  0.3610000E+03  0.50000E+00    2     8283     4    -5     T
     2245  0.3620000E+03  0.50000E+00    2     8287     4    -5     T
     2247  0.3630000E+03  0.50000E+00    2     8291     4    -5     T
     2249  0.3640000E+03  0.50000E+00    2     8295     4    -5     T
     2251  0.3650000E+03  0.50000E+00    2     8299     4    -5     T
     2253  0.3660000E+03  0.50000E+00    2     8303     4    -5     T
     2255  0.3670000E+03  0.50000E+00    2     8307     4    -5     T
     2257  0.3680000E+03  0.50000E+00    2     8311     4    -5     T
     2259  0.3690000E+03  0.50000E+00    2     8315     4    -5     T
     2261  0.3700000E+03  0.50000E+00    2     8319     4    -5     T
     2263  0.3710000E+03  0.50000E+00    2     8323     4    -5     T
     2265  0.3720000E+03  0.50000E+00    2     8327     4    -5     T
     2267  0.3730000E+03  0.50000E+00    2     8331     4    -5     T
     2269  0.3740000E+03  0.50000E+00    2     8335     4    -5     T
     2271  0.3750000E+03  0.50000E+00    2     8339     4    -5     T
     2273  0.3760000E+03  0.50000E+00    2     8343     4    -5     T
     2275  0.3770000E+03  0.50000E+00    2     8347     4    -5     T
     2277  0.3780000E+03  0.50000E+00    2     8351     4    -5     T
     2279  0.3790000E+03  0.50000E+00    2     8355     4    -5     T
     2281  0.3800000E+03  0.50000E+00    2     8359     4    -5     T
     2283  0.3810000E+03  0.50000E+00    2     8363     4    -5     T
     2285  0.3820000E+03  0.50000E+00    2     8367     4    -5     T
     2287  0.3830000E+03  0.50000E+00    2     8371     4    -5     T
     2289  0.3840000E+03  0.50000E+00    2     8375     4    -5     T
     2291  0.3850000E+03  0.50000E+00    2     8379     4    -5     T
     2293  0.3860000E+03  0.50000E+00    2     8383     4    -5     T
     2295  0.3870000E+03  0.50000E+00    2     8387     4    -5     T
     2297  0.3880000E+03  0.50000E+00    2     8391     4    -5     T
     2299  0.3890000E+03  0.50000E+00    2     8395     4    -5     T
     2301  0.3900000E+03  0.50000E+00    2     8399     4    -5     T
     2303  0.3910000E+03  0.50000E+00    2     8403     4    -5     T
     2305  0.3920000E+03  0.50000E+00    2     8407     4    -5     T
     2307  0.3930000E+03  0.50000E+00    2     8411     4    -5     T
     2309  0.3940000E+03  0.50000E+00    2     8415     4    -5     T
     2311  0.3950000E+03  0.50000E+00    2     8419     4    -5     T
     2313  0.3960000E+03  0.50000E+00    2     8423     4    -5     T
     2315  0.3970000E+03  0.50000E+00    2     8427     4    -5     T
     2317  0.3980000E+03  0.50000E+00    2     8431     4    -5     T
     2319  0.3990000E+03  0.50000E+00    2     8435     4    -5     T
     2321  0.4000000E+03  0.50000E+00    2     8439     4    -5     T
     2323  0.4010000E+03  0.50000E+00    2     8443     4    -5     T
     2325  0.4020000E+03  0.50000E+00    2     8447     4    -5     T
     2327  0.4030000E+03  0.50000E+00    2     8451     4    -5     T
     2329  0.4040000E+03  0.50000E+00    2     8455     4    -5     T
     2331  0.4050000E+03  0.50000E+00    2     8459     4    -5     T
     2333  0.4060000E+03  0.50000E+00    2     8463     4    -5     T
     2335  0.4070000E+03  0.50000E+00    2     8467     4    -5     T
     2337  0.4080000E+03  0.50000E+00    2     8471     4    -5     T
     2339  0.4090000E+03  0.50000E+00    2     8475     4    -5     T
     2341  0.4100000E+03  0.50000E+00    2     8479     4    -5     T
     2343  0.4110000E+03  0.50000E+00    2     8483     4    -5     T
     2345  0.4120000E+03  0.50000E+00    2     8487     4    -5     T
     2347  0.4130000E+03  0.50000E+00    2     8491     4    -5     T
     2349  0.4140000E+03  0.50000E+00    2     8495     4    -5     T
     2351  0.4150000E+03  0.50000E+00    2     8499     4    -5     T
     2353  0.4160000E+03  0.50000E+00    2     8503     4    -5     T
     2355  0.4170000E+03  0.50000E+00    2     8507     4    -5     T
     2357  0.4180000E+03  0.50000E+00    2     8511     4    -5     T
     2359  0.4190000E+03  0.50000E+00    2     8515     4    -5     T
     2361  0.4200000E+03  0.50000E+00    2     8519     4    -5     T
     2363  0.4210000E+03  0.50000E+00    2     8523     4    -5     T
     2365  0.4220000E+03  0.50000E+00    2     8527     4    -5     T
     2367  0.4230000E+03  0.50000E+00    2     8531     4    -5     T
     2369  0.4240000E+03  0.50000E+00    2     8535     4    -5     T
     2371  0.4250000E+03  0.50000E+00    2     8539     4    -5     T
     2373  0.4260000E+03  0.50000E+00    2     8543     4    -5     T
     2375  0.4270000E+03  0.50000E+00    2     8547     4    -5     T
     2377  0.4280000E+03  0.50000E+00    2     8551     4    -5     T
     2379  0.4290000E+03  0.50000E+00    2     8555     4    -5     T
     2381  0.4300000E+03  0.50000E+00    2     8559     4    -5     T
     2383  0.4310000E+03  0.50000E+00    2     8563     4    -5     T
     2385  0.4320000E+03  0.50000E+00    2     8567     4    -5     T
     2387  0.4330000E+03  0.50000E+00    2     8571     4    -5     T
     2389  0.4340000E+03  0.50000E+00    2     8575     4    -5     T
     2391  0.4350000E+03  0.50000E+00    2     8579     4    -5     T
     2393  0.4360000E+03  0.50000E+00    2     8583     4    -5     T
     2395  0.4370000E+03  0.50000E+00    2     8587     4    -5     T
     2397  0.4380000E+03  0.50000E+00    2     8591     4    -5     T
     2399  0.4390000E+03  0.50000E+00    2     8595     4    -5     T
     2401  0.4400000E+03  0.50000E+00    2     8599     4    -5     T
     2403  0.4410000E+03  0.50000E+00    2     8603     4    -5     T
     2405  0.4420000E+03  0.50000E+00    2     8607     4    -5     T
     2407  0.4430000E+03  0.50000E+00    2     8611     4    -5     T
     2409  0.4440000E+03  0.50000E+00    2     8615     4    -5     T
     2411  0.4450000E+03  0.50000E+00    2     8619     4    -5     T
     2413  0.4460000E+03  0.50000E+00    2     8623     4    -5     T
     2415  0.4470000E+03  0.50000E+00    2     8627     4    -5     T
     2417  0.4480000E+03  0.50000E+00    2     8631     4    -5     T
     2419  0.4490000E+03  0.50000E+00    2     8635     4    -5     T
     2421  0.4500000E+03  0.50000E+00    2     8639     4    -5     T
     2423  0.4510000E+03  0.50000E+00    2     8643     4    -5     T
     2425  0.4520000E+03  0.50000E+00    2     8647     4    -5     T
     2427  0.4530000E+03  0.50000E+00    2     8651     4    -5     T
     2429  0.4540000E+03  0.50000E+00    2     8655     4    -5     T
     2431  0.4550000E+03  0.50000E+00    2     8659     4    -5     T
     2433  0.4560000E+03  0.50000E+00    2     8663     4    -5     T
     2435  0.4570000E+03  0.50000E+00    2     8667     4    -5     T
     2437  0.4580000E+03  0.50000E+00    2     8671     4    -5     T
     2439  0.4590000E+03  0.50000E+00    2     8675     4    -5     T
     2441  0.4600000E+03  0.50000E+00    2     8679     4    -5     T
     2443  0.4610000E+03  0.50000E+00    2     8683     4    -5     T
     2445  0.4620000E+03  0.50000E+00    2     8687     4    -5     T
     2447  0.4630000E+03  0.50000E+00    2     8691     4    -5     T
     2449  0.4640000E+03  0.50000E+00    2     8695     4    -5     T
     2451  0.4650000E+03  0.50000E+00    2     8699     4    -5     T
     2453  0.4660000E+03  0.50000E+00    2     8703     4    -5     T
     2455  0.4670000E+03  0.50000E+00    2     8707     4    -5     T
     2457  0.4680000E+03  0.50000E+00    2     8711     4    -5     T
     2459  0.4690000E+03  0.50000E+00    2     8715     4    -5     T
     2461  0.4700000E+03  0.50000E+00    2     8719     4    -5     T
     2463  0.4710000E+03  0.50000E+00    2     8723     4    -5     T
     2465  0.4720000E+03  0.50000E+00    2     8727     4    -5     T
     2467  0.4730000E+03  0.50000E+00    2     8731     4    -5     T
     2469  0.4740000E+03  0.50000E+00    2     8735     4    -5     T
     2471  0.4750000E+03  0.50000E+00    2     8739     4    -5     T
     2473  0.4760000E+03  0.50000E+00    2     8743     4    -5     T
     2475  0.4770000E+03  0.50000E+00    2     8747     4    -5     T
     2477  0.4780000E+03  0.50000E+00    2     8751     4    -5     T
     2479  0.4790000E+03  0.50000E+00    2     8755     4    -5     T
     2481  0.4800000E+03  0.50000E+00    2     8759     4    -5     T
     2483  0.4810000E+03  0.50000E+00    2     8763     4    -5     T
     2485  0.4820000E+03  0.50000E+00    2     8767     4    -5     T
     2487  0.4830000E+03  0.50000E+00    2     8771     4    -5     T
     2489  0.4840000E+03  0.50000E+00    2     8775     4    -5     T
     2491  0.4850000E+03  0.50000E+00    2     8779     4    -5     T
     2493  0.4860000E+03  0.50000E+00    2     8783     4    -5     T
     2495  0.4870000E+03  0.50000E+00    2     8787     4    -5     T
     2497  0.4880000E+03  0.50000E+00    2     8791     4    -5     T
     2499  0.4890000E+03  0.50000E+00    2     8795     4    -5     T
     2501  0.4900000E+03  0.50000E+00    2     8799     4    -5     T
     2503  0.4910000E+03  0.50000E+00    2     8803     4    -5     T
     2505  0.4920000E+03  0.50000E+00    2     8807     4    -5     T
     2507  0.4930000E+03  0.50000E+00    2     8811     4    -5     T
     2509  0.4940000E+03  0.50000E+00    2     8815     4    -5     T
     2511  0.4950000E+03  0.50000E+00    2     8819     4    -5     T
     2513  0.4960000E+03  0.50000E+00    2     8823     4    -5     T
     2515  0.4970000E+03  0.50000E+00    2     8827     4    -5     T
     2517  0.4980000E+03  0.50000E+00    2     8831     4    -5     T
     2519  0.4990000E+03  0.50000E+00    2     8835     4    -5     T
     2521  0.5000000E+03  0.50000E+00    2     8839     4    -5     T
     2523  0.5010000E+03  0.50000E+00    2     8843     4    -5     T
     2525  0.5020000E+03  0.50000E+00    2     8847     4    -5     T
     2527  0.5030000E+03  0.50000E+00    2     8851     4    -5     T
     2529  0.5040000E+03  0.50000E+00    2     8855     4    -5     T
     2531  0.5050000E+03  0.50000E+00    2     8859     4    -5     T
     2533  0.5060000E+03  0.50000E+00    2     8863     4    -5     T
     2535  0.5070000E+03  0.50000E+00    2     8867     4    -5     T
     2537  0.5080000E+03  0.50000E+00    2     8871     4    -5     T
     2539  0.5090000E+03  0.50000E+00    2     8875     4    -5     T
     2541  0.5100000E+03  0.50000E+00    2     8879     4    -5     T
     2543  0.5110000E+03  0.50000E+00    2     8883     4    -5     T
     2545  0.5120000E+03  0.50000E+00    2     8887     4    -5     T
     2547  0.5130000E+03  0.50000E+00    2     8891     4    -5     T
     2549  0.5140000E+03  0.50000E+00    2     8895     4    -5     T
     2551  0.5150000E+03  0.50000E+00    2     8899     4    -5     T
     2553  0.5160000E+03  0.50000E+00    2     8903     4    -5     T
     2555  0.5170000E+03  0.50000E+00    2     8907     4    -5     T
     2557  0.5180000E+03  0.50000E+00    2     8911     4    -5     T
     2559  0.5190000E+03  0.50000E+00    2     8915     4    -5     T
     2561  0.5200000E+03  0.50000E+00    2     8919     4    -5     T
     2563  0.5210000E+03  0.50000E+00    2     8923     4    -5     T
     2565  0.5220000E+03  0.50000E+00    2     8927     4    -5     T
     2567  0.5230000E+03  0.50000E+00    2     8931     4    -5     T
     2569  0.5240000E+03  0.50000E+00    2     8935     4    -5     T
     2571  0.5250000E+03  0.50000E+00    2     8939     4    -5     T
     2573  0.5260000E+03  0.50000E+00    2     8943     4    -5     T
     2575  0.5270000E+03  0.50000E+00    2     8947     4    -5     T
     2577  0.5280000E+03  0.50000E+00    2     8951     4    -5     T
     2958  0.5290000E+03  0.10337E-01    2    10639     4    -5     T
     3047  0.5300000E+03  0.77775E-02    2    11057     4    -5     T
     3120  0.5310000E+03  0.18723E-01    2    11376     4    -5     T
     3203  0.5320000E+03  0.27977E-01    5    11758     4    -5     T
     3262  0.5330000E+03  0.30601E-01    3    12030     4    -5     T
     3353  0.5340000E+03  0.12678E-01    2    12414     4    -5     T
     3367  0.5350000E+03  0.16584E+00    2    12455    -4    -5     T
     3370  0.5360000E+03  0.37500E+00    2    12462    -4    -5     T
     3372  0.5370000E+03  0.50000E+00    2    12466    -4    -5     T
     3374  0.5380000E+03  0.50000E+00    2    12470    -4    -5     T
     3376  0.5390000E+03  0.50000E+00    3    12475    -4    -5     T
     3378  0.5400000E+03  0.50000E+00    4    12481    -4    -5     T
     3380  0.5410000E+03  0.50000E+00    2    12486    -4    -5     T
     3382  0.5420000E+03  0.50000E+00    2    12492    -4    -5     T
     3384  0.5430000E+03  0.50000E+00    4    12499    -4    -5     T
     3386  0.5440000E+03  0.50000E+00    3    12506    -4    -5     T
     3388  0.5450000E+03  0.50000E+00    2    12511    -4    -5     T
     3390  0.5460000E+03  0.50000E+00    4    12517    -4    -5     T
     3392  0.5470000E+03  0.50000E+00    2    12522    -4    -5     T
     3394  0.5480000E+03  0.50000E+00    4    12529    -4    -5     T
     3763  0.5490000E+03  0.68568E-02    2    14163     4    -5     T
     3779  0.5500000E+03  0.28929E+00    2    14205    -4    -5     T
     3883  0.5510000E+03  0.14131E-01    2    14668     4    -5     T
     3900  0.5520000E+03  0.19726E+00    2    14717    -4    -5     T
     3992  0.5530000E+03  0.22578E-01    3    15112     4    -5     T
     4007  0.5540000E+03  0.16055E+00    2    15159    -4    -5     T
     4092  0.5550000E+03  0.36343E-01    2    15528     4    -5     T
     4103  0.5560000E+03  0.29382E+00    3    15560    -4    -5     T
     4191  0.5570000E+03  0.22289E-01    2    15948     4    -5     T
     4264  0.5580000E+03  0.28987E-01    3    16246     4    -5     T
     4278  0.5590000E+03  0.16418E+00    2    16286    -4    -5     T
     4281  0.5600000E+03  0.37500E+00    3    16293    -4    -5     T
     4283  0.5610000E+03  0.50000E+00    3    16299    -4    -5     T
     4285  0.5620000E+03  0.50000E+00    3    16304    -4    -5     T
     4287  0.5630000E+03  0.50000E+00    2    16308    -4    -5     T
     4289  0.5640000E+03  0.50000E+00    2    16312    -4    -5     T
     4291  0.5650000E+03  0.50000E+00    2    16317    -4    -5     T
     4293  0.5660000E+03  0.50000E+00    3    16323    -4    -5     T
     4295  0.5670000E+03  0.50000E+00    3    16329    -4    -5     T
     4297  0.5680000E+03  0.50000E+00    3    16335    -4    -5     T
     4299  0.5690000E+03  0.50000E+00    3    16341    -4    -5     T
     4301  0.5700000E+03  0.50000E+00    3    16347    -4    -5     T
     4303  0.5710000E+03  0.50000E+00    3    16353    -4    -5     T
     4305  0.5720000E+03  0.50000E+00    2    16357    -4    -5     T
     4307  0.5730000E+03  0.50000E+00    2    16361    -4    -5     T
     4309  0.5740000E+03  0.50000E+00    2    16365    -4    -5     T
     4311  0.5750000E+03  0.50000E+00    2    16369    -4    -5     T
     4313  0.5760000E+03  0.50000E+00    2    16373    -4    -5     T
     4315  0.5770000E+03  0.50000E+00    2    16377    -4    -5     T
     4317  0.5780000E+03  0.50000E+00    2    16381    -4    -5     T
     4319  0.5790000E+03  0.50000E+00    2    16385    -4    -5     T
     4321  0.5800000E+03  0.50000E+00    2    16389    -4    -5     T
     4323  0.5810000E+03  0.50000E+00    2    16393    -4    -5     T
     4325  0.5820000E+03  0.50000E+00    2    16397    -4    -5     T
     4327  0.5830000E+03  0.50000E+00    2    16401    -4    -5     T
     4329  0.5840000E+03  0.50000E+00    2    16405    -4    -5     T
     4331  0.5850000E+03  0.50000E+00    2    16409    -4    -5     T
     4333  0.5860000E+03  0.50000E+00    2    16413    -4    -5     T
     4335  0.5870000E+03  0.50000E+00    2    16417    -4    -5     T
     4337  0.5880000E+03  0.50000E+00    2    16421    -4    -5     T
     4339  0.5890000E+03  0.50000E+00    2    16425    -4    -5     T
     4341  0.5900000E+03  0.50000E+00    2    16429    -4    -5     T
     4343  0.5910000E+03  0.50000E+00    2    16433    -4    -5     T
     4345  0.5920000E+03  0.50000E+00    2    16437    -4    -5     T
     4347  0.5930000E+03  0.50000E+00    2    16441    -4    -5     T
     4349  0.5940000E+03  0.50000E+00    2    16445    -4    -5     T
     4351  0.5950000E+03  0.50000E+00    2    16449    -4    -5     T
     4353  0.5960000E+03  0.50000E+00    2    16453    -4    -5     T
     4355  0.5970000E+03  0.50000E+00    2    16457    -4    -5     T
     4357  0.5980000E+03  0.50000E+00    2    16461    -4    -5     T
     4359  0.5990000E+03  0.50000E+00    2    16465    -4    -5     T
     4361  0.6000000E+03  0.50000E+00    2    16469    -4    -5     T
     4363  0.6010000E+03  0.50000E+00    2    16473    -4    -5     T
     4365  0.6020000E+03  0.50000E+00    2    16477    -4    -5     T
     4367  0.6030000E+03  0.50000E+00    2    16481    -4    -5     T
     4369  0.6040000E+03  0.50000E+00    2    16485    -4    -5     T
     4371  0.6050000E+03  0.50000E+00    2    16489    -4    -5     T
     4373  0.6060000E+03  0.50000E+00    2    16493    -4    -5     T
     4375  0.6070000E+03  0.50000E+00    2    16497    -4    -5     T
     4377  0.6080000E+03  0.50000E+00    2    16501    -4    -5     T
     4379  0.6090000E+03  0.50000E+00    2    16505    -4    -5     T
     4381  0.6100000E+03  0.50000E+00    2    16509    -4    -5     T
     4383  0.6110000E+03  0.50000E+00    2    16513    -4    -5     T
     4385  0.6120000E+03  0.50000E+00    2    16517    -4    -5     T
     4387  0.6130000E+03  0.50000E+00    2    16521    -4    -5     T
     4389  0.6140000E+03  0.50000E+00    2    16525    -4    -5     T
     4391  0.6150000E+03  0.50000E+00    2    16529    -4    -5     T
     4393  0.6160000E+03  0.50000E+00    2    16533    -4    -5     T
     4395  0.6170000E+03  0.50000E+00    2    16537    -4    -5     T
     4397  0.6180000E+03  0.50000E+00    2    16541    -4    -5     T
     4399  0.6190000E+03  0.50000E+00    2    16545    -4    -5     T
     4401  0.6200000E+03  0.50000E+00    2    16549    -4    -5     T
     4403  0.6210000E+03  0.50000E+00    2    16553    -4    -5     T
     4405  0.6220000E+03  0.50000E+00    2    16557    -4    -5     T
     4407  0.6230000E+03  0.50000E+00    2    16561    -4    -5     T
     4409  0.6240000E+03  0.50000E+00    2    16565    -4    -5     T
     4411  0.6250000E+03  0.50000E+00    2    16569    -4    -5     T
     4413  0.6260000E+03  0.50000E+00    2    16573    -4    -5     T
     4415  0.6270000E+03  0.50000E+00    2    16577    -4    -5     T
     4417  0.6280000E+03  0.50000E+00    2    16581    -4    -5     T
     4419  0.6290000E+03  0.50000E+00    2    16585    -4    -5     T
     4421  0.6300000E+03  0.50000E+00    2    16589    -4    -5     T
     4423  0.6310000E+03  0.50000E+00    2    16593    -4    -5     T
     4425  0.6320000E+03  0.50000E+00    2    16597    -4    -5     T
     4427  0.6330000E+03  0.50000E+00    2    16601    -4    -5     T
     4429  0.6340000E+03  0.50000E+00    2    16605    -4    -5     T
     4431  0.6350000E+03  0.50000E+00    2    16609    -4    -5     T
     4433  0.6360000E+03  0.50000E+00    2    16613    -4    -5     T
     4435  0.6370000E+03  0.50000E+00    2    16617    -4    -5     T
     4437  0.6380000E+03  0.50000E+00    2    16621    -4    -5     T
     4439  0.6390000E+03  0.50000E+00    2    16625    -4    -5     T
     4441  0.6400000E+03  0.50000E+00    2    16632     4    -5     T
     4443  0.6410000E+03  0.50000E+00    2    16636     4    -5     T
     4445  0.6420000E+03  0.50000E+00    2    16640     4    -5     T
     4447  0.6430000E+03  0.50000E+00    2    16644     4    -5     T
     4449  0.6440000E+03  0.50000E+00    2    16648     4    -5     T
     4451  0.6450000E+03  0.50000E+00    2    16652     4    -5     T
     4453  0.6460000E+03  0.50000E+00    2    16656     4    -5     T
     4455  0.6470000E+03  0.50000E+00    2    16660     4    -5     T
     4457  0.6480000E+03  0.50000E+00    2    16664     4    -5     T
     4459  0.6490000E+03  0.50000E+00    2    16668     4    -5     T
     4461  0.6500000E+03  0.50000E+00    2    16672     4    -5     T
     4463  0.6510000E+03  0.50000E+00    2    16676     4    -5     T
     4465  0.6520000E+03  0.50000E+00    2    16680     4    -5     T
     4467  0.6530000E+03  0.50000E+00    2    16684     4    -5     T
     4469  0.6540000E+03  0.50000E+00    2    16688     4    -5     T
     4471  0.6550000E+03  0.50000E+00    2    16692     4    -5     T
     4473  0.6560000E+03  0.50000E+00    2    16696     4    -5     T
     4475  0.6570000E+03  0.50000E+00    2    16700     4    -5     T
     4477  0.6580000E+03  0.50000E+00    2    16704     4    -5     T
     4479  0.6590000E+03  0.50000E+00    2    16708     4    -5     T
     4481  0.6600000E+03  0.50000E+00    2    16712     4    -5     T
     4483  0.6610000E+03  0.50000E+00    2    16716     4    -5     T
     4485  0.6620000E+03  0.50000E+00    2    16720     4    -5     T
     4487  0.6630000E+03  0.50000E+00    2    16724     4    -5     T
     4489  0.6640000E+03  0.50000E+00    2    16728     4    -5     T
     4491  0.6650000E+03  0.50000E+00    2    16732     4    -5     T
     4493  0.6660000E+03  0.50000E+00    2    16736     4    -5     T
     4495  0.6670000E+03  0.50000E+00    2    16740     4    -5     T
     4497  0.6680000E+03  0.50000E+00    2    16744     4    -5     T
     4499  0.6690000E+03  0.50000E+00    2    16748     4    -5     T
     4501  0.6700000E+03  0.50000E+00    2    16752     4    -5     T
     4503  0.6710000E+03  0.50000E+00    2    16756     4    -5     T
     4505  0.6720000E+03  0.50000E+00    2    16760     4    -5     T
     4507  0.6730000E+03  0.50000E+00    2    16764     4    -5     T
     4509  0.6740000E+03  0.50000E+00    2    16768     4    -5     T
     4511  0.6750000E+03  0.50000E+00    2    16772     4    -5     T
     4513  0.6760000E+03  0.50000E+00    2    16776     4    -5     T
     4515  0.6770000E+03  0.50000E+00    2    16780     4    -5     T
     4517  0.6780000E+03  0.50000E+00    2    16784     4    -5     T
     4519  0.6790000E+03  0.50000E+00    2    16788     4    -5     T
     4521  0.6800000E+03  0.50000E+00    2    16792     4    -5     T
     4523  0.6810000E+03  0.50000E+00    2    16796     4    -5     T
     4525  0.6820000E+03  0.50000E+00    2    16800     4    -5     T
     4527  0.6830000E+03  0.50000E+00    2    16804     4    -5     T
     4529  0.6840000E+03  0.50000E+00    2    16808     4    -5     T
     4531  0.6850000E+03  0.50000E+00    2    16812     4    -5     T
     4533  0.6860000E+03  0.50000E+00    2    16816     4    -5     T
     4535  0.6870000E+03  0.50000E+00    2    16820     4    -5     T
     4537  0.6880000E+03  0.50000E+00    2    16824     4    -5     T
     4539  0.6890000E+03  0.50000E+00    2    16828     4    -5     T
     4541  0.6900000E+03  0.50000E+00    2    16832     4    -5     T
     4543  0.6910000E+03  0.50000E+00    2    16836     4    -5     T
     4545  0.6920000E+03  0.50000E+00    2    16840     4    -5     T
     4547  0.6930000E+03  0.50000E+00    2    16844     4    -5     T
     4549  0.6940000E+03  0.50000E+00    2    16848     4    -5     T
     4551  0.6950000E+03  0.50000E+00    2    16852     4    -5     T
     4553  0.6960000E+03  0.50000E+00    2    16856     4    -5     T
     4555  0.6970000E+03  0.50000E+00    2    16860     4    -5     T
     4557  0.6980000E+03  0.50000E+00    2    16864     4    -5     T
     4559  0.6990000E+03  0.50000E+00    2    16868     4    -5     T
     4561  0.7000000E+03  0.50000E+00    2    16872     4    -5     T
     4563  0.7010000E+03  0.50000E+00    2    16876     4    -5     T
     4565  0.7020000E+03  0.50000E+00    2    16880     4    -5     T
     4567  0.7030000E+03  0.50000E+00    2    16884     4    -5     T
     4569  0.7040000E+03  0.50000E+00    2    16888     4    -5     T
     4571  0.7050000E+03  0.50000E+00    2    16892     4    -5     T
     4573  0.7060000E+03  0.50000E+00    2    16896     4    -5     T
     4575  0.7070000E+03  0.50000E+00    2    16900     4    -5     T
     4577  0.7080000E+03  0.50000E+00    2    16904     4    -5     T
     4579  0.7090000E+03  0.50000E+00    2    16908     4    -5     T
     4581  0.7100000E+03  0.50000E+00    2    16912     4    -5     T
     4583  0.7110000E+03  0.50000E+00    2    16916     4    -5     T
     4585  0.7120000E+03  0.50000E+00    2    16920     4    -5     T
     4587  0.7130000E+03  0.50000E+00    2    16924     4    -5     T
     4589  0.7140000E+03  0.50000E+00    2    16928     4    -5     T
     4591  0.7150000E+03  0.50000E+00    2    16932     4    -5     T
     4593  0.7160000E+03  0.50000E+00    2    16936     4    -5     T
     4595  0.7170000E+03  0.50000E+00    2    16940     4    -5     T
     4597  0.7180000E+03  0.50000E+00    2    16944     4    -5     T
     4599  0.7190000E+03  0.50000E+00    2    16948     4    -5     T
     4601  0.7200000E+03  0.50000E+00    2    16952     4    -5     T
     4603  0.7210000E+03  0.50000E+00    2    16956     4    -5     T
     4605  0.7220000E+03  0.50000E+00    2    16960     4    -5     T
     4607  0.7230000E+03  0.50000E+00    2    16964     4    -5     T
     4609  0.7240000E+03  0.50000E+00    2    16968     4    -5     T
     4611  0.7250000E+03  0.50000E+00    2    16972     4    -5     T
     4613  0.7260000E+03  0.50000E+00    2    16976     4    -5     T
     4615  0.7270000E+03  0.50000E+00    2    16980     4    -5     T
     4617  0.7280000E+03  0.50000E+00    2    16984     4    -5     T
     4619  0.7290000E+03  0.50000E+00    2    16988     4    -5     T
     4621  0.7300000E+03  0.50000E+00    2    16992     4    -5     T
     4623  0.7310000E+03  0.50000E+00    2    16996     4    -5     T
     4625  0.7320000E+03  0.50000E+00    2    17000     4    -5     T
     4627  0.7330000E+03  0.50000E+00    2    17004     4    -5     T
     4629  0.7340000E+03  0.50000E+00    2    17008     4    -5     T
     4631  0.7350000E+03  0.50000E+00    2    17012     4    -5     T
     4633  0.7360000E+03  0.50000E+00    2    17016     4    -5     T
     4635  0.7370000E+03  0.50000E+00    2    17020     4    -5     T
     4637  0.7380000E+03  0.50000E+00    2    17024     4    -5     T
     4639  0.7390000E+03  0.50000E+00    2    17028     4    -5     T
     4641  0.7400000E+03  0.50000E+00    2    17032     4    -5     T
     4643  0.7410000E+03  0.50000E+00    2    17036     4    -5     T
     4645  0.7420000E+03  0.50000E+00    2    17040     4    -5     T
     4647  0.7430000E+03  0.50000E+00    2    17044     4    -5     T
     4649  0.7440000E+03  0.50000E+00    2    17048     4    -5     T
     4651  0.7450000E+03  0.50000E+00    2    17052     4    -5     T
     4653  0.7460000E+03  0.50000E+00    2    17056     4    -5     T
     4655  0.7470000E+03  0.50000E+00    2    17060     4    -5     T
     4657  0.7480000E+03  0.50000E+00    2    17064     4    -5     T
     4659  0.7490000E+03  0.50000E+00    2    17068     4    -5     T
     4661  0.7500000E+03  0.50000E+00    2    17072     4    -5     T
     4663  0.7510000E+03  0.50000E+00    2    17076     4    -5     T
     4665  0.7520000E+03  0.50000E+00    2    17080     4    -5     T
     4667  0.7530000E+03  0.50000E+00    2    17084     4    -5     T
     4669  0.7540000E+03  0.50000E+00    2    17088     4    -5     T
     4671  0.7550000E+03  0.50000E+00    2    17092     4    -5     T
     4673  0.7560000E+03  0.50000E+00    2    17096     4    -5     T
end
