 ******* Program HYDRUS
 ******* 
 None                                                                    
 Date:  16. 1.    Time:  15: 7:50
 Units: L = mm   , T = days , M = mmol 



                               Node( 37)

         time            h        theta    Temp  
          1.0000       -8.41  0.4359   20.000
          2.0000       -8.51  0.4358   20.000
          3.0000      -10.24  0.4341   20.000
          4.0000      -11.84  0.4324   20.000
          5.0000      -12.76  0.4314   20.000
          6.0000      -13.61  0.4305   20.000
          7.0000      -15.38  0.4286   20.000
          8.0000      -18.03  0.4256   20.000
          9.0000      -20.81  0.4223   20.000
         10.0000      -22.87  0.4199   20.000
         11.0000      -24.10  0.4184   20.000
         12.0000      -26.03  0.4162   20.000
         13.0000      -28.70  0.4130   20.000
         14.0000      -31.30  0.4099   20.000
         15.0000      -32.92  0.4080   20.000
         16.0000      -33.72  0.4071   20.000
         17.0000      -34.32  0.4064   20.000
         18.0000      -35.55  0.4049   20.000
         19.0000      -37.00  0.4032   20.000
         20.0000      -38.51  0.4015   20.000
         21.0000      -40.32  0.3995   20.000
         22.0000      -41.92  0.3977   20.000
         23.0000      -43.22  0.3962   20.000
         24.0000      -44.40  0.3949   20.000
         25.0000      -45.40  0.3938   20.000
         26.0000      -46.69  0.3923   20.000
         27.0000      -47.87  0.3910   20.000
         28.0000      -48.68  0.3902   20.000
         29.0000      -49.22  0.3896   20.000
         30.0000      -49.78  0.3890   20.000
         31.0000      -50.66  0.3881   20.000
         32.0000      -51.81  0.3869   20.000
         33.0000      -53.25  0.3854   20.000
         34.0000      -55.27  0.3833   20.000
         35.0000      -57.66  0.3808   20.000
         36.0000      -60.11  0.3783   20.000
         37.0000      -62.49  0.3760   20.000
         38.0000      -64.87  0.3738   20.000
         39.0000      -67.15  0.3717   20.000
         40.0000      -69.43  0.3696   20.000
         41.0000      -72.05  0.3671   20.000
         42.0000      -74.87  0.3645   20.000
         43.0000      -77.82  0.3620   20.000
         44.0000      -80.93  0.3595   20.000
         45.0000      -83.97  0.3570   20.000
         46.0000      -86.69  0.3548   20.000
         47.0000      -89.35  0.3526   20.000
         48.0000      -92.16  0.3504   20.000
         49.0000      -95.14  0.3479   20.000
         50.0000      -98.12  0.3459   20.000
         51.0000     -100.99  0.3439   20.000
         52.0000     -103.65  0.3421   20.000
         53.0000     -106.01  0.3405   20.000
         54.0000     -108.01  0.3392   20.000
         55.0000     -109.68  0.3380   20.000
         56.0000     -111.27  0.3369   20.000
         57.0000     -113.12  0.3357   20.000
         58.0000     -115.29  0.3342   20.000
         59.0000     -117.64  0.3326   20.000
         60.0000     -120.00  0.3310   20.000
         61.0000     -122.35  0.3297   20.000
         62.0000     -124.79  0.3283   20.000
         63.0000     -127.33  0.3269   20.000
         64.0000     -129.93  0.3255   20.000
         65.0000     -132.49  0.3240   20.000
         66.0000     -134.92  0.3227   20.000
         67.0000     -137.20  0.3214   20.000
         68.0000     -139.33  0.3203   20.000
         69.0000     -141.32  0.3192   20.000
         70.0000     -143.18  0.3181   20.000
         71.0000     -144.93  0.3172   20.000
         72.0000     -146.65  0.3162   20.000
         73.0000     -148.49  0.3152   20.000
         74.0000     -150.55  0.3141   20.000
         75.0000     -152.81  0.3129   20.000
         76.0000     -155.19  0.3119   20.000
         77.0000     -157.62  0.3108   20.000
         78.0000     -160.07  0.3097   20.000
         79.0000     -162.56  0.3086   20.000
         80.0000     -165.06  0.3076   20.000
         81.0000     -167.57  0.3065   20.000
         82.0000     -170.08  0.3054   20.000
         83.0000     -172.58  0.3043   20.000
         84.0000     -175.07  0.3032   20.000
         85.0000     -177.54  0.3021   20.000
         86.0000     -179.99  0.3010   20.000
         87.0000     -182.44  0.2999   20.000
         88.0000     -184.87  0.2989   20.000
         89.0000     -187.30  0.2978   20.000
         90.0000     -189.73  0.2968   20.000
         91.0000     -192.17  0.2957   20.000
         92.0000     -194.59  0.2949   20.000
         93.0000     -197.05  0.2941   20.000
         94.0000     -199.56  0.2932   20.000
         95.0000     -202.09  0.2924   20.000
         96.0000     -204.61  0.2915   20.000
         97.0000     -207.14  0.2906   20.000
         98.0000     -209.67  0.2898   20.000
         99.0000     -212.23  0.2889   20.000
        100.0000     -214.81  0.2880   20.000
        101.0000     -217.40  0.2872   20.000
        102.0000     -220.00  0.2863   20.000
        103.0000     -222.60  0.2854   20.000
        104.0000     -225.17  0.2845   20.000
        105.0000     -227.71  0.2837   20.000
        106.0000     -230.22  0.2828   20.000
        107.0000     -232.71  0.2820   20.000
        108.0000     -235.21  0.2811   20.000
        109.0000     -237.69  0.2803   20.000
        110.0000     -240.21  0.2794   20.000
        111.0000     -242.69  0.2786   20.000
        112.0000     -245.15  0.2780   20.000
        113.0000     -247.56  0.2774   20.000
        114.0000     -249.91  0.2768   20.000
        115.0000     -252.25  0.2762   20.000
        116.0000     -254.56  0.2756   20.000
        117.0000     -256.86  0.2750   20.000
        118.0000     -259.15  0.2744   20.000
        119.0000     -261.42  0.2738   20.000
        120.0000     -263.68  0.2732   20.000
        121.0000     -265.95  0.2726   20.000
        122.0000     -268.32  0.2720   20.000
        123.0000     -271.00  0.2713   20.000
        124.0000     -274.02  0.2706   20.000
        125.0000     -277.29  0.2697   20.000
        126.0000     -280.71  0.2688   20.000
        127.0000     -284.14  0.2679   20.000
        128.0000     -287.54  0.2671   20.000
        129.0000     -290.96  0.2662   20.000
        130.0000     -294.40  0.2653   20.000
        131.0000     -297.86  0.2644   20.000
        132.0000     -301.35  0.2635   20.000
        133.0000     -304.80  0.2626   20.000
        134.0000     -308.25  0.2619   20.000
        135.0000     -311.59  0.2613   20.000
        136.0000     -314.89  0.2606   20.000
        137.0000     -318.14  0.2600   20.000
        138.0000     -321.38  0.2594   20.000
        139.0000     -324.56  0.2587   20.000
        140.0000     -327.70  0.2581   20.000
        141.0000     -330.82  0.2575   20.000
        142.0000     -333.90  0.2569   20.000
        143.0000     -336.97  0.2563   20.000
        144.0000     -340.00  0.2558   20.000
        145.0000     -342.98  0.2552   20.000
        146.0000     -345.93  0.2546   20.000
        147.0000     -348.79  0.2541   20.000
        148.0000     -351.55  0.2535   20.000
        149.0000     -354.26  0.2530   20.000
        150.0000     -356.95  0.2525   20.000
        151.0000     -359.64  0.2520   20.000
        152.0000     -362.40  0.2514   20.000
        153.0000     -365.75  0.2508   20.000
        154.0000     -369.54  0.2500   20.000
        155.0000     -373.93  0.2492   20.000
        156.0000     -379.23  0.2482   20.000
        157.0000     -385.05  0.2470   20.000
        158.0000     -391.27  0.2461   20.000
        159.0000     -397.47  0.2452   20.000
        160.0000     -403.40  0.2444   20.000
        161.0000     -408.90  0.2436   20.000
        162.0000     -414.18  0.2428   20.000
        163.0000     -419.58  0.2421   20.000
        164.0000     -425.03  0.2413   20.000
        165.0000     -430.57  0.2405   20.000
        166.0000     -435.99  0.2397   20.000
        167.0000     -441.19  0.2389   20.000
        168.0000     -446.32  0.2382   20.000
        169.0000     -451.29  0.2375   20.000
        170.0000     -456.17  0.2368   20.000
        171.0000     -461.15  0.2361   20.000
        172.0000     -466.02  0.2354   20.000
        173.0000     -470.74  0.2347   20.000
        174.0000     -475.54  0.2340   20.000
        175.0000     -480.18  0.2333   20.000
        176.0000     -484.73  0.2327   20.000
        177.0000     -489.35  0.2321   20.000
        178.0000     -493.79  0.2317   20.000
        179.0000     -413.92  0.2429   20.000
        180.0000     -207.03  0.2907   20.000
        181.0000     -108.03  0.3391   20.000
        182.0000      -61.38  0.3771   20.000
        183.0000      -62.82  0.3757   20.000
        184.0000      -47.05  0.3920   20.000
        185.0000      -52.30  0.3864   20.000
        186.0000      -64.53  0.3741   20.000
        187.0000      -73.91  0.3654   20.000
        188.0000      -81.29  0.3592   20.000
        189.0000      -87.56  0.3541   20.000
        190.0000      -93.49  0.3493   20.000
        191.0000      -99.39  0.3450   20.000
        192.0000     -104.96  0.3412   20.000
        193.0000     -110.22  0.3377   20.000
        194.0000     -115.64  0.3340   20.000
        195.0000     -114.45  0.3348   20.000
        196.0000      -93.47  0.3493   20.000
        197.0000      -70.00  0.3691   20.000
        198.0000      -54.40  0.3842   20.000
        199.0000      -27.13  0.4148   20.000
        200.0000      -31.38  0.4098   20.000
        201.0000      -24.87  0.4175   20.000
        202.0000      -24.04  0.4186   20.000
        203.0000      -29.06  0.4126   20.000
        204.0000      -34.65  0.4060   20.000
        205.0000      -40.15  0.3997   20.000
        206.0000      -45.54  0.3936   20.000
        207.0000      -50.90  0.3879   20.000
        208.0000      -55.99  0.3826   20.000
        209.0000      -60.69  0.3777   20.000
        210.0000      -65.45  0.3733   20.000
        211.0000      -70.32  0.3687   20.000
        212.0000      -75.39  0.3640   20.000
        213.0000      -80.70  0.3597   20.000
        214.0000      -86.16  0.3552   20.000
        215.0000      -91.66  0.3508   20.000
        216.0000      -97.16  0.3465   20.000
        217.0000     -102.35  0.3430   20.000
        218.0000     -106.76  0.3400   20.000
        219.0000     -111.03  0.3371   20.000
        220.0000     -115.95  0.3338   20.000
        221.0000     -121.25  0.3303   20.000
        222.0000     -126.93  0.3271   20.000
        223.0000     -132.73  0.3239   20.000
        224.0000     -138.32  0.3208   20.000
        225.0000     -143.48  0.3180   20.000
        226.0000     -148.94  0.3150   20.000
        227.0000     -154.73  0.3121   20.000
        228.0000     -160.50  0.3096   20.000
        229.0000     -165.96  0.3072   20.000
        230.0000     -171.71  0.3046   20.000
        231.0000     -177.68  0.3020   20.000
        232.0000     -182.99  0.2997   20.000
        233.0000     -187.91  0.2976   20.000
        234.0000     -192.43  0.2956   20.000
        235.0000     -197.53  0.2939   20.000
        236.0000     -202.85  0.2921   20.000
        237.0000     -208.05  0.2903   20.000
        238.0000     -213.10  0.2886   20.000
        239.0000     -218.19  0.2869   20.000
        240.0000     -223.21  0.2852   20.000
        241.0000     -228.17  0.2835   20.000
        242.0000     -233.43  0.2817   20.000
        243.0000     -238.99  0.2798   20.000
        244.0000     -244.33  0.2782   20.000
        245.0000     -552.98  0.2254   20.000
        246.0000    -1180.77  0.1868   20.000
        247.0000    -1476.98  0.1772   20.000
        248.0000    -1568.55  0.1748   20.000
        249.0000    -1597.09  0.1742   20.000
        250.0000    -1601.98  0.1741   20.000
        251.0000    -1602.26  0.1741   20.000
        252.0000    -1602.28  0.1741   20.000
        253.0000    -1602.28  0.1741   20.000
        254.0000    -1602.27  0.1741   20.000
        255.0000    -1602.26  0.1741   20.000
        256.0000    -1602.25  0.1741   20.000
        257.0000    -1602.24  0.1741   20.000
        258.0000    -1602.22  0.1741   20.000
        259.0000    -1602.21  0.1741   20.000
        260.0000    -1602.19  0.1741   20.000
        261.0000    -1602.18  0.1741   20.000
        262.0000    -1602.17  0.1741   20.000
        263.0000    -1602.15  0.1741   20.000
        264.0000    -1602.14  0.1741   20.000
        265.0000    -1602.13  0.1741   20.000
        266.0000    -1602.12  0.1741   20.000
        267.0000    -1602.10  0.1741   20.000
        268.0000    -1602.09  0.1741   20.000
        269.0000    -1602.08  0.1741   20.000
        270.0000    -1602.07  0.1741   20.000
        271.0000    -1602.06  0.1741   20.000
        272.0000    -1602.05  0.1741   20.000
        273.0000    -1602.05  0.1741   20.000
        274.0000    -1602.04  0.1741   20.000
        275.0000    -1602.03  0.1741   20.000
        276.0000    -1602.02  0.1741   20.000
        277.0000    -1602.01  0.1741   20.000
        278.0000    -1602.01  0.1741   20.000
        279.0000    -1602.00  0.1741   20.000
        280.0000    -1601.99  0.1741   20.000
        281.0000    -1601.99  0.1741   20.000
        282.0000    -1601.98  0.1741   20.000
        283.0000    -1601.97  0.1741   20.000
        284.0000    -1601.97  0.1741   20.000
        285.0000    -1601.96  0.1741   20.000
        286.0000    -1601.96  0.1741   20.000
        287.0000    -1601.95  0.1741   20.000
        288.0000    -1601.95  0.1741   20.000
        289.0000    -1601.95  0.1741   20.000
        290.0000    -1601.95  0.1741   20.000
        291.0000    -1601.96  0.1741   20.000
        292.0000    -1601.96  0.1741   20.000
        293.0000    -1601.98  0.1741   20.000
        294.0000    -1601.99  0.1741   20.000
        295.0000    -1602.02  0.1741   20.000
        296.0000    -1602.05  0.1741   20.000
        297.0000    -1602.08  0.1741   20.000
        298.0000    -1602.13  0.1741   20.000
        299.0000    -1602.19  0.1741   20.000
        300.0000    -1602.26  0.1741   20.000
        301.0000    -1602.34  0.1741   20.000
        302.0000    -1602.43  0.1741   20.000
        303.0000    -1602.54  0.1741   20.000
        304.0000    -1602.66  0.1741   20.000
        305.0000    -1602.80  0.1741   20.000
        306.0000    -1602.95  0.1741   20.000
        307.0000    -1603.12  0.1740   20.000
        308.0000    -1603.30  0.1740   20.000
        309.0000    -1603.50  0.1740   20.000
        310.0000    -1603.72  0.1740   20.000
        311.0000    -1603.96  0.1740   20.000
        312.0000    -1604.21  0.1740   20.000
        313.0000    -1604.49  0.1740   20.000
        314.0000    -1604.78  0.1740   20.000
        315.0000    -1605.08  0.1740   20.000
        316.0000    -1605.41  0.1740   20.000
        317.0000    -1605.75  0.1740   20.000
        318.0000    -1606.12  0.1740   20.000
        319.0000    -1606.49  0.1740   20.000
        320.0000    -1606.89  0.1740   20.000
        321.0000    -1607.30  0.1740   20.000
        322.0000    -1607.73  0.1740   20.000
        323.0000    -1608.18  0.1739   20.000
        324.0000    -1608.65  0.1739   20.000
        325.0000    -1609.12  0.1739   20.000
        326.0000    -1609.62  0.1739   20.000
        327.0000    -1610.13  0.1739   20.000
        328.0000    -1610.65  0.1739   20.000
        329.0000    -1611.19  0.1739   20.000
        330.0000    -1611.75  0.1739   20.000
        331.0000    -1612.32  0.1739   20.000
        332.0000    -1612.90  0.1738   20.000
        333.0000    -1613.49  0.1738   20.000
        334.0000    -1614.10  0.1738   20.000
        335.0000    -1614.72  0.1738   20.000
        336.0000    -1615.36  0.1738   20.000
        337.0000    -1616.00  0.1738   20.000
        338.0000    -1616.66  0.1738   20.000
        339.0000    -1617.33  0.1737   20.000
        340.0000    -1618.00  0.1737   20.000
        341.0000    -1618.69  0.1737   20.000
        342.0000    -1619.39  0.1737   20.000
        343.0000    -1620.10  0.1737   20.000
        344.0000    -1620.82  0.1737   20.000
        345.0000    -1621.55  0.1737   20.000
        346.0000    -1622.28  0.1736   20.000
        347.0000    -1623.03  0.1736   20.000
        348.0000    -1623.78  0.1736   20.000
        349.0000    -1624.54  0.1736   20.000
        350.0000    -1625.31  0.1736   20.000
        351.0000    -1626.09  0.1736   20.000
        352.0000    -1626.87  0.1735   20.000
        353.0000    -1627.66  0.1735   20.000
        354.0000    -1628.46  0.1735   20.000
        355.0000    -1629.26  0.1735   20.000
        356.0000    -1630.07  0.1735   20.000
        357.0000    -1630.89  0.1735   20.000
        358.0000    -1631.71  0.1734   20.000
        359.0000    -1632.53  0.1734   20.000
        360.0000    -1633.37  0.1734   20.000
        361.0000    -1634.20  0.1734   20.000
        362.0000    -1635.05  0.1734   20.000
        363.0000    -1635.89  0.1733   20.000
        364.0000    -1636.74  0.1733   20.000
        365.0000    -1637.60  0.1733   20.000
        366.0000    -1638.46  0.1733   20.000
        367.0000    -1639.32  0.1733   20.000
        368.0000    -1640.19  0.1733   20.000
        369.0000    -1641.06  0.1732   20.000
        370.0000    -1641.93  0.1732   20.000
        371.0000    -1642.81  0.1732   20.000
        372.0000    -1643.69  0.1732   20.000
        373.0000    -1644.57  0.1732   20.000
        374.0000    -1645.46  0.1731   20.000
        375.0000    -1646.35  0.1731   20.000
        376.0000    -1647.24  0.1731   20.000
        377.0000    -1648.14  0.1731   20.000
        378.0000    -1649.03  0.1731   20.000
        379.0000    -1649.93  0.1730   20.000
        380.0000    -1650.83  0.1730   20.000
        381.0000    -1651.74  0.1730   20.000
        382.0000    -1652.64  0.1730   20.000
        383.0000    -1653.55  0.1730   20.000
        384.0000    -1654.46  0.1729   20.000
        385.0000    -1655.37  0.1729   20.000
        386.0000    -1656.28  0.1729   20.000
        387.0000    -1657.19  0.1729   20.000
        388.0000    -1658.10  0.1729   20.000
        389.0000    -1659.02  0.1729   20.000
        390.0000    -1659.94  0.1728   20.000
        391.0000    -1660.85  0.1728   20.000
        392.0000    -1661.77  0.1728   20.000
        393.0000    -1662.69  0.1728   20.000
        394.0000    -1663.61  0.1728   20.000
        395.0000    -1664.53  0.1727   20.000
        396.0000    -1665.46  0.1727   20.000
        397.0000    -1666.38  0.1727   20.000
        398.0000    -1667.30  0.1727   20.000
        399.0000    -1668.22  0.1727   20.000
        400.0000    -1669.15  0.1726   20.000
        401.0000    -1670.07  0.1726   20.000
        402.0000    -1671.00  0.1726   20.000
        403.0000    -1671.92  0.1726   20.000
        404.0000    -1672.85  0.1726   20.000
        405.0000    -1673.77  0.1725   20.000
        406.0000    -1674.70  0.1725   20.000
        407.0000    -1675.62  0.1725   20.000
        408.0000    -1676.55  0.1725   20.000
        409.0000    -1677.47  0.1725   20.000
        410.0000    -1678.40  0.1724   20.000
        411.0000    -1679.32  0.1724   20.000
        412.0000    -1680.25  0.1724   20.000
        413.0000    -1681.17  0.1724   20.000
        414.0000    -1682.10  0.1724   20.000
        415.0000    -1683.02  0.1723   20.000
        416.0000    -1683.94  0.1723   20.000
        417.0000    -1684.87  0.1723   20.000
        418.0000    -1685.79  0.1723   20.000
        419.0000    -1686.71  0.1723   20.000
        420.0000    -1687.63  0.1722   20.000
        421.0000    -1688.56  0.1722   20.000
        422.0000    -1689.48  0.1722   20.000
        423.0000    -1690.40  0.1722   20.000
        424.0000    -1691.32  0.1722   20.000
        425.0000    -1692.23  0.1721   20.000
        426.0000    -1693.15  0.1721   20.000
        427.0000    -1694.07  0.1721   20.000
        428.0000    -1694.99  0.1721   20.000
        429.0000    -1695.90  0.1721   20.000
        430.0000    -1696.82  0.1720   20.000
        431.0000    -1697.73  0.1720   20.000
        432.0000    -1698.65  0.1720   20.000
        433.0000    -1699.56  0.1720   20.000
        434.0000    -1700.47  0.1720   20.000
        435.0000    -1701.38  0.1719   20.000
        436.0000    -1702.29  0.1719   20.000
        437.0000    -1703.20  0.1719   20.000
        438.0000    -1704.11  0.1719   20.000
        439.0000    -1705.02  0.1719   20.000
        440.0000    -1705.92  0.1718   20.000
        441.0000    -1706.83  0.1718   20.000
        442.0000    -1707.73  0.1718   20.000
        443.0000    -1708.64  0.1718   20.000
        444.0000    -1709.54  0.1718   20.000
        445.0000    -1710.44  0.1717   20.000
        446.0000    -1711.34  0.1717   20.000
        447.0000    -1712.24  0.1717   20.000
        448.0000    -1713.14  0.1717   20.000
        449.0000    -1714.04  0.1717   20.000
        450.0000    -1714.94  0.1717   20.000
        451.0000    -1715.83  0.1716   20.000
        452.0000    -1716.73  0.1716   20.000
        453.0000    -1717.62  0.1716   20.000
        454.0000    -1718.51  0.1716   20.000
        455.0000    -1719.40  0.1716   20.000
        456.0000    -1720.29  0.1715   20.000
        457.0000    -1721.18  0.1715   20.000
        458.0000    -1722.07  0.1715   20.000
        459.0000    -1722.96  0.1715   20.000
        460.0000    -1723.84  0.1715   20.000
        461.0000    -1724.73  0.1714   20.000
        462.0000    -1725.61  0.1714   20.000
        463.0000    -1726.49  0.1714   20.000
        464.0000    -1727.38  0.1714   20.000
        465.0000    -1728.26  0.1714   20.000
        466.0000    -1729.13  0.1713   20.000
        467.0000    -1730.01  0.1713   20.000
        468.0000    -1730.89  0.1713   20.000
        469.0000    -1731.76  0.1713   20.000
        470.0000    -1732.64  0.1713   20.000
        471.0000    -1733.51  0.1713   20.000
        472.0000    -1734.38  0.1712   20.000
        473.0000    -1735.25  0.1712   20.000
        474.0000    -1736.12  0.1712   20.000
        475.0000    -1736.99  0.1712   20.000
        476.0000    -1737.86  0.1712   20.000
        477.0000    -1738.72  0.1711   20.000
        478.0000    -1739.59  0.1711   20.000
        479.0000    -1740.45  0.1711   20.000
        480.0000    -1741.32  0.1711   20.000
        481.0000    -1742.18  0.1711   20.000
        482.0000    -1743.04  0.1710   20.000
        483.0000    -1743.90  0.1710   20.000
        484.0000    -1744.76  0.1710   20.000
        485.0000    -1745.61  0.1710   20.000
        486.0000    -1746.47  0.1710   20.000
        487.0000    -1747.32  0.1710   20.000
        488.0000    -1748.18  0.1709   20.000
        489.0000    -1749.03  0.1709   20.000
        490.0000    -1749.88  0.1709   20.000
        491.0000    -1750.73  0.1709   20.000
        492.0000    -1751.58  0.1709   20.000
        493.0000    -1752.43  0.1708   20.000
        494.0000    -1753.27  0.1708   20.000
        495.0000    -1754.12  0.1708   20.000
        496.0000    -1754.96  0.1708   20.000
        497.0000    -1755.81  0.1708   20.000
        498.0000    -1756.65  0.1708   20.000
        499.0000    -1757.49  0.1707   20.000
        500.0000    -1758.33  0.1707   20.000
        501.0000    -1759.17  0.1707   20.000
        502.0000    -1760.01  0.1707   20.000
        503.0000    -1760.85  0.1707   20.000
        504.0000    -1761.68  0.1706   20.000
        505.0000    -1762.52  0.1706   20.000
        506.0000    -1763.35  0.1706   20.000
        507.0000    -1764.18  0.1706   20.000
        508.0000    -1765.01  0.1706   20.000
        509.0000    -1765.84  0.1706   20.000
        510.0000    -1766.67  0.1705   20.000
        511.0000    -1767.50  0.1705   20.000
        512.0000    -1768.33  0.1705   20.000
        513.0000    -1769.15  0.1705   20.000
        514.0000    -1769.98  0.1705   20.000
        515.0000    -1770.80  0.1705   20.000
        516.0000    -1771.62  0.1704   20.000
        517.0000    -1772.45  0.1704   20.000
        518.0000    -1773.27  0.1704   20.000
        519.0000    -1774.09  0.1704   20.000
        520.0000    -1774.90  0.1704   20.000
        521.0000    -1775.72  0.1703   20.000
        522.0000    -1776.54  0.1703   20.000
        523.0000    -1777.35  0.1703   20.000
        524.0000    -1778.17  0.1703   20.000
        525.0000    -1778.98  0.1703   20.000
        526.0000    -1779.79  0.1703   20.000
        527.0000    -1780.60  0.1702   20.000
        528.0000    -1781.41  0.1702   20.000
        529.0000    -1782.22  0.1702   20.000
        530.0000    -1783.02  0.1702   20.000
        531.0000    -1783.83  0.1702   20.000
        532.0000    -1784.63  0.1702   20.000
        533.0000    -1784.41  0.1702   20.000
        534.0000     -115.39  0.3342   20.000
        535.0000      -86.92  0.3546   20.000
        536.0000     -104.68  0.3414   20.000
        537.0000     -122.25  0.3297   20.000
        538.0000     -138.96  0.3205   20.000
        539.0000     -154.68  0.3121   20.000
        540.0000     -171.77  0.3046   20.000
        541.0000     -188.22  0.2974   20.000
        542.0000     -206.63  0.2908   20.000
        543.0000     -222.98  0.2853   20.000
        544.0000     -238.34  0.2801   20.000
        545.0000     -254.91  0.2755   20.000
        546.0000     -269.86  0.2716   20.000
        547.0000     -283.73  0.2680   20.000
        548.0000     -297.07  0.2646   20.000
        549.0000     -311.57  0.2613   20.000
        550.0000     -326.19  0.2584   20.000
        551.0000     -339.97  0.2558   20.000
        552.0000     -348.05  0.2542   20.000
        553.0000     -297.93  0.2644   20.000
        554.0000     -147.38  0.3158   20.000
        555.0000      -96.16  0.3472   20.000
        556.0000      -80.66  0.3597   20.000
        557.0000      -55.57  0.3830   20.000
        558.0000      -42.63  0.3969   20.000
        559.0000      -54.77  0.3838   20.000
        560.0000      -68.47  0.3705   20.000
        561.0000      -78.79  0.3612   20.000
        562.0000      -87.16  0.3544   20.000
        563.0000      -94.41  0.3485   20.000
        564.0000     -101.06  0.3439   20.000
        565.0000     -107.12  0.3397   20.000
        566.0000     -112.82  0.3359   20.000
        567.0000     -118.56  0.3320   20.000
        568.0000     -124.36  0.3285   20.000
        569.0000     -129.99  0.3254   20.000
        570.0000     -135.64  0.3223   20.000
        571.0000     -141.69  0.3190   20.000
        572.0000     -148.17  0.3154   20.000
        573.0000     -154.89  0.3120   20.000
        574.0000     -161.14  0.3093   20.000
        575.0000     -166.92  0.3067   20.000
        576.0000     -172.44  0.3043   20.000
        577.0000     -178.00  0.3019   20.000
        578.0000     -183.57  0.2995   20.000
        579.0000     -189.33  0.2969   20.000
        580.0000     -195.13  0.2947   20.000
        581.0000     -200.80  0.2928   20.000
        582.0000     -206.05  0.2910   20.000
        583.0000     -210.60  0.2895   20.000
        584.0000     -215.35  0.2879   20.000
        585.0000     -220.10  0.2863   20.000
        586.0000     -224.35  0.2848   20.000
        587.0000     -228.71  0.2833   20.000
        588.0000     -233.38  0.2817   20.000
        589.0000     -238.29  0.2801   20.000
        590.0000     -243.48  0.2784   20.000
        591.0000     -248.78  0.2771   20.000
        592.0000     -253.96  0.2757   20.000
        593.0000     -259.09  0.2744   20.000
        594.0000     -264.29  0.2731   20.000
        595.0000     -269.47  0.2717   20.000
        596.0000     -274.59  0.2704   20.000
        597.0000     -279.75  0.2691   20.000
        598.0000     -284.92  0.2677   20.000
        599.0000     -289.99  0.2664   20.000
        600.0000     -294.83  0.2652   20.000
        601.0000     -299.77  0.2639   20.000
        602.0000     -304.71  0.2626   20.000
        603.0000     -309.82  0.2616   20.000
        604.0000     -314.86  0.2606   20.000
        605.0000     -319.86  0.2597   20.000
        606.0000     -324.88  0.2587   20.000
        607.0000     -329.70  0.2578   20.000
        608.0000     -334.47  0.2568   20.000
        609.0000     -339.19  0.2559   20.000
        610.0000     -343.66  0.2551   20.000
        611.0000    -1001.72  0.1941   20.000
        612.0000    -1414.96  0.1790   20.000
        613.0000    -1546.70  0.1752   20.000
        614.0000    -1591.49  0.1743   20.000
        615.0000    -1602.86  0.1740   20.000
        616.0000    -1602.84  0.1741   20.000
        617.0000    -1602.65  0.1741   20.000
        618.0000    -1602.54  0.1741   20.000
        619.0000    -1602.48  0.1741   20.000
        620.0000    -1602.44  0.1741   20.000
        621.0000    -1602.41  0.1741   20.000
        622.0000    -1602.39  0.1741   20.000
        623.0000    -1602.37  0.1741   20.000
        624.0000    -1602.36  0.1741   20.000
        625.0000    -1602.35  0.1741   20.000
        626.0000    -1602.34  0.1741   20.000
        627.0000    -1602.33  0.1741   20.000
        628.0000    -1602.32  0.1741   20.000
        629.0000    -1602.31  0.1741   20.000
        630.0000    -1602.31  0.1741   20.000
        631.0000    -1602.30  0.1741   20.000
        632.0000    -1602.30  0.1741   20.000
        633.0000    -1602.29  0.1741   20.000
        634.0000    -1602.28  0.1741   20.000
        635.0000    -1602.28  0.1741   20.000
        636.0000    -1602.28  0.1741   20.000
        637.0000    -1602.27  0.1741   20.000
        638.0000    -1602.27  0.1741   20.000
        639.0000    -1602.26  0.1741   20.000
        640.0000    -1602.26  0.1741   20.000
        641.0000    -1602.25  0.1741   20.000
        642.0000    -1602.25  0.1741   20.000
        643.0000    -1602.25  0.1741   20.000
        644.0000    -1602.24  0.1741   20.000
        645.0000    -1602.24  0.1741   20.000
        646.0000    -1602.24  0.1741   20.000
        647.0000    -1602.23  0.1741   20.000
        648.0000    -1602.23  0.1741   20.000
        649.0000    -1602.23  0.1741   20.000
        650.0000    -1602.23  0.1741   20.000
        651.0000    -1602.22  0.1741   20.000
        652.0000    -1602.22  0.1741   20.000
        653.0000    -1602.22  0.1741   20.000
        654.0000    -1602.22  0.1741   20.000
        655.0000    -1602.23  0.1741   20.000
        656.0000    -1602.23  0.1741   20.000
        657.0000    -1602.24  0.1741   20.000
        658.0000    -1602.26  0.1741   20.000
        659.0000    -1602.28  0.1741   20.000
        660.0000    -1602.30  0.1741   20.000
        661.0000    -1602.33  0.1741   20.000
        662.0000    -1602.37  0.1741   20.000
        663.0000    -1602.42  0.1741   20.000
        664.0000    -1602.48  0.1741   20.000
        665.0000    -1602.55  0.1741   20.000
        666.0000    -1602.63  0.1741   20.000
        667.0000    -1602.73  0.1741   20.000
        668.0000    -1602.83  0.1741   20.000
        669.0000    -1602.96  0.1741   20.000
        670.0000    -1603.09  0.1741   20.000
        671.0000    -1603.25  0.1740   20.000
        672.0000    -1603.41  0.1740   20.000
        673.0000    -1603.60  0.1740   20.000
        674.0000    -1603.80  0.1740   20.000
        675.0000    -1604.02  0.1740   20.000
        676.0000    -1604.26  0.1740   20.000
        677.0000    -1604.51  0.1740   20.000
        678.0000    -1604.79  0.1740   20.000
        679.0000    -1605.08  0.1740   20.000
        680.0000    -1605.39  0.1740   20.000
        681.0000    -1605.71  0.1740   20.000
        682.0000    -1606.06  0.1740   20.000
        683.0000    -1606.42  0.1740   20.000
        684.0000    -1606.80  0.1740   20.000
        685.0000    -1607.19  0.1740   20.000
        686.0000    -1607.61  0.1740   20.000
        687.0000    -1608.04  0.1739   20.000
        688.0000    -1608.48  0.1739   20.000
        689.0000    -1608.95  0.1739   20.000
        690.0000    -1609.43  0.1739   20.000
        691.0000    -1609.92  0.1739   20.000
        692.0000    -1610.43  0.1739   20.000
        693.0000    -1610.96  0.1739   20.000
        694.0000    -1611.50  0.1739   20.000
        695.0000    -1612.05  0.1739   20.000
        696.0000    -1612.62  0.1738   20.000
        697.0000    -1613.20  0.1738   20.000
        698.0000    -1613.80  0.1738   20.000
        699.0000    -1614.40  0.1738   20.000
        700.0000    -1615.02  0.1738   20.000
        701.0000    -1615.66  0.1738   20.000
        702.0000    -1616.30  0.1738   20.000
        703.0000    -1616.96  0.1738   20.000
        704.0000    -1617.63  0.1737   20.000
        705.0000    -1618.31  0.1737   20.000
        706.0000    -1618.99  0.1737   20.000
        707.0000    -1619.69  0.1737   20.000
        708.0000    -1620.40  0.1737   20.000
        709.0000    -1621.12  0.1737   20.000
        710.0000    -1621.85  0.1736   20.000
        711.0000    -1622.58  0.1736   20.000
        712.0000    -1623.33  0.1736   20.000
        713.0000    -1624.08  0.1736   20.000
        714.0000    -1624.84  0.1736   20.000
        715.0000    -1625.61  0.1736   20.000
        716.0000    -1626.39  0.1736   20.000
        717.0000    -1627.17  0.1735   20.000
        718.0000    -1627.96  0.1735   20.000
        719.0000    -1628.76  0.1735   20.000
        720.0000    -1629.56  0.1735   20.000
        721.0000    -1630.37  0.1735   20.000
        722.0000    -1631.19  0.1734   20.000
        723.0000    -1632.01  0.1734   20.000
        724.0000    -1632.83  0.1734   20.000
        725.0000    -1633.67  0.1734   20.000
        726.0000    -1634.50  0.1734   20.000
        727.0000    -1635.35  0.1734   20.000
        728.0000    -1636.19  0.1733   20.000
        729.0000    -1637.04  0.1733   20.000
        730.0000    -1637.90  0.1733   20.000
        731.0000    -1638.76  0.1733   20.000
        732.0000    -1639.62  0.1733   20.000
        733.0000    -1640.49  0.1732   20.000
        734.0000    -1641.36  0.1732   20.000
        735.0000    -1642.23  0.1732   20.000
        736.0000    -1643.11  0.1732   20.000
        737.0000    -1643.99  0.1732   20.000
        738.0000    -1644.88  0.1732   20.000
        739.0000    -1645.76  0.1731   20.000
        740.0000    -1646.65  0.1731   20.000
        741.0000    -1647.54  0.1731   20.000
        742.0000    -1648.44  0.1731   20.000
        743.0000    -1649.33  0.1731   20.000
        744.0000    -1650.23  0.1730   20.000
        745.0000    -1651.13  0.1730   20.000
        746.0000    -1652.04  0.1730   20.000
        747.0000    -1652.94  0.1730   20.000
        748.0000    -1653.85  0.1730   20.000
        749.0000    -1654.76  0.1729   20.000
        750.0000    -1655.67  0.1729   20.000
        751.0000    -1656.58  0.1729   20.000
        752.0000    -1657.49  0.1729   20.000
        753.0000    -1658.41  0.1729   20.000
        754.0000    -1659.32  0.1728   20.000
        755.0000    -1660.24  0.1728   20.000
        756.0000    -1661.16  0.1728   20.000
end
