

   Time         sum(rTop)     sum(rRoot)    sum(vTop)     sum(vRoot)     sum(vBot)    hTop       hRoot      hBot      A-level
    [T]           [L]           [L]           [L]           [L]            [L]        [L]         [L]       [L] 

     1.00000  0.000000E+00  0.000000E+00  0.327174E-06  0.000000E+00 -0.161489E+01    -47.592    -24.666    -18.123       1
     2.00000  0.355600E-01  0.000000E+00  0.355607E-01  0.000000E+00 -0.284125E+01    -61.347    -32.596    -23.270       2
     3.00000  0.142240E+00  0.000000E+00  0.142241E+00  0.000000E+00 -0.380849E+01    -75.900    -39.639    -28.344       3
     4.00000  0.218440E+00  0.000000E+00  0.218441E+00  0.000000E+00 -0.459636E+01    -84.266    -45.559    -32.931       4
     5.00000  0.251460E+00  0.000000E+00  0.251461E+00  0.000000E+00 -0.525401E+01    -88.173    -50.434    -37.055       5
     6.00000  0.299720E+00  0.000000E+00  0.299721E+00  0.000000E+00 -0.582096E+01    -94.798    -54.943    -40.864       6
     7.00000  0.426720E+00  0.000000E+00  0.426721E+00  0.000000E+00 -0.631721E+01   -110.755    -59.703    -44.459       7
     8.00000  0.612140E+00  0.000000E+00  0.612141E+00  0.000000E+00 -0.675147E+01   -133.107    -64.688    -47.552       8
     9.00000  0.789940E+00  0.000000E+00  0.789941E+00  0.000000E+00 -0.714511E+01   -150.127    -69.511    -50.633       9
    10.00000  0.886460E+00  0.000000E+00  0.886461E+00  0.000000E+00 -0.750373E+01   -146.473    -73.350    -53.641      10
    11.00000  0.932180E+00  0.000000E+00  0.932181E+00  0.000000E+00 -0.782867E+01   -140.322    -76.482    -56.511      11
    12.00000  0.112522E+01  0.000000E+00  0.112522E+01  0.000000E+00 -0.812257E+01   -182.009    -81.100    -59.144      12
    13.00000  0.135636E+01  0.000000E+00  0.135636E+01  0.000000E+00 -0.839272E+01   -235.596    -86.297    -61.662      13
    14.00000  0.152908E+01  0.000000E+00  0.152908E+01  0.000000E+00 -0.864612E+01   -248.177    -90.734    -64.203      14
    15.00000  0.156210E+01  0.000000E+00  0.156210E+01  0.000000E+00 -0.888297E+01   -195.208    -93.034    -66.715      15
    16.00000  0.158242E+01  0.000000E+00  0.158242E+01  0.000000E+00 -0.910364E+01   -180.967    -95.195    -69.164      16
    17.00000  0.162560E+01  0.000000E+00  0.162560E+01  0.000000E+00 -0.930867E+01   -182.694    -97.610    -71.524      17
    18.00000  0.178562E+01  0.000000E+00  0.178562E+01  0.000000E+00 -0.949886E+01   -237.902   -101.666    -73.759      18
    19.00000  0.189230E+01  0.000000E+00  0.189230E+01  0.000000E+00 -0.967550E+01   -240.269   -104.918    -75.828      19
    20.00000  0.201930E+01  0.000000E+00  0.201930E+01  0.000000E+00 -0.984332E+01   -268.989   -108.513    -78.003      20
    21.00000  0.220218E+01  0.000000E+00  0.220218E+01  0.000000E+00 -0.100037E+02   -363.641   -113.259    -80.132      21
    22.00000  0.228092E+01  0.000000E+00  0.228092E+01  0.000000E+00 -0.101567E+02   -302.062   -115.909    -82.225      22
    23.00000  0.236982E+01  0.000000E+00  0.236982E+01  0.000000E+00 -0.103024E+02   -307.983   -118.769    -84.275      23
    24.00000  0.245364E+01  0.000000E+00  0.245364E+01  0.000000E+00 -0.104411E+02   -311.383   -121.537    -86.280      24
    25.00000  0.251460E+01  0.000000E+00  0.251460E+01  0.000000E+00 -0.105730E+02   -296.160   -123.818    -88.234      25
    26.00000  0.266700E+01  0.000000E+00  0.266700E+01  0.000000E+00 -0.106981E+02   -421.175   -128.166    -90.135      26
    27.00000  0.271272E+01  0.000000E+00  0.271272E+01  0.000000E+00 -0.108167E+02   -327.498   -129.998    -91.969      27
    28.00000  0.274701E+01  0.000000E+00  0.274701E+01  0.000000E+00 -0.109291E+02   -300.043   -131.590    -93.725      28
    29.00000  0.276987E+01  0.000000E+00  0.276987E+01  0.000000E+00 -0.110356E+02   -279.256   -132.965    -95.395      29
    30.00000  0.282575E+01  0.000000E+00  0.282575E+01  0.000000E+00 -0.111381E+02   -296.575   -135.093    -97.207      30
    31.00000  0.292989E+01  0.000000E+00  0.292989E+01  0.000000E+00 -0.112375E+02   -361.705   -138.364    -98.970      31
    32.00000  0.304165E+01  0.000000E+00  0.304165E+01  0.000000E+00 -0.113339E+02   -426.125   -141.924   -100.705      32
    33.00000  0.318643E+01  0.000000E+00  0.318643E+01  0.000000E+00 -0.114271E+02   -617.263   -146.599   -102.416      33
    34.00000  0.344805E+01  0.000000E+00  0.344805E+01  0.000000E+00 -0.115174E+02  -5818.361   -158.083   -104.104      34
    35.00000  0.364109E+01  0.000000E+00  0.364109E+01  0.000000E+00 -0.116051E+02 -27555.979   -172.123   -105.770      35
    36.00000  0.384175E+01  0.000000E+00  0.384068E+01  0.000000E+00 -0.116899E+02***********   -217.398   -107.409      36
    37.00000  0.399415E+01  0.000000E+00  0.396725E+01  0.000000E+00 -0.117720E+02***********   -232.281   -109.021      37
    38.00000  0.420751E+01  0.000000E+00  0.407137E+01  0.000000E+00 -0.118510E+02***********   -239.906   -110.603      38
    39.00000  0.431165E+01  0.000000E+00  0.416486E+01  0.000000E+00 -0.119272E+02***********   -245.528   -112.160      39
    40.00000  0.454787E+01  0.000000E+00  0.425101E+01  0.000000E+00 -0.120009E+02***********   -249.934   -113.687      40
    41.00000  0.481965E+01  0.000000E+00  0.433266E+01  0.000000E+00 -0.120720E+02***********   -254.902   -115.184      41
    42.00000  0.499745E+01  0.000000E+00  0.440967E+01  0.000000E+00 -0.121405E+02***********   -258.332   -116.650      42
    43.00000  0.531495E+01  0.000000E+00  0.448391E+01  0.000000E+00 -0.122064E+02***********   -262.936   -118.085      43
    44.00000  0.555117E+01  0.000000E+00  0.455354E+01  0.000000E+00 -0.122696E+02***********   -265.660   -119.480      44
    45.00000  0.561721E+01  0.000000E+00  0.461958E+01  0.000000E+00 -0.123303E+02-770708.562   -266.195   -120.921      45
    46.00000  0.574929E+01  0.000000E+00  0.468808E+01  0.000000E+00 -0.123898E+02***********   -273.416   -122.437      46
    47.00000  0.603631E+01  0.000000E+00  0.475201E+01  0.000000E+00 -0.124479E+02***********   -277.099   -123.909      47
    48.00000  0.627761E+01  0.000000E+00  0.481362E+01  0.000000E+00 -0.125047E+02***********   -280.752   -125.359      48
    49.00000  0.642239E+01  0.000000E+00  0.487311E+01  0.000000E+00 -0.125603E+02***********   -284.220   -126.796      49
    50.00000  0.658749E+01  0.000000E+00  0.493070E+01  0.000000E+00 -0.126146E+02***********   -287.464   -128.219      50
    51.00000  0.666369E+01  0.000000E+00  0.498682E+01  0.000000E+00 -0.126678E+02***********   -290.613   -129.631      51
    52.00000  0.672973E+01  0.000000E+00  0.504178E+01  0.000000E+00 -0.127198E+02***********   -294.903   -131.030      52
    53.00000  0.675259E+01  0.000000E+00  0.506463E+01  0.000000E+00 -0.127706E+02 -77339.656   -258.259   -132.416      53
    54.00000  0.677037E+01  0.000000E+00  0.508242E+01  0.000000E+00 -0.128203E+02 -18247.287   -242.377   -133.790      54
    55.00000  0.682625E+01  0.000000E+00  0.513830E+01  0.000000E+00 -0.128688E+02 -54654.664   -248.515   -135.152      55
    56.00000  0.701167E+01  0.000000E+00  0.523220E+01  0.000000E+00 -0.129164E+02***********   -298.490   -136.501      56
    57.00000  0.721233E+01  0.000000E+00  0.528618E+01  0.000000E+00 -0.129627E+02***********   -304.863   -137.837      57
    58.00000  0.735965E+01  0.000000E+00  0.533600E+01  0.000000E+00 -0.130078E+02***********   -308.385   -139.159      58
    59.00000  0.741553E+01  0.000000E+00  0.538408E+01  0.000000E+00 -0.130519E+02***********   -312.736   -140.467      59
    60.00000  0.753999E+01  0.000000E+00  0.542988E+01  0.000000E+00 -0.130947E+02***********  -2170.379   -141.761      60
    61.00000  0.775843E+01  0.000000E+00  0.547519E+01  0.000000E+00 -0.131365E+02***********  -2187.994   -143.041      61
    62.00000  0.791337E+01  0.000000E+00  0.551982E+01  0.000000E+00 -0.131772E+02***********  -2206.556   -144.308      62
    63.00000  0.808863E+01  0.000000E+00  0.556387E+01  0.000000E+00 -0.132168E+02***********  -2225.921   -145.559      63
    64.00000  0.812419E+01  0.000000E+00  0.559943E+01  0.000000E+00 -0.132554E+02-481406.438  -1991.673   -146.795      64
    65.00000  0.817499E+01  0.000000E+00  0.564687E+01  0.000000E+00 -0.132930E+02***********  -2228.573   -148.018      65
    66.00000  0.823595E+01  0.000000E+00  0.568936E+01  0.000000E+00 -0.133296E+02***********  -2257.062   -149.223      66
    67.00000  0.827913E+01  0.000000E+00  0.573127E+01  0.000000E+00 -0.133650E+02***********  -2286.321   -150.416      67
    68.00000  0.834263E+01  0.000000E+00  0.577232E+01  0.000000E+00 -0.133995E+02***********  -2308.751   -151.606      68
    69.00000  0.837057E+01  0.000000E+00  0.580026E+01  0.000000E+00 -0.134332E+02-305695.719  -1952.112   -152.945      69
    70.00000  0.842137E+01  0.000000E+00  0.584771E+01  0.000000E+00 -0.134664E+02***********  -2283.515   -154.272      70
    71.00000  0.848741E+01  0.000000E+00  0.588817E+01  0.000000E+00 -0.134991E+02***********  -2336.892   -155.558      71
    72.00000  0.866013E+01  0.000000E+00  0.592640E+01  0.000000E+00 -0.135312E+02***********  -2355.042   -156.819      72
    73.00000  0.888111E+01  0.000000E+00  0.596399E+01  0.000000E+00 -0.135629E+02***********  -2374.705   -158.063      73
    74.00000  0.897509E+01  0.000000E+00  0.600096E+01  0.000000E+00 -0.135941E+02***********  -2393.696   -159.292      74
    75.00000  0.908431E+01  0.000000E+00  0.603720E+01  0.000000E+00 -0.136248E+02***********  -2409.735   -160.506      75
    76.00000  0.921639E+01  0.000000E+00  0.607278E+01  0.000000E+00 -0.136550E+02***********  -2423.773   -161.708      76
    77.00000  0.940943E+01  0.000000E+00  0.610782E+01  0.000000E+00 -0.136848E+02***********  -2437.159   -162.898      77
    78.00000  0.956437E+01  0.000000E+00  0.614234E+01  0.000000E+00 -0.137141E+02***********  -2450.139   -164.075      78
    79.00000  0.965073E+01  0.000000E+00  0.617635E+01  0.000000E+00 -0.137429E+02***********  -2462.712   -165.241      79
    80.00000  0.978027E+01  0.000000E+00  0.620988E+01  0.000000E+00 -0.137713E+02***********  -2475.052   -166.395      80
    81.00000  0.991997E+01  0.000000E+00  0.624292E+01  0.000000E+00 -0.137993E+02***********  -2484.540   -167.539      81
    82.00000  0.101232E+02  0.000000E+00  0.627571E+01  0.000000E+00 -0.138268E+02***********  -2499.559   -168.671      82
    83.00000  0.102781E+02  0.000000E+00  0.630791E+01  0.000000E+00 -0.138539E+02***********  -2506.378   -169.792      83
    84.00000  0.103899E+02  0.000000E+00  0.634011E+01  0.000000E+00 -0.138806E+02***********  -2524.841   -170.903      84
    85.00000  0.104991E+02  0.000000E+00  0.637122E+01  0.000000E+00 -0.139068E+02***********  -2528.571   -172.004      85
    86.00000  0.106693E+02  0.000000E+00  0.640302E+01  0.000000E+00 -0.139326E+02***********  -2543.792   -173.095      86
    87.00000  0.107912E+02  0.000000E+00  0.643322E+01  0.000000E+00 -0.139579E+02***********  -2560.626   -174.176      87
    88.00000  0.109131E+02  0.000000E+00  0.646315E+01  0.000000E+00 -0.139829E+02***********  -2564.921   -175.247      88
    89.00000  0.109944E+02  0.000000E+00  0.649339E+01  0.000000E+00 -0.140074E+02***********  -2581.405   -176.309      89
    90.00000  0.111900E+02  0.000000E+00  0.652348E+01  0.000000E+00 -0.140316E+02***********  -2584.000   -177.363      90
    91.00000  0.111900E+02  0.254000E+00  0.652348E+01  0.118251E+00 -0.140553E+02 -43015.211  -1462.193   -178.407      91
    92.00000  0.111900E+02  0.485140E+00  0.652348E+01  0.210800E+00 -0.140786E+02 -15303.331  -1427.472   -179.444      92
    93.00000  0.111900E+02  0.594360E+00  0.652348E+01  0.249611E+00 -0.141016E+02  -8528.005  -1416.346   -180.472      93
    94.00000  0.111900E+02  0.660400E+00  0.652348E+01  0.272915E+00 -0.141241E+02  -5759.813  -1377.566   -181.491      94
    95.00000  0.111900E+02  0.822960E+00  0.652348E+01  0.326945E+00 -0.141462E+02  -4338.682  -1360.628   -182.503      95
    96.00000  0.111900E+02  0.115570E+01  0.652348E+01  0.406150E+00 -0.141679E+02  -3537.054  -1395.366   -183.506      96
    97.00000  0.111900E+02  0.152908E+01  0.652348E+01  0.470822E+00 -0.141893E+02  -3041.600  -1437.470   -184.502      97
    98.00000  0.111900E+02  0.190754E+01  0.652348E+01  0.524302E+00 -0.142102E+02  -2730.447  -1461.709   -185.490      98
    99.00000  0.111900E+02  0.236474E+01  0.652348E+01  0.575181E+00 -0.142308E+02  -2512.163  -1478.924   -186.470      99
   100.00000  0.111900E+02  0.291338E+01  0.652348E+01  0.625411E+00 -0.142510E+02  -2377.180  -1495.949   -187.444     100
   101.00000  0.111900E+02  0.338582E+01  0.652348E+01  0.665178E+00 -0.142708E+02  -2271.129  -1503.363   -188.412     101
   102.00000  0.111900E+02  0.356870E+01  0.652348E+01  0.686263E+00 -0.142903E+02  -2185.910  -1487.601   -189.376     102
   103.00000  0.111900E+02  0.366522E+01  0.652348E+01  0.700303E+00 -0.143093E+02  -2116.853  -1456.249   -190.340     103
   104.00000  0.111900E+02  0.384556E+01  0.652348E+01  0.727151E+00 -0.143280E+02  -2059.159  -1434.446   -191.314     104
   105.00000  0.111900E+02  0.413766E+01  0.652348E+01  0.764668E+00 -0.143464E+02  -2009.886  -1433.683   -192.427     105
   106.00000  0.111900E+02  0.454406E+01  0.652348E+01  0.805863E+00 -0.143646E+02  -1968.198  -1445.657   -193.545     106
   107.00000  0.111900E+02  0.489458E+01  0.652348E+01  0.839451E+00 -0.143825E+02  -1937.290  -1453.280   -194.628     107
   108.00000  0.111900E+02  0.501904E+01  0.652348E+01  0.855066E+00 -0.144003E+02  -1907.912  -1438.284   -195.687     108
   109.00000  0.111900E+02  0.514350E+01  0.652348E+01  0.872783E+00 -0.144179E+02  -1880.256  -1415.427   -196.731     109
   110.00000  0.111900E+02  0.528066E+01  0.652348E+01  0.893537E+00 -0.144353E+02  -1854.298  -1398.565   -197.761     110
   111.00000  0.111900E+02  0.539496E+01  0.652348E+01  0.912285E+00 -0.144526E+02  -1829.519  -1383.174   -198.779     111
   112.00000  0.111900E+02  0.561086E+01  0.652348E+01  0.944283E+00 -0.144697E+02  -1805.521  -1381.476   -199.788     112
   113.00000  0.111900E+02  0.586994E+01  0.652348E+01  0.977877E+00 -0.144866E+02  -1782.556  -1390.667   -200.788     113
   114.00000  0.111900E+02  0.615188E+01  0.652348E+01  0.101024E+01 -0.145033E+02  -1761.314  -1400.508   -201.779     114
   115.00000  0.111900E+02  0.651256E+01  0.652348E+01  0.104471E+01 -0.145199E+02  -1742.326  -1411.706   -202.763     115
   116.00000  0.111900E+02  0.688086E+01  0.652348E+01  0.107640E+01 -0.145363E+02  -1725.758  -1420.787   -203.740     116
   117.00000  0.111900E+02  0.711708E+01  0.652348E+01  0.109919E+01 -0.145525E+02  -1711.449  -1418.566   -204.709     117
   118.00000  0.111900E+02  0.749554E+01  0.652348E+01  0.113040E+01 -0.145686E+02  -1698.991  -1421.448   -205.672     118
   119.00000  0.111900E+02  0.785876E+01  0.652348E+01  0.115887E+01 -0.145845E+02  -1688.048  -1426.709   -206.629     119
   120.00000  0.111900E+02  0.827024E+01  0.652348E+01  0.118788E+01 -0.146002E+02  -1678.410  -1431.920   -207.580     120
   121.00000  0.111900E+02  0.866648E+01  0.652348E+01  0.127784E+01 -0.146158E+02  -1669.910  -1104.899   -208.525     121
   122.00000  0.111900E+02  0.901954E+01  0.652348E+01  0.136721E+01 -0.146312E+02  -1662.460  -1155.009   -209.464     122
   123.00000  0.111900E+02  0.938276E+01  0.652348E+01  0.144569E+01 -0.146465E+02  -1655.914  -1197.721   -210.397     123
   124.00000  0.111900E+02  0.978154E+01  0.652348E+01  0.151731E+01 -0.146616E+02  -1650.231  -1235.129   -211.326     124
   125.00000  0.111900E+02  0.100203E+02  0.652348E+01  0.156129E+01 -0.146765E+02  -1645.372  -1256.054   -212.249     125
   126.00000  0.111900E+02  0.101143E+02  0.652348E+01  0.158050E+01 -0.146913E+02  -1641.251  -1255.868   -213.167     126
   127.00000  0.111900E+02  0.104038E+02  0.652348E+01  0.163098E+01 -0.147059E+02  -1637.715  -1263.224   -214.079     127
   128.00000  0.111900E+02  0.107747E+02  0.652348E+01  0.168546E+01 -0.147203E+02  -1634.632  -1284.147   -214.987     128
   129.00000  0.111900E+02  0.110490E+02  0.652348E+01  0.172561E+01 -0.147346E+02  -1631.935  -1299.286   -215.890     129
   130.00000  0.111900E+02  0.113741E+02  0.652348E+01  0.176826E+01 -0.147488E+02  -1629.584  -1311.719   -216.789     130
   131.00000  0.111900E+02  0.116027E+02  0.652348E+01  0.179958E+01 -0.147628E+02  -1627.536  -1318.685   -217.683     131
   132.00000  0.111900E+02  0.119024E+02  0.652348E+01  0.183691E+01 -0.147766E+02  -1625.747  -1325.458   -218.572     132
   133.00000  0.111900E+02  0.120853E+02  0.652348E+01  0.186187E+01 -0.147903E+02  -1624.175  -1327.771   -219.457     133
   134.00000  0.111900E+02  0.122987E+02  0.652348E+01  0.189037E+01 -0.148039E+02  -1622.779  -1328.239   -220.338     134
   135.00000  0.111900E+02  0.127279E+02  0.652348E+01  0.193467E+01 -0.148173E+02  -1621.522  -1339.537   -221.215     135
   136.00000  0.111900E+02  0.132461E+02  0.652348E+01  0.197937E+01 -0.148305E+02  -1620.384  -1357.419   -222.088     136
   137.00000  0.111900E+02  0.134315E+02  0.652348E+01  0.199988E+01 -0.148436E+02  -1619.363  -1361.197   -222.958     137
   138.00000  0.111900E+02  0.137668E+02  0.652348E+01  0.203198E+01 -0.148565E+02  -1618.456  -1363.271   -223.823     138
   139.00000  0.111900E+02  0.141935E+02  0.652348E+01  0.206746E+01 -0.148693E+02  -1617.648  -1371.744   -224.686     139
   140.00000  0.111900E+02  0.145999E+02  0.652348E+01  0.209979E+01 -0.148819E+02  -1616.927  -1379.988   -225.546     140
   141.00000  0.111900E+02  0.150444E+02  0.652348E+01  0.213209E+01 -0.148944E+02  -1616.282  -1387.547   -226.403     141
   142.00000  0.111900E+02  0.153949E+02  0.652348E+01  0.215891E+01 -0.149068E+02  -1615.704  -1391.879   -227.257     142
   143.00000  0.111900E+02  0.158039E+02  0.652348E+01  0.218782E+01 -0.149190E+02  -1615.188  -1395.727   -228.109     143
   144.00000  0.111900E+02  0.160833E+02  0.652348E+01  0.221008E+01 -0.149310E+02  -1614.726  -1396.503   -228.959     144
   145.00000  0.111900E+02  0.162306E+02  0.652348E+01  0.222426E+01 -0.149429E+02  -1614.310  -1390.502   -229.806     145
   146.00000  0.111900E+02  0.163500E+02  0.652348E+01  0.223710E+01 -0.149547E+02  -1613.928  -1381.103   -230.651     146
   147.00000  0.111900E+02  0.164592E+02  0.652348E+01  0.224993E+01 -0.149663E+02  -1613.566  -1371.792   -231.495     147
   148.00000  0.111900E+02  0.168377E+02  0.652348E+01  0.228357E+01 -0.149778E+02  -1613.204  -1375.726   -232.336     148
   149.00000  0.111900E+02  0.172796E+02  0.652348E+01  0.231722E+01 -0.149891E+02  -1612.835  -1387.971   -233.176     149
   150.00000  0.111900E+02  0.177292E+02  0.652348E+01  0.234809E+01 -0.150003E+02  -1612.470  -1399.025   -234.014     150
   151.00000  0.111900E+02  0.180645E+02  0.652348E+01  0.237234E+01 -0.150113E+02  -1612.124  -1404.658   -234.851     151
   152.00000  0.111900E+02  0.183261E+02  0.652348E+01  0.242218E+01 -0.150222E+02  -1611.807  -1167.792   -235.688     152
   153.00000  0.111900E+02  0.184302E+02  0.652348E+01  0.244824E+01 -0.150330E+02  -1611.522  -1175.122   -236.524     153
   154.00000  0.111900E+02  0.186207E+02  0.652348E+01  0.249344E+01 -0.150436E+02  -1611.260  -1182.121   -237.361     154
   155.00000  0.111900E+02  0.190373E+02  0.652348E+01  0.257127E+01 -0.150541E+02  -1611.008  -1204.807   -238.199     155
   156.00000  0.111900E+02  0.194132E+02  0.652348E+01  0.263617E+01 -0.150644E+02  -1610.763  -1231.549   -239.040     156
   157.00000  0.111900E+02  0.197358E+02  0.652348E+01  0.268909E+01 -0.150746E+02  -1610.528  -1252.492   -239.887     157
   158.00000  0.111900E+02  0.201549E+02  0.652348E+01  0.274657E+01 -0.150846E+02  -1610.311  -1272.469   -240.743     158
   159.00000  0.111900E+02  0.204394E+02  0.652348E+01  0.278706E+01 -0.150945E+02  -1610.118  -1287.427   -241.624     159
   160.00000  0.111900E+02  0.206324E+02  0.652348E+01  0.281574E+01 -0.151042E+02  -1609.952  -1294.023   -242.662     160
   161.00000  0.111900E+02  0.208788E+02  0.652348E+01  0.284989E+01 -0.151139E+02  -1609.811  -1299.596   -243.697     161
   162.00000  0.111900E+02  0.212903E+02  0.652348E+01  0.289623E+01 -0.151235E+02  -1609.693  -1311.251   -244.698     162
   163.00000  0.111900E+02  0.217043E+02  0.652348E+01  0.293906E+01 -0.151330E+02  -1609.596  -1324.910   -245.678     163
   164.00000  0.111900E+02  0.221691E+02  0.652348E+01  0.298141E+01 -0.151424E+02  -1609.518  -1337.690   -246.644     164
   165.00000  0.111900E+02  0.226187E+02  0.652348E+01  0.301988E+01 -0.151518E+02  -1609.458  -1349.211   -247.599     165
   166.00000  0.111900E+02  0.228879E+02  0.652348E+01  0.304612E+01 -0.151611E+02  -1609.415  -1354.809   -248.544     166
   167.00000  0.111900E+02  0.233197E+02  0.652348E+01  0.308097E+01 -0.151703E+02  -1609.387  -1360.703   -249.482     167
   168.00000  0.111900E+02  0.237134E+02  0.652348E+01  0.311240E+01 -0.151795E+02  -1609.374  -1367.387   -250.413     168
   169.00000  0.111900E+02  0.240538E+02  0.652348E+01  0.314007E+01 -0.151886E+02  -1609.373  -1372.269   -251.338     169
   170.00000  0.111900E+02  0.245237E+02  0.652348E+01  0.317259E+01 -0.151976E+02  -1609.384  -1378.237   -252.258     170
   171.00000  0.111900E+02  0.249682E+02  0.652348E+01  0.320262E+01 -0.152066E+02  -1609.402  -1384.490   -253.172     171
   172.00000  0.111900E+02  0.253162E+02  0.652348E+01  0.322767E+01 -0.152155E+02  -1609.429  -1388.226   -254.082     172
   173.00000  0.111900E+02  0.257226E+02  0.652348E+01  0.325472E+01 -0.152243E+02  -1609.461  -1391.606   -254.987     173
   174.00000  0.111900E+02  0.260426E+02  0.652348E+01  0.327753E+01 -0.152331E+02  -1609.499  -1393.910   -255.888     174
   175.00000  0.111900E+02  0.264439E+02  0.652348E+01  0.330349E+01 -0.152418E+02  -1609.542  -1396.682   -256.786     175
   176.00000  0.902888E+01  0.267843E+02  0.436238E+01  0.344804E+01 -0.152505E+02    -46.929   -861.910   -257.680     176
   177.00000  0.736767E+01  0.272237E+02  0.270118E+01  0.379400E+01 -0.152590E+02    -42.127   -538.999   -258.571     177
   178.00000  0.539717E+01  0.275641E+02  0.730680E+00  0.411822E+01 -0.152675E+02    -28.477   -259.810   -259.459     178
   179.00000  0.539717E+01  0.279146E+02  0.730680E+00  0.446818E+01 -0.152760E+02   -102.428   -167.217   -260.343     179
   180.00000  0.209007E+01  0.283845E+02 -0.257642E+01  0.493807E+01 -0.152844E+02    -11.749    -51.181   -261.225     180
   181.00000  0.209007E+01  0.288493E+02 -0.257642E+01  0.540289E+01 -0.152927E+02    -79.397    -80.481   -262.103     181
   182.00000 -0.121193E+01  0.294386E+02 -0.587842E+01  0.599217E+01 -0.153009E+02     -9.885    -41.269   -262.979     182
   183.00000 -0.121193E+01  0.298882E+02 -0.587842E+01  0.644175E+01 -0.153091E+02    -67.517    -64.182   -263.852     183
   184.00000 -0.368923E+01  0.302641E+02 -0.835572E+01  0.681767E+01 -0.153173E+02    -14.602    -33.862   -264.723     184
   185.00000 -0.368923E+01  0.305638E+02 -0.835572E+01  0.711739E+01 -0.153253E+02    -63.217    -55.401   -265.591     185
   186.00000 -0.368923E+01  0.309575E+02 -0.835572E+01  0.751109E+01 -0.153333E+02    -86.012    -73.563   -266.456     186
   187.00000 -0.368923E+01  0.313512E+02 -0.835572E+01  0.790479E+01 -0.153412E+02   -107.103    -90.498   -267.317     187
   188.00000 -0.368923E+01  0.317627E+02 -0.835572E+01  0.831627E+01 -0.153491E+02   -128.797   -107.261   -268.162     188
   189.00000 -0.368923E+01  0.321894E+02 -0.835572E+01  0.874299E+01 -0.153569E+02   -153.080   -125.404   -268.948     189
   190.00000 -0.368923E+01  0.326542E+02 -0.835572E+01  0.920781E+01 -0.153646E+02   -183.462   -145.980   -269.587     190
   191.00000 -0.368923E+01  0.330733E+02 -0.835572E+01  0.962691E+01 -0.153723E+02   -218.510   -168.199   -269.925     191
   192.00000 -0.368923E+01  0.334035E+02 -0.835572E+01  0.995711E+01 -0.153800E+02   -251.634   -188.898   -269.756     192
   193.00000 -0.368923E+01  0.338379E+02 -0.835572E+01  0.103915E+02 -0.153878E+02   -293.868   -213.820   -268.859     193
   194.00000 -0.504943E+01  0.342316E+02 -0.971592E+01  0.107852E+02 -0.153957E+02    -57.955   -164.913   -267.235     194
   195.00000 -0.631943E+01  0.345846E+02 -0.109859E+02  0.111382E+02 -0.154037E+02    -44.699   -127.311   -264.593     195
   196.00000 -0.758943E+01  0.349986E+02 -0.122559E+02  0.115522E+02 -0.154120E+02    -38.514    -96.206   -260.841     196
   197.00000 -0.885943E+01  0.354304E+02 -0.135259E+02  0.119840E+02 -0.154206E+02    -34.585    -73.592   -256.206     197
   198.00000 -0.101396E+02  0.358978E+02 -0.148061E+02  0.124514E+02 -0.154296E+02    -32.219    -59.163   -250.923     198
   199.00000 -0.126796E+02  0.363423E+02 -0.173461E+02  0.128959E+02 -0.154389E+02    -13.604    -29.506   -245.299     199
   200.00000 -0.126796E+02  0.367614E+02 -0.173461E+02  0.133150E+02 -0.154488E+02    -62.742    -53.024   -240.172     200
   201.00000 -0.139496E+02  0.372008E+02 -0.186161E+02  0.137544E+02 -0.154594E+02    -31.550    -45.823   -235.129     201
   202.00000 -0.139496E+02  0.376733E+02 -0.186161E+02  0.142269E+02 -0.154710E+02    -74.833    -64.090   -229.785     202
   203.00000 -0.139496E+02  0.381406E+02 -0.186161E+02  0.146942E+02 -0.154836E+02    -99.029    -81.512   -223.653     203
   204.00000 -0.139496E+02  0.386004E+02 -0.186161E+02  0.151540E+02 -0.154976E+02   -122.215    -98.525   -215.771     204
   205.00000 -0.139496E+02  0.390703E+02 -0.186161E+02  0.156239E+02 -0.155132E+02   -147.551   -116.268   -205.225     205
   206.00000 -0.139496E+02  0.395351E+02 -0.186161E+02  0.160887E+02 -0.155309E+02   -176.512   -135.300   -192.146     206
   207.00000 -0.139496E+02  0.399847E+02 -0.186161E+02  0.165383E+02 -0.155529E+02   -209.343   -155.648   -179.236     207
   208.00000 -0.139496E+02  0.403250E+02 -0.186161E+02  0.168786E+02 -0.155802E+02   -240.272   -174.664   -165.920     208
   209.00000 -0.139496E+02  0.406857E+02 -0.186161E+02  0.172393E+02 -0.156123E+02   -274.692   -193.949   -153.829     209
   210.00000 -0.139496E+02  0.410794E+02 -0.186161E+02  0.176330E+02 -0.156506E+02   -316.324   -216.860   -144.808     210
   211.00000 -0.139496E+02  0.414706E+02 -0.186161E+02  0.180242E+02 -0.156953E+02   -371.900   -244.643   -137.602     211
   212.00000 -0.139496E+02  0.418846E+02 -0.186161E+02  0.184382E+02 -0.157451E+02   -446.604   -278.698   -132.113     212
   213.00000 -0.139496E+02  0.423240E+02 -0.186161E+02  0.188776E+02 -0.157986E+02   -546.794   -304.622   -128.080     213
   214.00000 -0.139496E+02  0.427609E+02 -0.186161E+02  0.193069E+02 -0.158547E+02   -669.595   -352.951   -125.223     214
   215.00000 -0.139496E+02  0.431571E+02 -0.186161E+02  0.196833E+02 -0.159126E+02   -805.200   -406.789   -123.304     215
   216.00000 -0.139496E+02  0.435153E+02 -0.186161E+02  0.200077E+02 -0.159716E+02   -941.544   -461.493   -122.139     216
   217.00000 -0.139496E+02  0.437108E+02 -0.186161E+02  0.201852E+02 -0.160313E+02  -1065.955   -502.838   -121.593     217
   218.00000 -0.139496E+02  0.438607E+02 -0.186161E+02  0.203185E+02 -0.160910E+02  -1146.538   -526.956   -121.545     218
   219.00000 -0.139496E+02  0.442011E+02 -0.186161E+02  0.205872E+02 -0.161506E+02  -1222.478   -562.570   -121.879     219
   220.00000 -0.139496E+02  0.445567E+02 -0.186161E+02  0.208441E+02 -0.162096E+02  -1330.362   -615.426   -122.518     220
   221.00000 -0.139496E+02  0.449631E+02 -0.186161E+02  0.211063E+02 -0.162680E+02  -1414.318   -669.003   -123.384     221
   222.00000 -0.139496E+02  0.454253E+02 -0.186161E+02  0.213695E+02 -0.163255E+02  -1476.260   -723.419   -124.431     222
   223.00000 -0.139496E+02  0.458241E+02 -0.186161E+02  0.215809E+02 -0.163820E+02  -1518.625   -770.949   -125.619     223
   224.00000 -0.139496E+02  0.460934E+02 -0.186161E+02  0.217208E+02 -0.164375E+02  -1544.915   -803.415   -126.918     224
   225.00000 -0.139496E+02  0.464490E+02 -0.186161E+02  0.218880E+02 -0.164918E+02  -1565.962   -832.471   -128.305     225
   226.00000 -0.139496E+02  0.468604E+02 -0.186161E+02  0.220633E+02 -0.165448E+02  -1581.356   -864.836   -129.761     226
   227.00000 -0.139496E+02  0.472973E+02 -0.186161E+02  0.222334E+02 -0.165966E+02  -1590.707   -897.444   -131.271     227
   228.00000 -0.139496E+02  0.476199E+02 -0.186161E+02  0.223572E+02 -0.166471E+02  -1595.811   -922.785   -132.823     228
   229.00000 -0.139496E+02  0.480695E+02 -0.186161E+02  0.225100E+02 -0.166963E+02  -1598.607   -947.754   -134.408     229
   230.00000 -0.139496E+02  0.486232E+02 -0.186161E+02  0.226796E+02 -0.167441E+02  -1600.285   -978.466   -136.017     230
   231.00000 -0.139496E+02  0.489229E+02 -0.186161E+02  0.227744E+02 -0.167905E+02  -1601.210   -999.895   -137.643     231
   232.00000 -0.139496E+02  0.491744E+02 -0.186161E+02  0.228532E+02 -0.168355E+02  -1601.799  -1010.776   -139.281     232
   233.00000 -0.139496E+02  0.492938E+02 -0.186161E+02  0.228925E+02 -0.168791E+02  -1602.254  -1012.742   -140.926     233
   234.00000 -0.139496E+02  0.496544E+02 -0.186161E+02  0.229975E+02 -0.169214E+02  -1602.631  -1020.556   -142.575     234
   235.00000 -0.139496E+02  0.500583E+02 -0.186161E+02  0.231075E+02 -0.169622E+02  -1602.961  -1036.935   -144.222     235
   236.00000 -0.139496E+02  0.504215E+02 -0.186161E+02  0.232040E+02 -0.170016E+02  -1603.260  -1052.937   -145.865     236
   237.00000 -0.139496E+02  0.507034E+02 -0.186161E+02  0.232794E+02 -0.170397E+02  -1603.539  -1064.178   -147.501     237
   238.00000 -0.139496E+02  0.510718E+02 -0.186161E+02  0.233705E+02 -0.170764E+02  -1603.800  -1075.967   -149.131     238
   239.00000 -0.139496E+02  0.513918E+02 -0.186161E+02  0.234489E+02 -0.171116E+02  -1604.048  -1087.477   -150.762     239
   240.00000 -0.139496E+02  0.516915E+02 -0.186161E+02  0.235211E+02 -0.171456E+02  -1604.282  -1096.809   -152.512     240
   241.00000 -0.139496E+02  0.520700E+02 -0.186161E+02  0.236056E+02 -0.171788E+02  -1604.506  -1107.796   -154.384     241
   242.00000 -0.139496E+02  0.525348E+02 -0.186161E+02  0.236997E+02 -0.172112E+02  -1604.721  -1121.904   -156.197     242
   243.00000 -0.139496E+02  0.529107E+02 -0.186161E+02  0.237765E+02 -0.172429E+02  -1604.926  -1134.925   -157.975     243
   244.00000 -0.139496E+02  0.531927E+02 -0.186161E+02  0.238459E+02 -0.172740E+02  -1605.124  -1066.172   -159.728     244
   245.00000 -0.139496E+02  0.536219E+02 -0.186161E+02  0.239460E+02 -0.173044E+02  -1605.316  -1077.731   -161.459     245
   246.00000 -0.139496E+02  0.539928E+02 -0.186161E+02  0.240320E+02 -0.173341E+02  -1605.502  -1090.455   -163.170     246
   247.00000 -0.139496E+02  0.541655E+02 -0.186161E+02  0.240755E+02 -0.173632E+02  -1605.682  -1095.980   -164.862     247
   248.00000 -0.139496E+02  0.544398E+02 -0.186161E+02  0.241408E+02 -0.173916E+02  -1605.856  -1100.346   -166.537     248
   249.00000 -0.139496E+02  0.547827E+02 -0.186161E+02  0.242178E+02 -0.174193E+02  -1606.027  -1108.869   -168.193     249
   250.00000 -0.139496E+02  0.550519E+02 -0.186161E+02  0.242793E+02 -0.174464E+02  -1606.192  -1116.826   -169.834     250
   251.00000 -0.139496E+02  0.553059E+02 -0.186161E+02  0.243367E+02 -0.174729E+02  -1606.353  -1122.844   -171.458     251
   252.00000 -0.139496E+02  0.555193E+02 -0.186161E+02  0.243855E+02 -0.174988E+02  -1606.509  -1127.115   -173.068     252
   253.00000 -0.139496E+02  0.557555E+02 -0.186161E+02  0.244383E+02 -0.175240E+02  -1606.661  -1131.183   -174.664     253
   254.00000 -0.139496E+02  0.560070E+02 -0.186161E+02  0.244933E+02 -0.175486E+02  -1606.809  -1136.278   -176.245     254
   255.00000 -0.139496E+02  0.562991E+02 -0.186161E+02  0.245546E+02 -0.175726E+02  -1606.954  -1142.905   -177.813     255
   256.00000 -0.139496E+02  0.565455E+02 -0.186161E+02  0.246067E+02 -0.175960E+02  -1607.094  -1149.050   -179.367     256
   257.00000 -0.139496E+02  0.567639E+02 -0.186161E+02  0.246529E+02 -0.176188E+02  -1607.231  -1153.422   -180.908     257
   258.00000 -0.139496E+02  0.570560E+02 -0.186161E+02  0.247113E+02 -0.176410E+02  -1607.364  -1159.192   -182.437     258
   259.00000 -0.139496E+02  0.573786E+02 -0.186161E+02  0.247730E+02 -0.176626E+02  -1607.495  -1167.154   -183.955     259
   260.00000 -0.139496E+02  0.578409E+02 -0.186161E+02  0.248506E+02 -0.176836E+02  -1607.622  -1178.544   -185.462     260
   261.00000 -0.139496E+02  0.582168E+02 -0.186161E+02  0.249145E+02 -0.177041E+02  -1607.747  -1189.751   -186.961     261
   262.00000 -0.139496E+02  0.584174E+02 -0.186161E+02  0.249518E+02 -0.177239E+02  -1607.869  -1195.108   -188.455     262
   263.00000 -0.139496E+02  0.586003E+02 -0.186161E+02  0.249861E+02 -0.177432E+02  -1607.989  -1196.569   -189.953     263
   264.00000 -0.139496E+02  0.586486E+02 -0.186161E+02  0.249957E+02 -0.177619E+02  -1608.107  -1192.877   -191.483     264
   265.00000 -0.139496E+02  0.586943E+02 -0.186161E+02  0.250051E+02 -0.177801E+02  -1608.223  -1185.938   -193.273     265
   266.00000 -0.139496E+02  0.589305E+02 -0.186161E+02  0.250505E+02 -0.177980E+02  -1608.337  -1185.532   -195.001     266
   267.00000 -0.139496E+02  0.591591E+02 -0.186161E+02  0.250941E+02 -0.178157E+02  -1608.450  -1189.842   -196.675     267
   268.00000 -0.139496E+02  0.593852E+02 -0.186161E+02  0.251367E+02 -0.178330E+02  -1608.561  -1194.368   -198.314     268
   269.00000 -0.139496E+02  0.596747E+02 -0.186161E+02  0.251880E+02 -0.178501E+02  -1608.670  -1200.522   -199.927     269
   270.00000 -0.139496E+02  0.598957E+02 -0.186161E+02  0.252280E+02 -0.178669E+02  -1608.777  -1205.865   -201.516     270
   271.00000 -0.139496E+02  0.601827E+02 -0.186161E+02  0.252769E+02 -0.178835E+02  -1608.881  -1211.601   -203.085     271
   272.00000 -0.139496E+02  0.604139E+02 -0.186161E+02  0.253169E+02 -0.178997E+02  -1608.984  -1216.889   -204.634     272
   273.00000 -0.139496E+02  0.604799E+02 -0.186161E+02  0.253294E+02 -0.179157E+02  -1609.085  -1215.942   -206.166     273
   274.00000 -0.139268E+02  0.604799E+02 -0.185933E+02  0.253294E+02 -0.179315E+02  -2984.131   -603.027   -207.680     274
   275.00000 -0.137083E+02  0.604799E+02 -0.184801E+02  0.253294E+02 -0.179470E+02***********   -690.240   -209.181     275
   276.00000 -0.135737E+02  0.604799E+02 -0.184587E+02  0.253294E+02 -0.179623E+02***********   -713.825   -210.665     276
   277.00000 -0.133832E+02  0.604799E+02 -0.184436E+02  0.253294E+02 -0.179773E+02***********   -729.899   -212.131     277
   278.00000 -0.132638E+02  0.604799E+02 -0.184318E+02  0.253294E+02 -0.179920E+02***********   -740.055   -213.583     278
   279.00000 -0.130683E+02  0.604799E+02 -0.184216E+02  0.253294E+02 -0.180065E+02***********   -749.040   -215.021     279
   280.00000 -0.128803E+02  0.604799E+02 -0.184124E+02  0.253294E+02 -0.180207E+02***********   -757.279   -216.446     280
   281.00000 -0.126466E+02  0.604799E+02 -0.184041E+02  0.253294E+02 -0.180347E+02***********   -763.658   -217.857     281
   282.00000 -0.124053E+02  0.604799E+02 -0.183965E+02  0.253294E+02 -0.180484E+02***********   -769.365   -219.256     282
   283.00000 -0.121945E+02  0.604799E+02 -0.183893E+02  0.253294E+02 -0.180619E+02***********   -774.591   -220.642     283
   284.00000 -0.120396E+02  0.604799E+02 -0.183826E+02  0.253294E+02 -0.180752E+02***********   -779.258   -222.016     284
   285.00000 -0.120192E+02  0.604799E+02 -0.183763E+02  0.253294E+02 -0.180882E+02***********   -783.484   -223.377     285
   286.00000 -0.119456E+02  0.604799E+02 -0.183703E+02  0.253294E+02 -0.181010E+02***********   -787.374   -224.726     286
   287.00000 -0.118084E+02  0.604799E+02 -0.183646E+02  0.253294E+02 -0.181136E+02***********   -791.052   -226.064     287
   288.00000 -0.116306E+02  0.604799E+02 -0.183592E+02  0.253294E+02 -0.181260E+02***********   -794.501   -227.390     288
   289.00000 -0.114477E+02  0.604799E+02 -0.183540E+02  0.253294E+02 -0.181381E+02***********   -797.487   -228.705     289
   290.00000 -0.111988E+02  0.604799E+02 -0.183489E+02  0.253294E+02 -0.181500E+02***********   -800.345   -230.009     290
   291.00000 -0.108356E+02  0.604799E+02 -0.183440E+02  0.253294E+02 -0.181616E+02***********   -803.167   -231.303     291
   292.00000 -0.104139E+02  0.604799E+02 -0.183392E+02  0.253294E+02 -0.181731E+02***********   -805.967   -232.587     292
   293.00000 -0.101447E+02  0.604799E+02 -0.183346E+02  0.253294E+02 -0.181843E+02***********   -808.611   -233.863     293
   294.00000 -0.100355E+02  0.604799E+02 -0.183301E+02  0.253294E+02 -0.181953E+02***********   -811.057   -235.131     294
   295.00000 -0.996691E+01  0.604799E+02 -0.183258E+02  0.253294E+02 -0.182061E+02***********   -813.342   -236.393     295
   296.00000 -0.993389E+01  0.604799E+02 -0.183215E+02  0.253294E+02 -0.182167E+02***********   -815.511   -237.651     296
   297.00000 -0.991103E+01  0.604799E+02 -0.183174E+02  0.253294E+02 -0.182270E+02***********   -817.528   -238.909     297
   298.00000 -0.988309E+01  0.604799E+02 -0.183133E+02  0.253294E+02 -0.182372E+02***********   -819.415   -240.175     298
   299.00000 -0.985769E+01  0.604799E+02 -0.183093E+02  0.253294E+02 -0.182471E+02***********   -821.200   -241.472     299
   300.00000 -0.983483E+01  0.604799E+02 -0.183054E+02  0.253294E+02 -0.182568E+02***********   -822.881   -242.994     300
   301.00000 -0.979419E+01  0.604799E+02 -0.183016E+02  0.253294E+02 -0.182665E+02***********   -824.480   -244.499     301
   302.00000 -0.972815E+01  0.604799E+02 -0.182979E+02  0.253294E+02 -0.182760E+02***********   -826.008   -245.945     302
   303.00000 -0.962655E+01  0.604799E+02 -0.182942E+02  0.253294E+02 -0.182854E+02***********   -827.433   -247.351     303
   304.00000 -0.949193E+01  0.604799E+02 -0.182906E+02  0.253294E+02 -0.182947E+02***********   -828.791   -248.727     304
   305.00000 -0.933445E+01  0.604799E+02 -0.182870E+02  0.253294E+02 -0.183039E+02***********   -830.086   -250.078     305
   306.00000 -0.922269E+01  0.604799E+02 -0.182835E+02  0.253294E+02 -0.183130E+02***********   -831.289   -251.406     306
   307.00000 -0.907791E+01  0.604799E+02 -0.182801E+02  0.253294E+02 -0.183220E+02***********   -832.393   -252.715     307
   308.00000 -0.888741E+01  0.604799E+02 -0.182767E+02  0.253294E+02 -0.183309E+02***********   -833.423   -254.004     308
   309.00000 -0.864865E+01  0.604799E+02 -0.182733E+02  0.253294E+02 -0.183397E+02***********   -834.376   -255.275     309
   310.00000 -0.853435E+01  0.604799E+02 -0.182700E+02  0.253294E+02 -0.183484E+02***********   -835.244   -256.530     310
   311.00000 -0.833115E+01  0.604799E+02 -0.182668E+02  0.253294E+02 -0.183570E+02***********   -836.015   -257.769     311
   312.00000 -0.820161E+01  0.604799E+02 -0.182636E+02  0.253294E+02 -0.183656E+02***********   -836.707   -258.992     312
   313.00000 -0.807715E+01  0.604799E+02 -0.182604E+02  0.253294E+02 -0.183740E+02***********   -837.331   -260.200     313
   314.00000 -0.792221E+01  0.604799E+02 -0.182573E+02  0.253294E+02 -0.183824E+02***********   -837.868   -261.394     314
   315.00000 -0.763265E+01  0.604799E+02 -0.182542E+02  0.253294E+02 -0.183907E+02***********   -838.278   -262.573     315
   316.00000 -0.749803E+01  0.604799E+02 -0.182511E+02  0.253294E+02 -0.183989E+02***********   -838.562   -263.740     316
   317.00000 -0.724911E+01  0.604799E+02 -0.182480E+02  0.253294E+02 -0.184070E+02***********   -838.758   -264.893     317
   318.00000 -0.706369E+01  0.604799E+02 -0.182450E+02  0.253294E+02 -0.184150E+02***********   -838.896   -266.034     318
   319.00000 -0.687573E+01  0.604799E+02 -0.182420E+02  0.253294E+02 -0.184229E+02***********   -838.969   -267.162     319
   320.00000 -0.677667E+01  0.604799E+02 -0.182390E+02  0.253294E+02 -0.184308E+02***********   -838.983   -268.278     320
   321.00000 -0.650235E+01  0.604799E+02 -0.182360E+02  0.253294E+02 -0.184385E+02***********   -838.938   -269.382     321
   322.00000 -0.630931E+01  0.604799E+02 -0.182330E+02  0.253294E+02 -0.184462E+02***********   -838.821   -270.475     322
   323.00000 -0.612135E+01  0.604799E+02 -0.182300E+02  0.253294E+02 -0.184538E+02***********   -838.622   -271.557     323
   324.00000 -0.595625E+01  0.604799E+02 -0.182271E+02  0.253294E+02 -0.184614E+02***********   -838.355   -272.629     324
   325.00000 -0.562351E+01  0.604799E+02 -0.182241E+02  0.253294E+02 -0.184688E+02***********   -838.019   -273.690     325
   326.00000 -0.547111E+01  0.604799E+02 -0.182212E+02  0.253294E+02 -0.184762E+02***********   -837.618   -274.740     326
   327.00000 -0.546095E+01  0.604799E+02 -0.182183E+02  0.253294E+02 -0.184835E+02***********   -837.132   -275.781     327
   328.00000 -0.544317E+01  0.604799E+02 -0.182153E+02  0.253294E+02 -0.184907E+02***********   -836.559   -276.813     328
   329.00000 -0.538221E+01  0.604799E+02 -0.182124E+02  0.253294E+02 -0.184979E+02***********   -835.903   -277.835     329
   330.00000 -0.532379E+01  0.604799E+02 -0.182095E+02  0.253294E+02 -0.185049E+02***********   -835.185   -278.847     330
   331.00000 -0.514091E+01  0.604799E+02 -0.182065E+02  0.253294E+02 -0.185119E+02***********   -834.393   -279.852     331
   332.00000 -0.485897E+01  0.604799E+02 -0.182036E+02  0.253294E+02 -0.185188E+02***********   -833.531   -280.847     332
   333.00000 -0.475229E+01  0.604799E+02 -0.182006E+02  0.253294E+02 -0.185257E+02***********   -832.598   -281.834     333
   334.00000 -0.472689E+01  0.604799E+02 -0.181977E+02  0.253294E+02 -0.185325E+02***********   -831.595   -282.813     334
   335.00000 -0.461259E+01  0.604799E+02 -0.181947E+02  0.253294E+02 -0.185392E+02***********   -830.520   -283.784     335
   336.00000 -0.444749E+01  0.604799E+02 -0.181917E+02  0.253294E+02 -0.185458E+02***********   -829.379   -284.747     336
   337.00000 -0.427731E+01  0.604799E+02 -0.181887E+02  0.253294E+02 -0.185524E+02***********   -828.177   -285.702     337
   338.00000 -0.411475E+01  0.604799E+02 -0.181857E+02  0.253294E+02 -0.185589E+02***********   -826.920   -286.650     338
   339.00000 -0.377693E+01  0.604799E+02 -0.181827E+02  0.253294E+02 -0.185653E+02***********   -825.612   -287.591     339
   340.00000 -0.352547E+01  0.604799E+02 -0.181797E+02  0.253294E+02 -0.185716E+02***********   -824.292   -288.525     340
   341.00000 -0.343403E+01  0.604799E+02 -0.181766E+02  0.253294E+02 -0.185779E+02***********   -822.953   -289.452     341
   342.00000 -0.340101E+01  0.604799E+02 -0.181735E+02  0.253294E+02 -0.185841E+02***********   -821.621   -290.373     342
   343.00000 -0.326131E+01  0.604799E+02 -0.181704E+02  0.253294E+02 -0.185903E+02***********   -820.152   -291.287     343
   344.00000 -0.305049E+01  0.604799E+02 -0.181672E+02  0.253294E+02 -0.185964E+02***********   -818.631   -292.195     344
   345.00000 -0.300477E+01  0.604799E+02 -0.181640E+02  0.253294E+02 -0.186024E+02***********   -817.094   -293.098     345
   346.00000 -0.296413E+01  0.604799E+02 -0.181608E+02  0.253294E+02 -0.186083E+02***********   -815.556   -293.995     346
   347.00000 -0.282697E+01  0.604799E+02 -0.181576E+02  0.253294E+02 -0.186142E+02***********   -814.019   -294.887     347
   348.00000 -0.271013E+01  0.604799E+02 -0.181543E+02  0.253294E+02 -0.186200E+02***********   -812.487   -295.774     348
   349.00000 -0.260345E+01  0.604799E+02 -0.181509E+02  0.253294E+02 -0.186258E+02***********   -810.962   -296.657     349
   350.00000 -0.227325E+01  0.604799E+02 -0.181475E+02  0.253294E+02 -0.186315E+02***********   -809.449   -297.536     350
   351.00000 -0.220721E+01  0.604799E+02 -0.181441E+02  0.253294E+02 -0.186371E+02***********   -807.958   -298.412     351
   352.00000 -0.197861E+01  0.604799E+02 -0.181407E+02  0.253294E+02 -0.186426E+02***********   -806.487   -299.286     352
   353.00000 -0.178557E+01  0.604799E+02 -0.181372E+02  0.253294E+02 -0.186481E+02***********   -805.044   -300.157     353
   354.00000 -0.157983E+01  0.604799E+02 -0.181336E+02  0.253294E+02 -0.186536E+02***********   -803.633   -301.029     354
   355.00000 -0.141473E+01  0.604799E+02 -0.181300E+02  0.253294E+02 -0.186589E+02***********   -802.250   -301.901     355
   356.00000 -0.121153E+01  0.604799E+02 -0.181264E+02  0.253294E+02 -0.186642E+02***********   -800.894   -302.777     356
   357.00000 -0.113787E+01  0.604799E+02 -0.181228E+02  0.253294E+02 -0.186695E+02***********   -799.568   -303.662     357
   358.00000 -0.106167E+01  0.604799E+02 -0.181190E+02  0.253294E+02 -0.186746E+02***********   -798.273   -304.564     358
   359.00000 -0.932129E+00  0.604799E+02 -0.181153E+02  0.253294E+02 -0.186797E+02***********   -797.013   -305.561     359
   360.00000 -0.767029E+00  0.604799E+02 -0.181115E+02  0.253294E+02 -0.186848E+02***********   -795.800   -306.686     360
   361.00000 -0.675589E+00  0.604799E+02 -0.181077E+02  0.253294E+02 -0.186898E+02***********   -794.641   -307.748     361
   362.00000 -0.485089E+00  0.604799E+02 -0.181039E+02  0.253294E+02 -0.186948E+02***********   -793.496   -308.773     362
   363.00000 -0.406349E+00  0.604799E+02 -0.181000E+02  0.253294E+02 -0.186998E+02***********   -792.347   -309.775     363
   364.00000 -0.373329E+00  0.604799E+02 -0.180960E+02  0.253294E+02 -0.187047E+02***********   -791.200   -310.758     364
   365.00000 -0.266649E+00  0.604799E+02 -0.180920E+02  0.253294E+02 -0.187096E+02***********   -790.063   -311.725     365
   366.00000 -0.139649E+00  0.604799E+02 -0.180880E+02  0.253294E+02 -0.187145E+02***********   -788.937   -312.679     366
   367.00000 -0.228087E-01  0.604799E+02 -0.180840E+02  0.253294E+02 -0.187193E+02***********   -787.850   -313.620     367
   368.00000  0.178313E-01  0.604799E+02 -0.180799E+02  0.253294E+02 -0.187241E+02***********   -786.782   -314.550     368
   369.00000  0.129591E+00  0.604799E+02 -0.180757E+02  0.253294E+02 -0.187289E+02***********   -785.728   -315.470     369
   370.00000  0.221031E+00  0.604799E+02 -0.180715E+02  0.253294E+02 -0.187337E+02***********   -784.691   -316.380     370
   371.00000  0.373431E+00  0.604799E+02 -0.180673E+02  0.253294E+02 -0.187384E+02***********   -783.680   -317.280     371
   372.00000  0.401371E+00  0.604799E+02 -0.180630E+02  0.253294E+02 -0.187431E+02***********   -782.698   -318.171     372
   373.00000  0.485191E+00  0.604799E+02 -0.180587E+02  0.253294E+02 -0.187478E+02***********   -781.746   -319.055     373
   374.00000  0.675691E+00  0.604799E+02 -0.180543E+02  0.253294E+02 -0.187524E+02***********   -780.824   -319.930     374
   375.00000  0.713791E+00  0.604799E+02 -0.180499E+02  0.253294E+02 -0.187571E+02***********   -779.912   -320.797     375
   376.00000  0.729031E+00  0.604799E+02 -0.180455E+02  0.253294E+02 -0.187617E+02***********   -778.984   -321.657     376
   377.00000  0.734111E+00  0.604799E+02 -0.180409E+02  0.253294E+02 -0.187662E+02***********   -778.059   -322.509     377
   378.00000  0.741731E+00  0.604799E+02 -0.180364E+02  0.253294E+02 -0.187708E+02***********   -777.161   -323.354     378
   379.00000  0.746811E+00  0.604799E+02 -0.180318E+02  0.253294E+02 -0.187753E+02***********   -776.304   -324.193     379
   380.00000  0.767131E+00  0.604799E+02 -0.180271E+02  0.253294E+02 -0.187798E+02***********   -775.495   -325.024     380
   381.00000  0.845871E+00  0.604799E+02 -0.180224E+02  0.253294E+02 -0.187842E+02***********   -774.736   -325.849     381
   382.00000  0.863651E+00  0.604799E+02 -0.180177E+02  0.253294E+02 -0.187887E+02***********   -774.029   -326.667     382
   383.00000  0.880161E+00  0.604799E+02 -0.180129E+02  0.253294E+02 -0.187931E+02***********   -773.370   -327.480     383
   384.00000  0.895401E+00  0.604799E+02 -0.180081E+02  0.253294E+02 -0.187975E+02***********   -772.761   -328.286     384
   385.00000  0.100970E+01  0.604799E+02 -0.180032E+02  0.253294E+02 -0.188018E+02***********   -772.200   -329.086     385
   386.00000  0.113924E+01  0.604799E+02 -0.179983E+02  0.253294E+02 -0.188062E+02***********   -771.681   -329.880     386
   387.00000  0.117734E+01  0.604799E+02 -0.179934E+02  0.253294E+02 -0.188105E+02***********   -771.203   -330.669     387
   388.00000  0.133228E+01  0.604799E+02 -0.179884E+02  0.253294E+02 -0.188148E+02***********   -770.764   -331.451     388
   389.00000  0.147960E+01  0.604799E+02 -0.179834E+02  0.253294E+02 -0.188191E+02***********   -770.363   -332.229     389
   390.00000  0.164470E+01  0.604799E+02 -0.179783E+02  0.253294E+02 -0.188233E+02***********   -769.996   -333.001     390
   391.00000  0.183774E+01  0.604799E+02 -0.179732E+02  0.253294E+02 -0.188275E+02***********   -769.662   -333.767     391
   392.00000  0.204348E+01  0.604799E+02 -0.179681E+02  0.253294E+02 -0.188317E+02***********   -769.362   -334.529     392
   393.00000  0.230510E+01  0.604799E+02 -0.179630E+02  0.253294E+02 -0.188359E+02***********   -769.095   -335.285     393
   394.00000  0.252862E+01  0.604799E+02 -0.179578E+02  0.253294E+02 -0.188400E+02***********   -768.854   -336.037     394
   395.00000  0.277754E+01  0.604799E+02 -0.179526E+02  0.253294E+02 -0.188442E+02***********   -768.636   -336.783     395
   396.00000  0.301884E+01  0.604799E+02 -0.179474E+02  0.253294E+02 -0.188483E+02***********   -768.439   -337.525     396
   397.00000  0.321442E+01  0.604799E+02 -0.179422E+02  0.253294E+02 -0.188523E+02***********   -768.261   -338.262     397
   398.00000  0.329570E+01  0.604799E+02 -0.179369E+02  0.253294E+02 -0.188564E+02***********   -768.103   -338.994     398
   399.00000  0.332618E+01  0.604799E+02 -0.179316E+02  0.253294E+02 -0.188604E+02***********   -767.964   -339.722     399
   400.00000  0.336428E+01  0.604799E+02 -0.179263E+02  0.253294E+02 -0.188644E+02***********   -767.845   -340.446     400
   401.00000  0.341000E+01  0.604799E+02 -0.179209E+02  0.253294E+02 -0.188684E+02***********   -767.766   -341.165     401
   402.00000  0.343794E+01  0.604799E+02 -0.179156E+02  0.253294E+02 -0.188724E+02***********   -767.635   -341.879     402
   403.00000  0.347096E+01  0.604799E+02 -0.179102E+02  0.253294E+02 -0.188763E+02***********   -767.538   -342.590     403
   404.00000  0.350906E+01  0.604799E+02 -0.179047E+02  0.253294E+02 -0.188803E+02***********   -767.483   -343.296     404
   405.00000  0.354716E+01  0.604799E+02 -0.178993E+02  0.253294E+02 -0.188842E+02***********   -767.466   -343.998     405
   406.00000  0.361574E+01  0.604799E+02 -0.178938E+02  0.253294E+02 -0.188880E+02***********   -767.484   -344.697     406
   407.00000  0.369194E+01  0.604799E+02 -0.178883E+02  0.253294E+02 -0.188919E+02***********   -767.531   -345.391     407
   408.00000  0.376306E+01  0.604799E+02 -0.178827E+02  0.253294E+02 -0.188957E+02***********   -767.604   -346.082     408
   409.00000  0.379862E+01  0.604799E+02 -0.178772E+02  0.253294E+02 -0.188996E+02***********   -767.698   -346.768     409
   410.00000  0.383037E+01  0.604799E+02 -0.178716E+02  0.253294E+02 -0.189034E+02***********   -767.815   -347.451     410
   411.00000  0.385831E+01  0.604799E+02 -0.178660E+02  0.253294E+02 -0.189071E+02***********   -767.949   -348.130     411
   412.00000  0.389133E+01  0.604799E+02 -0.178604E+02  0.253294E+02 -0.189109E+02***********   -768.101   -348.806     412
   413.00000  0.398023E+01  0.604799E+02 -0.178548E+02  0.253294E+02 -0.189146E+02***********   -768.268   -349.478     413
   414.00000  0.413263E+01  0.604799E+02 -0.178491E+02  0.253294E+02 -0.189183E+02***********   -768.451   -350.147     414
   415.00000  0.423423E+01  0.604799E+02 -0.178435E+02  0.253294E+02 -0.189220E+02***********   -768.649   -350.812     415
   416.00000  0.440949E+01  0.604799E+02 -0.178378E+02  0.253294E+02 -0.189257E+02***********   -768.861   -351.474     416
   417.00000  0.454411E+01  0.604799E+02 -0.178321E+02  0.253294E+02 -0.189293E+02***********   -769.088   -352.132     417
   418.00000  0.467111E+01  0.604799E+02 -0.178264E+02  0.253294E+02 -0.189330E+02***********   -769.329   -352.787     418
   419.00000  0.487177E+01  0.604799E+02 -0.178207E+02  0.253294E+02 -0.189366E+02***********   -769.582   -353.439     419
   420.00000  0.504195E+01  0.604799E+02 -0.178149E+02  0.253294E+02 -0.189402E+02***********   -769.850   -354.089     420
   421.00000  0.530357E+01  0.604799E+02 -0.178092E+02  0.253294E+02 -0.189437E+02***********   -770.129   -354.735     421
   422.00000  0.539755E+01  0.604799E+02 -0.178034E+02  0.253294E+02 -0.189473E+02***********   -770.420   -355.378     422
   423.00000  0.544835E+01  0.604799E+02 -0.177977E+02  0.253294E+02 -0.189508E+02***********   -770.723   -356.018     423
   424.00000  0.567187E+01  0.604799E+02 -0.177919E+02  0.253294E+02 -0.189543E+02***********   -771.037   -356.655     424
   425.00000  0.600207E+01  0.604799E+02 -0.177861E+02  0.253294E+02 -0.189578E+02***********   -771.363   -357.289     425
   426.00000  0.619765E+01  0.604799E+02 -0.177803E+02  0.253294E+02 -0.189613E+02***********  -4877.896   -357.921     426
   427.00000  0.623829E+01  0.604799E+02 -0.177745E+02  0.253294E+02 -0.189647E+02***********  -4875.367   -358.550     427
   428.00000  0.628147E+01  0.604799E+02 -0.177687E+02  0.253294E+02 -0.189682E+02***********  -4872.977   -359.177     428
   429.00000  0.633481E+01  0.604799E+02 -0.177629E+02  0.253294E+02 -0.189716E+02***********  -4870.725   -359.801     429
   430.00000  0.642625E+01  0.604799E+02 -0.177570E+02  0.253294E+02 -0.189750E+02***********  -4868.604   -360.422     430
   431.00000  0.650245E+01  0.604799E+02 -0.177512E+02  0.253294E+02 -0.189783E+02***********  -4866.610   -361.041     431
   432.00000  0.661929E+01  0.604799E+02 -0.177454E+02  0.253294E+02 -0.189817E+02***********  -4864.741   -361.658     432
   433.00000  0.693679E+01  0.604799E+02 -0.177395E+02  0.253294E+02 -0.189850E+02***********  -4862.997   -362.272     433
   434.00000  0.735335E+01  0.604799E+02 -0.177337E+02  0.253294E+02 -0.189883E+02***********  -4861.368   -362.884     434
   435.00000  0.766577E+01  0.604799E+02 -0.177278E+02  0.253294E+02 -0.189916E+02***********  -4859.853   -363.493     435
   436.00000  0.788167E+01  0.604799E+02 -0.177219E+02  0.253294E+02 -0.189949E+02***********  -4858.448   -364.101     436
   437.00000  0.812043E+01  0.604799E+02 -0.177161E+02  0.253294E+02 -0.189982E+02***********  -4857.154   -364.706     437
   438.00000  0.825759E+01  0.604799E+02 -0.177102E+02  0.253294E+02 -0.190014E+02***********  -4855.962   -365.309     438
   439.00000  0.839475E+01  0.604799E+02 -0.177043E+02  0.253294E+02 -0.190046E+02***********  -4854.873   -365.910     439
   440.00000  0.861573E+01  0.604799E+02 -0.176984E+02  0.253294E+02 -0.190078E+02***********  -4853.882   -366.508     440
   441.00000  0.878083E+01  0.604799E+02 -0.176925E+02  0.253294E+02 -0.190110E+02***********  -4852.988   -367.105     441
   442.00000  0.896371E+01  0.604799E+02 -0.176866E+02  0.253294E+02 -0.190142E+02***********  -4852.189   -367.700     442
   443.00000  0.925581E+01  0.604799E+02 -0.176807E+02  0.253294E+02 -0.190173E+02***********  -4851.479   -368.293     443
   444.00000  0.947679E+01  0.604799E+02 -0.176748E+02  0.253294E+02 -0.190205E+02***********  -4850.861   -368.884     444
   445.00000  0.954283E+01  0.604799E+02 -0.176689E+02  0.253294E+02 -0.190236E+02***********  -4850.326   -369.473     445
   446.00000  0.965713E+01  0.604799E+02 -0.176630E+02  0.253294E+02 -0.190267E+02***********  -4849.877   -370.060     446
   447.00000  0.972571E+01  0.604799E+02 -0.176571E+02  0.253294E+02 -0.190298E+02***********  -4849.510   -370.646     447
   448.00000  0.976381E+01  0.604799E+02 -0.176512E+02  0.253294E+02 -0.190328E+02***********  -4849.224   -371.230     448
   449.00000  0.984255E+01  0.604799E+02 -0.176453E+02  0.253294E+02 -0.190359E+02***********  -4849.018   -371.812     449
   450.00000  0.996193E+01  0.604799E+02 -0.176394E+02  0.253294E+02 -0.190389E+02***********  -4848.885   -372.393     450
   451.00000  0.101016E+02  0.604799E+02 -0.176335E+02  0.253294E+02 -0.190419E+02***********  -4848.828   -372.973     451
   452.00000  0.103480E+02  0.604799E+02 -0.176276E+02  0.253294E+02 -0.190449E+02***********  -4848.844   -373.551     452
   453.00000  0.104801E+02  0.604799E+02 -0.176217E+02  0.253294E+02 -0.190478E+02***********  -4848.930   -374.128     453
   454.00000  0.105741E+02  0.604799E+02 -0.176158E+02  0.253294E+02 -0.190508E+02***********  -4849.084   -374.704     454
   455.00000  0.106884E+02  0.604799E+02 -0.176099E+02  0.253294E+02 -0.190537E+02***********  -4849.311   -375.279     455
   456.00000  0.107290E+02  0.604799E+02 -0.176040E+02  0.253294E+02 -0.190566E+02***********  -4849.601   -375.853     456
   457.00000  0.107290E+02  0.607288E+02 -0.176040E+02  0.253437E+02 -0.190595E+02-246171.875  -3264.979   -376.426     457
   458.00000  0.107290E+02  0.611124E+02 -0.176040E+02  0.253623E+02 -0.190624E+02-120217.969  -3066.474   -376.999     458
   459.00000  0.107290E+02  0.614451E+02 -0.176040E+02  0.253748E+02 -0.190653E+02 -73231.461  -2915.268   -377.570     459
   460.00000  0.107290E+02  0.614985E+02 -0.176040E+02  0.253771E+02 -0.190681E+02 -49407.316  -2784.876   -378.142     460
   461.00000  0.107290E+02  0.615391E+02 -0.176040E+02  0.253790E+02 -0.190709E+02 -35662.219  -2673.903   -378.714     461
   462.00000  0.107290E+02  0.615924E+02 -0.176040E+02  0.253816E+02 -0.190737E+02 -26822.117  -2590.002   -379.285     462
   463.00000  0.107290E+02  0.616915E+02 -0.176040E+02  0.253864E+02 -0.190765E+02 -20856.965  -2518.623   -379.857     463
   464.00000  0.107290E+02  0.619480E+02 -0.176040E+02  0.253958E+02 -0.190793E+02 -16761.434  -2460.822   -380.430     464
   465.00000  0.107290E+02  0.623113E+02 -0.176040E+02  0.254055E+02 -0.190821E+02 -13732.447  -2422.567   -381.004     465
   466.00000  0.107290E+02  0.625399E+02 -0.176040E+02  0.254118E+02 -0.190848E+02 -11494.803  -2381.937   -381.580     466
   467.00000  0.107290E+02  0.628472E+02 -0.176040E+02  0.254189E+02 -0.190875E+02  -9848.754  -2342.889   -382.158     467
   468.00000  0.107290E+02  0.631520E+02 -0.176040E+02  0.254255E+02 -0.190902E+02  -8548.187  -2313.800   -382.740     468
   469.00000  0.107290E+02  0.635330E+02 -0.176040E+02  0.254324E+02 -0.190929E+02  -7524.644  -2285.877   -383.327     469
   470.00000  0.107290E+02  0.638429E+02 -0.176040E+02  0.254379E+02 -0.190956E+02  -6696.145  -2258.339   -383.922     470
   471.00000  0.107290E+02  0.641350E+02 -0.176040E+02  0.254431E+02 -0.190982E+02  -6052.176  -2231.201   -384.529     471
   472.00000  0.107290E+02  0.643966E+02 -0.176040E+02  0.254478E+02 -0.191008E+02  -5530.880  -2208.066   -385.167     472
   473.00000  0.107290E+02  0.645160E+02 -0.176040E+02  0.254505E+02 -0.191034E+02  -5072.948  -2181.737   -385.945     473
   474.00000  0.107290E+02  0.646557E+02 -0.176040E+02  0.254536E+02 -0.191061E+02  -4738.729  -2155.048   -386.698     474
   475.00000  0.107290E+02  0.647598E+02 -0.176040E+02  0.254562E+02 -0.191086E+02  -4443.244  -2128.740   -387.421     475
   476.00000  0.107290E+02  0.649960E+02 -0.176040E+02  0.254613E+02 -0.191112E+02  -4180.894  -2107.117   -388.126     476
   477.00000  0.107290E+02  0.654304E+02 -0.176040E+02  0.254681E+02 -0.191138E+02  -3957.204  -2091.108   -388.817     477
   478.00000  0.107290E+02  0.657809E+02 -0.176040E+02  0.254735E+02 -0.191164E+02  -3794.748  -2074.757   -389.498     478
   479.00000  0.107290E+02  0.661060E+02 -0.176040E+02  0.254784E+02 -0.191189E+02  -3640.287  -2057.581   -390.170     479
   480.00000  0.107290E+02  0.665531E+02 -0.176040E+02  0.254841E+02 -0.191215E+02  -3496.352  -2042.974   -390.835     480
   481.00000  0.107290E+02  0.668274E+02 -0.176040E+02  0.254882E+02 -0.191240E+02  -3364.806  -2026.946   -391.493     481
   482.00000  0.107290E+02  0.670814E+02 -0.176040E+02  0.254921E+02 -0.191265E+02  -3245.151  -2009.758   -392.145     482
   483.00000  0.107290E+02  0.672109E+02 -0.176040E+02  0.254945E+02 -0.191291E+02  -3142.124  -1992.169   -392.792     483
   484.00000  0.107290E+02  0.675640E+02 -0.176040E+02  0.254996E+02 -0.191316E+02  -3063.897  -1977.658   -393.433     484
   485.00000  0.107290E+02  0.678840E+02 -0.176040E+02  0.255042E+02 -0.191341E+02  -2988.147  -1964.792   -394.070     485
   486.00000  0.107290E+02  0.681787E+02 -0.176040E+02  0.255085E+02 -0.191366E+02  -2914.425  -1951.393   -394.702     486
   487.00000  0.107290E+02  0.683743E+02 -0.176040E+02  0.255317E+02 -0.191391E+02  -2844.183  -1554.402   -395.330     487
   488.00000  0.107290E+02  0.685063E+02 -0.176040E+02  0.255523E+02 -0.191416E+02  -2778.043  -1567.953   -395.954     488
   489.00000  0.107290E+02  0.687019E+02 -0.176040E+02  0.255776E+02 -0.191440E+02  -2716.146  -1581.423   -396.574     489
   490.00000  0.107290E+02  0.690296E+02 -0.176040E+02  0.256086E+02 -0.191465E+02  -2658.225  -1600.819   -397.191     490
   491.00000  0.107290E+02  0.692557E+02 -0.176040E+02  0.256286E+02 -0.191490E+02  -2603.936  -1615.235   -397.804     491
   492.00000  0.107290E+02  0.695579E+02 -0.176040E+02  0.256502E+02 -0.191514E+02  -2553.916  -1626.664   -398.414     492
   493.00000  0.107290E+02  0.696875E+02 -0.176040E+02  0.256604E+02 -0.191539E+02  -2507.884  -1630.818   -399.020     493
   494.00000  0.107290E+02  0.697332E+02 -0.176040E+02  0.256641E+02 -0.191563E+02  -2470.229  -1626.058   -399.623     494
   495.00000  0.107290E+02  0.699999E+02 -0.176040E+02  0.256817E+02 -0.191587E+02  -2438.620  -1627.812   -400.223     495
   496.00000  0.107290E+02  0.703987E+02 -0.176040E+02  0.257020E+02 -0.191611E+02  -2406.772  -1637.697   -400.819     496
   497.00000  0.107290E+02  0.708279E+02 -0.176040E+02  0.257202E+02 -0.191635E+02  -2375.594  -1647.990   -401.413     497
   498.00000  0.107290E+02  0.712521E+02 -0.176040E+02  0.257360E+02 -0.191660E+02  -2345.659  -1655.392   -402.004     498
   499.00000  0.107290E+02  0.716331E+02 -0.176040E+02  0.257494E+02 -0.191684E+02  -2317.201  -1660.041   -402.593     499
   500.00000  0.107290E+02  0.718515E+02 -0.176040E+02  0.257581E+02 -0.191707E+02  -2290.294  -1660.219   -403.178     500
   501.00000  0.107290E+02  0.722097E+02 -0.176040E+02  0.257701E+02 -0.191731E+02  -2264.923  -1660.731   -403.761     501
   502.00000  0.107290E+02  0.726897E+02 -0.176040E+02  0.257835E+02 -0.191755E+02  -2241.040  -1663.752   -404.341     502
   503.00000  0.107290E+02  0.730504E+02 -0.176040E+02  0.257941E+02 -0.191779E+02  -2218.572  -1665.455   -404.919     503
   504.00000  0.107290E+02  0.734035E+02 -0.176040E+02  0.258041E+02 -0.191802E+02  -2197.436  -1665.647   -405.494     504
   505.00000  0.107290E+02  0.736524E+02 -0.176040E+02  0.258119E+02 -0.191826E+02  -2177.549  -1664.046   -406.066     505
   506.00000  0.107290E+02  0.739496E+02 -0.176040E+02  0.258208E+02 -0.191849E+02  -2158.822  -1662.336   -406.636     506
   507.00000  0.107290E+02  0.742391E+02 -0.176040E+02  0.258293E+02 -0.191873E+02  -2141.175  -1661.022   -407.204     507
   508.00000  0.107290E+02  0.744728E+02 -0.176040E+02  0.258367E+02 -0.191896E+02  -2124.527  -1658.882   -407.770     508
   509.00000  0.107290E+02  0.747294E+02 -0.176040E+02  0.258445E+02 -0.191919E+02  -2108.802  -1656.722   -408.333     509
   510.00000  0.107290E+02  0.751281E+02 -0.176040E+02  0.258548E+02 -0.191942E+02  -2093.938  -1656.761   -408.894     510
   511.00000  0.107290E+02  0.754431E+02 -0.176040E+02  0.258633E+02 -0.191966E+02  -2079.886  -1656.713   -409.452     511
   512.00000  0.107290E+02  0.758647E+02 -0.176040E+02  0.258731E+02 -0.191989E+02  -2066.592  -1657.012   -410.008     512
   513.00000  0.107290E+02  0.762762E+02 -0.176040E+02  0.258823E+02 -0.192012E+02  -2053.996  -1657.464   -410.563     513
   514.00000  0.107290E+02  0.767461E+02 -0.176040E+02  0.258919E+02 -0.192034E+02  -2042.033  -1657.971   -411.115     514
   515.00000  0.107290E+02  0.771576E+02 -0.176040E+02  0.259004E+02 -0.192057E+02  -2030.654  -1657.903   -411.665     515
   516.00000  0.107290E+02  0.775233E+02 -0.176040E+02  0.259082E+02 -0.192080E+02  -2019.858  -1656.959   -412.213     516
   517.00000  0.107290E+02  0.779247E+02 -0.176040E+02  0.259163E+02 -0.192103E+02  -2009.617  -1656.014   -412.759     517
   518.00000  0.107290E+02  0.782930E+02 -0.176040E+02  0.259468E+02 -0.192125E+02  -1999.874  -1435.711   -413.303     518
   519.00000  0.107290E+02  0.787045E+02 -0.176040E+02  0.259847E+02 -0.192148E+02  -1990.658  -1456.234   -413.845     519
   520.00000  0.107290E+02  0.791693E+02 -0.176040E+02  0.260204E+02 -0.192170E+02  -1981.975  -1476.303   -414.385     520
   521.00000  0.107290E+02  0.796468E+02 -0.176040E+02  0.260518E+02 -0.192193E+02  -1973.850  -1494.143   -414.924     521
   522.00000  0.107290E+02  0.800913E+02 -0.176040E+02  0.260783E+02 -0.192215E+02  -1966.415  -1508.615   -415.460     522
   523.00000  0.107290E+02  0.805332E+02 -0.176040E+02  0.261019E+02 -0.192237E+02  -1960.569  -1520.178   -415.995     523
   524.00000  0.107290E+02  0.809600E+02 -0.176040E+02  0.261228E+02 -0.192260E+02  -1954.972  -1529.687   -416.528     524
   525.00000  0.107290E+02  0.813765E+02 -0.176040E+02  0.261418E+02 -0.192282E+02  -1949.238  -1537.239   -417.059     525
   526.00000  0.107290E+02  0.817753E+02 -0.176040E+02  0.261590E+02 -0.192304E+02  -1943.483  -1543.400   -417.588     526
   527.00000  0.107290E+02  0.822351E+02 -0.176040E+02  0.261765E+02 -0.192326E+02  -1937.775  -1549.247   -418.116     527
   528.00000  0.107290E+02  0.827862E+02 -0.176040E+02  0.261952E+02 -0.192348E+02  -1932.149  -1555.729   -418.642     528
   529.00000  0.920502E+01  0.833070E+02 -0.191280E+02  0.263523E+02 -0.192370E+02    -74.482  -1088.156   -419.167     529
   530.00000  0.768101E+01  0.837617E+02 -0.206520E+02  0.266453E+02 -0.192391E+02    -52.487   -780.897   -419.690     530
   531.00000  0.615701E+01  0.841783E+02 -0.221759E+02  0.269969E+02 -0.192413E+02    -42.595   -518.764   -420.212     531
   532.00000  0.450721E+01  0.845060E+02 -0.238257E+02  0.273110E+02 -0.192435E+02    -33.363   -275.550   -420.732     532
   533.00000  0.292201E+01  0.849378E+02 -0.254109E+02  0.277413E+02 -0.192457E+02    -31.369   -105.261   -421.251     533
   534.00000 -0.671289E+00  0.850343E+02 -0.290042E+02  0.278378E+02 -0.192478E+02     -6.667    -18.287   -421.768     534
   535.00000 -0.671289E+00  0.852680E+02 -0.290042E+02  0.280715E+02 -0.192500E+02    -63.242    -57.123   -422.283     535
   536.00000 -0.671289E+00  0.856439E+02 -0.290042E+02  0.284474E+02 -0.192521E+02    -91.610    -81.802   -422.798     536
   537.00000 -0.671289E+00  0.860630E+02 -0.290042E+02  0.288665E+02 -0.192542E+02   -119.788   -105.326   -423.310     537
   538.00000 -0.671289E+00  0.863983E+02 -0.290042E+02  0.292018E+02 -0.192564E+02   -147.123   -127.212   -423.822     538
   539.00000 -0.671289E+00  0.868250E+02 -0.290042E+02  0.296285E+02 -0.192585E+02   -178.769   -151.057   -424.332     539
   540.00000 -0.671289E+00  0.873813E+02 -0.290042E+02  0.301848E+02 -0.192606E+02   -229.731   -185.052   -424.840     540
   541.00000 -0.671289E+00  0.878715E+02 -0.290042E+02  0.306750E+02 -0.192627E+02   -302.154   -228.809   -425.348     541
   542.00000 -0.671289E+00  0.882830E+02 -0.290042E+02  0.310865E+02 -0.192648E+02   -388.542   -275.879   -425.854     542
   543.00000 -0.671289E+00  0.887249E+02 -0.290042E+02  0.315284E+02 -0.192669E+02   -504.010   -333.790   -426.359     543
   544.00000 -0.671289E+00  0.890475E+02 -0.290042E+02  0.318510E+02 -0.192690E+02   -650.404   -398.574   -426.861     544
   545.00000 -0.671289E+00  0.892660E+02 -0.290042E+02  0.320690E+02 -0.192711E+02   -788.455   -453.933   -427.359     545
   546.00000 -0.671289E+00  0.896419E+02 -0.290042E+02  0.324050E+02 -0.192732E+02   -942.232   -524.622   -427.851     546
   547.00000 -0.671289E+00  0.899111E+02 -0.290042E+02  0.326299E+02 -0.192752E+02  -1121.634   -606.922   -428.332     547
   548.00000 -0.671289E+00  0.902820E+02 -0.290042E+02  0.329101E+02 -0.192773E+02  -1264.813   -585.421   -428.792     548
   549.00000 -0.206829E+01  0.907087E+02 -0.304012E+02  0.332806E+02 -0.192793E+02    -76.514   -392.813   -429.234     549
   550.00000 -0.206829E+01  0.909551E+02 -0.304012E+02  0.335265E+02 -0.192814E+02   -220.783   -369.970   -429.636     550
   551.00000 -0.487419E+01  0.913132E+02 -0.332071E+02  0.338847E+02 -0.192834E+02    -22.933   -225.020   -429.989     551
   552.00000 -0.487419E+01  0.916891E+02 -0.332071E+02  0.342606E+02 -0.192855E+02   -106.452   -196.856   -430.269     552
   553.00000 -0.783649E+01  0.920371E+02 -0.361694E+02  0.346086E+02 -0.192875E+02    -14.451   -105.813   -430.457     553
   554.00000 -0.783649E+01  0.924816E+02 -0.361694E+02  0.350531E+02 -0.192896E+02    -78.384    -97.011   -430.527     554
   555.00000 -0.106305E+02  0.929439E+02 -0.389634E+02  0.355154E+02 -0.192916E+02    -13.325    -47.145   -430.463     555
   556.00000 -0.106305E+02  0.934011E+02 -0.389634E+02  0.359726E+02 -0.192936E+02    -69.751    -66.923   -430.240     556
   557.00000 -0.134245E+02  0.938786E+02 -0.417574E+02  0.364501E+02 -0.192957E+02    -12.260    -30.857   -429.848     557
   558.00000 -0.148658E+02  0.943104E+02 -0.431987E+02  0.368819E+02 -0.192977E+02    -23.357    -31.698   -429.270     558
   559.00000 -0.148658E+02  0.947473E+02 -0.431987E+02  0.373188E+02 -0.192998E+02    -65.099    -54.181   -428.487     559
   560.00000 -0.148658E+02  0.951969E+02 -0.431987E+02  0.377683E+02 -0.193019E+02    -88.772    -72.810   -427.512     560
   561.00000 -0.148658E+02  0.956236E+02 -0.431987E+02  0.381951E+02 -0.193040E+02   -110.261    -89.640   -426.330     561
   562.00000 -0.148658E+02  0.961062E+02 -0.431987E+02  0.386777E+02 -0.193061E+02   -133.729   -107.209   -424.936     562
   563.00000 -0.148658E+02  0.965685E+02 -0.431987E+02  0.391399E+02 -0.193082E+02   -160.599   -126.186   -423.234     563
   564.00000 -0.148658E+02  0.970206E+02 -0.431987E+02  0.395921E+02 -0.193104E+02   -190.614   -146.389   -420.995     564
   565.00000 -0.148658E+02  0.973965E+02 -0.431987E+02  0.399680E+02 -0.193126E+02   -223.040   -166.506   -417.758     565
   566.00000 -0.148658E+02  0.978054E+02 -0.431987E+02  0.403769E+02 -0.193148E+02   -258.633   -187.896   -412.824     566
   567.00000 -0.148658E+02  0.982195E+02 -0.431987E+02  0.407909E+02 -0.193171E+02   -302.931   -213.211   -405.373     567
   568.00000 -0.148658E+02  0.985903E+02 -0.431987E+02  0.411618E+02 -0.193196E+02   -358.032   -241.056   -394.769     568
   569.00000 -0.148658E+02  0.989764E+02 -0.431987E+02  0.415479E+02 -0.193222E+02   -423.877   -272.464   -382.037     569
   570.00000 -0.148658E+02  0.994590E+02 -0.431987E+02  0.420302E+02 -0.193253E+02   -519.329   -316.705   -367.020     570
   571.00000 -0.148658E+02  0.100015E+03 -0.431987E+02  0.425631E+02 -0.193289E+02   -675.044   -386.205   -348.727     571
   572.00000 -0.148658E+02  0.100605E+03 -0.431987E+02  0.430738E+02 -0.193331E+02   -882.379   -482.138   -328.938     572
   573.00000 -0.148658E+02  0.101077E+03 -0.431987E+02  0.434334E+02 -0.193380E+02  -1088.284   -578.324   -309.416     573
   574.00000 -0.148658E+02  0.101483E+03 -0.431987E+02  0.437122E+02 -0.193437E+02  -1244.357   -657.505   -293.326     574
   575.00000 -0.148658E+02  0.101826E+03 -0.431987E+02  0.439257E+02 -0.193505E+02  -1372.007   -719.126   -277.989     575
   576.00000 -0.148658E+02  0.102268E+03 -0.431987E+02  0.441597E+02 -0.193584E+02  -1454.818   -774.796   -263.996     576
   577.00000 -0.148658E+02  0.102649E+03 -0.431987E+02  0.443454E+02 -0.193673E+02  -1508.812   -822.525   -251.696     577
   578.00000 -0.148658E+02  0.103119E+03 -0.431987E+02  0.445438E+02 -0.193770E+02  -1543.932   -866.360   -241.521     578
   579.00000 -0.148658E+02  0.103533E+03 -0.431987E+02  0.447220E+02 -0.193878E+02  -1571.500   -836.828   -233.766     579
   580.00000 -0.148658E+02  0.103962E+03 -0.431987E+02  0.448980E+02 -0.194000E+02  -1586.264   -868.680   -226.868     580
   581.00000 -0.148658E+02  0.104326E+03 -0.431987E+02  0.450421E+02 -0.194131E+02  -1593.726   -895.796   -220.938     581
   582.00000 -0.148658E+02  0.104458E+03 -0.431987E+02  0.450979E+02 -0.194272E+02  -1597.211   -907.118   -215.922     582
   583.00000 -0.148658E+02  0.104790E+03 -0.431987E+02  0.452252E+02 -0.194420E+02  -1599.037   -919.612   -211.712     583
   584.00000 -0.148658E+02  0.105136E+03 -0.431987E+02  0.453510E+02 -0.194575E+02  -1600.315   -939.695   -208.199     584
   585.00000 -0.148658E+02  0.105255E+03 -0.431987E+02  0.453977E+02 -0.194734E+02  -1601.088   -948.464   -205.284     585
   586.00000 -0.148658E+02  0.105507E+03 -0.431987E+02  0.454899E+02 -0.194899E+02  -1601.590   -955.971   -202.886     586
   587.00000 -0.148658E+02  0.105819E+03 -0.431987E+02  0.455979E+02 -0.195066E+02  -1601.995   -971.189   -200.934     587
   588.00000 -0.148658E+02  0.106134E+03 -0.431987E+02  0.457022E+02 -0.195237E+02  -1602.350   -988.540   -199.370     588
   589.00000 -0.148658E+02  0.106500E+03 -0.431987E+02  0.458150E+02 -0.195410E+02  -1602.673  -1007.838   -198.147     589
   590.00000 -0.148658E+02  0.106878E+03 -0.431987E+02  0.459249E+02 -0.195584E+02  -1602.971  -1028.175   -197.228     590
   591.00000 -0.148658E+02  0.107203E+03 -0.431987E+02  0.460171E+02 -0.195760E+02  -1603.251  -1045.942   -196.581     591
   592.00000 -0.148658E+02  0.107526E+03 -0.431987E+02  0.461049E+02 -0.195936E+02  -1603.515  -1061.255   -196.174     592
   593.00000 -0.148658E+02  0.107930E+03 -0.431987E+02  0.462048E+02 -0.196113E+02  -1603.765  -1078.392   -195.974     593
   594.00000 -0.148658E+02  0.108311E+03 -0.431987E+02  0.462953E+02 -0.196290E+02  -1604.003  -1095.641   -195.954     594
   595.00000 -0.148658E+02  0.108669E+03 -0.431987E+02  0.463774E+02 -0.196467E+02  -1604.231  -1110.774   -196.088     595
   596.00000 -0.148658E+02  0.109045E+03 -0.431987E+02  0.464587E+02 -0.196643E+02  -1604.450  -1124.998   -196.354     596
   597.00000 -0.148658E+02  0.109479E+03 -0.431987E+02  0.465447E+02 -0.196819E+02  -1604.661  -1140.099   -196.736     597
   598.00000 -0.148658E+02  0.109822E+03 -0.431987E+02  0.466133E+02 -0.196994E+02  -1604.865  -1152.977   -197.219     598
   599.00000 -0.148658E+02  0.110112E+03 -0.431987E+02  0.466713E+02 -0.197168E+02  -1605.062  -1161.870   -197.788     599
   600.00000 -0.148658E+02  0.110427E+03 -0.431987E+02  0.467317E+02 -0.197341E+02  -1605.254  -1169.853   -198.435     600
   601.00000 -0.148658E+02  0.110805E+03 -0.431987E+02  0.467990E+02 -0.197513E+02  -1605.440  -1179.622   -199.148     601
   602.00000 -0.148658E+02  0.111148E+03 -0.431987E+02  0.468593E+02 -0.197683E+02  -1605.621  -1189.186   -199.920     602
   603.00000 -0.148658E+02  0.111519E+03 -0.431987E+02  0.469210E+02 -0.197853E+02  -1605.797  -1198.407   -200.744     603
   604.00000 -0.148658E+02  0.111867E+03 -0.431987E+02  0.469779E+02 -0.198020E+02  -1605.968  -1207.100   -201.614     604
   605.00000 -0.148658E+02  0.112329E+03 -0.431987E+02  0.470448E+02 -0.198186E+02  -1606.135  -1217.321   -202.524     605
   606.00000 -0.148658E+02  0.112593E+03 -0.431987E+02  0.470874E+02 -0.198351E+02  -1606.298  -1224.236   -203.469     606
   607.00000 -0.148658E+02  0.112990E+03 -0.431987E+02  0.471443E+02 -0.198513E+02  -1606.457  -1230.937   -204.446     607
   608.00000 -0.148658E+02  0.113355E+03 -0.431987E+02  0.471962E+02 -0.198675E+02  -1606.612  -1238.628   -205.450     608
   609.00000 -0.148658E+02  0.113660E+03 -0.431987E+02  0.472403E+02 -0.198834E+02  -1606.765  -1244.384   -206.477     609
   610.00000 -0.148658E+02  0.113950E+03 -0.431987E+02  0.472919E+02 -0.198991E+02  -1606.914  -1169.618   -207.526     610
   611.00000 -0.148658E+02  0.114252E+03 -0.431987E+02  0.473479E+02 -0.199147E+02  -1607.061  -1176.384   -208.594     611
   612.00000 -0.148658E+02  0.114549E+03 -0.431987E+02  0.474020E+02 -0.199301E+02  -1607.205  -1183.278   -209.677     612
   613.00000 -0.148658E+02  0.114844E+03 -0.431987E+02  0.474547E+02 -0.199453E+02  -1607.346  -1190.015   -210.774     613
   614.00000 -0.148658E+02  0.115133E+03 -0.431987E+02  0.475055E+02 -0.199603E+02  -1607.484  -1196.538   -211.882     614
   615.00000 -0.148658E+02  0.115436E+03 -0.431987E+02  0.475571E+02 -0.199751E+02  -1607.620  -1203.258   -213.002     615
   616.00000 -0.148658E+02  0.115728E+03 -0.431987E+02  0.476061E+02 -0.199897E+02  -1607.754  -1209.752   -214.130     616
   617.00000 -0.148658E+02  0.116012E+03 -0.431987E+02  0.476530E+02 -0.200041E+02  -1607.885  -1215.850   -215.265     617
   618.00000 -0.148658E+02  0.116408E+03 -0.431987E+02  0.477118E+02 -0.200184E+02  -1608.014  -1224.023   -216.407     618
   619.00000 -0.148658E+02  0.116591E+03 -0.431987E+02  0.477425E+02 -0.200324E+02  -1608.140  -1228.670   -217.555     619
   620.00000 -0.148658E+02  0.116744E+03 -0.431987E+02  0.477686E+02 -0.200462E+02  -1608.264  -1229.094   -218.707     620
   621.00000 -0.148658E+02  0.116807E+03 -0.431987E+02  0.477801E+02 -0.200599E+02  -1608.387  -1225.917   -219.864     621
   622.00000 -0.148658E+02  0.117046E+03 -0.431987E+02  0.478198E+02 -0.200733E+02  -1608.507  -1226.104   -221.024     622
   623.00000 -0.148658E+02  0.117404E+03 -0.431987E+02  0.478733E+02 -0.200865E+02  -1608.625  -1232.921   -222.188     623
   624.00000 -0.148658E+02  0.117577E+03 -0.431987E+02  0.479021E+02 -0.200996E+02  -1608.741  -1237.353   -223.354     624
   625.00000 -0.148658E+02  0.117775E+03 -0.431987E+02  0.479344E+02 -0.201124E+02  -1608.855  -1239.445   -224.522     625
   626.00000 -0.148658E+02  0.117943E+03 -0.431987E+02  0.479622E+02 -0.201250E+02  -1608.968  -1241.052   -225.691     626
   627.00000 -0.148658E+02  0.118031E+03 -0.431987E+02  0.479778E+02 -0.201374E+02  -1609.078  -1239.781   -226.862     627
   628.00000 -0.148658E+02  0.118275E+03 -0.431987E+02  0.480165E+02 -0.201497E+02  -1609.186  -1241.342   -228.034     628
   629.00000 -0.148658E+02  0.118621E+03 -0.431987E+02  0.480660E+02 -0.201617E+02  -1609.293  -1248.344   -229.206     629
   630.00000 -0.148658E+02  0.118816E+03 -0.431987E+02  0.480966E+02 -0.201735E+02  -1609.397  -1253.572   -230.378     630
   631.00000 -0.148658E+02  0.119139E+03 -0.431987E+02  0.481415E+02 -0.201851E+02  -1609.499  -1259.177   -231.551     631
   632.00000 -0.148658E+02  0.119406E+03 -0.431987E+02  0.481792E+02 -0.201966E+02  -1609.600  -1265.233   -232.725     632
   633.00000 -0.148658E+02  0.119848E+03 -0.431987E+02  0.482314E+02 -0.202078E+02  -1609.699  -1273.609   -233.899     633
   634.00000 -0.148658E+02  0.120244E+03 -0.431987E+02  0.482778E+02 -0.202188E+02  -1609.796  -1282.772   -235.075     634
   635.00000 -0.148658E+02  0.120561E+03 -0.431987E+02  0.483161E+02 -0.202296E+02  -1609.892  -1289.745   -236.253     635
   636.00000 -0.148658E+02  0.120970E+03 -0.431987E+02  0.483601E+02 -0.202402E+02  -1609.985  -1296.808   -237.435     636
   637.00000 -0.148658E+02  0.121204E+03 -0.431987E+02  0.483884E+02 -0.202506E+02  -1610.078  -1301.343   -238.624     637
   638.00000 -0.148658E+02  0.121521E+03 -0.431987E+02  0.484237E+02 -0.202608E+02  -1610.170  -1305.143   -239.825     638
   639.00000 -0.148658E+02  0.121730E+03 -0.431987E+02  0.484486E+02 -0.202708E+02  -1610.260  -1307.779   -241.051     639
   640.00000 -0.143248E+02  0.121730E+03 -0.430619E+02  0.484486E+02 -0.202806E+02***********   -755.283   -242.445     640
   641.00000 -0.141317E+02  0.121730E+03 -0.430412E+02  0.484486E+02 -0.202903E+02***********   -777.525   -243.939     641
   642.00000 -0.139565E+02  0.121730E+03 -0.430268E+02  0.484486E+02 -0.202998E+02***********   -791.810   -245.360     642
   643.00000 -0.134942E+02  0.121730E+03 -0.430148E+02  0.484486E+02 -0.203093E+02***********   -802.916   -246.750     643
   644.00000 -0.132402E+02  0.121730E+03 -0.430046E+02  0.484486E+02 -0.203186E+02***********   -812.323   -248.116     644
   645.00000 -0.130167E+02  0.121730E+03 -0.429953E+02  0.484486E+02 -0.203279E+02***********   -820.828   -249.464     645
   646.00000 -0.126814E+02  0.121730E+03 -0.429870E+02  0.484486E+02 -0.203370E+02***********   -827.445   -250.797     646
   647.00000 -0.123283E+02  0.121730E+03 -0.429794E+02  0.484486E+02 -0.203461E+02***********   -833.386   -252.117     647
   648.00000 -0.120489E+02  0.121730E+03 -0.429723E+02  0.484486E+02 -0.203550E+02***********   -838.817   -253.425     648
   649.00000 -0.118737E+02  0.121730E+03 -0.429656E+02  0.484486E+02 -0.203639E+02***********   -843.712   -254.721     649
   650.00000 -0.117441E+02  0.121730E+03 -0.429593E+02  0.484486E+02 -0.203726E+02***********   -848.154   -256.007     650
   651.00000 -0.115968E+02  0.121730E+03 -0.429533E+02  0.484486E+02 -0.203813E+02***********   -852.291   -257.283     651
   652.00000 -0.114419E+02  0.121730E+03 -0.429476E+02  0.484486E+02 -0.203899E+02***********   -856.180   -258.549     652
   653.00000 -0.111371E+02  0.121730E+03 -0.429421E+02  0.484486E+02 -0.203984E+02***********   -859.861   -259.805     653
   654.00000 -0.109034E+02  0.121730E+03 -0.429369E+02  0.484486E+02 -0.204067E+02***********   -863.093   -261.053     654
   655.00000 -0.106443E+02  0.121730E+03 -0.429318E+02  0.484486E+02 -0.204150E+02***********   -866.194   -262.291     655
   656.00000 -0.105071E+02  0.121730E+03 -0.429269E+02  0.484486E+02 -0.204233E+02***********   -869.269   -263.520     656
   657.00000 -0.102506E+02  0.121730E+03 -0.429222E+02  0.484486E+02 -0.204314E+02***********   -872.325   -264.740     657
   658.00000 -0.976293E+01  0.121730E+03 -0.429176E+02  0.484486E+02 -0.204394E+02***********   -875.234   -265.951     658
   659.00000 -0.935653E+01  0.121730E+03 -0.429131E+02  0.484486E+02 -0.204473E+02***********   -877.933   -267.154     659
   660.00000 -0.915586E+01  0.121730E+03 -0.429087E+02  0.484486E+02 -0.204552E+02***********   -880.496   -268.347     660
   661.00000 -0.898314E+01  0.121730E+03 -0.429045E+02  0.484486E+02 -0.204629E+02***********   -882.946   -269.532     661
   662.00000 -0.872915E+01  0.121730E+03 -0.429004E+02  0.484486E+02 -0.204706E+02***********   -885.260   -270.709     662
   663.00000 -0.856404E+01  0.121730E+03 -0.428963E+02  0.484486E+02 -0.204782E+02***********   -887.454   -271.877     663
   664.00000 -0.845737E+01  0.121730E+03 -0.428923E+02  0.484486E+02 -0.204857E+02***********   -889.539   -273.036     664
   665.00000 -0.818051E+01  0.121730E+03 -0.428885E+02  0.484486E+02 -0.204931E+02***********   -891.534   -274.187     665
   666.00000 -0.785285E+01  0.121730E+03 -0.428847E+02  0.484486E+02 -0.205004E+02***********   -893.475   -275.330     666
   667.00000 -0.763949E+01  0.121730E+03 -0.428809E+02  0.484486E+02 -0.205077E+02***********   -895.328   -276.465     667
   668.00000 -0.755821E+01  0.121730E+03 -0.428773E+02  0.484486E+02 -0.205149E+02***********   -897.120   -277.591     668
   669.00000 -0.738295E+01  0.121730E+03 -0.428737E+02  0.484486E+02 -0.205219E+02***********   -898.859   -278.709     669
   670.00000 -0.723563E+01  0.121730E+03 -0.428701E+02  0.484486E+02 -0.205289E+02***********   -900.523   -279.820     670
   671.00000 -0.706545E+01  0.121730E+03 -0.428667E+02  0.484486E+02 -0.205359E+02***********   -902.139   -280.922     671
   672.00000 -0.685463E+01  0.121730E+03 -0.428632E+02  0.484486E+02 -0.205427E+02***********   -903.705   -282.017     672
   673.00000 -0.675303E+01  0.121730E+03 -0.428599E+02  0.484486E+02 -0.205495E+02***********   -905.215   -283.103     673
   674.00000 -0.653459E+01  0.121730E+03 -0.428566E+02  0.484486E+02 -0.205561E+02***********   -906.659   -284.182     674
   675.00000 -0.645585E+01  0.121730E+03 -0.428534E+02  0.484486E+02 -0.205627E+02***********   -908.042   -285.254     675
   676.00000 -0.630345E+01  0.121730E+03 -0.428502E+02  0.484486E+02 -0.205692E+02***********   -909.367   -286.318     676
   677.00000 -0.601643E+01  0.121730E+03 -0.428470E+02  0.484486E+02 -0.205757E+02***********   -910.654   -287.375     677
   678.00000 -0.576497E+01  0.121730E+03 -0.428439E+02  0.484486E+02 -0.205820E+02***********   -911.822   -288.425     678
   679.00000 -0.565321E+01  0.121730E+03 -0.428409E+02  0.484486E+02 -0.205883E+02***********   -912.889   -289.468     679
   680.00000 -0.554907E+01  0.121730E+03 -0.428378E+02  0.484486E+02 -0.205945E+02***********   -913.903   -290.504     680
   681.00000 -0.536365E+01  0.121730E+03 -0.428348E+02  0.484486E+02 -0.206007E+02***********   -914.901   -291.535     681
   682.00000 -0.518077E+01  0.121730E+03 -0.428318E+02  0.484486E+02 -0.206067E+02***********   -915.891   -292.559     682
   683.00000 -0.490137E+01  0.121730E+03 -0.428289E+02  0.484486E+02 -0.206127E+02***********   -916.862   -293.577     683
   684.00000 -0.466007E+01  0.121730E+03 -0.428260E+02  0.484486E+02 -0.206186E+02***********   -917.806   -294.591     684
   685.00000 -0.459149E+01  0.121730E+03 -0.428231E+02  0.484486E+02 -0.206245E+02***********   -918.718   -295.599     685
   686.00000 -0.444163E+01  0.121730E+03 -0.428202E+02  0.484486E+02 -0.206302E+02***********   -919.612   -296.603     686
   687.00000 -0.412413E+01  0.121730E+03 -0.428174E+02  0.484486E+02 -0.206359E+02***********   -920.493   -297.604     687
   688.00000 -0.398951E+01  0.121730E+03 -0.428146E+02  0.484486E+02 -0.206415E+02***********   -921.335   -298.602     688
   689.00000 -0.394887E+01  0.121730E+03 -0.428119E+02  0.484486E+02 -0.206470E+02***********   -922.125   -299.598     689
   690.00000 -0.391839E+01  0.121730E+03 -0.428091E+02  0.484486E+02 -0.206525E+02***********   -922.864   -300.594     690
   691.00000 -0.387775E+01  0.121730E+03 -0.428064E+02  0.484486E+02 -0.206579E+02***********   -923.511   -301.591     691
   692.00000 -0.386505E+01  0.121730E+03 -0.428037E+02  0.484486E+02 -0.206632E+02***********   -924.068   -302.594     692
   693.00000 -0.384473E+01  0.121730E+03 -0.428010E+02  0.484486E+02 -0.206685E+02***********   -924.546   -303.607     693
   694.00000 -0.382695E+01  0.121730E+03 -0.427983E+02  0.484486E+02 -0.206736E+02***********   -924.956   -304.646     694
   695.00000 -0.380917E+01  0.121730E+03 -0.427957E+02  0.484486E+02 -0.206787E+02***********   -925.307   -305.841     695
   696.00000 -0.373297E+01  0.121730E+03 -0.427931E+02  0.484486E+02 -0.206838E+02***********   -925.608   -307.107     696
   697.00000 -0.371011E+01  0.121730E+03 -0.427905E+02  0.484486E+02 -0.206888E+02***********   -925.850   -308.311     697
   698.00000 -0.366947E+01  0.121730E+03 -0.427878E+02  0.484486E+02 -0.206937E+02***********   -926.037   -309.477     698
   699.00000 -0.365169E+01  0.121730E+03 -0.427852E+02  0.484486E+02 -0.206987E+02***********   -926.172   -310.618     699
   700.00000 -0.353231E+01  0.121730E+03 -0.427827E+02  0.484486E+02 -0.207036E+02***********   -926.259   -311.737     700
   701.00000 -0.349929E+01  0.121730E+03 -0.427801E+02  0.484486E+02 -0.207085E+02***********   -926.295   -312.838     701
   702.00000 -0.341801E+01  0.121730E+03 -0.427775E+02  0.484486E+02 -0.207133E+02***********   -926.282   -313.923     702
   703.00000 -0.326053E+01  0.121730E+03 -0.427750E+02  0.484486E+02 -0.207181E+02***********   -926.214   -314.994     703
   704.00000 -0.321227E+01  0.121730E+03 -0.427724E+02  0.484486E+02 -0.207229E+02***********   -926.094   -316.052     704
   705.00000 -0.303193E+01  0.121730E+03 -0.427699E+02  0.484486E+02 -0.207276E+02***********   -925.923   -317.098     705
   706.00000 -0.274237E+01  0.121730E+03 -0.427673E+02  0.484486E+02 -0.207323E+02***********   -925.702   -318.131     706
   707.00000 -0.237661E+01  0.121730E+03 -0.427648E+02  0.484486E+02 -0.207370E+02***********   -925.454   -319.154     707
   708.00000 -0.224707E+01  0.121730E+03 -0.427622E+02  0.484486E+02 -0.207416E+02***********   -925.170   -320.165     708
   709.00000 -0.218865E+01  0.121730E+03 -0.427597E+02  0.484486E+02 -0.207462E+02***********   -924.840   -321.167     709
   710.00000 -0.212007E+01  0.121730E+03 -0.427572E+02  0.484486E+02 -0.207508E+02***********   -924.469   -322.159     710
   711.00000 -0.201339E+01  0.121730E+03 -0.427547E+02  0.484486E+02 -0.207554E+02***********   -924.063   -323.141     711
   712.00000 -0.195751E+01  0.121730E+03 -0.427521E+02  0.484486E+02 -0.207599E+02***********   -923.613   -324.114     712
   713.00000 -0.182289E+01  0.121730E+03 -0.427496E+02  0.484486E+02 -0.207644E+02***********   -923.118   -325.078     713
   714.00000 -0.163747E+01  0.121730E+03 -0.427471E+02  0.484486E+02 -0.207688E+02***********   -922.578   -326.033     714
   715.00000 -0.152825E+01  0.121730E+03 -0.427445E+02  0.484486E+02 -0.207733E+02***********   -921.995   -326.980     715
   716.00000 -0.146983E+01  0.121730E+03 -0.427420E+02  0.484486E+02 -0.207777E+02***********   -921.371   -327.919     716
   717.00000 -0.144951E+01  0.121730E+03 -0.427394E+02  0.484486E+02 -0.207820E+02***********   -920.706   -328.850     717
   718.00000 -0.127679E+01  0.121730E+03 -0.427369E+02  0.484486E+02 -0.207864E+02***********   -920.012   -329.772     718
   719.00000 -0.115487E+01  0.121730E+03 -0.427343E+02  0.484486E+02 -0.207907E+02***********   -919.284   -330.688     719
   720.00000 -0.936427E+00  0.121730E+03 -0.427318E+02  0.484486E+02 -0.207950E+02***********   -918.546   -331.595     720
   721.00000 -0.684967E+00  0.121730E+03 -0.427292E+02  0.484486E+02 -0.207992E+02***********   -917.774   -332.495     721
   722.00000 -0.512247E+00  0.121730E+03 -0.427266E+02  0.484486E+02 -0.208035E+02***********   -916.964   -333.388     722
   723.00000 -0.314127E+00  0.121730E+03 -0.427240E+02  0.484486E+02 -0.208077E+02***********   -916.118   -334.274     723
   724.00000 -0.126167E+00  0.121730E+03 -0.427214E+02  0.484486E+02 -0.208119E+02***********   -915.237   -335.153     724
   725.00000  0.770328E-01  0.121730E+03 -0.427188E+02  0.484486E+02 -0.208160E+02***********   -914.324   -336.025     725
   726.00000  0.295473E+00  0.121730E+03 -0.427162E+02  0.484486E+02 -0.208201E+02***********   -913.381   -336.890     726
   727.00000  0.470733E+00  0.121730E+03 -0.427135E+02  0.484486E+02 -0.208242E+02***********   -912.417   -337.749     727
   728.00000  0.676473E+00  0.121730E+03 -0.427109E+02  0.484486E+02 -0.208283E+02***********   -911.441   -338.602     728
   729.00000  0.755213E+00  0.121730E+03 -0.427082E+02  0.484486E+02 -0.208323E+02***********   -910.412   -339.448     729
   730.00000  0.770453E+00  0.121730E+03 -0.427055E+02  0.484486E+02 -0.208364E+02***********   -909.340   -340.288     730
   731.00000  0.770453E+00  0.121730E+03 -0.427055E+02  0.484486E+02 -0.208403E+02-407302.469   -891.754   -341.122     731
   732.00000  0.783153E+00  0.121730E+03 -0.427008E+02  0.484486E+02 -0.208443E+02***********   -899.701   -341.951     732
   733.00000  0.795853E+00  0.121730E+03 -0.426979E+02  0.484486E+02 -0.208483E+02***********   -901.753   -342.773     733
   734.00000  0.808553E+00  0.121730E+03 -0.426950E+02  0.484486E+02 -0.208522E+02***********   -902.112   -343.590     734
   735.00000  0.818713E+00  0.121730E+03 -0.426922E+02  0.484486E+02 -0.208561E+02***********   -901.772   -344.402     735
   736.00000  0.823793E+00  0.121730E+03 -0.426893E+02  0.484486E+02 -0.208599E+02***********   -901.099   -345.207     736
   737.00000  0.839033E+00  0.121730E+03 -0.426864E+02  0.484486E+02 -0.208638E+02***********   -900.259   -346.008     737
   738.00000  0.910153E+00  0.121730E+03 -0.426836E+02  0.484486E+02 -0.208676E+02***********   -899.330   -346.804     738
   739.00000  0.101683E+01  0.121730E+03 -0.426807E+02  0.484486E+02 -0.208714E+02***********   -898.351   -347.594     739
   740.00000  0.108287E+01  0.121730E+03 -0.426777E+02  0.484486E+02 -0.208751E+02***********   -897.347   -348.379     740
   741.00000  0.127337E+01  0.121730E+03 -0.426748E+02  0.484486E+02 -0.208789E+02***********   -896.329   -349.160     741
   742.00000  0.131909E+01  0.121730E+03 -0.426718E+02  0.484486E+02 -0.208826E+02***********   -895.306   -349.935     742
   743.00000  0.134195E+01  0.121730E+03 -0.426689E+02  0.484486E+02 -0.208863E+02***********   -894.284   -350.707     743
   744.00000  0.139783E+01  0.121730E+03 -0.426659E+02  0.484486E+02 -0.208900E+02***********   -893.268   -351.473     744
   745.00000  0.150451E+01  0.121730E+03 -0.426628E+02  0.484486E+02 -0.208936E+02***********   -892.266   -352.235     745
   746.00000  0.163151E+01  0.121730E+03 -0.426598E+02  0.484486E+02 -0.208972E+02***********   -891.282   -352.992     746
   747.00000  0.183725E+01  0.121730E+03 -0.426567E+02  0.484486E+02 -0.209008E+02***********   -890.316   -353.745     747
   748.00000  0.187789E+01  0.121730E+03 -0.426537E+02  0.484486E+02 -0.209044E+02***********   -889.378   -354.494     748
   749.00000  0.189821E+01  0.121730E+03 -0.426505E+02  0.484486E+02 -0.209080E+02***********   -888.374   -355.239     749
   750.00000  0.191599E+01  0.121730E+03 -0.426474E+02  0.484486E+02 -0.209115E+02***********   -887.360   -355.979     750
   751.00000  0.197187E+01  0.121730E+03 -0.426442E+02  0.484486E+02 -0.209150E+02***********   -886.382   -356.716     751
   752.00000  0.212173E+01  0.121730E+03 -0.426410E+02  0.484486E+02 -0.209185E+02***********   -885.447   -357.449     752
   753.00000  0.216745E+01  0.121730E+03 -0.426378E+02  0.484486E+02 -0.209219E+02***********   -884.549   -358.178     753
   754.00000  0.232239E+01  0.121730E+03 -0.426345E+02  0.484486E+02 -0.209254E+02***********   -883.687   -358.903     754
   755.00000  0.235033E+01  0.121730E+03 -0.426312E+02  0.484486E+02 -0.209288E+02***********   -882.862   -359.624     755
   756.00000  0.238335E+01  0.121730E+03 -0.426279E+02  0.484486E+02 -0.209322E+02***********   -882.065   -360.342     756
end
