 ******* Program HYDRUS
 ******* 
 None                                                                    
 Date:   5. 1.    Time:  13: 5: 5
 Units: L = mm   , T = days , M = mmol 


    TLevel      Time          dt      Iter    ItCum  KodT  KodB  Convergency

        3  0.1000000E+01  0.30000E+00    2       12    -4    -5     T
        5  0.2000000E+01  0.50000E+00    2       16    -4    -5     T
        7  0.3000000E+01  0.50000E+00    2       20    -4    -5     T
        9  0.4000000E+01  0.50000E+00    2       24    -4    -5     T
       11  0.5000000E+01  0.50000E+00    2       28    -4    -5     T
       13  0.6000000E+01  0.50000E+00    2       32    -4    -5     T
       15  0.7000000E+01  0.50000E+00    2       37    -4    -5     T
       17  0.8000000E+01  0.50000E+00    2       42    -4    -5     T
       19  0.9000000E+01  0.50000E+00    2       46    -4    -5     T
       21  0.1000000E+02  0.50000E+00    2       51    -4    -5     T
       23  0.1100000E+02  0.50000E+00    2       55    -4    -5     T
       25  0.1200000E+02  0.50000E+00    3       61    -4    -5     T
       27  0.1300000E+02  0.50000E+00    2       66    -4    -5     T
       29  0.1400000E+02  0.50000E+00    3       72    -4    -5     T
       31  0.1500000E+02  0.50000E+00    3       79    -4    -5     T
       33  0.1600000E+02  0.50000E+00    2       83    -4    -5     T
       35  0.1700000E+02  0.50000E+00    2       87    -4    -5     T
       37  0.1800000E+02  0.50000E+00    3       93    -4    -5     T
       39  0.1900000E+02  0.50000E+00    2       98    -4    -5     T
       41  0.2000000E+02  0.50000E+00    2      103    -4    -5     T
       43  0.2100000E+02  0.50000E+00    2      109    -4    -5     T
       45  0.2200000E+02  0.50000E+00    3      116    -4    -5     T
       47  0.2300000E+02  0.50000E+00    2      121    -4    -5     T
       49  0.2400000E+02  0.50000E+00    2      125    -4    -5     T
       51  0.2500000E+02  0.50000E+00    2      130    -4    -5     T
       53  0.2600000E+02  0.50000E+00    3      137    -4    -5     T
       55  0.2700000E+02  0.50000E+00    3      144    -4    -5     T
       57  0.2800000E+02  0.50000E+00    2      148    -4    -5     T
       59  0.2900000E+02  0.50000E+00    2      152    -4    -5     T
       61  0.3000000E+02  0.50000E+00    2      157    -4    -5     T
       63  0.3100000E+02  0.50000E+00    3      163    -4    -5     T
       65  0.3200000E+02  0.50000E+00    2      167    -4    -5     T
       67  0.3300000E+02  0.50000E+00    2      173    -4    -5     T
       69  0.3400000E+02  0.50000E+00    7      187    -4    -5     T
       73  0.3500000E+02  0.25000E+00    4      202    -4    -5     T
       80  0.3600000E+02  0.37037E-01    3      246     4    -5     T
       87  0.3700000E+02  0.19974E+00    2      261     4    -5     T
       90  0.3800000E+02  0.33333E+00    3      268     4    -5     T
       94  0.3900000E+02  0.16667E+00    2      287     4    -5     T
      102  0.4000000E+02  0.83550E-01    2      323     4    -5     T
      109  0.4100000E+02  0.19048E+00    2      347     4    -5     T
      120  0.4200000E+02  0.10289E+00    2      399     4    -5     T
      128  0.4300000E+02  0.18277E+00    2      425     4    -5     T
      131  0.4400000E+02  0.50000E+00    2      431     4    -5     T
      133  0.4500000E+02  0.50000E+00    2      435    -4    -5     T
      141  0.4600000E+02  0.22685E+00    2      473     4    -5     T
      144  0.4700000E+02  0.37500E+00    2      479     4    -5     T
      146  0.4800000E+02  0.50000E+00    2      483     4    -5     T
      148  0.4900000E+02  0.50000E+00    2      487     4    -5     T
      150  0.5000000E+02  0.50000E+00    2      491     4    -5     T
      152  0.5100000E+02  0.50000E+00    2      495     4    -5     T
      154  0.5200000E+02  0.50000E+00    4      502     4    -5     T
      156  0.5300000E+02  0.50000E+00    9      518    -4    -5     T
      159  0.5400000E+02  0.37500E+00    4      530    -4    -5     T
      162  0.5500000E+02  0.33333E+00    2      539    -4    -5     T
      171  0.5600000E+02  0.18056E+00    2      588     4    -5     T
      175  0.5700000E+02  0.26667E+00    2      598     4    -5     T
      178  0.5800000E+02  0.33333E+00    5      612     4    -5     T
      181  0.5900000E+02  0.33333E+00    4      623     4    -5     T
      183  0.6000000E+02  0.50000E+00    2      627     4    -5     T
      185  0.6100000E+02  0.50000E+00    2      631     4    -5     T
      187  0.6200000E+02  0.50000E+00    2      635     4    -5     T
      189  0.6300000E+02  0.50000E+00    2      639     4    -5     T
      191  0.6400000E+02  0.50000E+00    3      645    -4    -5     T
      195  0.6500000E+02  0.16667E+00    2      666     4    -5     T
      198  0.6600000E+02  0.37500E+00    2      672     4    -5     T
      200  0.6700000E+02  0.50000E+00    2      676     4    -5     T
      202  0.6800000E+02  0.50000E+00    2      680     4    -5     T
      204  0.6900000E+02  0.50000E+00    9      693    -4    -5     T
      209  0.7000000E+02  0.11111E+00    2      716     4    -5     T
      213  0.7100000E+02  0.26667E+00    2      724     4    -5     T
      215  0.7200000E+02  0.50000E+00    2      728     4    -5     T
      217  0.7300000E+02  0.50000E+00    2      732     4    -5     T
      219  0.7400000E+02  0.50000E+00    2      736     4    -5     T
      221  0.7500000E+02  0.50000E+00    2      740     4    -5     T
      223  0.7600000E+02  0.50000E+00    2      744     4    -5     T
      225  0.7700000E+02  0.50000E+00    2      748     4    -5     T
      227  0.7800000E+02  0.50000E+00    2      752     4    -5     T
      229  0.7900000E+02  0.50000E+00    2      756     4    -5     T
      231  0.8000000E+02  0.50000E+00    2      760     4    -5     T
      233  0.8100000E+02  0.50000E+00    2      764     4    -5     T
      235  0.8200000E+02  0.50000E+00    2      768     4    -5     T
      237  0.8300000E+02  0.50000E+00    2      772     4    -5     T
      239  0.8400000E+02  0.50000E+00    2      776     4    -5     T
      241  0.8500000E+02  0.50000E+00    2      780     4    -5     T
      243  0.8600000E+02  0.50000E+00    2      784     4    -5     T
      245  0.8700000E+02  0.50000E+00    3      791     4    -5     T
      247  0.8800000E+02  0.50000E+00    2      796     4    -5     T
      249  0.8900000E+02  0.50000E+00    2      801     4    -5     T
      251  0.9000000E+02  0.50000E+00    3      806     4    -5     T
      253  0.9100000E+02  0.50000E+00    8      820    -4    -5     T
      256  0.9200000E+02  0.44444E+00    3      834    -4    -5     T
      258  0.9300000E+02  0.50000E+00    3      840    -4    -5     T
      260  0.9400000E+02  0.50000E+00    3      846    -4    -5     T
      262  0.9500000E+02  0.50000E+00    3      851    -4    -5     T
      264  0.9600000E+02  0.50000E+00    3      856    -4    -5     T
      266  0.9700000E+02  0.50000E+00    2      860    -4    -5     T
      268  0.9800000E+02  0.50000E+00    2      864    -4    -5     T
      270  0.9900000E+02  0.50000E+00    2      868    -4    -5     T
      272  0.1000000E+03  0.50000E+00    2      872    -4    -5     T
      274  0.1010000E+03  0.50000E+00    2      876    -4    -5     T
      276  0.1020000E+03  0.50000E+00    2      880    -4    -5     T
      278  0.1030000E+03  0.50000E+00    2      884    -4    -5     T
      280  0.1040000E+03  0.50000E+00    2      888    -4    -5     T
      282  0.1050000E+03  0.50000E+00    2      892    -4    -5     T
      284  0.1060000E+03  0.50000E+00    2      896    -4    -5     T
      286  0.1070000E+03  0.50000E+00    2      900    -4    -5     T
      288  0.1080000E+03  0.50000E+00    2      904    -4    -5     T
      290  0.1090000E+03  0.50000E+00    2      908    -4    -5     T
      292  0.1100000E+03  0.50000E+00    2      912    -4    -5     T
      294  0.1110000E+03  0.50000E+00    2      916    -4    -5     T
      296  0.1120000E+03  0.50000E+00    2      920    -4    -5     T
      298  0.1130000E+03  0.50000E+00    2      924    -4    -5     T
      300  0.1140000E+03  0.50000E+00    2      928    -4    -5     T
      302  0.1150000E+03  0.50000E+00    2      932    -4    -5     T
      304  0.1160000E+03  0.50000E+00    2      936    -4    -5     T
      306  0.1170000E+03  0.50000E+00    2      940    -4    -5     T
      308  0.1180000E+03  0.50000E+00    2      944    -4    -5     T
      310  0.1190000E+03  0.50000E+00    2      948    -4    -5     T
      312  0.1200000E+03  0.50000E+00    2      952    -4    -5     T
      314  0.1210000E+03  0.50000E+00    3      957    -4    -5     T
      316  0.1220000E+03  0.50000E+00    2      962    -4    -5     T
      318  0.1230000E+03  0.50000E+00    2      966    -4    -5     T
      320  0.1240000E+03  0.50000E+00    2      970    -4    -5     T
      322  0.1250000E+03  0.50000E+00    2      974    -4    -5     T
      324  0.1260000E+03  0.50000E+00    2      978    -4    -5     T
      326  0.1270000E+03  0.50000E+00    2      982    -4    -5     T
      328  0.1280000E+03  0.50000E+00    2      986    -4    -5     T
      330  0.1290000E+03  0.50000E+00    2      990    -4    -5     T
      332  0.1300000E+03  0.50000E+00    2      994    -4    -5     T
      334  0.1310000E+03  0.50000E+00    2      998    -4    -5     T
      336  0.1320000E+03  0.50000E+00    2     1002    -4    -5     T
      338  0.1330000E+03  0.50000E+00    2     1006    -4    -5     T
      340  0.1340000E+03  0.50000E+00    2     1010    -4    -5     T
      342  0.1350000E+03  0.50000E+00    2     1014    -4    -5     T
      344  0.1360000E+03  0.50000E+00    2     1018    -4    -5     T
      346  0.1370000E+03  0.50000E+00    2     1022    -4    -5     T
      348  0.1380000E+03  0.50000E+00    2     1026    -4    -5     T
      350  0.1390000E+03  0.50000E+00    2     1030    -4    -5     T
      352  0.1400000E+03  0.50000E+00    2     1034    -4    -5     T
      354  0.1410000E+03  0.50000E+00    2     1038    -4    -5     T
      356  0.1420000E+03  0.50000E+00    2     1042    -4    -5     T
      358  0.1430000E+03  0.50000E+00    2     1046    -4    -5     T
      360  0.1440000E+03  0.50000E+00    2     1050    -4    -5     T
      362  0.1450000E+03  0.50000E+00    2     1054    -4    -5     T
      364  0.1460000E+03  0.50000E+00    2     1058    -4    -5     T
      366  0.1470000E+03  0.50000E+00    2     1062    -4    -5     T
      368  0.1480000E+03  0.50000E+00    2     1066    -4    -5     T
      370  0.1490000E+03  0.50000E+00    2     1070    -4    -5     T
      372  0.1500000E+03  0.50000E+00    2     1074    -4    -5     T
      374  0.1510000E+03  0.50000E+00    2     1078    -4    -5     T
      376  0.1520000E+03  0.50000E+00    2     1082    -4    -5     T
      378  0.1530000E+03  0.50000E+00    2     1086    -4    -5     T
      380  0.1540000E+03  0.50000E+00    2     1090    -4    -5     T
      382  0.1550000E+03  0.50000E+00    2     1094    -4    -5     T
      384  0.1560000E+03  0.50000E+00    2     1098    -4    -5     T
      386  0.1570000E+03  0.50000E+00    2     1102    -4    -5     T
      388  0.1580000E+03  0.50000E+00    2     1106    -4    -5     T
      390  0.1590000E+03  0.50000E+00    2     1110    -4    -5     T
      392  0.1600000E+03  0.50000E+00    2     1114    -4    -5     T
      394  0.1610000E+03  0.50000E+00    2     1118    -4    -5     T
      396  0.1620000E+03  0.50000E+00    2     1122    -4    -5     T
      398  0.1630000E+03  0.50000E+00    2     1126    -4    -5     T
      400  0.1640000E+03  0.50000E+00    2     1130    -4    -5     T
      402  0.1650000E+03  0.50000E+00    2     1134    -4    -5     T
      404  0.1660000E+03  0.50000E+00    2     1138    -4    -5     T
      406  0.1670000E+03  0.50000E+00    2     1142    -4    -5     T
      408  0.1680000E+03  0.50000E+00    2     1146    -4    -5     T
      410  0.1690000E+03  0.50000E+00    2     1150    -4    -5     T
      412  0.1700000E+03  0.50000E+00    2     1154    -4    -5     T
      414  0.1710000E+03  0.50000E+00    2     1158    -4    -5     T
      416  0.1720000E+03  0.50000E+00    2     1162    -4    -5     T
      418  0.1730000E+03  0.50000E+00    2     1166    -4    -5     T
      420  0.1740000E+03  0.50000E+00    2     1170    -4    -5     T
      422  0.1750000E+03  0.50000E+00    2     1174    -4    -5     T
      473  0.1760000E+03  0.30189E-01    4     1422    -4    -5     T
      496  0.1770000E+03  0.51004E-01    3     1512    -4    -5     T
      512  0.1780000E+03  0.61510E-01    4     1579    -4    -5     T
      524  0.1790000E+03  0.11716E+00    3     1624    -4    -5     T
      537  0.1800000E+03  0.10053E+00    6     1688    -4    -5     T
      546  0.1810000E+03  0.22756E+00    5     1727    -4    -5     T
      556  0.1820000E+03  0.12000E+00    4     1774    -4    -5     T
      563  0.1830000E+03  0.16667E+00    3     1803    -4    -5     T
      570  0.1840000E+03  0.17929E+00    4     1834    -4    -5     T
      576  0.1850000E+03  0.19048E+00    3     1855    -4    -5     T
      579  0.1860000E+03  0.33333E+00    3     1865    -4    -5     T
      581  0.1870000E+03  0.50000E+00    3     1872    -4    -5     T
      583  0.1880000E+03  0.50000E+00    3     1878    -4    -5     T
      585  0.1890000E+03  0.50000E+00    2     1882    -4    -5     T
      587  0.1900000E+03  0.50000E+00    2     1886    -4    -5     T
      589  0.1910000E+03  0.50000E+00    2     1890    -4    -5     T
      591  0.1920000E+03  0.50000E+00    2     1894    -4    -5     T
      593  0.1930000E+03  0.50000E+00    2     1898    -4    -5     T
      601  0.1940000E+03  0.11905E+00    4     1948    -4    -5     T
      608  0.1950000E+03  0.16667E+00    3     1970    -4    -5     T
      611  0.1960000E+03  0.33333E+00    4     1984    -4    -5     T
      614  0.1970000E+03  0.33333E+00    3     1994    -4    -5     T
      617  0.1980000E+03  0.33333E+00    2     2002    -4    -5     T
      620  0.1990000E+03  0.33333E+00    6     2021    -4    -5     T
      624  0.2000000E+03  0.25000E+00    3     2037    -4    -5     T
      628  0.2010000E+03  0.25000E+00    3     2053    -4    -5     T
      631  0.2020000E+03  0.33333E+00    2     2062    -4    -5     T
      633  0.2030000E+03  0.50000E+00    2     2066    -4    -5     T
      635  0.2040000E+03  0.50000E+00    2     2070    -4    -5     T
      637  0.2050000E+03  0.50000E+00    2     2074    -4    -5     T
      639  0.2060000E+03  0.50000E+00    2     2078    -4    -5     T
      641  0.2070000E+03  0.50000E+00    2     2082    -4    -5     T
      643  0.2080000E+03  0.50000E+00    2     2086    -4    -5     T
      645  0.2090000E+03  0.50000E+00    2     2090    -4    -5     T
      647  0.2100000E+03  0.50000E+00    2     2094    -4    -5     T
      649  0.2110000E+03  0.50000E+00    2     2098    -4    -5     T
      651  0.2120000E+03  0.50000E+00    2     2102    -4    -5     T
      653  0.2130000E+03  0.50000E+00    2     2106    -4    -5     T
      655  0.2140000E+03  0.50000E+00    2     2110    -4    -5     T
      657  0.2150000E+03  0.50000E+00    2     2114    -4    -5     T
      659  0.2160000E+03  0.50000E+00    2     2118    -4    -5     T
      661  0.2170000E+03  0.50000E+00    2     2122    -4    -5     T
      663  0.2180000E+03  0.50000E+00    2     2126    -4    -5     T
      665  0.2190000E+03  0.50000E+00    3     2131    -4    -5     T
      667  0.2200000E+03  0.50000E+00    2     2135    -4    -5     T
      669  0.2210000E+03  0.50000E+00    2     2139    -4    -5     T
      671  0.2220000E+03  0.50000E+00    2     2143    -4    -5     T
      673  0.2230000E+03  0.50000E+00    2     2147    -4    -5     T
      675  0.2240000E+03  0.50000E+00    2     2151    -4    -5     T
      677  0.2250000E+03  0.50000E+00    2     2155    -4    -5     T
      679  0.2260000E+03  0.50000E+00    2     2159    -4    -5     T
      681  0.2270000E+03  0.50000E+00    2     2163    -4    -5     T
      683  0.2280000E+03  0.50000E+00    2     2167    -4    -5     T
      685  0.2290000E+03  0.50000E+00    2     2171    -4    -5     T
      687  0.2300000E+03  0.50000E+00    2     2175    -4    -5     T
      689  0.2310000E+03  0.50000E+00    2     2179    -4    -5     T
      691  0.2320000E+03  0.50000E+00    2     2183    -4    -5     T
      693  0.2330000E+03  0.50000E+00    2     2187    -4    -5     T
      695  0.2340000E+03  0.50000E+00    2     2191    -4    -5     T
      697  0.2350000E+03  0.50000E+00    2     2195    -4    -5     T
      699  0.2360000E+03  0.50000E+00    2     2199    -4    -5     T
      701  0.2370000E+03  0.50000E+00    2     2203    -4    -5     T
      703  0.2380000E+03  0.50000E+00    2     2207    -4    -5     T
      705  0.2390000E+03  0.50000E+00    2     2211    -4    -5     T
      707  0.2400000E+03  0.50000E+00    2     2215    -4    -5     T
      709  0.2410000E+03  0.50000E+00    2     2219    -4    -5     T
      711  0.2420000E+03  0.50000E+00    2     2223    -4    -5     T
      713  0.2430000E+03  0.50000E+00    2     2227    -4    -5     T
      715  0.2440000E+03  0.50000E+00    2     2231    -4    -5     T
      717  0.2450000E+03  0.50000E+00    2     2235    -4    -5     T
      719  0.2460000E+03  0.50000E+00    2     2239    -4    -5     T
      721  0.2470000E+03  0.50000E+00    2     2243    -4    -5     T
      723  0.2480000E+03  0.50000E+00    2     2247    -4    -5     T
      725  0.2490000E+03  0.50000E+00    2     2251    -4    -5     T
      727  0.2500000E+03  0.50000E+00    2     2255    -4    -5     T
      729  0.2510000E+03  0.50000E+00    2     2259    -4    -5     T
      731  0.2520000E+03  0.50000E+00    2     2263    -4    -5     T
      733  0.2530000E+03  0.50000E+00    2     2267    -4    -5     T
      735  0.2540000E+03  0.50000E+00    2     2271    -4    -5     T
      737  0.2550000E+03  0.50000E+00    2     2275    -4    -5     T
      739  0.2560000E+03  0.50000E+00    2     2279    -4    -5     T
      741  0.2570000E+03  0.50000E+00    2     2283    -4    -5     T
      743  0.2580000E+03  0.50000E+00    2     2287    -4    -5     T
      745  0.2590000E+03  0.50000E+00    2     2291    -4    -5     T
      747  0.2600000E+03  0.50000E+00    2     2295    -4    -5     T
      749  0.2610000E+03  0.50000E+00    2     2299    -4    -5     T
      751  0.2620000E+03  0.50000E+00    2     2303    -4    -5     T
      753  0.2630000E+03  0.50000E+00    2     2307    -4    -5     T
      755  0.2640000E+03  0.50000E+00    2     2311    -4    -5     T
      757  0.2650000E+03  0.50000E+00    2     2315    -4    -5     T
      759  0.2660000E+03  0.50000E+00    2     2319    -4    -5     T
      761  0.2670000E+03  0.50000E+00    2     2323    -4    -5     T
      763  0.2680000E+03  0.50000E+00    2     2327    -4    -5     T
      765  0.2690000E+03  0.50000E+00    2     2331    -4    -5     T
      767  0.2700000E+03  0.50000E+00    2     2335    -4    -5     T
      769  0.2710000E+03  0.50000E+00    2     2339    -4    -5     T
      771  0.2720000E+03  0.50000E+00    2     2343    -4    -5     T
      773  0.2730000E+03  0.50000E+00    2     2347    -4    -5     T
      775  0.2740000E+03  0.50000E+00    2     2353    -4    -5     T
      787  0.2750000E+03  0.11357E+00    2     2417     4    -5     T
      791  0.2760000E+03  0.26667E+00    2     2425     4    -5     T
      793  0.2770000E+03  0.50000E+00    2     2429     4    -5     T
      795  0.2780000E+03  0.50000E+00    2     2433     4    -5     T
      797  0.2790000E+03  0.50000E+00    2     2437     4    -5     T
      799  0.2800000E+03  0.50000E+00    2     2441     4    -5     T
      801  0.2810000E+03  0.50000E+00    2     2445     4    -5     T
      803  0.2820000E+03  0.50000E+00    2     2449     4    -5     T
      805  0.2830000E+03  0.50000E+00    2     2453     4    -5     T
      807  0.2840000E+03  0.50000E+00    2     2457     4    -5     T
      809  0.2850000E+03  0.50000E+00    2     2461     4    -5     T
      811  0.2860000E+03  0.50000E+00    2     2465     4    -5     T
      813  0.2870000E+03  0.50000E+00    2     2469     4    -5     T
      815  0.2880000E+03  0.50000E+00    2     2473     4    -5     T
      817  0.2890000E+03  0.50000E+00    2     2477     4    -5     T
      819  0.2900000E+03  0.50000E+00    2     2481     4    -5     T
      821  0.2910000E+03  0.50000E+00    2     2485     4    -5     T
      823  0.2920000E+03  0.50000E+00    2     2489     4    -5     T
      825  0.2930000E+03  0.50000E+00    2     2493     4    -5     T
      827  0.2940000E+03  0.50000E+00    2     2497     4    -5     T
      829  0.2950000E+03  0.50000E+00    2     2501     4    -5     T
      831  0.2960000E+03  0.50000E+00    2     2505     4    -5     T
      833  0.2970000E+03  0.50000E+00    2     2509     4    -5     T
      835  0.2980000E+03  0.50000E+00    2     2513     4    -5     T
      837  0.2990000E+03  0.50000E+00    2     2517     4    -5     T
      839  0.3000000E+03  0.50000E+00    2     2521     4    -5     T
      841  0.3010000E+03  0.50000E+00    2     2525     4    -5     T
      843  0.3020000E+03  0.50000E+00    2     2529     4    -5     T
      845  0.3030000E+03  0.50000E+00    2     2533     4    -5     T
      847  0.3040000E+03  0.50000E+00    2     2537     4    -5     T
      849  0.3050000E+03  0.50000E+00    2     2541     4    -5     T
      851  0.3060000E+03  0.50000E+00    2     2545     4    -5     T
      853  0.3070000E+03  0.50000E+00    2     2549     4    -5     T
      855  0.3080000E+03  0.50000E+00    2     2553     4    -5     T
      857  0.3090000E+03  0.50000E+00    2     2557     4    -5     T
      859  0.3100000E+03  0.50000E+00    2     2561     4    -5     T
      861  0.3110000E+03  0.50000E+00    2     2565     4    -5     T
      863  0.3120000E+03  0.50000E+00    2     2569     4    -5     T
      865  0.3130000E+03  0.50000E+00    2     2573     4    -5     T
      867  0.3140000E+03  0.50000E+00    2     2577     4    -5     T
      869  0.3150000E+03  0.50000E+00    2     2581     4    -5     T
      871  0.3160000E+03  0.50000E+00    2     2585     4    -5     T
      873  0.3170000E+03  0.50000E+00    2     2589     4    -5     T
      875  0.3180000E+03  0.50000E+00    2     2593     4    -5     T
      877  0.3190000E+03  0.50000E+00    2     2597     4    -5     T
      879  0.3200000E+03  0.50000E+00    2     2601     4    -5     T
      881  0.3210000E+03  0.50000E+00    2     2605     4    -5     T
      883  0.3220000E+03  0.50000E+00    2     2609     4    -5     T
      885  0.3230000E+03  0.50000E+00    2     2613     4    -5     T
      887  0.3240000E+03  0.50000E+00    2     2617     4    -5     T
      889  0.3250000E+03  0.50000E+00    2     2621     4    -5     T
      891  0.3260000E+03  0.50000E+00    2     2625     4    -5     T
      893  0.3270000E+03  0.50000E+00    2     2629     4    -5     T
      895  0.3280000E+03  0.50000E+00    2     2633     4    -5     T
      897  0.3290000E+03  0.50000E+00    2     2637     4    -5     T
      899  0.3300000E+03  0.50000E+00    2     2641     4    -5     T
      901  0.3310000E+03  0.50000E+00    2     2645     4    -5     T
      903  0.3320000E+03  0.50000E+00    2     2649     4    -5     T
      905  0.3330000E+03  0.50000E+00    2     2653     4    -5     T
      907  0.3340000E+03  0.50000E+00    2     2657     4    -5     T
      909  0.3350000E+03  0.50000E+00    2     2661     4    -5     T
      911  0.3360000E+03  0.50000E+00    2     2665     4    -5     T
      913  0.3370000E+03  0.50000E+00    2     2669     4    -5     T
      915  0.3380000E+03  0.50000E+00    2     2673     4    -5     T
      917  0.3390000E+03  0.50000E+00    2     2677     4    -5     T
      919  0.3400000E+03  0.50000E+00    2     2681     4    -5     T
      921  0.3410000E+03  0.50000E+00    2     2685     4    -5     T
      923  0.3420000E+03  0.50000E+00    2     2689     4    -5     T
      925  0.3430000E+03  0.50000E+00    2     2693     4    -5     T
      927  0.3440000E+03  0.50000E+00    2     2697     4    -5     T
      929  0.3450000E+03  0.50000E+00    2     2701     4    -5     T
      931  0.3460000E+03  0.50000E+00    2     2705     4    -5     T
      933  0.3470000E+03  0.50000E+00    2     2709     4    -5     T
      935  0.3480000E+03  0.50000E+00    2     2713     4    -5     T
      937  0.3490000E+03  0.50000E+00    2     2717     4    -5     T
      939  0.3500000E+03  0.50000E+00    2     2721     4    -5     T
      941  0.3510000E+03  0.50000E+00    2     2725     4    -5     T
      943  0.3520000E+03  0.50000E+00    2     2729     4    -5     T
      945  0.3530000E+03  0.50000E+00    2     2733     4    -5     T
      947  0.3540000E+03  0.50000E+00    2     2737     4    -5     T
      949  0.3550000E+03  0.50000E+00    2     2741     4    -5     T
      951  0.3560000E+03  0.50000E+00    2     2745     4    -5     T
      953  0.3570000E+03  0.50000E+00    2     2749     4    -5     T
      955  0.3580000E+03  0.50000E+00    2     2753     4    -5     T
      957  0.3590000E+03  0.50000E+00    2     2757     4    -5     T
      959  0.3600000E+03  0.50000E+00    2     2761     4    -5     T
      961  0.3610000E+03  0.50000E+00    2     2765     4    -5     T
      963  0.3620000E+03  0.50000E+00    2     2769     4    -5     T
      965  0.3630000E+03  0.50000E+00    2     2773     4    -5     T
      967  0.3640000E+03  0.50000E+00    2     2777     4    -5     T
      969  0.3650000E+03  0.50000E+00    2     2781     4    -5     T
      971  0.3660000E+03  0.50000E+00    2     2785     4    -5     T
      973  0.3670000E+03  0.50000E+00    2     2789     4    -5     T
      975  0.3680000E+03  0.50000E+00    2     2793     4    -5     T
      977  0.3690000E+03  0.50000E+00    2     2797     4    -5     T
      979  0.3700000E+03  0.50000E+00    2     2801     4    -5     T
      981  0.3710000E+03  0.50000E+00    2     2805     4    -5     T
      983  0.3720000E+03  0.50000E+00    2     2809     4    -5     T
      985  0.3730000E+03  0.50000E+00    2     2813     4    -5     T
      987  0.3740000E+03  0.50000E+00    2     2817     4    -5     T
      989  0.3750000E+03  0.50000E+00    2     2821     4    -5     T
      991  0.3760000E+03  0.50000E+00    2     2825     4    -5     T
      993  0.3770000E+03  0.50000E+00    2     2829     4    -5     T
      995  0.3780000E+03  0.50000E+00    2     2833     4    -5     T
      997  0.3790000E+03  0.50000E+00    2     2837     4    -5     T
      999  0.3800000E+03  0.50000E+00    2     2841     4    -5     T
     1001  0.3810000E+03  0.50000E+00    2     2845     4    -5     T
     1003  0.3820000E+03  0.50000E+00    2     2849     4    -5     T
     1005  0.3830000E+03  0.50000E+00    2     2853     4    -5     T
     1007  0.3840000E+03  0.50000E+00    2     2857     4    -5     T
     1009  0.3850000E+03  0.50000E+00    2     2861     4    -5     T
     1011  0.3860000E+03  0.50000E+00    2     2865     4    -5     T
     1013  0.3870000E+03  0.50000E+00    2     2869     4    -5     T
     1015  0.3880000E+03  0.50000E+00    2     2873     4    -5     T
     1017  0.3890000E+03  0.50000E+00    2     2877     4    -5     T
     1019  0.3900000E+03  0.50000E+00    2     2881     4    -5     T
     1021  0.3910000E+03  0.50000E+00    2     2885     4    -5     T
     1023  0.3920000E+03  0.50000E+00    2     2889     4    -5     T
     1025  0.3930000E+03  0.50000E+00    2     2893     4    -5     T
     1027  0.3940000E+03  0.50000E+00    2     2897     4    -5     T
     1029  0.3950000E+03  0.50000E+00    2     2901     4    -5     T
     1031  0.3960000E+03  0.50000E+00    2     2905     4    -5     T
     1033  0.3970000E+03  0.50000E+00    2     2909     4    -5     T
     1035  0.3980000E+03  0.50000E+00    2     2913     4    -5     T
     1037  0.3990000E+03  0.50000E+00    2     2917     4    -5     T
     1039  0.4000000E+03  0.50000E+00    2     2921     4    -5     T
     1041  0.4010000E+03  0.50000E+00    2     2925     4    -5     T
     1043  0.4020000E+03  0.50000E+00    2     2929     4    -5     T
     1045  0.4030000E+03  0.50000E+00    2     2933     4    -5     T
     1047  0.4040000E+03  0.50000E+00    2     2937     4    -5     T
     1049  0.4050000E+03  0.50000E+00    2     2941     4    -5     T
     1051  0.4060000E+03  0.50000E+00    2     2945     4    -5     T
     1053  0.4070000E+03  0.50000E+00    2     2949     4    -5     T
     1055  0.4080000E+03  0.50000E+00    2     2953     4    -5     T
     1057  0.4090000E+03  0.50000E+00    2     2957     4    -5     T
     1059  0.4100000E+03  0.50000E+00    2     2961     4    -5     T
     1061  0.4110000E+03  0.50000E+00    2     2965     4    -5     T
     1063  0.4120000E+03  0.50000E+00    2     2969     4    -5     T
     1065  0.4130000E+03  0.50000E+00    2     2973     4    -5     T
     1067  0.4140000E+03  0.50000E+00    2     2977     4    -5     T
     1069  0.4150000E+03  0.50000E+00    2     2981     4    -5     T
     1071  0.4160000E+03  0.50000E+00    2     2985     4    -5     T
     1073  0.4170000E+03  0.50000E+00    2     2989     4    -5     T
     1075  0.4180000E+03  0.50000E+00    2     2993     4    -5     T
     1077  0.4190000E+03  0.50000E+00    2     2997     4    -5     T
     1079  0.4200000E+03  0.50000E+00    2     3001     4    -5     T
     1081  0.4210000E+03  0.50000E+00    2     3005     4    -5     T
     1083  0.4220000E+03  0.50000E+00    2     3009     4    -5     T
     1085  0.4230000E+03  0.50000E+00    2     3013     4    -5     T
     1087  0.4240000E+03  0.50000E+00    2     3017     4    -5     T
     1089  0.4250000E+03  0.50000E+00    2     3021     4    -5     T
     1091  0.4260000E+03  0.50000E+00    2     3025     4    -5     T
     1093  0.4270000E+03  0.50000E+00    2     3029     4    -5     T
     1095  0.4280000E+03  0.50000E+00    2     3033     4    -5     T
     1097  0.4290000E+03  0.50000E+00    2     3037     4    -5     T
     1099  0.4300000E+03  0.50000E+00    2     3041     4    -5     T
     1101  0.4310000E+03  0.50000E+00    2     3045     4    -5     T
     1103  0.4320000E+03  0.50000E+00    2     3049     4    -5     T
     1105  0.4330000E+03  0.50000E+00    2     3053     4    -5     T
     1107  0.4340000E+03  0.50000E+00    2     3057     4    -5     T
     1109  0.4350000E+03  0.50000E+00    2     3061     4    -5     T
     1111  0.4360000E+03  0.50000E+00    2     3065     4    -5     T
     1113  0.4370000E+03  0.50000E+00    2     3069     4    -5     T
     1115  0.4380000E+03  0.50000E+00    2     3073     4    -5     T
     1117  0.4390000E+03  0.50000E+00    2     3077     4    -5     T
     1119  0.4400000E+03  0.50000E+00    2     3081     4    -5     T
     1121  0.4410000E+03  0.50000E+00    2     3085     4    -5     T
     1123  0.4420000E+03  0.50000E+00    2     3089     4    -5     T
     1125  0.4430000E+03  0.50000E+00    2     3093     4    -5     T
     1127  0.4440000E+03  0.50000E+00    2     3097     4    -5     T
     1129  0.4450000E+03  0.50000E+00    2     3101     4    -5     T
     1131  0.4460000E+03  0.50000E+00    2     3105     4    -5     T
     1133  0.4470000E+03  0.50000E+00    2     3109     4    -5     T
     1135  0.4480000E+03  0.50000E+00    2     3113     4    -5     T
     1137  0.4490000E+03  0.50000E+00    2     3117     4    -5     T
     1139  0.4500000E+03  0.50000E+00    2     3121     4    -5     T
     1141  0.4510000E+03  0.50000E+00    2     3125     4    -5     T
     1143  0.4520000E+03  0.50000E+00    2     3129     4    -5     T
     1145  0.4530000E+03  0.50000E+00    2     3133     4    -5     T
     1147  0.4540000E+03  0.50000E+00    2     3137     4    -5     T
     1149  0.4550000E+03  0.50000E+00    2     3141     4    -5     T
     1151  0.4560000E+03  0.50000E+00    2     3145     4    -5     T
     1153  0.4570000E+03  0.50000E+00    4     3151    -4    -5     T
     1155  0.4580000E+03  0.50000E+00    3     3156    -4    -5     T
     1157  0.4590000E+03  0.50000E+00    2     3160    -4    -5     T
     1159  0.4600000E+03  0.50000E+00    2     3164    -4    -5     T
     1161  0.4610000E+03  0.50000E+00    2     3168    -4    -5     T
     1163  0.4620000E+03  0.50000E+00    2     3172    -4    -5     T
     1165  0.4630000E+03  0.50000E+00    2     3176    -4    -5     T
     1167  0.4640000E+03  0.50000E+00    2     3180    -4    -5     T
     1169  0.4650000E+03  0.50000E+00    2     3184    -4    -5     T
     1171  0.4660000E+03  0.50000E+00    2     3188    -4    -5     T
     1173  0.4670000E+03  0.50000E+00    2     3192    -4    -5     T
     1175  0.4680000E+03  0.50000E+00    2     3196    -4    -5     T
     1177  0.4690000E+03  0.50000E+00    2     3200    -4    -5     T
     1179  0.4700000E+03  0.50000E+00    2     3204    -4    -5     T
     1181  0.4710000E+03  0.50000E+00    2     3208    -4    -5     T
     1183  0.4720000E+03  0.50000E+00    2     3212    -4    -5     T
     1185  0.4730000E+03  0.50000E+00    2     3216    -4    -5     T
     1187  0.4740000E+03  0.50000E+00    2     3220    -4    -5     T
     1189  0.4750000E+03  0.50000E+00    2     3224    -4    -5     T
     1191  0.4760000E+03  0.50000E+00    2     3228    -4    -5     T
     1193  0.4770000E+03  0.50000E+00    2     3232    -4    -5     T
     1195  0.4780000E+03  0.50000E+00    2     3236    -4    -5     T
     1197  0.4790000E+03  0.50000E+00    2     3240    -4    -5     T
     1199  0.4800000E+03  0.50000E+00    2     3244    -4    -5     T
     1201  0.4810000E+03  0.50000E+00    2     3248    -4    -5     T
     1203  0.4820000E+03  0.50000E+00    2     3252    -4    -5     T
     1205  0.4830000E+03  0.50000E+00    2     3256    -4    -5     T
     1207  0.4840000E+03  0.50000E+00    2     3260    -4    -5     T
     1209  0.4850000E+03  0.50000E+00    2     3264    -4    -5     T
     1211  0.4860000E+03  0.50000E+00    2     3268    -4    -5     T
     1213  0.4870000E+03  0.50000E+00    2     3272    -4    -5     T
     1215  0.4880000E+03  0.50000E+00    2     3276    -4    -5     T
     1217  0.4890000E+03  0.50000E+00    2     3280    -4    -5     T
     1219  0.4900000E+03  0.50000E+00    2     3284    -4    -5     T
     1221  0.4910000E+03  0.50000E+00    2     3288    -4    -5     T
     1223  0.4920000E+03  0.50000E+00    2     3292    -4    -5     T
     1225  0.4930000E+03  0.50000E+00    2     3296    -4    -5     T
     1227  0.4940000E+03  0.50000E+00    2     3300    -4    -5     T
     1229  0.4950000E+03  0.50000E+00    2     3304    -4    -5     T
     1231  0.4960000E+03  0.50000E+00    2     3308    -4    -5     T
     1233  0.4970000E+03  0.50000E+00    2     3312    -4    -5     T
     1235  0.4980000E+03  0.50000E+00    2     3316    -4    -5     T
     1237  0.4990000E+03  0.50000E+00    2     3320    -4    -5     T
     1239  0.5000000E+03  0.50000E+00    2     3324    -4    -5     T
     1241  0.5010000E+03  0.50000E+00    2     3328    -4    -5     T
     1243  0.5020000E+03  0.50000E+00    2     3332    -4    -5     T
     1245  0.5030000E+03  0.50000E+00    2     3336    -4    -5     T
     1247  0.5040000E+03  0.50000E+00    2     3340    -4    -5     T
     1249  0.5050000E+03  0.50000E+00    2     3344    -4    -5     T
     1251  0.5060000E+03  0.50000E+00    2     3348    -4    -5     T
     1253  0.5070000E+03  0.50000E+00    2     3352    -4    -5     T
     1255  0.5080000E+03  0.50000E+00    2     3356    -4    -5     T
     1257  0.5090000E+03  0.50000E+00    2     3360    -4    -5     T
     1259  0.5100000E+03  0.50000E+00    2     3364    -4    -5     T
     1261  0.5110000E+03  0.50000E+00    2     3368    -4    -5     T
     1263  0.5120000E+03  0.50000E+00    2     3372    -4    -5     T
     1265  0.5130000E+03  0.50000E+00    2     3376    -4    -5     T
     1267  0.5140000E+03  0.50000E+00    2     3380    -4    -5     T
     1269  0.5150000E+03  0.50000E+00    2     3384    -4    -5     T
     1271  0.5160000E+03  0.50000E+00    2     3388    -4    -5     T
     1273  0.5170000E+03  0.50000E+00    2     3392    -4    -5     T
     1275  0.5180000E+03  0.50000E+00    2     3396    -4    -5     T
     1277  0.5190000E+03  0.50000E+00    2     3400    -4    -5     T
     1279  0.5200000E+03  0.50000E+00    2     3404    -4    -5     T
     1281  0.5210000E+03  0.50000E+00    2     3408    -4    -5     T
     1283  0.5220000E+03  0.50000E+00    2     3412    -4    -5     T
     1285  0.5230000E+03  0.50000E+00    2     3416    -4    -5     T
     1287  0.5240000E+03  0.50000E+00    2     3420    -4    -5     T
     1289  0.5250000E+03  0.50000E+00    2     3424    -4    -5     T
     1291  0.5260000E+03  0.50000E+00    2     3428    -4    -5     T
     1293  0.5270000E+03  0.50000E+00    2     3432    -4    -5     T
     1295  0.5280000E+03  0.50000E+00    2     3436    -4    -5     T
     1336  0.5290000E+03  0.39883E-01    3     3640    -4    -5     T
     1354  0.5300000E+03  0.56618E-01    4     3713    -4    -5     T
     1369  0.5310000E+03  0.72886E-01    4     3773    -4    -5     T
     1383  0.5320000E+03  0.71802E-01    4     3829    -4    -5     T
     1395  0.5330000E+03  0.89752E-01    4     3876    -4    -5     T
     1408  0.5340000E+03  0.60557E-01    6     3951    -4    -5     T
     1424  0.5350000E+03  0.10841E+00    4     4019    -4    -5     T
     1430  0.5360000E+03  0.32143E+00    5     4041    -4    -5     T
     1434  0.5370000E+03  0.26667E+00    3     4053    -4    -5     T
     1436  0.5380000E+03  0.50000E+00    3     4060    -4    -5     T
     1438  0.5390000E+03  0.50000E+00    3     4066    -4    -5     T
     1440  0.5400000E+03  0.50000E+00    3     4071    -4    -5     T
     1442  0.5410000E+03  0.50000E+00    2     4075    -4    -5     T
     1444  0.5420000E+03  0.50000E+00    2     4079    -4    -5     T
     1446  0.5430000E+03  0.50000E+00    2     4083    -4    -5     T
     1448  0.5440000E+03  0.50000E+00    2     4087    -4    -5     T
     1450  0.5450000E+03  0.50000E+00    3     4092    -4    -5     T
     1452  0.5460000E+03  0.50000E+00    3     4097    -4    -5     T
     1454  0.5470000E+03  0.50000E+00    2     4101    -4    -5     T
     1456  0.5480000E+03  0.50000E+00    2     4105    -4    -5     T
     1488  0.5490000E+03  0.47660E-01    4     4261    -4    -5     T
     1498  0.5500000E+03  0.28206E+00    4     4297    -4    -5     T
     1520  0.5510000E+03  0.44189E-01    4     4409    -4    -5     T
     1532  0.5520000E+03  0.13633E+00    3     4450    -4    -5     T
     1542  0.5530000E+03  0.11905E+00    6     4503    -4    -5     T
     1549  0.5540000E+03  0.20833E+00    4     4532    -4    -5     T
     1557  0.5550000E+03  0.11905E+00    3     4569    -4    -5     T
     1563  0.5560000E+03  0.16667E+00    2     4591    -4    -5     T
     1570  0.5570000E+03  0.16000E+00    4     4627    -4    -5     T
     1576  0.5580000E+03  0.19216E+00    3     4648    -4    -5     T
     1579  0.5590000E+03  0.33333E+00    4     4660    -4    -5     T
     1582  0.5600000E+03  0.33333E+00    3     4669    -4    -5     T
     1584  0.5610000E+03  0.50000E+00    3     4676    -4    -5     T
     1586  0.5620000E+03  0.50000E+00    3     4682    -4    -5     T
     1588  0.5630000E+03  0.50000E+00    2     4686    -4    -5     T
     1590  0.5640000E+03  0.50000E+00    2     4690    -4    -5     T
     1592  0.5650000E+03  0.50000E+00    2     4694    -4    -5     T
     1594  0.5660000E+03  0.50000E+00    2     4698    -4    -5     T
     1596  0.5670000E+03  0.50000E+00    2     4702    -4    -5     T
     1598  0.5680000E+03  0.50000E+00    2     4706    -4    -5     T
     1600  0.5690000E+03  0.50000E+00    2     4710    -4    -5     T
     1602  0.5700000E+03  0.50000E+00    3     4715    -4    -5     T
     1604  0.5710000E+03  0.50000E+00    3     4720    -4    -5     T
     1606  0.5720000E+03  0.50000E+00    2     4724    -4    -5     T
     1608  0.5730000E+03  0.50000E+00    2     4728    -4    -5     T
     1610  0.5740000E+03  0.50000E+00    2     4732    -4    -5     T
     1612  0.5750000E+03  0.50000E+00    2     4736    -4    -5     T
     1614  0.5760000E+03  0.50000E+00    2     4740    -4    -5     T
     1616  0.5770000E+03  0.50000E+00    2     4744    -4    -5     T
     1618  0.5780000E+03  0.50000E+00    2     4748    -4    -5     T
     1620  0.5790000E+03  0.50000E+00    2     4752    -4    -5     T
     1622  0.5800000E+03  0.50000E+00    2     4756    -4    -5     T
     1624  0.5810000E+03  0.50000E+00    2     4760    -4    -5     T
     1626  0.5820000E+03  0.50000E+00    2     4764    -4    -5     T
     1628  0.5830000E+03  0.50000E+00    2     4768    -4    -5     T
     1630  0.5840000E+03  0.50000E+00    2     4772    -4    -5     T
     1632  0.5850000E+03  0.50000E+00    2     4776    -4    -5     T
     1634  0.5860000E+03  0.50000E+00    2     4780    -4    -5     T
     1636  0.5870000E+03  0.50000E+00    2     4784    -4    -5     T
     1638  0.5880000E+03  0.50000E+00    2     4788    -4    -5     T
     1640  0.5890000E+03  0.50000E+00    2     4792    -4    -5     T
     1642  0.5900000E+03  0.50000E+00    2     4796    -4    -5     T
     1644  0.5910000E+03  0.50000E+00    2     4800    -4    -5     T
     1646  0.5920000E+03  0.50000E+00    2     4804    -4    -5     T
     1648  0.5930000E+03  0.50000E+00    2     4808    -4    -5     T
     1650  0.5940000E+03  0.50000E+00    2     4812    -4    -5     T
     1652  0.5950000E+03  0.50000E+00    2     4816    -4    -5     T
     1654  0.5960000E+03  0.50000E+00    2     4820    -4    -5     T
     1656  0.5970000E+03  0.50000E+00    2     4824    -4    -5     T
     1658  0.5980000E+03  0.50000E+00    2     4828    -4    -5     T
     1660  0.5990000E+03  0.50000E+00    2     4832    -4    -5     T
     1662  0.6000000E+03  0.50000E+00    2     4836    -4    -5     T
     1664  0.6010000E+03  0.50000E+00    2     4840    -4    -5     T
     1666  0.6020000E+03  0.50000E+00    2     4844    -4    -5     T
     1668  0.6030000E+03  0.50000E+00    2     4848    -4    -5     T
     1670  0.6040000E+03  0.50000E+00    2     4852    -4    -5     T
     1672  0.6050000E+03  0.50000E+00    2     4856    -4    -5     T
     1674  0.6060000E+03  0.50000E+00    2     4860    -4    -5     T
     1676  0.6070000E+03  0.50000E+00    2     4864    -4    -5     T
     1678  0.6080000E+03  0.50000E+00    2     4868    -4    -5     T
     1680  0.6090000E+03  0.50000E+00    2     4872    -4    -5     T
     1682  0.6100000E+03  0.50000E+00    2     4876    -4    -5     T
     1684  0.6110000E+03  0.50000E+00    2     4880    -4    -5     T
     1686  0.6120000E+03  0.50000E+00    2     4884    -4    -5     T
     1688  0.6130000E+03  0.50000E+00    2     4888    -4    -5     T
     1690  0.6140000E+03  0.50000E+00    2     4892    -4    -5     T
     1692  0.6150000E+03  0.50000E+00    2     4896    -4    -5     T
     1694  0.6160000E+03  0.50000E+00    2     4900    -4    -5     T
     1696  0.6170000E+03  0.50000E+00    2     4904    -4    -5     T
     1698  0.6180000E+03  0.50000E+00    2     4908    -4    -5     T
     1700  0.6190000E+03  0.50000E+00    2     4912    -4    -5     T
     1702  0.6200000E+03  0.50000E+00    2     4916    -4    -5     T
     1704  0.6210000E+03  0.50000E+00    2     4920    -4    -5     T
     1706  0.6220000E+03  0.50000E+00    2     4924    -4    -5     T
     1708  0.6230000E+03  0.50000E+00    2     4928    -4    -5     T
     1710  0.6240000E+03  0.50000E+00    2     4932    -4    -5     T
     1712  0.6250000E+03  0.50000E+00    2     4936    -4    -5     T
     1714  0.6260000E+03  0.50000E+00    2     4940    -4    -5     T
     1716  0.6270000E+03  0.50000E+00    2     4944    -4    -5     T
     1718  0.6280000E+03  0.50000E+00    2     4948    -4    -5     T
     1720  0.6290000E+03  0.50000E+00    2     4952    -4    -5     T
     1722  0.6300000E+03  0.50000E+00    2     4956    -4    -5     T
     1724  0.6310000E+03  0.50000E+00    2     4960    -4    -5     T
     1726  0.6320000E+03  0.50000E+00    2     4964    -4    -5     T
     1728  0.6330000E+03  0.50000E+00    2     4968    -4    -5     T
     1730  0.6340000E+03  0.50000E+00    2     4972    -4    -5     T
     1732  0.6350000E+03  0.50000E+00    2     4976    -4    -5     T
     1734  0.6360000E+03  0.50000E+00    2     4980    -4    -5     T
     1736  0.6370000E+03  0.50000E+00    2     4984    -4    -5     T
     1738  0.6380000E+03  0.50000E+00    2     4988    -4    -5     T
     1740  0.6390000E+03  0.50000E+00    2     4992    -4    -5     T
     1749  0.6400000E+03  0.13481E+00    2     5035     4    -5     T
     1753  0.6410000E+03  0.26667E+00    2     5043     4    -5     T
     1755  0.6420000E+03  0.50000E+00    2     5048     4    -5     T
     1757  0.6430000E+03  0.50000E+00    2     5052     4    -5     T
     1759  0.6440000E+03  0.50000E+00    2     5056     4    -5     T
     1761  0.6450000E+03  0.50000E+00    2     5060     4    -5     T
     1763  0.6460000E+03  0.50000E+00    2     5064     4    -5     T
     1765  0.6470000E+03  0.50000E+00    2     5068     4    -5     T
     1767  0.6480000E+03  0.50000E+00    2     5072     4    -5     T
     1769  0.6490000E+03  0.50000E+00    2     5076     4    -5     T
     1771  0.6500000E+03  0.50000E+00    2     5080     4    -5     T
     1773  0.6510000E+03  0.50000E+00    2     5084     4    -5     T
     1775  0.6520000E+03  0.50000E+00    2     5088     4    -5     T
     1777  0.6530000E+03  0.50000E+00    2     5092     4    -5     T
     1779  0.6540000E+03  0.50000E+00    2     5096     4    -5     T
     1781  0.6550000E+03  0.50000E+00    2     5100     4    -5     T
     1783  0.6560000E+03  0.50000E+00    2     5104     4    -5     T
     1785  0.6570000E+03  0.50000E+00    2     5108     4    -5     T
     1787  0.6580000E+03  0.50000E+00    2     5112     4    -5     T
     1789  0.6590000E+03  0.50000E+00    2     5116     4    -5     T
     1791  0.6600000E+03  0.50000E+00    2     5120     4    -5     T
     1793  0.6610000E+03  0.50000E+00    2     5124     4    -5     T
     1795  0.6620000E+03  0.50000E+00    2     5128     4    -5     T
     1797  0.6630000E+03  0.50000E+00    2     5132     4    -5     T
     1799  0.6640000E+03  0.50000E+00    2     5136     4    -5     T
     1801  0.6650000E+03  0.50000E+00    2     5140     4    -5     T
     1803  0.6660000E+03  0.50000E+00    2     5144     4    -5     T
     1805  0.6670000E+03  0.50000E+00    2     5148     4    -5     T
     1807  0.6680000E+03  0.50000E+00    2     5152     4    -5     T
     1809  0.6690000E+03  0.50000E+00    2     5156     4    -5     T
     1811  0.6700000E+03  0.50000E+00    2     5160     4    -5     T
     1813  0.6710000E+03  0.50000E+00    2     5164     4    -5     T
     1815  0.6720000E+03  0.50000E+00    2     5168     4    -5     T
     1817  0.6730000E+03  0.50000E+00    2     5172     4    -5     T
     1819  0.6740000E+03  0.50000E+00    2     5176     4    -5     T
     1821  0.6750000E+03  0.50000E+00    2     5180     4    -5     T
     1823  0.6760000E+03  0.50000E+00    2     5184     4    -5     T
     1825  0.6770000E+03  0.50000E+00    2     5188     4    -5     T
     1827  0.6780000E+03  0.50000E+00    2     5192     4    -5     T
     1829  0.6790000E+03  0.50000E+00    2     5196     4    -5     T
     1831  0.6800000E+03  0.50000E+00    2     5200     4    -5     T
     1833  0.6810000E+03  0.50000E+00    2     5204     4    -5     T
     1835  0.6820000E+03  0.50000E+00    2     5208     4    -5     T
     1837  0.6830000E+03  0.50000E+00    2     5212     4    -5     T
     1839  0.6840000E+03  0.50000E+00    2     5216     4    -5     T
     1841  0.6850000E+03  0.50000E+00    2     5220     4    -5     T
     1843  0.6860000E+03  0.50000E+00    2     5224     4    -5     T
     1845  0.6870000E+03  0.50000E+00    2     5228     4    -5     T
     1847  0.6880000E+03  0.50000E+00    2     5232     4    -5     T
     1849  0.6890000E+03  0.50000E+00    2     5236     4    -5     T
     1851  0.6900000E+03  0.50000E+00    2     5240     4    -5     T
     1853  0.6910000E+03  0.50000E+00    2     5244     4    -5     T
     1855  0.6920000E+03  0.50000E+00    2     5248     4    -5     T
     1857  0.6930000E+03  0.50000E+00    2     5252     4    -5     T
     1859  0.6940000E+03  0.50000E+00    2     5256     4    -5     T
     1861  0.6950000E+03  0.50000E+00    2     5260     4    -5     T
     1863  0.6960000E+03  0.50000E+00    2     5264     4    -5     T
     1865  0.6970000E+03  0.50000E+00    2     5268     4    -5     T
     1867  0.6980000E+03  0.50000E+00    2     5272     4    -5     T
     1869  0.6990000E+03  0.50000E+00    2     5276     4    -5     T
     1871  0.7000000E+03  0.50000E+00    2     5280     4    -5     T
     1873  0.7010000E+03  0.50000E+00    2     5284     4    -5     T
     1875  0.7020000E+03  0.50000E+00    2     5288     4    -5     T
     1877  0.7030000E+03  0.50000E+00    2     5292     4    -5     T
     1879  0.7040000E+03  0.50000E+00    2     5296     4    -5     T
     1881  0.7050000E+03  0.50000E+00    2     5300     4    -5     T
     1883  0.7060000E+03  0.50000E+00    2     5304     4    -5     T
     1885  0.7070000E+03  0.50000E+00    2     5308     4    -5     T
     1887  0.7080000E+03  0.50000E+00    2     5312     4    -5     T
     1889  0.7090000E+03  0.50000E+00    2     5316     4    -5     T
     1891  0.7100000E+03  0.50000E+00    2     5320     4    -5     T
     1893  0.7110000E+03  0.50000E+00    2     5324     4    -5     T
     1895  0.7120000E+03  0.50000E+00    2     5328     4    -5     T
     1897  0.7130000E+03  0.50000E+00    2     5332     4    -5     T
     1899  0.7140000E+03  0.50000E+00    2     5336     4    -5     T
     1901  0.7150000E+03  0.50000E+00    2     5340     4    -5     T
     1903  0.7160000E+03  0.50000E+00    2     5344     4    -5     T
     1905  0.7170000E+03  0.50000E+00    2     5348     4    -5     T
     1907  0.7180000E+03  0.50000E+00    2     5352     4    -5     T
     1909  0.7190000E+03  0.50000E+00    2     5356     4    -5     T
     1911  0.7200000E+03  0.50000E+00    2     5360     4    -5     T
     1913  0.7210000E+03  0.50000E+00    2     5364     4    -5     T
     1915  0.7220000E+03  0.50000E+00    2     5368     4    -5     T
     1917  0.7230000E+03  0.50000E+00    2     5372     4    -5     T
     1919  0.7240000E+03  0.50000E+00    2     5376     4    -5     T
     1921  0.7250000E+03  0.50000E+00    2     5380     4    -5     T
     1923  0.7260000E+03  0.50000E+00    2     5384     4    -5     T
     1925  0.7270000E+03  0.50000E+00    2     5388     4    -5     T
     1927  0.7280000E+03  0.50000E+00    2     5392     4    -5     T
     1929  0.7290000E+03  0.50000E+00    2     5396     4    -5     T
     1931  0.7300000E+03  0.50000E+00    2     5400     4    -5     T
     1933  0.7310000E+03  0.50000E+00    2     5404    -4    -5     T
     1935  0.7320000E+03  0.50000E+00    2     5410     4    -5     T
     1937  0.7330000E+03  0.50000E+00    2     5414     4    -5     T
     1939  0.7340000E+03  0.50000E+00    2     5418     4    -5     T
     1941  0.7350000E+03  0.50000E+00    2     5422     4    -5     T
     1943  0.7360000E+03  0.50000E+00    2     5426     4    -5     T
     1945  0.7370000E+03  0.50000E+00    2     5430     4    -5     T
     1947  0.7380000E+03  0.50000E+00    2     5434     4    -5     T
     1949  0.7390000E+03  0.50000E+00    2     5438     4    -5     T
     1951  0.7400000E+03  0.50000E+00    2     5442     4    -5     T
     1953  0.7410000E+03  0.50000E+00    2     5446     4    -5     T
     1955  0.7420000E+03  0.50000E+00    2     5450     4    -5     T
     1957  0.7430000E+03  0.50000E+00    2     5454     4    -5     T
     1959  0.7440000E+03  0.50000E+00    2     5458     4    -5     T
     1961  0.7450000E+03  0.50000E+00    2     5462     4    -5     T
     1963  0.7460000E+03  0.50000E+00    2     5466     4    -5     T
     1965  0.7470000E+03  0.50000E+00    2     5470     4    -5     T
     1967  0.7480000E+03  0.50000E+00    2     5474     4    -5     T
     1969  0.7490000E+03  0.50000E+00    2     5478     4    -5     T
     1971  0.7500000E+03  0.50000E+00    2     5482     4    -5     T
     1973  0.7510000E+03  0.50000E+00    2     5486     4    -5     T
     1975  0.7520000E+03  0.50000E+00    2     5490     4    -5     T
     1977  0.7530000E+03  0.50000E+00    2     5494     4    -5     T
     1979  0.7540000E+03  0.50000E+00    2     5498     4    -5     T
     1981  0.7550000E+03  0.50000E+00    2     5502     4    -5     T
     1983  0.7560000E+03  0.50000E+00    2     5506     4    -5     T
end
