

   Time         sum(rTop)     sum(rRoot)    sum(vTop)     sum(vRoot)     sum(vBot)    hTop       hRoot      hBot      A-level
    [T]           [L]           [L]           [L]           [L]            [L]        [L]         [L]       [L] 

     1.00000  0.000000E+00  0.000000E+00 -0.370019E-08  0.000000E+00 -0.606477E-05    -15.007     -7.550    -15.004       1
     2.00000  0.355600E-01  0.000000E+00  0.355600E-01  0.000000E+00 -0.121146E-04    -35.280     -7.550    -15.007       2
     3.00000  0.142240E+00  0.000000E+00  0.142240E+00  0.000000E+00 -0.181645E-04   -190.242     -7.552    -15.011       3
     4.00000  0.218440E+00  0.000000E+00  0.218440E+00  0.000000E+00 -0.241846E-04-613209.750     -7.583    -15.014       4
     5.00000  0.251460E+00  0.000000E+00  0.230834E+00  0.000000E+00 -0.302195E-04***********     -7.606    -15.018       5
     6.00000  0.299720E+00  0.000000E+00  0.232203E+00  0.000000E+00 -0.362545E-04***********     -7.608    -15.022       6
     7.00000  0.426720E+00  0.000000E+00  0.232308E+00  0.000000E+00 -0.422746E-04***********     -7.609    -15.025       7
     8.00000  0.612140E+00  0.000000E+00  0.232400E+00  0.000000E+00 -0.482947E-04***********     -7.609    -15.029       8
     9.00000  0.789940E+00  0.000000E+00  0.232492E+00  0.000000E+00 -0.542998E-04***********     -7.609    -15.033       9
    10.00000  0.886460E+00  0.000000E+00  0.232584E+00  0.000000E+00 -0.602901E-04***********     -7.609    -15.036      10
    11.00000  0.932180E+00  0.000000E+00  0.232676E+00  0.000000E+00 -0.662804E-04***********     -7.609    -15.040      11
    12.00000  0.112522E+01  0.000000E+00  0.232768E+00  0.000000E+00 -0.722706E-04***********     -7.609    -15.043      12
    13.00000  0.135636E+01  0.000000E+00  0.232859E+00  0.000000E+00 -0.782609E-04***********     -7.610    -15.047      13
    14.00000  0.152908E+01  0.000000E+00  0.232950E+00  0.000000E+00 -0.842362E-04***********     -7.610    -15.050      14
    15.00000  0.156210E+01  0.000000E+00  0.233041E+00  0.000000E+00 -0.901967E-04***********     -7.610    -15.054      15
    16.00000  0.158242E+01  0.000000E+00  0.233132E+00  0.000000E+00 -0.961572E-04***********     -7.610    -15.058      16
    17.00000  0.162560E+01  0.000000E+00  0.233223E+00  0.000000E+00 -0.102118E-03***********     -7.610    -15.061      17
    18.00000  0.178562E+01  0.000000E+00  0.233313E+00  0.000000E+00 -0.108078E-03***********     -7.611    -15.065      18
    19.00000  0.189230E+01  0.000000E+00  0.233403E+00  0.000000E+00 -0.114039E-03***********     -7.611    -15.068      19
    20.00000  0.201930E+01  0.000000E+00  0.233493E+00  0.000000E+00 -0.119969E-03***********     -7.611    -15.072      20
    21.00000  0.220218E+01  0.000000E+00  0.233583E+00  0.000000E+00 -0.125900E-03***********     -7.611    -15.075      21
    22.00000  0.228092E+01  0.000000E+00  0.233673E+00  0.000000E+00 -0.131831E-03***********     -7.611    -15.079      22
    23.00000  0.236982E+01  0.000000E+00  0.233762E+00  0.000000E+00 -0.137761E-03***********     -7.611    -15.082      23
    24.00000  0.245364E+01  0.000000E+00  0.233851E+00  0.000000E+00 -0.143692E-03***********     -7.612    -15.086      24
    25.00000  0.251460E+01  0.000000E+00  0.233940E+00  0.000000E+00 -0.149593E-03***********     -7.612    -15.090      25
    26.00000  0.266700E+01  0.000000E+00  0.234029E+00  0.000000E+00 -0.155494E-03***********     -7.612    -15.093      26
    27.00000  0.271272E+01  0.000000E+00  0.234118E+00  0.000000E+00 -0.161394E-03***********     -7.612    -15.097      27
    28.00000  0.274701E+01  0.000000E+00  0.234206E+00  0.000000E+00 -0.167295E-03***********     -7.612    -15.100      28
    29.00000  0.276987E+01  0.000000E+00  0.234294E+00  0.000000E+00 -0.173196E-03***********     -7.612    -15.104      29
    30.00000  0.282575E+01  0.000000E+00  0.234382E+00  0.000000E+00 -0.179082E-03***********     -7.613    -15.107      30
    31.00000  0.292989E+01  0.000000E+00  0.234470E+00  0.000000E+00 -0.184953E-03***********     -7.613    -15.111      31
    32.00000  0.304165E+01  0.000000E+00  0.234558E+00  0.000000E+00 -0.190824E-03***********     -7.613    -15.114      32
    33.00000  0.318643E+01  0.000000E+00  0.234645E+00  0.000000E+00 -0.196695E-03***********     -7.613    -15.118      33
    34.00000  0.344805E+01  0.000000E+00  0.234733E+00  0.000000E+00 -0.202566E-03***********     -7.613    -15.121      34
    35.00000  0.364109E+01  0.000000E+00  0.234820E+00  0.000000E+00 -0.208423E-03***********     -7.613    -15.125      35
    36.00000  0.384175E+01  0.000000E+00  0.234907E+00  0.000000E+00 -0.214264E-03***********     -7.614    -15.128      36
    37.00000  0.399415E+01  0.000000E+00  0.234993E+00  0.000000E+00 -0.220105E-03***********     -7.614    -15.132      37
    38.00000  0.420751E+01  0.000000E+00  0.235080E+00  0.000000E+00 -0.225946E-03***********     -7.614    -15.135      38
    39.00000  0.431165E+01  0.000000E+00  0.235166E+00  0.000000E+00 -0.231788E-03***********     -7.614    -15.139      39
    40.00000  0.454787E+01  0.000000E+00  0.235252E+00  0.000000E+00 -0.237629E-03***********     -7.614    -15.142      40
    41.00000  0.481965E+01  0.000000E+00  0.235338E+00  0.000000E+00 -0.243440E-03***********     -7.615    -15.146      41
    42.00000  0.499745E+01  0.000000E+00  0.235424E+00  0.000000E+00 -0.249252E-03***********     -7.615    -15.149      42
    43.00000  0.531495E+01  0.000000E+00  0.235509E+00  0.000000E+00 -0.255063E-03***********     -7.615    -15.153      43
    44.00000  0.555117E+01  0.000000E+00  0.235594E+00  0.000000E+00 -0.260875E-03***********     -7.615    -15.156      44
    45.00000  0.561721E+01  0.000000E+00  0.235679E+00  0.000000E+00 -0.266686E-03***********     -7.615    -15.160      45
    46.00000  0.574929E+01  0.000000E+00  0.235764E+00  0.000000E+00 -0.272468E-03***********     -7.615    -15.163      46
    47.00000  0.603631E+01  0.000000E+00  0.235849E+00  0.000000E+00 -0.278249E-03***********     -7.615    -15.167      47
    48.00000  0.627761E+01  0.000000E+00  0.235934E+00  0.000000E+00 -0.284031E-03***********     -7.616    -15.170      48
    49.00000  0.642239E+01  0.000000E+00  0.236018E+00  0.000000E+00 -0.289813E-03***********     -7.616    -15.173      49
    50.00000  0.658749E+01  0.000000E+00  0.236102E+00  0.000000E+00 -0.295594E-03***********     -7.616    -15.177      50
    51.00000  0.666369E+01  0.000000E+00  0.236186E+00  0.000000E+00 -0.301376E-03***********     -7.616    -15.180      51
    52.00000  0.672973E+01  0.000000E+00  0.236270E+00  0.000000E+00 -0.307128E-03***********     -7.616    -15.184      52
    53.00000  0.675259E+01  0.000000E+00  0.236353E+00  0.000000E+00 -0.312880E-03***********     -7.616    -15.187      53
    54.00000  0.677037E+01  0.000000E+00  0.236437E+00  0.000000E+00 -0.318632E-03***********     -7.617    -15.191      54
    55.00000  0.682625E+01  0.000000E+00  0.236520E+00  0.000000E+00 -0.324383E-03***********     -7.617    -15.194      55
    56.00000  0.701167E+01  0.000000E+00  0.236603E+00  0.000000E+00 -0.330135E-03***********     -7.617    -15.198      56
    57.00000  0.721233E+01  0.000000E+00  0.236686E+00  0.000000E+00 -0.335857E-03***********     -7.617    -15.201      57
    58.00000  0.735965E+01  0.000000E+00  0.236768E+00  0.000000E+00 -0.341579E-03***********     -7.617    -15.204      58
    59.00000  0.741553E+01  0.000000E+00  0.236851E+00  0.000000E+00 -0.347301E-03***********     -7.617    -15.208      59
    60.00000  0.753999E+01  0.000000E+00  0.236933E+00  0.000000E+00 -0.353023E-03***********     -7.618    -15.211      60
    61.00000  0.775843E+01  0.000000E+00  0.237015E+00  0.000000E+00 -0.358745E-03***********     -7.618    -15.215      61
    62.00000  0.791337E+01  0.000000E+00  0.237097E+00  0.000000E+00 -0.364453E-03***********     -7.618    -15.218      62
    63.00000  0.808863E+01  0.000000E+00  0.237178E+00  0.000000E+00 -0.370145E-03***********     -7.618    -15.222      63
    64.00000  0.812419E+01  0.000000E+00  0.237260E+00  0.000000E+00 -0.375837E-03***********     -7.618    -15.225      64
    65.00000  0.817499E+01  0.000000E+00  0.237341E+00  0.000000E+00 -0.381529E-03***********     -7.618    -15.228      65
    66.00000  0.823595E+01  0.000000E+00  0.237422E+00  0.000000E+00 -0.387222E-03***********     -7.618    -15.232      66
    67.00000  0.827913E+01  0.000000E+00  0.237503E+00  0.000000E+00 -0.392914E-03***********     -7.619    -15.235      67
    68.00000  0.834263E+01  0.000000E+00  0.237583E+00  0.000000E+00 -0.398576E-03***********     -7.619    -15.239      68
    69.00000  0.837057E+01  0.000000E+00  0.237664E+00  0.000000E+00 -0.404239E-03***********     -7.619    -15.242      69
    70.00000  0.842137E+01  0.000000E+00  0.237744E+00  0.000000E+00 -0.409901E-03***********     -7.619    -15.245      70
    71.00000  0.848741E+01  0.000000E+00  0.237824E+00  0.000000E+00 -0.415564E-03***********     -7.619    -15.249      71
    72.00000  0.866013E+01  0.000000E+00  0.237904E+00  0.000000E+00 -0.421226E-03***********     -7.619    -15.252      72
    73.00000  0.888111E+01  0.000000E+00  0.237984E+00  0.000000E+00 -0.426859E-03***********     -7.619    -15.255      73
    74.00000  0.897509E+01  0.000000E+00  0.238063E+00  0.000000E+00 -0.432491E-03***********     -7.620    -15.259      74
    75.00000  0.908431E+01  0.000000E+00  0.238143E+00  0.000000E+00 -0.438124E-03***********     -7.620    -15.262      75
    76.00000  0.921639E+01  0.000000E+00  0.238222E+00  0.000000E+00 -0.443757E-03***********     -7.620    -15.266      76
    77.00000  0.940943E+01  0.000000E+00  0.238301E+00  0.000000E+00 -0.449389E-03***********     -7.620    -15.269      77
    78.00000  0.956437E+01  0.000000E+00  0.238380E+00  0.000000E+00 -0.455022E-03***********     -7.620    -15.272      78
    79.00000  0.965073E+01  0.000000E+00  0.238458E+00  0.000000E+00 -0.460625E-03***********     -7.620    -15.276      79
    80.00000  0.978027E+01  0.000000E+00  0.238537E+00  0.000000E+00 -0.466228E-03***********     -7.620    -15.279      80
    81.00000  0.991997E+01  0.000000E+00  0.238615E+00  0.000000E+00 -0.471830E-03***********     -7.621    -15.282      81
    82.00000  0.101232E+02  0.000000E+00  0.238693E+00  0.000000E+00 -0.477433E-03***********     -7.621    -15.286      82
    83.00000  0.102781E+02  0.000000E+00  0.238771E+00  0.000000E+00 -0.483036E-03***********     -7.621    -15.289      83
    84.00000  0.103899E+02  0.000000E+00  0.238849E+00  0.000000E+00 -0.488624E-03***********     -7.621    -15.292      84
    85.00000  0.104991E+02  0.000000E+00  0.238926E+00  0.000000E+00 -0.494197E-03***********     -7.621    -15.296      85
    86.00000  0.106693E+02  0.000000E+00  0.239003E+00  0.000000E+00 -0.499770E-03***********     -7.621    -15.299      86
    87.00000  0.107912E+02  0.000000E+00  0.239080E+00  0.000000E+00 -0.505343E-03***********     -7.621    -15.302      87
    88.00000  0.109131E+02  0.000000E+00  0.239157E+00  0.000000E+00 -0.510916E-03***********     -7.622    -15.306      88
    89.00000  0.109944E+02  0.000000E+00  0.239234E+00  0.000000E+00 -0.516489E-03***********     -7.622    -15.309      89
    90.00000  0.111900E+02  0.000000E+00  0.239311E+00  0.000000E+00 -0.522032E-03***********     -7.622    -15.312      90
    91.00000  0.111900E+02  0.254000E+00  0.239311E+00  0.254000E+00 -0.527576E-03-671651.562    -20.296    -15.316      91
    92.00000  0.111900E+02  0.485140E+00  0.239311E+00  0.485140E+00 -0.533119E-03-671801.500    -28.339    -15.319      92
    93.00000  0.111900E+02  0.594360E+00  0.239311E+00  0.594360E+00 -0.538662E-03-671926.562    -34.493    -15.322      93
    94.00000  0.111900E+02  0.660400E+00  0.239311E+00  0.660400E+00 -0.544205E-03-671926.500    -37.807    -15.326      94
    95.00000  0.111900E+02  0.822960E+00  0.239311E+00  0.822960E+00 -0.549734E-03-671926.438    -42.760    -15.329      95
    96.00000  0.111900E+02  0.115570E+01  0.239311E+00  0.115570E+01 -0.555247E-03-671926.375    -55.668    -15.332      96
    97.00000  0.111900E+02  0.152908E+01  0.239311E+00  0.152908E+01 -0.560760E-03-671926.312    -86.594    -15.336      97
    98.00000  0.111900E+02  0.190754E+01  0.239311E+00  0.186208E+01 -0.566274E-03-671926.250   -178.061    -15.339      98
    99.00000  0.111900E+02  0.236474E+01  0.239311E+00  0.216229E+01 -0.571787E-03-671926.188   -348.056    -15.342      99
   100.00000  0.111900E+02  0.291338E+01  0.239311E+00  0.241830E+01 -0.577301E-03-671926.125   -545.310    -15.345     100
   101.00000  0.111900E+02  0.338582E+01  0.239311E+00  0.258921E+01 -0.582799E-03-671926.062   -717.914    -15.349     101
   102.00000  0.111900E+02  0.356870E+01  0.239311E+00  0.264962E+01 -0.588283E-03-671926.000   -852.781    -15.352     102
   103.00000  0.111900E+02  0.366522E+01  0.239311E+00  0.267620E+01 -0.593767E-03-671925.938   -920.072    -15.355     103
   104.00000  0.111900E+02  0.384556E+01  0.239311E+00  0.271829E+01 -0.599250E-03-671925.875   -949.364    -15.359     104
   105.00000  0.111900E+02  0.413766E+01  0.239311E+00  0.278490E+01 -0.604734E-03-671925.812   -979.195    -15.362     105
   106.00000  0.111900E+02  0.454406E+01  0.239311E+00  0.285365E+01 -0.610217E-03-671925.750  -1044.120    -15.365     106
   107.00000  0.111900E+02  0.489458E+01  0.239311E+00  0.290478E+01 -0.615671E-03-671925.688  -1094.844    -15.368     107
   108.00000  0.111900E+02  0.501904E+01  0.239311E+00  0.292259E+01 -0.621125E-03-671925.625  -1117.227    -15.372     108
   109.00000  0.111900E+02  0.514350E+01  0.239311E+00  0.293975E+01 -0.626579E-03-671925.562  -1129.531    -15.375     109
   110.00000  0.111900E+02  0.528066E+01  0.239311E+00  0.295846E+01 -0.632033E-03-671925.500  -1139.515    -15.378     110
   111.00000  0.111900E+02  0.539496E+01  0.239311E+00  0.297405E+01 -0.637487E-03-671925.438  -1152.351    -15.381     111
   112.00000  0.111900E+02  0.561086E+01  0.239311E+00  0.300309E+01 -0.642940E-03-671925.375  -1179.520    -15.385     112
   113.00000  0.111900E+02  0.586994E+01  0.239311E+00  0.302742E+01 -0.648364E-03-671925.312  -1231.699    -15.388     113
   114.00000  0.111900E+02  0.615188E+01  0.239311E+00  0.304830E+01 -0.653788E-03-671925.250  -1259.733    -15.391     114
   115.00000  0.111900E+02  0.651256E+01  0.239311E+00  0.307331E+01 -0.659212E-03-671925.188  -1270.101    -15.394     115
   116.00000  0.111900E+02  0.688086E+01  0.239311E+00  0.309849E+01 -0.664636E-03-671925.125  -1277.338    -15.398     116
   117.00000  0.111900E+02  0.711708E+01  0.239311E+00  0.311460E+01 -0.670061E-03-671925.062  -1282.629    -15.401     117
   118.00000  0.111900E+02  0.749554E+01  0.239311E+00  0.314040E+01 -0.675470E-03-671925.000  -1290.098    -15.404     118
   119.00000  0.111900E+02  0.785876E+01  0.239311E+00  0.316517E+01 -0.680864E-03-671924.938  -1304.004    -15.407     119
   120.00000  0.111900E+02  0.827024E+01  0.239311E+00  0.319223E+01 -0.686258E-03-671924.875  -1331.145    -15.411     120
   121.00000  0.111900E+02  0.866648E+01  0.239311E+00  0.331401E+01 -0.691652E-03-671924.812   -664.268    -15.414     121
   122.00000  0.111900E+02  0.901954E+01  0.239311E+00  0.344313E+01 -0.697047E-03-671924.750   -682.686    -15.417     122
   123.00000  0.111900E+02  0.938276E+01  0.239311E+00  0.357404E+01 -0.702441E-03-671924.688   -690.328    -15.420     123
   124.00000  0.111900E+02  0.978154E+01  0.239311E+00  0.371721E+01 -0.707820E-03-671924.625   -695.227    -15.424     124
   125.00000  0.111900E+02  0.100203E+02  0.239311E+00  0.380286E+01 -0.713184E-03-671924.562   -698.543    -15.427     125
   126.00000  0.111900E+02  0.101143E+02  0.239311E+00  0.383657E+01 -0.718549E-03-671924.500   -700.316    -15.430     126
   127.00000  0.111900E+02  0.104038E+02  0.239311E+00  0.394043E+01 -0.723913E-03-671924.438   -702.823    -15.433     127
   128.00000  0.111900E+02  0.107747E+02  0.239311E+00  0.407345E+01 -0.729278E-03-671924.375   -708.249    -15.436     128
   129.00000  0.111900E+02  0.110490E+02  0.239311E+00  0.417185E+01 -0.734642E-03-671924.312   -716.032    -15.440     129
   130.00000  0.111900E+02  0.113741E+02  0.239311E+00  0.428847E+01 -0.739977E-03-671924.250   -728.547    -15.443     130
   131.00000  0.111900E+02  0.116027E+02  0.239311E+00  0.436777E+01 -0.745311E-03-671924.188   -752.160    -15.446     131
   132.00000  0.111900E+02  0.119024E+02  0.239311E+00  0.446096E+01 -0.750646E-03-671924.125   -773.885    -15.449     132
   133.00000  0.111900E+02  0.120853E+02  0.239311E+00  0.451653E+01 -0.755981E-03-671924.062   -782.146    -15.452     133
   134.00000  0.111900E+02  0.122987E+02  0.239311E+00  0.458051E+01 -0.761315E-03-671924.000   -786.231    -15.456     134
   135.00000  0.111900E+02  0.127279E+02  0.239311E+00  0.470884E+01 -0.766650E-03-671923.938   -789.285    -15.459     135
   136.00000  0.111900E+02  0.132461E+02  0.239311E+00  0.486372E+01 -0.771955E-03-671923.875   -794.040    -15.462     136
   137.00000  0.111900E+02  0.134315E+02  0.239311E+00  0.491915E+01 -0.777259E-03-671923.812   -798.535    -15.465     137
   138.00000  0.111900E+02  0.137668E+02  0.239311E+00  0.501937E+01 -0.782564E-03-671923.750   -802.392    -15.468     138
   139.00000  0.111900E+02  0.141935E+02  0.239311E+00  0.514692E+01 -0.787869E-03-671923.688   -809.828    -15.471     139
   140.00000  0.111900E+02  0.145999E+02  0.239311E+00  0.526840E+01 -0.793174E-03-671923.625   -821.467    -15.475     140
   141.00000  0.111900E+02  0.150444E+02  0.239311E+00  0.540003E+01 -0.798464E-03-671923.562   -843.166    -15.478     141
   142.00000  0.111900E+02  0.153949E+02  0.239311E+00  0.549511E+01 -0.803739E-03-671923.500   -881.111    -15.481     142
   143.00000  0.111900E+02  0.158039E+02  0.239311E+00  0.559717E+01 -0.809014E-03-671923.438   -913.179    -15.484     143
   144.00000  0.111900E+02  0.160833E+02  0.239311E+00  0.566298E+01 -0.814289E-03-671923.375   -945.408    -15.487     144
   145.00000  0.111900E+02  0.162306E+02  0.239311E+00  0.569498E+01 -0.819564E-03-671923.312   -969.074    -15.490     145
   146.00000  0.111900E+02  0.163500E+02  0.239311E+00  0.571955E+01 -0.824839E-03-671923.250   -980.633    -15.494     146
   147.00000  0.111900E+02  0.164592E+02  0.239311E+00  0.574149E+01 -0.830099E-03-671923.188   -988.291    -15.497     147
   148.00000  0.111900E+02  0.168377E+02  0.239311E+00  0.581519E+01 -0.835344E-03-671923.125  -1003.016    -15.500     148
   149.00000  0.111900E+02  0.172796E+02  0.239311E+00  0.589242E+01 -0.840589E-03-671923.062  -1033.535    -15.503     149
   150.00000  0.111900E+02  0.177292E+02  0.239311E+00  0.596346E+01 -0.845835E-03-671923.000  -1060.338    -15.506     150
   151.00000  0.111900E+02  0.180645E+02  0.239311E+00  0.601469E+01 -0.851080E-03-671922.938  -1081.135    -15.509     151
   152.00000  0.111900E+02  0.183261E+02  0.239311E+00  0.609485E+01 -0.856325E-03-671922.875   -727.655    -15.512     152
   153.00000  0.111900E+02  0.184302E+02  0.239311E+00  0.613082E+01 -0.861555E-03-671922.812   -737.398    -15.516     153
   154.00000  0.111900E+02  0.186207E+02  0.239311E+00  0.619466E+01 -0.866771E-03-671922.750   -745.291    -15.519     154
   155.00000  0.111900E+02  0.190373E+02  0.239311E+00  0.633073E+01 -0.871986E-03-671922.688   -754.129    -15.522     155
   156.00000  0.111900E+02  0.194132E+02  0.239311E+00  0.645247E+01 -0.877202E-03-671922.625   -765.604    -15.525     156
   157.00000  0.111900E+02  0.197358E+02  0.239311E+00  0.655413E+01 -0.882417E-03-671922.562   -779.465    -15.528     157
   158.00000  0.111900E+02  0.201549E+02  0.239311E+00  0.667910E+01 -0.887632E-03-671922.500   -796.665    -15.531     158
   159.00000  0.111900E+02  0.204394E+02  0.239311E+00  0.676167E+01 -0.892833E-03-671922.438   -807.337    -15.534     159
   160.00000  0.111900E+02  0.206324E+02  0.239311E+00  0.681710E+01 -0.898018E-03-671922.375   -813.458    -15.537     160
   161.00000  0.111900E+02  0.208788E+02  0.239311E+00  0.688757E+01 -0.903204E-03-671922.312   -819.013    -15.540     161
   162.00000  0.111900E+02  0.212903E+02  0.239311E+00  0.700233E+01 -0.908390E-03-671922.250   -829.897    -15.544     162
   163.00000  0.111900E+02  0.217043E+02  0.239311E+00  0.711256E+01 -0.913575E-03-671922.188   -845.897    -15.547     163
   164.00000  0.111900E+02  0.221691E+02  0.239311E+00  0.723076E+01 -0.918761E-03-671922.125   -860.351    -15.550     164
   165.00000  0.111900E+02  0.226187E+02  0.239311E+00  0.734357E+01 -0.923932E-03-671922.062   -870.559    -15.553     165
   166.00000  0.111900E+02  0.228879E+02  0.239311E+00  0.741077E+01 -0.929087E-03-671922.000   -880.193    -15.556     166
   167.00000  0.111900E+02  0.233197E+02  0.239311E+00  0.751289E+01 -0.934243E-03-671921.938   -893.483    -15.559     167
   168.00000  0.111900E+02  0.237134E+02  0.239311E+00  0.760181E+01 -0.939399E-03-671921.875   -908.141    -15.562     168
   169.00000  0.111900E+02  0.240538E+02  0.239311E+00  0.767659E+01 -0.944555E-03-671921.812   -916.376    -15.565     169
   170.00000  0.111900E+02  0.245237E+02  0.239311E+00  0.777864E+01 -0.949711E-03-671921.750   -923.786    -15.568     170
   171.00000  0.111900E+02  0.249682E+02  0.239311E+00  0.787348E+01 -0.954852E-03-671921.688   -933.887    -15.571     171
   172.00000  0.111900E+02  0.253162E+02  0.239311E+00  0.794556E+01 -0.959978E-03-671921.625   -945.539    -15.574     172
   173.00000  0.111900E+02  0.257226E+02  0.239311E+00  0.802554E+01 -0.965104E-03-671921.562   -958.557    -15.578     173
   174.00000  0.111900E+02  0.260426E+02  0.239311E+00  0.808644E+01 -0.970230E-03-671921.500   -967.545    -15.581     174
   175.00000  0.111900E+02  0.264439E+02  0.239311E+00  0.816153E+01 -0.975356E-03-671921.438   -973.602    -15.584     175
   176.00000  0.902886E+01  0.267843E+02 -0.132628E+01  0.826785E+01 -0.979558E-03      0.000   -765.914    -15.586     176
   177.00000  0.736767E+01  0.272237E+02 -0.212584E+01  0.843920E+01 -0.984684E-03      0.000   -711.146    -15.589     177
   178.00000  0.539717E+01  0.275641E+02 -0.279796E+01  0.858904E+01 -0.989780E-03      0.000   -613.659    -15.592     178
   179.00000  0.539717E+01  0.279146E+02 -0.279796E+01  0.878977E+01 -0.994891E-03    -10.645   -625.664    -15.595     179
   180.00000  0.209007E+01  0.283845E+02 -0.348178E+01  0.901356E+01 -0.999972E-03      0.000   -580.567    -15.598     180
   181.00000  0.209007E+01  0.288494E+02 -0.348178E+01  0.929759E+01 -0.100510E-02    -10.904   -591.678    -15.601     181
   182.00000 -0.121193E+01  0.294386E+02 -0.416862E+01  0.959345E+01 -0.101016E-02      0.000   -580.052    -15.605     182
   183.00000 -0.121193E+01  0.298882E+02 -0.416862E+01  0.988462E+01 -0.101522E-02    -10.879   -578.350    -15.608     183
   184.00000 -0.368923E+01  0.302641E+02 -0.482815E+01  0.100749E+02 -0.102030E-02      0.000   -552.813    -15.611     184
   185.00000 -0.368923E+01  0.305638E+02 -0.482815E+01  0.102704E+02 -0.102536E-02    -10.472   -563.429    -15.614     185
   186.00000 -0.368923E+01  0.309575E+02 -0.482815E+01  0.105239E+02 -0.103043E-02    -11.773   -575.692    -15.617     186
   187.00000 -0.368923E+01  0.313512E+02 -0.482815E+01  0.107747E+02 -0.103550E-02    -12.738   -587.865    -15.620     187
   188.00000 -0.368923E+01  0.317627E+02 -0.482815E+01  0.110354E+02 -0.104056E-02    -13.612   -596.370    -15.623     188
   189.00000 -0.368923E+01  0.321894E+02 -0.482815E+01  0.113050E+02 -0.104563E-02    -14.263   -604.083    -15.626     189
   190.00000 -0.368923E+01  0.326543E+02 -0.482815E+01  0.115983E+02 -0.105067E-02    -14.667   -612.034    -15.629     190
   191.00000 -0.368923E+01  0.330734E+02 -0.482815E+01  0.118628E+02 -0.105570E-02    -14.876   -621.455    -15.632     191
   192.00000 -0.368923E+01  0.334036E+02 -0.482815E+01  0.120709E+02 -0.106074E-02    -15.047   -631.715    -15.635     192
   193.00000 -0.368923E+01  0.338379E+02 -0.482815E+01  0.123422E+02 -0.106578E-02    -15.238   -645.127    -15.638     193
   194.00000 -0.504943E+01  0.342316E+02 -0.586027E+01  0.125761E+02 -0.107059E-02      0.000   -646.539    -15.641     194
   195.00000 -0.631943E+01  0.345846E+02 -0.651901E+01  0.127560E+02 -0.107558E-02      0.000   -650.583    -15.644     195
   196.00000 -0.758943E+01  0.349987E+02 -0.711145E+01  0.129384E+02 -0.108065E-02      0.000   -653.852    -15.647     196
   197.00000 -0.885944E+01  0.354305E+02 -0.768194E+01  0.131236E+02 -0.108562E-02      0.000   -608.891    -15.650     197
   198.00000 -0.101396E+02  0.358978E+02 -0.824329E+01  0.133394E+02 -0.109063E-02      0.000   -565.360    -15.653     198
   199.00000 -0.126796E+02  0.363423E+02 -0.879175E+01  0.135364E+02 -0.109558E-02      0.000   -522.081    -15.656     199
   200.00000 -0.126796E+02  0.367614E+02 -0.879175E+01  0.138416E+02 -0.110060E-02    -10.754   -537.003    -15.659     200
   201.00000 -0.139496E+02  0.372008E+02 -0.941793E+01  0.140701E+02 -0.110553E-02      0.000   -492.781    -15.662     201
   202.00000 -0.139496E+02  0.376733E+02 -0.941793E+01  0.144291E+02 -0.111051E-02    -10.906   -506.304    -15.665     202
   203.00000 -0.139496E+02  0.381406E+02 -0.941793E+01  0.147823E+02 -0.111549E-02    -12.242   -520.445    -15.668     203
   204.00000 -0.139496E+02  0.386004E+02 -0.941793E+01  0.151276E+02 -0.112046E-02    -13.256   -535.211    -15.671     204
   205.00000 -0.139496E+02  0.390703E+02 -0.941793E+01  0.154788E+02 -0.112544E-02    -14.059   -550.636    -15.673     205
   206.00000 -0.139496E+02  0.395351E+02 -0.941793E+01  0.158251E+02 -0.113042E-02    -14.575   -566.223    -15.676     206
   207.00000 -0.139496E+02  0.399847E+02 -0.941793E+01  0.161577E+02 -0.113539E-02    -14.833   -585.376    -15.679     207
   208.00000 -0.139496E+02  0.403250E+02 -0.941793E+01  0.164054E+02 -0.114036E-02    -15.010   -608.332    -15.682     208
   209.00000 -0.139496E+02  0.406857E+02 -0.941793E+01  0.166608E+02 -0.114530E-02    -15.203   -630.257    -15.685     209
   210.00000 -0.139496E+02  0.410794E+02 -0.941793E+01  0.169353E+02 -0.115025E-02    -15.418   -646.426    -15.688     210
   211.00000 -0.139496E+02  0.414706E+02 -0.941793E+01  0.172063E+02 -0.115520E-02    -15.661   -660.067    -15.691     211
   212.00000 -0.139496E+02  0.418846E+02 -0.941793E+01  0.174918E+02 -0.116014E-02    -15.934   -674.161    -15.694     212
   213.00000 -0.139496E+02  0.423240E+02 -0.941793E+01  0.177941E+02 -0.116509E-02    -16.241   -689.550    -15.697     213
   214.00000 -0.139496E+02  0.427609E+02 -0.941793E+01  0.180943E+02 -0.117002E-02    -16.589   -708.808    -15.700     214
   215.00000 -0.139496E+02  0.431571E+02 -0.941793E+01  0.183663E+02 -0.117494E-02    -16.973   -734.445    -15.703     215
   216.00000 -0.139496E+02  0.435153E+02 -0.941793E+01  0.186119E+02 -0.117986E-02    -17.387   -770.068    -15.706     216
   217.00000 -0.139496E+02  0.437109E+02 -0.941793E+01  0.187461E+02 -0.118478E-02    -17.792   -813.463    -15.709     217
   218.00000 -0.139496E+02  0.438607E+02 -0.941793E+01  0.188488E+02 -0.118969E-02    -18.126   -855.283    -15.712     218
   219.00000 -0.139496E+02  0.442011E+02 -0.941793E+01  0.190413E+02 -0.119461E-02    -18.399   -948.763    -15.715     219
   220.00000 -0.139496E+02  0.445567E+02 -0.941793E+01  0.191743E+02 -0.119953E-02    -18.615  -1063.505    -15.718     220
   221.00000 -0.139496E+02  0.449631E+02 -0.941793E+01  0.192837E+02 -0.120442E-02    -18.725  -1141.972    -15.721     221
   222.00000 -0.139496E+02  0.454254E+02 -0.941793E+01  0.193751E+02 -0.120930E-02    -18.775  -1206.920    -15.724     222
   223.00000 -0.139496E+02  0.458241E+02 -0.941793E+01  0.194329E+02 -0.121419E-02    -18.827  -1263.423    -15.727     223
   224.00000 -0.139496E+02  0.460934E+02 -0.941793E+01  0.194614E+02 -0.121908E-02    -18.878  -1304.246    -15.730     224
   225.00000 -0.139496E+02  0.464490E+02 -0.941793E+01  0.194826E+02 -0.122397E-02    -18.929  -1332.573    -15.732     225
   226.00000 -0.139496E+02  0.468605E+02 -0.941793E+01  0.194997E+02 -0.122885E-02    -18.979  -1345.174    -15.735     226
   227.00000 -0.139496E+02  0.472973E+02 -0.941793E+01  0.195160E+02 -0.123373E-02    -19.029  -1350.911    -15.738     227
   228.00000 -0.139496E+02  0.476199E+02 -0.941793E+01  0.195278E+02 -0.123858E-02    -19.078  -1353.859    -15.741     228
   229.00000 -0.139496E+02  0.480695E+02 -0.941793E+01  0.195439E+02 -0.124344E-02    -19.126  -1356.684    -15.744     229
   230.00000 -0.139496E+02  0.486232E+02 -0.941793E+01  0.195631E+02 -0.124830E-02    -19.174  -1360.343    -15.747     230
   231.00000 -0.139496E+02  0.489229E+02 -0.941793E+01  0.195738E+02 -0.125316E-02    -19.222  -1363.857    -15.750     231
   232.00000 -0.139496E+02  0.491744E+02 -0.941793E+01  0.195827E+02 -0.125802E-02    -19.269  -1366.948    -15.753     232
   233.00000 -0.139496E+02  0.492938E+02 -0.941793E+01  0.195870E+02 -0.126286E-02    -19.316  -1369.176    -15.756     233
   234.00000 -0.139496E+02  0.496545E+02 -0.941793E+01  0.195987E+02 -0.126769E-02    -19.362  -1372.103    -15.759     234
   235.00000 -0.139496E+02  0.500583E+02 -0.941793E+01  0.196111E+02 -0.127251E-02    -19.407  -1376.533    -15.762     235
   236.00000 -0.139496E+02  0.504215E+02 -0.941793E+01  0.196219E+02 -0.127734E-02    -19.452  -1380.591    -15.764     236
   237.00000 -0.139496E+02  0.507035E+02 -0.941793E+01  0.196301E+02 -0.128217E-02    -19.497  -1384.039    -15.767     237
   238.00000 -0.139496E+02  0.510718E+02 -0.941793E+01  0.196402E+02 -0.128700E-02    -19.541  -1387.749    -15.770     238
   239.00000 -0.139496E+02  0.513918E+02 -0.941793E+01  0.196487E+02 -0.129183E-02    -19.585  -1390.639    -15.773     239
   240.00000 -0.139496E+02  0.516915E+02 -0.941793E+01  0.196565E+02 -0.129664E-02    -19.628  -1392.781    -15.776     240
   241.00000 -0.139496E+02  0.520700E+02 -0.941793E+01  0.196661E+02 -0.130144E-02    -19.670  -1394.663    -15.779     241
   242.00000 -0.139496E+02  0.525348E+02 -0.941793E+01  0.196776E+02 -0.130624E-02    -19.713  -1396.649    -15.782     242
   243.00000 -0.139496E+02  0.529107E+02 -0.941793E+01  0.196868E+02 -0.131103E-02    -19.755  -1398.277    -15.785     243
   244.00000 -0.139496E+02  0.531927E+02 -0.941793E+01  0.262326E+02 -0.131583E-02    -19.796   -276.943    -15.787     244
   245.00000 -0.139496E+02  0.536219E+02 -0.941793E+01  0.344712E+02 -0.132063E-02    -19.837   -327.564    -15.790     245
   246.00000 -0.139496E+02  0.539928E+02 -0.941793E+01  0.365309E+02 -0.132541E-02    -19.878   -464.258    -15.793     246
   247.00000 -0.139496E+02  0.541655E+02 -0.941793E+01  0.370459E+02 -0.133018E-02    -19.918   -645.159    -15.796     247
   248.00000 -0.139496E+02  0.544398E+02 -0.941793E+01  0.371747E+02 -0.133495E-02    -19.957   -748.812    -15.799     248
   249.00000 -0.139496E+02  0.547827E+02 -0.941793E+01  0.372069E+02 -0.133972E-02    -19.997   -782.040    -15.802     249
   250.00000 -0.139496E+02  0.550520E+02 -0.941793E+01  0.372149E+02 -0.134449E-02    -20.036   -793.701    -15.805     250
   251.00000 -0.139496E+02  0.553060E+02 -0.941793E+01  0.372149E+02 -0.134926E-02    -20.074   -795.641    -15.807     251
   252.00000 -0.139496E+02  0.555193E+02 -0.941793E+01  0.372150E+02 -0.135402E-02    -20.112   -795.747    -15.810     252
   253.00000 -0.139496E+02  0.557556E+02 -0.941793E+01  0.372151E+02 -0.135878E-02    -20.150   -795.729    -15.813     253
   254.00000 -0.139496E+02  0.560070E+02 -0.941793E+01  0.372151E+02 -0.136352E-02    -20.187   -795.757    -15.816     254
   255.00000 -0.139496E+02  0.562991E+02 -0.941793E+01  0.372152E+02 -0.136825E-02    -20.224   -795.753    -15.819     255
   256.00000 -0.139496E+02  0.565455E+02 -0.941793E+01  0.372153E+02 -0.137299E-02    -20.260   -795.752    -15.822     256
   257.00000 -0.139496E+02  0.567639E+02 -0.941793E+01  0.372153E+02 -0.137773E-02    -20.296   -795.760    -15.824     257
   258.00000 -0.139496E+02  0.570560E+02 -0.941793E+01  0.372154E+02 -0.138247E-02    -20.332   -795.755    -15.827     258
   259.00000 -0.139496E+02  0.573786E+02 -0.941793E+01  0.372154E+02 -0.138719E-02    -20.367   -795.753    -15.830     259
   260.00000 -0.139496E+02  0.578409E+02 -0.941793E+01  0.372155E+02 -0.139190E-02    -20.402   -795.759    -15.833     260
   261.00000 -0.139496E+02  0.582168E+02 -0.941793E+01  0.372155E+02 -0.139661E-02    -20.437   -795.755    -15.836     261
   262.00000 -0.139496E+02  0.584175E+02 -0.941793E+01  0.372156E+02 -0.140132E-02    -20.471   -795.754    -15.839     262
   263.00000 -0.139496E+02  0.586003E+02 -0.941793E+01  0.372157E+02 -0.140603E-02    -20.505   -795.753    -15.841     263
   264.00000 -0.139496E+02  0.586486E+02 -0.941793E+01  0.372157E+02 -0.141074E-02    -20.538   -795.755    -15.844     264
   265.00000 -0.139496E+02  0.586943E+02 -0.941793E+01  0.372158E+02 -0.141545E-02    -20.571   -795.754    -15.847     265
   266.00000 -0.139496E+02  0.589306E+02 -0.941793E+01  0.372158E+02 -0.142014E-02    -20.604   -795.754    -15.850     266
   267.00000 -0.139496E+02  0.591592E+02 -0.941793E+01  0.372159E+02 -0.142482E-02    -20.636   -795.755    -15.853     267
   268.00000 -0.139496E+02  0.593852E+02 -0.941793E+01  0.372159E+02 -0.142950E-02    -20.668   -795.755    -15.855     268
   269.00000 -0.139496E+02  0.596748E+02 -0.941793E+01  0.372160E+02 -0.143418E-02    -20.700   -795.756    -15.858     269
   270.00000 -0.139496E+02  0.598958E+02 -0.941793E+01  0.372161E+02 -0.143886E-02    -20.731   -795.757    -15.861     270
   271.00000 -0.139496E+02  0.601828E+02 -0.941793E+01  0.372161E+02 -0.144354E-02    -20.762   -795.757    -15.864     271
   272.00000 -0.139496E+02  0.604139E+02 -0.941793E+01  0.372162E+02 -0.144821E-02    -20.793   -795.758    -15.867     272
   273.00000 -0.139496E+02  0.604799E+02 -0.941793E+01  0.372162E+02 -0.145286E-02    -20.824   -795.758    -15.869     273
   274.00000 -0.139268E+02  0.604799E+02 -0.939507E+01  0.372162E+02 -0.145751E-02    -33.760   -795.757    -15.872     274
   275.00000 -0.137083E+02  0.604799E+02 -0.922561E+01  0.372162E+02 -0.146216E-02***********   -795.756    -15.875     275
   276.00000 -0.135737E+02  0.604799E+02 -0.922560E+01  0.372162E+02 -0.146681E-02***********   -795.756    -15.878     276
   277.00000 -0.133832E+02  0.604799E+02 -0.922560E+01  0.372162E+02 -0.147146E-02***********   -795.757    -15.881     277
   278.00000 -0.132638E+02  0.604799E+02 -0.922560E+01  0.372162E+02 -0.147611E-02***********   -795.757    -15.883     278
   279.00000 -0.130683E+02  0.604799E+02 -0.922560E+01  0.372162E+02 -0.148074E-02***********   -795.757    -15.886     279
   280.00000 -0.128803E+02  0.604799E+02 -0.922560E+01  0.372162E+02 -0.148536E-02***********   -795.757    -15.889     280
   281.00000 -0.126466E+02  0.604799E+02 -0.922560E+01  0.372162E+02 -0.148998E-02***********   -795.756    -15.892     281
   282.00000 -0.124053E+02  0.604799E+02 -0.922560E+01  0.372162E+02 -0.149460E-02***********   -795.757    -15.894     282
   283.00000 -0.121945E+02  0.604799E+02 -0.922560E+01  0.372162E+02 -0.149922E-02***********   -795.757    -15.897     283
   284.00000 -0.120396E+02  0.604799E+02 -0.922560E+01  0.372162E+02 -0.150384E-02***********   -795.757    -15.900     284
   285.00000 -0.120192E+02  0.604799E+02 -0.922560E+01  0.372162E+02 -0.150846E-02***********   -795.757    -15.903     285
   286.00000 -0.119456E+02  0.604799E+02 -0.922560E+01  0.372162E+02 -0.151306E-02***********   -795.757    -15.905     286
   287.00000 -0.118084E+02  0.604799E+02 -0.922560E+01  0.372162E+02 -0.151765E-02***********   -795.757    -15.908     287
   288.00000 -0.116306E+02  0.604799E+02 -0.922560E+01  0.372162E+02 -0.152224E-02***********   -795.757    -15.911     288
   289.00000 -0.114477E+02  0.604799E+02 -0.922560E+01  0.372162E+02 -0.152683E-02***********   -795.757    -15.914     289
   290.00000 -0.111988E+02  0.604799E+02 -0.922560E+01  0.372162E+02 -0.153142E-02***********   -795.757    -15.916     290
   291.00000 -0.108356E+02  0.604799E+02 -0.922560E+01  0.372162E+02 -0.153601E-02***********   -795.757    -15.919     291
   292.00000 -0.104140E+02  0.604799E+02 -0.922560E+01  0.372162E+02 -0.154060E-02***********   -795.757    -15.922     292
   293.00000 -0.101447E+02  0.604799E+02 -0.922560E+01  0.372162E+02 -0.154516E-02***********   -795.757    -15.925     293
   294.00000 -0.100355E+02  0.604799E+02 -0.922560E+01  0.372162E+02 -0.154972E-02***********   -795.757    -15.927     294
   295.00000 -0.996692E+01  0.604799E+02 -0.922560E+01  0.372162E+02 -0.155428E-02***********   -795.757    -15.930     295
   296.00000 -0.993390E+01  0.604799E+02 -0.922560E+01  0.372162E+02 -0.155884E-02***********   -795.757    -15.933     296
   297.00000 -0.991104E+01  0.604799E+02 -0.922560E+01  0.372162E+02 -0.156340E-02***********   -795.757    -15.936     297
   298.00000 -0.988310E+01  0.604799E+02 -0.922560E+01  0.372162E+02 -0.156796E-02***********   -795.757    -15.938     298
   299.00000 -0.985770E+01  0.604799E+02 -0.922560E+01  0.372162E+02 -0.157252E-02***********   -795.757    -15.941     299
   300.00000 -0.983484E+01  0.604799E+02 -0.922560E+01  0.372162E+02 -0.157705E-02***********   -795.757    -15.944     300
   301.00000 -0.979420E+01  0.604799E+02 -0.922560E+01  0.372162E+02 -0.158158E-02***********   -795.757    -15.946     301
   302.00000 -0.972816E+01  0.604799E+02 -0.922560E+01  0.372162E+02 -0.158611E-02***********   -795.757    -15.949     302
   303.00000 -0.962656E+01  0.604799E+02 -0.922560E+01  0.372162E+02 -0.159064E-02***********   -795.757    -15.952     303
   304.00000 -0.949194E+01  0.604799E+02 -0.922560E+01  0.372162E+02 -0.159517E-02***********   -795.757    -15.955     304
   305.00000 -0.933446E+01  0.604799E+02 -0.922560E+01  0.372162E+02 -0.159970E-02***********   -795.757    -15.957     305
   306.00000 -0.922270E+01  0.604799E+02 -0.922560E+01  0.372162E+02 -0.160423E-02***********   -795.757    -15.960     306
   307.00000 -0.907792E+01  0.604799E+02 -0.922560E+01  0.372162E+02 -0.160873E-02***********   -795.757    -15.963     307
   308.00000 -0.888742E+01  0.604799E+02 -0.922560E+01  0.372162E+02 -0.161323E-02***********   -795.757    -15.965     308
   309.00000 -0.864866E+01  0.604799E+02 -0.922560E+01  0.372162E+02 -0.161773E-02***********   -795.757    -15.968     309
   310.00000 -0.853436E+01  0.604799E+02 -0.922560E+01  0.372162E+02 -0.162223E-02***********   -795.757    -15.971     310
   311.00000 -0.833116E+01  0.604799E+02 -0.922560E+01  0.372162E+02 -0.162673E-02***********   -795.757    -15.973     311
   312.00000 -0.820162E+01  0.604799E+02 -0.922560E+01  0.372162E+02 -0.163123E-02***********   -795.757    -15.976     312
   313.00000 -0.807716E+01  0.604799E+02 -0.922560E+01  0.372162E+02 -0.163572E-02***********   -795.757    -15.979     313
   314.00000 -0.792222E+01  0.604799E+02 -0.922560E+01  0.372162E+02 -0.164019E-02***********   -795.757    -15.982     314
   315.00000 -0.763266E+01  0.604799E+02 -0.922560E+01  0.372162E+02 -0.164466E-02***********   -795.757    -15.984     315
   316.00000 -0.749804E+01  0.604799E+02 -0.922560E+01  0.372162E+02 -0.164913E-02***********   -795.757    -15.987     316
   317.00000 -0.724912E+01  0.604799E+02 -0.922560E+01  0.372162E+02 -0.165360E-02***********   -795.757    -15.990     317
   318.00000 -0.706370E+01  0.604799E+02 -0.922560E+01  0.372162E+02 -0.165807E-02***********   -795.757    -15.992     318
   319.00000 -0.687574E+01  0.604799E+02 -0.922560E+01  0.372162E+02 -0.166254E-02***********   -795.757    -15.995     319
   320.00000 -0.677668E+01  0.604799E+02 -0.922560E+01  0.372162E+02 -0.166701E-02***********   -795.757    -15.998     320
   321.00000 -0.650236E+01  0.604799E+02 -0.922560E+01  0.372162E+02 -0.167145E-02***********   -795.757    -16.000     321
   322.00000 -0.630932E+01  0.604799E+02 -0.922560E+01  0.372162E+02 -0.167589E-02***********   -795.757    -16.003     322
   323.00000 -0.612136E+01  0.604799E+02 -0.922560E+01  0.372162E+02 -0.168033E-02***********   -795.757    -16.006     323
   324.00000 -0.595626E+01  0.604799E+02 -0.922560E+01  0.372162E+02 -0.168477E-02***********   -795.757    -16.008     324
   325.00000 -0.562352E+01  0.604799E+02 -0.922560E+01  0.372162E+02 -0.168921E-02***********   -795.757    -16.011     325
   326.00000 -0.547112E+01  0.604799E+02 -0.922560E+01  0.372162E+02 -0.169365E-02***********   -795.757    -16.014     326
   327.00000 -0.546096E+01  0.604799E+02 -0.922560E+01  0.372162E+02 -0.169808E-02***********   -795.757    -16.016     327
   328.00000 -0.544318E+01  0.604799E+02 -0.922560E+01  0.372162E+02 -0.170249E-02***********   -795.757    -16.019     328
   329.00000 -0.538222E+01  0.604799E+02 -0.922560E+01  0.372162E+02 -0.170690E-02***********   -795.758    -16.021     329
   330.00000 -0.532380E+01  0.604799E+02 -0.922560E+01  0.372162E+02 -0.171131E-02***********   -795.757    -16.024     330
   331.00000 -0.514092E+01  0.604799E+02 -0.922560E+01  0.372162E+02 -0.171572E-02***********   -795.757    -16.027     331
   332.00000 -0.485898E+01  0.604799E+02 -0.922560E+01  0.372162E+02 -0.172013E-02***********   -795.758    -16.029     332
   333.00000 -0.475230E+01  0.604799E+02 -0.922560E+01  0.372162E+02 -0.172454E-02***********   -795.758    -16.032     333
   334.00000 -0.472690E+01  0.604799E+02 -0.922560E+01  0.372162E+02 -0.172895E-02***********   -795.758    -16.035     334
   335.00000 -0.461260E+01  0.604799E+02 -0.922560E+01  0.372162E+02 -0.173333E-02***********   -795.758    -16.037     335
   336.00000 -0.444750E+01  0.604799E+02 -0.922560E+01  0.372162E+02 -0.173771E-02***********   -795.757    -16.040     336
   337.00000 -0.427732E+01  0.604799E+02 -0.922560E+01  0.372162E+02 -0.174209E-02***********   -795.758    -16.043     337
   338.00000 -0.411476E+01  0.604799E+02 -0.922560E+01  0.372162E+02 -0.174648E-02***********   -795.758    -16.045     338
   339.00000 -0.377694E+01  0.604799E+02 -0.922560E+01  0.372162E+02 -0.175086E-02***********   -795.758    -16.048     339
   340.00000 -0.352548E+01  0.604799E+02 -0.922560E+01  0.372162E+02 -0.175524E-02***********   -795.758    -16.050     340
   341.00000 -0.343404E+01  0.604799E+02 -0.922560E+01  0.372162E+02 -0.175962E-02***********   -795.758    -16.053     341
   342.00000 -0.340102E+01  0.604799E+02 -0.922560E+01  0.372162E+02 -0.176398E-02***********   -795.758    -16.056     342
   343.00000 -0.326132E+01  0.604799E+02 -0.922560E+01  0.372162E+02 -0.176834E-02***********   -795.758    -16.058     343
   344.00000 -0.305050E+01  0.604799E+02 -0.922560E+01  0.372162E+02 -0.177269E-02***********   -795.758    -16.061     344
   345.00000 -0.300478E+01  0.604799E+02 -0.922560E+01  0.372162E+02 -0.177704E-02***********   -795.758    -16.063     345
   346.00000 -0.296414E+01  0.604799E+02 -0.922560E+01  0.372162E+02 -0.178139E-02***********   -795.758    -16.066     346
   347.00000 -0.282698E+01  0.604799E+02 -0.922560E+01  0.372162E+02 -0.178574E-02***********   -795.758    -16.069     347
   348.00000 -0.271014E+01  0.604799E+02 -0.922560E+01  0.372162E+02 -0.179009E-02***********   -795.758    -16.071     348
   349.00000 -0.260346E+01  0.604799E+02 -0.922560E+01  0.372162E+02 -0.179441E-02***********   -795.758    -16.074     349
   350.00000 -0.227326E+01  0.604799E+02 -0.922560E+01  0.372162E+02 -0.179873E-02***********   -795.758    -16.076     350
   351.00000 -0.220722E+01  0.604799E+02 -0.922560E+01  0.372162E+02 -0.180306E-02***********   -795.758    -16.079     351
   352.00000 -0.197862E+01  0.604799E+02 -0.922560E+01  0.372162E+02 -0.180738E-02***********   -795.758    -16.082     352
   353.00000 -0.178558E+01  0.604799E+02 -0.922560E+01  0.372162E+02 -0.181170E-02***********   -795.758    -16.084     353
   354.00000 -0.157984E+01  0.604799E+02 -0.922560E+01  0.372162E+02 -0.181602E-02***********   -795.758    -16.087     354
   355.00000 -0.141474E+01  0.604799E+02 -0.922560E+01  0.372162E+02 -0.182034E-02***********   -795.758    -16.089     355
   356.00000 -0.121154E+01  0.604799E+02 -0.922560E+01  0.372162E+02 -0.182465E-02***********   -795.758    -16.092     356
   357.00000 -0.113788E+01  0.604799E+02 -0.922560E+01  0.372162E+02 -0.182894E-02***********   -795.758    -16.094     357
   358.00000 -0.106168E+01  0.604799E+02 -0.922560E+01  0.372162E+02 -0.183323E-02***********   -795.758    -16.097     358
   359.00000 -0.932142E+00  0.604799E+02 -0.922560E+01  0.372162E+02 -0.183752E-02***********   -795.758    -16.100     359
   360.00000 -0.767042E+00  0.604799E+02 -0.922560E+01  0.372162E+02 -0.184181E-02***********   -795.758    -16.102     360
   361.00000 -0.675602E+00  0.604799E+02 -0.922560E+01  0.372162E+02 -0.184610E-02***********   -795.758    -16.105     361
   362.00000 -0.485102E+00  0.604799E+02 -0.922560E+01  0.372162E+02 -0.185040E-02***********   -795.758    -16.107     362
   363.00000 -0.406362E+00  0.604799E+02 -0.922560E+01  0.372162E+02 -0.185466E-02***********   -795.758    -16.110     363
   364.00000 -0.373342E+00  0.604799E+02 -0.922560E+01  0.372162E+02 -0.185892E-02***********   -795.758    -16.112     364
   365.00000 -0.266662E+00  0.604799E+02 -0.922560E+01  0.372162E+02 -0.186318E-02***********   -795.758    -16.115     365
   366.00000 -0.139662E+00  0.604799E+02 -0.922560E+01  0.372162E+02 -0.186744E-02***********   -795.758    -16.118     366
   367.00000 -0.228221E-01  0.604799E+02 -0.922560E+01  0.372162E+02 -0.187171E-02***********   -795.758    -16.120     367
   368.00000  0.178179E-01  0.604799E+02 -0.922560E+01  0.372162E+02 -0.187597E-02***********   -795.758    -16.123     368
   369.00000  0.129578E+00  0.604799E+02 -0.922560E+01  0.372162E+02 -0.188023E-02***********   -795.758    -16.125     369
   370.00000  0.221018E+00  0.604799E+02 -0.922560E+01  0.372162E+02 -0.188449E-02***********   -795.758    -16.128     370
   371.00000  0.373418E+00  0.604799E+02 -0.922560E+01  0.372162E+02 -0.188872E-02***********   -795.758    -16.130     371
   372.00000  0.401358E+00  0.604799E+02 -0.922560E+01  0.372162E+02 -0.189295E-02***********   -795.758    -16.133     372
   373.00000  0.485178E+00  0.604799E+02 -0.922560E+01  0.372162E+02 -0.189719E-02***********   -795.758    -16.135     373
   374.00000  0.675678E+00  0.604799E+02 -0.922560E+01  0.372162E+02 -0.190142E-02***********   -795.758    -16.138     374
   375.00000  0.713778E+00  0.604799E+02 -0.922560E+01  0.372162E+02 -0.190565E-02***********   -795.758    -16.140     375
   376.00000  0.729018E+00  0.604799E+02 -0.922560E+01  0.372162E+02 -0.190988E-02***********   -795.758    -16.143     376
   377.00000  0.734098E+00  0.604799E+02 -0.922560E+01  0.372162E+02 -0.191411E-02***********   -795.758    -16.145     377
   378.00000  0.741718E+00  0.604799E+02 -0.922560E+01  0.372162E+02 -0.191832E-02***********   -795.758    -16.148     378
   379.00000  0.746798E+00  0.604799E+02 -0.922560E+01  0.372162E+02 -0.192252E-02***********   -795.758    -16.150     379
   380.00000  0.767118E+00  0.604799E+02 -0.922560E+01  0.372162E+02 -0.192672E-02***********   -795.758    -16.153     380
   381.00000  0.845858E+00  0.604799E+02 -0.922560E+01  0.372162E+02 -0.193092E-02***********   -795.758    -16.155     381
   382.00000  0.863638E+00  0.604799E+02 -0.922560E+01  0.372162E+02 -0.193512E-02***********   -795.758    -16.158     382
   383.00000  0.880148E+00  0.604799E+02 -0.922560E+01  0.372162E+02 -0.193933E-02***********   -795.758    -16.161     383
   384.00000  0.895388E+00  0.604799E+02 -0.922560E+01  0.372162E+02 -0.194353E-02***********   -795.758    -16.163     384
   385.00000  0.100969E+01  0.604799E+02 -0.922560E+01  0.372162E+02 -0.194772E-02***********   -795.758    -16.166     385
   386.00000  0.113923E+01  0.604799E+02 -0.922560E+01  0.372162E+02 -0.195189E-02***********   -795.758    -16.168     386
   387.00000  0.117733E+01  0.604799E+02 -0.922560E+01  0.372162E+02 -0.195606E-02***********   -795.758    -16.171     387
   388.00000  0.133227E+01  0.604799E+02 -0.922560E+01  0.372162E+02 -0.196023E-02***********   -795.758    -16.173     388
   389.00000  0.147959E+01  0.604799E+02 -0.922560E+01  0.372162E+02 -0.196441E-02***********   -795.759    -16.176     389
   390.00000  0.164469E+01  0.604799E+02 -0.922560E+01  0.372162E+02 -0.196858E-02***********   -795.758    -16.178     390
   391.00000  0.183773E+01  0.604799E+02 -0.922560E+01  0.372162E+02 -0.197275E-02***********   -795.758    -16.181     391
   392.00000  0.204347E+01  0.604799E+02 -0.922560E+01  0.372162E+02 -0.197691E-02***********   -795.759    -16.183     392
   393.00000  0.230509E+01  0.604799E+02 -0.922560E+01  0.372162E+02 -0.198105E-02***********   -795.759    -16.185     393
   394.00000  0.252861E+01  0.604799E+02 -0.922560E+01  0.372162E+02 -0.198519E-02***********   -795.759    -16.188     394
   395.00000  0.277753E+01  0.604799E+02 -0.922560E+01  0.372162E+02 -0.198933E-02***********   -795.759    -16.190     395
   396.00000  0.301883E+01  0.604799E+02 -0.922560E+01  0.372162E+02 -0.199348E-02***********   -795.758    -16.193     396
   397.00000  0.321441E+01  0.604799E+02 -0.922560E+01  0.372162E+02 -0.199762E-02***********   -795.759    -16.195     397
   398.00000  0.329569E+01  0.604799E+02 -0.922560E+01  0.372162E+02 -0.200176E-02***********   -795.759    -16.198     398
   399.00000  0.332617E+01  0.604799E+02 -0.922560E+01  0.372162E+02 -0.200590E-02***********   -795.759    -16.200     399
   400.00000  0.336427E+01  0.604799E+02 -0.922560E+01  0.372162E+02 -0.201002E-02***********   -795.759    -16.203     400
   401.00000  0.340999E+01  0.604799E+02 -0.922560E+01  0.372162E+02 -0.201413E-02***********   -795.759    -16.205     401
   402.00000  0.343793E+01  0.604799E+02 -0.922560E+01  0.372162E+02 -0.201824E-02***********   -795.759    -16.208     402
   403.00000  0.347095E+01  0.604799E+02 -0.922560E+01  0.372162E+02 -0.202236E-02***********   -795.759    -16.210     403
   404.00000  0.350905E+01  0.604799E+02 -0.922560E+01  0.372162E+02 -0.202647E-02***********   -795.759    -16.213     404
   405.00000  0.354715E+01  0.604799E+02 -0.922560E+01  0.372162E+02 -0.203058E-02***********   -795.759    -16.215     405
   406.00000  0.361573E+01  0.604799E+02 -0.922560E+01  0.372162E+02 -0.203469E-02***********   -795.759    -16.218     406
   407.00000  0.369193E+01  0.604799E+02 -0.922560E+01  0.372162E+02 -0.203881E-02***********   -795.759    -16.220     407
   408.00000  0.376305E+01  0.604799E+02 -0.922560E+01  0.372162E+02 -0.204289E-02***********   -795.759    -16.223     408
   409.00000  0.379861E+01  0.604799E+02 -0.922560E+01  0.372162E+02 -0.204697E-02***********   -795.759    -16.225     409
   410.00000  0.383036E+01  0.604799E+02 -0.922560E+01  0.372162E+02 -0.205106E-02***********   -795.759    -16.227     410
   411.00000  0.385830E+01  0.604799E+02 -0.922560E+01  0.372162E+02 -0.205514E-02***********   -795.759    -16.230     411
   412.00000  0.389132E+01  0.604799E+02 -0.922560E+01  0.372162E+02 -0.205922E-02***********   -795.759    -16.232     412
   413.00000  0.398022E+01  0.604799E+02 -0.922560E+01  0.372162E+02 -0.206330E-02***********   -795.759    -16.235     413
   414.00000  0.413262E+01  0.604799E+02 -0.922560E+01  0.372162E+02 -0.206739E-02***********   -795.759    -16.237     414
   415.00000  0.423422E+01  0.604799E+02 -0.922560E+01  0.372162E+02 -0.207146E-02***********   -795.759    -16.240     415
   416.00000  0.440948E+01  0.604799E+02 -0.922560E+01  0.372162E+02 -0.207551E-02***********   -795.759    -16.242     416
   417.00000  0.454410E+01  0.604799E+02 -0.922560E+01  0.372162E+02 -0.207956E-02***********   -795.759    -16.244     417
   418.00000  0.467110E+01  0.604799E+02 -0.922560E+01  0.372162E+02 -0.208361E-02***********   -795.759    -16.247     418
   419.00000  0.487176E+01  0.604799E+02 -0.922560E+01  0.372162E+02 -0.208767E-02***********   -795.759    -16.249     419
   420.00000  0.504194E+01  0.604799E+02 -0.922560E+01  0.372162E+02 -0.209172E-02***********   -795.759    -16.252     420
   421.00000  0.530356E+01  0.604799E+02 -0.922560E+01  0.372162E+02 -0.209577E-02***********   -795.759    -16.254     421
   422.00000  0.539754E+01  0.604799E+02 -0.922560E+01  0.372162E+02 -0.209983E-02***********   -795.759    -16.257     422
   423.00000  0.544834E+01  0.604799E+02 -0.922560E+01  0.372162E+02 -0.210385E-02***********   -795.759    -16.259     423
   424.00000  0.567186E+01  0.604799E+02 -0.922560E+01  0.372162E+02 -0.210787E-02***********   -795.759    -16.261     424
   425.00000  0.600206E+01  0.604799E+02 -0.922560E+01  0.372162E+02 -0.211190E-02***********   -795.759    -16.264     425
   426.00000  0.619764E+01  0.604799E+02 -0.922560E+01  0.372162E+02 -0.211592E-02***********   -795.759    -16.266     426
   427.00000  0.623828E+01  0.604799E+02 -0.922560E+01  0.372162E+02 -0.211994E-02***********   -795.759    -16.269     427
   428.00000  0.628146E+01  0.604799E+02 -0.922560E+01  0.372162E+02 -0.212397E-02***********   -795.759    -16.271     428
   429.00000  0.633480E+01  0.604799E+02 -0.922560E+01  0.372162E+02 -0.212799E-02***********   -795.759    -16.273     429
   430.00000  0.642624E+01  0.604799E+02 -0.922560E+01  0.372162E+02 -0.213200E-02***********   -795.759    -16.276     430
   431.00000  0.650244E+01  0.604799E+02 -0.922560E+01  0.372162E+02 -0.213599E-02***********   -795.759    -16.278     431
   432.00000  0.661928E+01  0.604799E+02 -0.922560E+01  0.372162E+02 -0.213999E-02***********   -795.759    -16.281     432
   433.00000  0.693678E+01  0.604799E+02 -0.922560E+01  0.372162E+02 -0.214398E-02***********   -795.759    -16.283     433
   434.00000  0.735334E+01  0.604799E+02 -0.922560E+01  0.372162E+02 -0.214797E-02***********   -795.759    -16.285     434
   435.00000  0.766576E+01  0.604799E+02 -0.922560E+01  0.372162E+02 -0.215197E-02***********   -795.759    -16.288     435
   436.00000  0.788166E+01  0.604799E+02 -0.922560E+01  0.372162E+02 -0.215596E-02***********   -795.759    -16.290     436
   437.00000  0.812042E+01  0.604799E+02 -0.922560E+01  0.372162E+02 -0.215995E-02***********   -795.759    -16.293     437
   438.00000  0.825758E+01  0.604799E+02 -0.922560E+01  0.372162E+02 -0.216392E-02***********   -795.759    -16.295     438
   439.00000  0.839474E+01  0.604799E+02 -0.922560E+01  0.372162E+02 -0.216788E-02***********   -795.759    -16.297     439
   440.00000  0.861572E+01  0.604799E+02 -0.922560E+01  0.372162E+02 -0.217184E-02***********   -795.759    -16.300     440
   441.00000  0.878082E+01  0.604799E+02 -0.922560E+01  0.372162E+02 -0.217581E-02***********   -795.759    -16.302     441
   442.00000  0.896370E+01  0.604799E+02 -0.922560E+01  0.372162E+02 -0.217977E-02***********   -795.759    -16.304     442
   443.00000  0.925580E+01  0.604799E+02 -0.922560E+01  0.372162E+02 -0.218374E-02***********   -795.759    -16.307     443
   444.00000  0.947678E+01  0.604799E+02 -0.922560E+01  0.372162E+02 -0.218770E-02***********   -795.759    -16.309     444
   445.00000  0.954282E+01  0.604799E+02 -0.922560E+01  0.372162E+02 -0.219166E-02***********   -795.759    -16.312     445
   446.00000  0.965712E+01  0.604799E+02 -0.922560E+01  0.372162E+02 -0.219561E-02***********   -795.759    -16.314     446
   447.00000  0.972570E+01  0.604799E+02 -0.922560E+01  0.372162E+02 -0.219955E-02***********   -795.759    -16.316     447
   448.00000  0.976380E+01  0.604799E+02 -0.922560E+01  0.372162E+02 -0.220348E-02***********   -795.759    -16.319     448
   449.00000  0.984254E+01  0.604799E+02 -0.922560E+01  0.372162E+02 -0.220741E-02***********   -795.759    -16.321     449
   450.00000  0.996192E+01  0.604799E+02 -0.922560E+01  0.372162E+02 -0.221135E-02***********   -795.759    -16.323     450
   451.00000  0.101016E+02  0.604799E+02 -0.922560E+01  0.372162E+02 -0.221528E-02***********   -795.759    -16.326     451
   452.00000  0.103480E+02  0.604799E+02 -0.922560E+01  0.372162E+02 -0.221922E-02***********   -795.759    -16.328     452
   453.00000  0.104801E+02  0.604799E+02 -0.922560E+01  0.372162E+02 -0.222315E-02***********   -795.760    -16.330     453
   454.00000  0.105741E+02  0.604799E+02 -0.922560E+01  0.372162E+02 -0.222708E-02***********   -795.760    -16.333     454
   455.00000  0.106884E+02  0.604799E+02 -0.922560E+01  0.372162E+02 -0.223099E-02***********   -795.760    -16.335     455
   456.00000  0.107290E+02  0.604799E+02 -0.922560E+01  0.372162E+02 -0.223489E-02***********   -795.759    -16.337     456
   457.00000  0.107290E+02  0.607289E+02 -0.922560E+01  0.372162E+02 -0.223880E-02***********  -1601.103    -16.340     457
   458.00000  0.107290E+02  0.611124E+02 -0.922560E+01  0.372162E+02 -0.224270E-02***********  -1601.103    -16.342     458
   459.00000  0.107290E+02  0.614451E+02 -0.922560E+01  0.372162E+02 -0.224660E-02***********  -1601.102    -16.344     459
   460.00000  0.107290E+02  0.614985E+02 -0.922560E+01  0.372162E+02 -0.225051E-02***********  -1601.103    -16.347     460
   461.00000  0.107290E+02  0.615391E+02 -0.922560E+01  0.372162E+02 -0.225441E-02***********  -1601.103    -16.349     461
   462.00000  0.107290E+02  0.615925E+02 -0.922560E+01  0.372162E+02 -0.225830E-02***********  -1601.103    -16.351     462
   463.00000  0.107290E+02  0.616915E+02 -0.922560E+01  0.372162E+02 -0.226218E-02***********  -1601.103    -16.354     463
   464.00000  0.107290E+02  0.619481E+02 -0.922560E+01  0.372162E+02 -0.226605E-02***********  -1601.102    -16.356     464
   465.00000  0.107290E+02  0.623113E+02 -0.922560E+01  0.372162E+02 -0.226992E-02***********  -1601.103    -16.358     465
   466.00000  0.107290E+02  0.625399E+02 -0.922560E+01  0.372162E+02 -0.227380E-02***********  -1601.103    -16.361     466
   467.00000  0.107290E+02  0.628472E+02 -0.922560E+01  0.372162E+02 -0.227767E-02***********  -1601.103    -16.363     467
   468.00000  0.107290E+02  0.631520E+02 -0.922560E+01  0.372162E+02 -0.228155E-02***********  -1601.103    -16.365     468
   469.00000  0.107290E+02  0.635330E+02 -0.922560E+01  0.372162E+02 -0.228542E-02***********  -1601.102    -16.368     469
   470.00000  0.107290E+02  0.638429E+02 -0.922560E+01  0.372162E+02 -0.228928E-02***********  -1601.103    -16.370     470
   471.00000  0.107290E+02  0.641350E+02 -0.922560E+01  0.372162E+02 -0.229312E-02***********  -1601.103    -16.372     471
   472.00000  0.107290E+02  0.643966E+02 -0.922560E+01  0.372162E+02 -0.229697E-02***********  -1601.103    -16.375     472
   473.00000  0.107290E+02  0.645160E+02 -0.922560E+01  0.372162E+02 -0.230081E-02***********  -1601.103    -16.377     473
   474.00000  0.107290E+02  0.646557E+02 -0.922560E+01  0.372162E+02 -0.230466E-02***********  -1601.102    -16.379     474
   475.00000  0.107290E+02  0.647598E+02 -0.922560E+01  0.372162E+02 -0.230850E-02***********  -1601.103    -16.381     475
   476.00000  0.107290E+02  0.649961E+02 -0.922560E+01  0.372162E+02 -0.231235E-02***********  -1601.103    -16.384     476
   477.00000  0.107290E+02  0.654304E+02 -0.922560E+01  0.372162E+02 -0.231619E-02***********  -1601.103    -16.386     477
   478.00000  0.107290E+02  0.657809E+02 -0.922560E+01  0.372162E+02 -0.232002E-02***********  -1601.103    -16.388     478
   479.00000  0.107290E+02  0.661061E+02 -0.922560E+01  0.372162E+02 -0.232384E-02***********  -1601.102    -16.391     479
   480.00000  0.107290E+02  0.665531E+02 -0.922560E+01  0.372162E+02 -0.232765E-02***********  -1601.103    -16.393     480
   481.00000  0.107290E+02  0.668274E+02 -0.922560E+01  0.372162E+02 -0.233147E-02***********  -1601.103    -16.395     481
   482.00000  0.107290E+02  0.670814E+02 -0.922560E+01  0.372162E+02 -0.233528E-02***********  -1601.103    -16.397     482
   483.00000  0.107290E+02  0.672110E+02 -0.922560E+01  0.372162E+02 -0.233909E-02***********  -1601.103    -16.400     483
   484.00000  0.107290E+02  0.675640E+02 -0.922560E+01  0.372162E+02 -0.234291E-02***********  -1601.102    -16.402     484
   485.00000  0.107290E+02  0.678841E+02 -0.922560E+01  0.372162E+02 -0.234672E-02***********  -1601.103    -16.404     485
   486.00000  0.107290E+02  0.681787E+02 -0.922560E+01  0.372162E+02 -0.235054E-02***********  -1601.103    -16.407     486
   487.00000  0.107290E+02  0.683743E+02 -0.922560E+01  0.372162E+02 -0.235432E-02***********  -1600.640    -16.409     487
   488.00000  0.107290E+02  0.685064E+02 -0.922560E+01  0.372162E+02 -0.235811E-02***********  -1600.640    -16.411     488
   489.00000  0.107290E+02  0.687020E+02 -0.922560E+01  0.372162E+02 -0.236189E-02***********  -1600.640    -16.413     489
   490.00000  0.107290E+02  0.690296E+02 -0.922560E+01  0.372162E+02 -0.236568E-02***********  -1600.640    -16.416     490
   491.00000  0.107290E+02  0.692557E+02 -0.922560E+01  0.372162E+02 -0.236946E-02***********  -1600.640    -16.418     491
   492.00000  0.107290E+02  0.695579E+02 -0.922560E+01  0.372162E+02 -0.237325E-02***********  -1600.640    -16.420     492
   493.00000  0.107290E+02  0.696875E+02 -0.922560E+01  0.372162E+02 -0.237703E-02***********  -1600.640    -16.422     493
   494.00000  0.107290E+02  0.697332E+02 -0.922560E+01  0.372162E+02 -0.238082E-02***********  -1600.640    -16.425     494
   495.00000  0.107290E+02  0.699999E+02 -0.922560E+01  0.372162E+02 -0.238457E-02***********  -1600.640    -16.427     495
   496.00000  0.107290E+02  0.703987E+02 -0.922560E+01  0.372162E+02 -0.238833E-02***********  -1600.640    -16.429     496
   497.00000  0.107290E+02  0.708279E+02 -0.922560E+01  0.372162E+02 -0.239208E-02***********  -1600.640    -16.431     497
   498.00000  0.107290E+02  0.712521E+02 -0.922560E+01  0.372162E+02 -0.239584E-02***********  -1600.640    -16.434     498
   499.00000  0.107290E+02  0.716331E+02 -0.922560E+01  0.372162E+02 -0.239959E-02***********  -1600.640    -16.436     499
   500.00000  0.107290E+02  0.718516E+02 -0.922560E+01  0.372162E+02 -0.240335E-02***********  -1600.640    -16.438     500
   501.00000  0.107290E+02  0.722097E+02 -0.922560E+01  0.372162E+02 -0.240710E-02***********  -1600.640    -16.440     501
   502.00000  0.107290E+02  0.726898E+02 -0.922560E+01  0.372162E+02 -0.241084E-02***********  -1600.640    -16.443     502
   503.00000  0.107290E+02  0.730504E+02 -0.922560E+01  0.372162E+02 -0.241457E-02***********  -1600.640    -16.445     503
   504.00000  0.107290E+02  0.734035E+02 -0.922560E+01  0.372162E+02 -0.241829E-02***********  -1600.640    -16.447     504
   505.00000  0.107290E+02  0.736524E+02 -0.922560E+01  0.372162E+02 -0.242202E-02***********  -1600.640    -16.449     505
   506.00000  0.107290E+02  0.739496E+02 -0.922560E+01  0.372162E+02 -0.242575E-02***********  -1600.640    -16.452     506
   507.00000  0.107290E+02  0.742392E+02 -0.922560E+01  0.372162E+02 -0.242947E-02***********  -1600.640    -16.454     507
   508.00000  0.107290E+02  0.744728E+02 -0.922560E+01  0.372162E+02 -0.243320E-02***********  -1600.640    -16.456     508
   509.00000  0.107290E+02  0.747294E+02 -0.922560E+01  0.372162E+02 -0.243692E-02***********  -1600.640    -16.458     509
   510.00000  0.107290E+02  0.751282E+02 -0.922560E+01  0.372162E+02 -0.244065E-02***********  -1600.640    -16.461     510
   511.00000  0.107290E+02  0.754431E+02 -0.922560E+01  0.372162E+02 -0.244436E-02***********  -1600.640    -16.463     511
   512.00000  0.107290E+02  0.758648E+02 -0.922560E+01  0.372162E+02 -0.244805E-02***********  -1600.640    -16.465     512
   513.00000  0.107290E+02  0.762762E+02 -0.922560E+01  0.372162E+02 -0.245175E-02***********  -1600.640    -16.467     513
   514.00000  0.107290E+02  0.767461E+02 -0.922560E+01  0.372162E+02 -0.245544E-02***********  -1600.640    -16.469     514
   515.00000  0.107290E+02  0.771576E+02 -0.922560E+01  0.372162E+02 -0.245914E-02***********  -1600.640    -16.472     515
   516.00000  0.107290E+02  0.775234E+02 -0.922560E+01  0.372162E+02 -0.246283E-02***********  -1600.640    -16.474     516
   517.00000  0.107290E+02  0.779247E+02 -0.922560E+01  0.372162E+02 -0.246653E-02***********  -1600.640    -16.476     517
   518.00000  0.107290E+02  0.782930E+02 -0.922560E+01  0.372162E+02 -0.247023E-02***********  -1600.877    -16.478     518
   519.00000  0.107290E+02  0.787045E+02 -0.922560E+01  0.372162E+02 -0.247391E-02***********  -1600.877    -16.480     519
   520.00000  0.107290E+02  0.791693E+02 -0.922560E+01  0.372162E+02 -0.247757E-02***********  -1600.877    -16.483     520
   521.00000  0.107290E+02  0.796468E+02 -0.922560E+01  0.372162E+02 -0.248124E-02***********  -1600.877    -16.485     521
   522.00000  0.107290E+02  0.800913E+02 -0.922560E+01  0.372162E+02 -0.248490E-02***********  -1600.877    -16.487     522
   523.00000  0.107290E+02  0.805333E+02 -0.922560E+01  0.372162E+02 -0.248857E-02***********  -1600.877    -16.489     523
   524.00000  0.107290E+02  0.809600E+02 -0.922560E+01  0.372162E+02 -0.249223E-02***********  -1600.877    -16.491     524
   525.00000  0.107290E+02  0.813766E+02 -0.922560E+01  0.372162E+02 -0.249590E-02***********  -1600.877    -16.494     525
   526.00000  0.107290E+02  0.817753E+02 -0.922560E+01  0.372162E+02 -0.249957E-02***********  -1600.877    -16.496     526
   527.00000  0.107290E+02  0.822351E+02 -0.922560E+01  0.372162E+02 -0.250323E-02***********  -1600.877    -16.498     527
   528.00000  0.107290E+02  0.827863E+02 -0.922560E+01  0.372162E+02 -0.250688E-02***********  -1600.877    -16.500     528
   529.00000  0.920500E+01  0.833070E+02 -0.106370E+02  0.372682E+02 -0.250968E-02      0.000  -1436.574    -16.502     529
   530.00000  0.768099E+01  0.837617E+02 -0.114790E+02  0.373591E+02 -0.251347E-02      0.000  -1327.059    -16.504     530
   531.00000  0.615699E+01  0.841783E+02 -0.121714E+02  0.374625E+02 -0.251716E-02      0.000  -1233.971    -16.506     531
   532.00000  0.450719E+01  0.845060E+02 -0.127986E+02  0.375560E+02 -0.252080E-02      0.000  -1163.914    -16.509     532
   533.00000  0.292199E+01  0.849378E+02 -0.133945E+02  0.376861E+02 -0.252445E-02      0.000  -1107.361    -16.511     533
   534.00000 -0.671305E+00  0.850343E+02 -0.139601E+02  0.377153E+02 -0.252816E-02      0.000  -1050.494    -16.513     534
   535.00000 -0.671305E+00  0.852680E+02 -0.139601E+02  0.378433E+02 -0.253178E-02    -10.259  -1053.000    -16.515     535
   536.00000 -0.671305E+00  0.856439E+02 -0.139601E+02  0.380492E+02 -0.253540E-02    -11.704  -1055.018    -16.517     536
   537.00000 -0.671305E+00  0.860630E+02 -0.139601E+02  0.382787E+02 -0.253902E-02    -12.622  -1057.203    -16.519     537
   538.00000 -0.671305E+00  0.863983E+02 -0.139601E+02  0.384623E+02 -0.254263E-02    -13.494  -1059.163    -16.522     538
   539.00000 -0.671305E+00  0.868250E+02 -0.139601E+02  0.386960E+02 -0.254624E-02    -14.160  -1061.296    -16.524     539
   540.00000 -0.671305E+00  0.873813E+02 -0.139601E+02  0.390006E+02 -0.254984E-02    -14.602  -1064.197    -16.526     540
   541.00000 -0.671305E+00  0.878715E+02 -0.139601E+02  0.392690E+02 -0.255345E-02    -14.838  -1067.759    -16.528     541
   542.00000 -0.671305E+00  0.882830E+02 -0.139601E+02  0.394944E+02 -0.255705E-02    -15.017  -1071.351    -16.530     542
   543.00000 -0.671305E+00  0.887250E+02 -0.139601E+02  0.397364E+02 -0.256066E-02    -15.219  -1075.442    -16.532     543
   544.00000 -0.671305E+00  0.890475E+02 -0.139601E+02  0.399131E+02 -0.256427E-02    -15.451  -1079.742    -16.535     544
   545.00000 -0.671305E+00  0.892660E+02 -0.139601E+02  0.400327E+02 -0.256786E-02    -15.698  -1083.547    -16.537     545
   546.00000 -0.671305E+00  0.896419E+02 -0.139601E+02  0.402385E+02 -0.257145E-02    -15.958  -1088.230    -16.539     546
   547.00000 -0.671305E+00  0.899111E+02 -0.139601E+02  0.403860E+02 -0.257502E-02    -16.239  -1094.823    -16.541     547
   548.00000 -0.671305E+00  0.902820E+02 -0.139601E+02  0.405891E+02 -0.257860E-02    -16.533  -1103.152    -16.543     548
   549.00000 -0.206831E+01  0.907087E+02 -0.151370E+02  0.408171E+02 -0.258170E-02      0.000  -1090.217    -16.545     549
   550.00000 -0.206831E+01  0.909551E+02 -0.151370E+02  0.409521E+02 -0.258529E-02    -10.539  -1097.854    -16.547     550
   551.00000 -0.487421E+01  0.913132E+02 -0.159087E+02  0.411259E+02 -0.258896E-02      0.000  -1086.852    -16.549     551
   552.00000 -0.487421E+01  0.916892E+02 -0.159087E+02  0.413318E+02 -0.259255E-02    -10.721  -1100.515    -16.551     552
   553.00000 -0.783650E+01  0.920372E+02 -0.166074E+02  0.414869E+02 -0.259611E-02      0.000  -1095.894    -16.554     553
   554.00000 -0.783650E+01  0.924816E+02 -0.166074E+02  0.417250E+02 -0.259966E-02    -10.830  -1129.246    -16.556     554
   555.00000 -0.106305E+02  0.929439E+02 -0.172871E+02  0.418996E+02 -0.260323E-02      0.000  -1129.905    -16.558     555
   556.00000 -0.106305E+02  0.934011E+02 -0.172871E+02  0.421161E+02 -0.260682E-02    -10.881  -1155.855    -16.560     556
   557.00000 -0.134245E+02  0.938787E+02 -0.179543E+02  0.422767E+02 -0.261037E-02      0.000  -1107.540    -16.562     557
   558.00000 -0.148658E+02  0.943105E+02 -0.185322E+02  0.424165E+02 -0.261398E-02      0.000  -1052.033    -16.564     558
   559.00000 -0.148658E+02  0.947474E+02 -0.185322E+02  0.426557E+02 -0.261749E-02    -10.768  -1055.654    -16.566     559
   560.00000 -0.148658E+02  0.951969E+02 -0.185322E+02  0.429019E+02 -0.262102E-02    -12.100  -1058.298    -16.568     560
   561.00000 -0.148658E+02  0.956237E+02 -0.185322E+02  0.431356E+02 -0.262457E-02    -13.115  -1060.835    -16.571     561
   562.00000 -0.148658E+02  0.961063E+02 -0.185322E+02  0.433999E+02 -0.262812E-02    -13.945  -1063.736    -16.573     562
   563.00000 -0.148658E+02  0.965685E+02 -0.185322E+02  0.436530E+02 -0.263163E-02    -14.506  -1067.102    -16.575     563
   564.00000 -0.148658E+02  0.970207E+02 -0.185322E+02  0.439006E+02 -0.263515E-02    -14.808  -1070.963    -16.577     564
   565.00000 -0.148658E+02  0.973966E+02 -0.185322E+02  0.441065E+02 -0.263867E-02    -14.974  -1075.185    -16.579     565
   566.00000 -0.148658E+02  0.978055E+02 -0.185322E+02  0.443304E+02 -0.264218E-02    -15.163  -1080.285    -16.581     566
   567.00000 -0.148658E+02  0.982195E+02 -0.185322E+02  0.445571E+02 -0.264570E-02    -15.382  -1087.604    -16.583     567
   568.00000 -0.148658E+02  0.985904E+02 -0.185322E+02  0.447602E+02 -0.264922E-02    -15.629  -1097.655    -16.585     568
   569.00000 -0.148658E+02  0.989764E+02 -0.185322E+02  0.449694E+02 -0.265273E-02    -15.902  -1114.374    -16.587     569
   570.00000 -0.148658E+02  0.994590E+02 -0.185322E+02  0.452172E+02 -0.265625E-02    -16.209  -1139.157    -16.590     570
   571.00000 -0.148658E+02  0.100015E+03 -0.185322E+02  0.454969E+02 -0.265977E-02    -16.568  -1162.885    -16.592     571
   572.00000 -0.148658E+02  0.100605E+03 -0.185322E+02  0.457920E+02 -0.266325E-02    -17.007  -1197.638    -16.594     572
   573.00000 -0.148658E+02  0.101077E+03 -0.185322E+02  0.460201E+02 -0.266674E-02    -17.544  -1271.041    -16.596     573
   574.00000 -0.148658E+02  0.101483E+03 -0.185322E+02  0.461421E+02 -0.267023E-02    -18.124  -1405.524    -16.598     574
   575.00000 -0.148658E+02  0.101826E+03 -0.185322E+02  0.461954E+02 -0.267372E-02    -18.525  -1507.141    -16.600     575
   576.00000 -0.148658E+02  0.102268E+03 -0.185322E+02  0.462156E+02 -0.267720E-02    -18.706  -1566.769    -16.602     576
   577.00000 -0.148658E+02  0.102649E+03 -0.185322E+02  0.462206E+02 -0.268069E-02    -18.767  -1591.985    -16.604     577
   578.00000 -0.148658E+02  0.103119E+03 -0.185322E+02  0.462217E+02 -0.268418E-02    -18.819  -1598.802    -16.606     578
   579.00000 -0.148658E+02  0.103533E+03 -0.185322E+02  0.462220E+02 -0.268766E-02    -18.870  -1600.475    -16.608     579
   580.00000 -0.148658E+02  0.103962E+03 -0.185322E+02  0.462220E+02 -0.269115E-02    -18.921  -1600.587    -16.610     580
   581.00000 -0.148658E+02  0.104326E+03 -0.185322E+02  0.462221E+02 -0.269461E-02    -18.971  -1600.576    -16.613     581
   582.00000 -0.148658E+02  0.104458E+03 -0.185322E+02  0.462222E+02 -0.269806E-02    -19.021  -1600.494    -16.615     582
   583.00000 -0.148658E+02  0.104790E+03 -0.185322E+02  0.462223E+02 -0.270152E-02    -19.070  -1600.586    -16.617     583
   584.00000 -0.148658E+02  0.105136E+03 -0.185322E+02  0.462224E+02 -0.270498E-02    -19.119  -1600.589    -16.619     584
   585.00000 -0.148658E+02  0.105255E+03 -0.185322E+02  0.462224E+02 -0.270844E-02    -19.167  -1600.493    -16.621     585
   586.00000 -0.148658E+02  0.105507E+03 -0.185322E+02  0.462225E+02 -0.271189E-02    -19.214  -1600.542    -16.623     586
   587.00000 -0.148658E+02  0.105819E+03 -0.185322E+02  0.462226E+02 -0.271535E-02    -19.261  -1600.581    -16.625     587
   588.00000 -0.148658E+02  0.106134E+03 -0.185322E+02  0.462227E+02 -0.271881E-02    -19.308  -1600.580    -16.627     588
   589.00000 -0.148658E+02  0.106500E+03 -0.185322E+02  0.462228E+02 -0.272226E-02    -19.354  -1600.595    -16.629     589
   590.00000 -0.148658E+02  0.106878E+03 -0.185322E+02  0.462229E+02 -0.272569E-02    -19.400  -1600.598    -16.631     590
   591.00000 -0.148658E+02  0.107203E+03 -0.185322E+02  0.462230E+02 -0.272912E-02    -19.445  -1600.584    -16.633     591
   592.00000 -0.148658E+02  0.107526E+03 -0.185322E+02  0.462230E+02 -0.273255E-02    -19.490  -1600.584    -16.635     592
   593.00000 -0.148658E+02  0.107930E+03 -0.185322E+02  0.462231E+02 -0.273597E-02    -19.534  -1600.609    -16.637     593
   594.00000 -0.148658E+02  0.108311E+03 -0.185322E+02  0.462232E+02 -0.273940E-02    -19.578  -1600.603    -16.639     594
   595.00000 -0.148658E+02  0.108669E+03 -0.185322E+02  0.462233E+02 -0.274283E-02    -19.621  -1600.597    -16.641     595
   596.00000 -0.148658E+02  0.109045E+03 -0.185322E+02  0.462234E+02 -0.274625E-02    -19.664  -1600.603    -16.643     596
   597.00000 -0.148658E+02  0.109479E+03 -0.185322E+02  0.462234E+02 -0.274968E-02    -19.706  -1600.617    -16.645     597
   598.00000 -0.148658E+02  0.109822E+03 -0.185322E+02  0.462235E+02 -0.275311E-02    -19.748  -1600.598    -16.648     598
   599.00000 -0.148658E+02  0.110112E+03 -0.185322E+02  0.462236E+02 -0.275652E-02    -19.789  -1600.584    -16.650     599
   600.00000 -0.148658E+02  0.110427E+03 -0.185322E+02  0.462237E+02 -0.275992E-02    -19.830  -1600.594    -16.652     600
   601.00000 -0.148658E+02  0.110805E+03 -0.185322E+02  0.462237E+02 -0.276332E-02    -19.871  -1600.613    -16.654     601
   602.00000 -0.148658E+02  0.111148E+03 -0.185322E+02  0.462238E+02 -0.276671E-02    -19.911  -1600.604    -16.656     602
   603.00000 -0.148658E+02  0.111519E+03 -0.185322E+02  0.462239E+02 -0.277011E-02    -19.951  -1600.612    -16.658     603
   604.00000 -0.148658E+02  0.111867E+03 -0.185322E+02  0.462239E+02 -0.277351E-02    -19.990  -1600.607    -16.660     604
   605.00000 -0.148658E+02  0.112329E+03 -0.185322E+02  0.462240E+02 -0.277691E-02    -20.029  -1600.632    -16.662     605
   606.00000 -0.148658E+02  0.112593E+03 -0.185322E+02  0.462241E+02 -0.278030E-02    -20.068  -1600.591    -16.664     606
   607.00000 -0.148658E+02  0.112990E+03 -0.185322E+02  0.462241E+02 -0.278370E-02    -20.106  -1600.625    -16.666     607
   608.00000 -0.148658E+02  0.113355E+03 -0.185322E+02  0.462242E+02 -0.278707E-02    -20.143  -1600.618    -16.668     608
   609.00000 -0.148658E+02  0.113660E+03 -0.185322E+02  0.462243E+02 -0.279044E-02    -20.180  -1600.603    -16.670     609
   610.00000 -0.148658E+02  0.113950E+03 -0.185322E+02  0.462243E+02 -0.279380E-02    -20.217   -795.728    -16.672     610
   611.00000 -0.148658E+02  0.114252E+03 -0.185322E+02  0.462244E+02 -0.279717E-02    -20.254   -795.728    -16.674     611
   612.00000 -0.148658E+02  0.114549E+03 -0.185322E+02  0.462245E+02 -0.280054E-02    -20.290   -795.712    -16.676     612
   613.00000 -0.148658E+02  0.114844E+03 -0.185322E+02  0.462246E+02 -0.280391E-02    -20.326   -795.706    -16.678     613
   614.00000 -0.148658E+02  0.115133E+03 -0.185322E+02  0.462246E+02 -0.280727E-02    -20.361   -795.732    -16.680     614
   615.00000 -0.148658E+02  0.115436E+03 -0.185322E+02  0.462247E+02 -0.281064E-02    -20.396   -795.732    -16.682     615
   616.00000 -0.148658E+02  0.115728E+03 -0.185322E+02  0.462247E+02 -0.281401E-02    -20.431   -795.731    -16.684     616
   617.00000 -0.148658E+02  0.116012E+03 -0.185322E+02  0.462248E+02 -0.281735E-02    -20.465   -795.736    -16.686     617
   618.00000 -0.148658E+02  0.116408E+03 -0.185322E+02  0.462248E+02 -0.282069E-02    -20.499   -795.734    -16.688     618
   619.00000 -0.148658E+02  0.116591E+03 -0.185322E+02  0.462249E+02 -0.282402E-02    -20.532   -795.732    -16.690     619
   620.00000 -0.148658E+02  0.116744E+03 -0.185322E+02  0.462250E+02 -0.282736E-02    -20.565   -795.732    -16.692     620
   621.00000 -0.148658E+02  0.116807E+03 -0.185322E+02  0.462250E+02 -0.283070E-02    -20.598   -795.732    -16.694     621
   622.00000 -0.148658E+02  0.117046E+03 -0.185322E+02  0.462251E+02 -0.283404E-02    -20.631   -795.733    -16.696     622
   623.00000 -0.148658E+02  0.117404E+03 -0.185322E+02  0.462251E+02 -0.283737E-02    -20.663   -795.733    -16.698     623
   624.00000 -0.148658E+02  0.117577E+03 -0.185322E+02  0.462252E+02 -0.284071E-02    -20.695   -795.734    -16.700     624
   625.00000 -0.148658E+02  0.117775E+03 -0.185322E+02  0.462252E+02 -0.284405E-02    -20.726   -795.735    -16.702     625
   626.00000 -0.148658E+02  0.117943E+03 -0.185322E+02  0.462253E+02 -0.284739E-02    -20.757   -795.735    -16.704     626
   627.00000 -0.148658E+02  0.118031E+03 -0.185322E+02  0.462254E+02 -0.285070E-02    -20.788   -795.736    -16.706     627
   628.00000 -0.148658E+02  0.118275E+03 -0.185322E+02  0.462254E+02 -0.285400E-02    -20.818   -795.736    -16.708     628
   629.00000 -0.148658E+02  0.118621E+03 -0.185322E+02  0.462255E+02 -0.285731E-02    -20.848   -795.737    -16.710     629
   630.00000 -0.148658E+02  0.118816E+03 -0.185322E+02  0.462255E+02 -0.286062E-02    -20.878   -795.738    -16.712     630
   631.00000 -0.148658E+02  0.119139E+03 -0.185322E+02  0.462256E+02 -0.286393E-02    -20.908   -795.738    -16.714     631
   632.00000 -0.148658E+02  0.119406E+03 -0.185322E+02  0.462256E+02 -0.286724E-02    -20.937   -795.739    -16.716     632
   633.00000 -0.148658E+02  0.119848E+03 -0.185322E+02  0.462257E+02 -0.287054E-02    -20.966   -795.739    -16.718     633
   634.00000 -0.148658E+02  0.120244E+03 -0.185322E+02  0.462257E+02 -0.287385E-02    -20.994   -795.740    -16.720     634
   635.00000 -0.148658E+02  0.120561E+03 -0.185322E+02  0.462258E+02 -0.287715E-02    -21.023   -795.741    -16.722     635
   636.00000 -0.148658E+02  0.120970E+03 -0.185322E+02  0.462258E+02 -0.288042E-02    -21.051   -795.741    -16.724     636
   637.00000 -0.148658E+02  0.121204E+03 -0.185322E+02  0.462259E+02 -0.288370E-02    -21.078   -795.742    -16.726     637
   638.00000 -0.148658E+02  0.121521E+03 -0.185322E+02  0.462259E+02 -0.288698E-02    -21.106   -795.742    -16.728     638
   639.00000 -0.148658E+02  0.121730E+03 -0.185322E+02  0.462260E+02 -0.289026E-02    -21.133   -795.743    -16.730     639
   640.00000 -0.143248E+02  0.121730E+03 -0.183404E+02  0.462260E+02 -0.289354E-02***********   -795.741    -16.732     640
   641.00000 -0.141317E+02  0.121730E+03 -0.183404E+02  0.462260E+02 -0.289682E-02***********   -795.741    -16.734     641
   642.00000 -0.139565E+02  0.121730E+03 -0.183404E+02  0.462260E+02 -0.290009E-02***********   -795.741    -16.735     642
   643.00000 -0.134942E+02  0.121730E+03 -0.183404E+02  0.462260E+02 -0.290337E-02***********   -795.741    -16.737     643
   644.00000 -0.132402E+02  0.121730E+03 -0.183404E+02  0.462260E+02 -0.290665E-02***********   -795.741    -16.739     644
   645.00000 -0.130167E+02  0.121730E+03 -0.183404E+02  0.462260E+02 -0.290991E-02***********   -795.741    -16.741     645
   646.00000 -0.126814E+02  0.121730E+03 -0.183404E+02  0.462260E+02 -0.291316E-02***********   -795.741    -16.743     646
   647.00000 -0.123283E+02  0.121730E+03 -0.183404E+02  0.462260E+02 -0.291641E-02***********   -795.741    -16.745     647
   648.00000 -0.120489E+02  0.121730E+03 -0.183404E+02  0.462260E+02 -0.291966E-02***********   -795.741    -16.747     648
   649.00000 -0.118737E+02  0.121730E+03 -0.183404E+02  0.462260E+02 -0.292291E-02***********   -795.741    -16.749     649
   650.00000 -0.117441E+02  0.121730E+03 -0.183404E+02  0.462260E+02 -0.292616E-02***********   -795.741    -16.751     650
   651.00000 -0.115968E+02  0.121730E+03 -0.183404E+02  0.462260E+02 -0.292940E-02***********   -795.741    -16.753     651
   652.00000 -0.114419E+02  0.121730E+03 -0.183404E+02  0.462260E+02 -0.293265E-02***********   -795.741    -16.755     652
   653.00000 -0.111371E+02  0.121730E+03 -0.183404E+02  0.462260E+02 -0.293590E-02***********   -795.741    -16.757     653
   654.00000 -0.109034E+02  0.121730E+03 -0.183404E+02  0.462260E+02 -0.293913E-02***********   -795.741    -16.759     654
   655.00000 -0.106443E+02  0.121730E+03 -0.183404E+02  0.462260E+02 -0.294237E-02***********   -795.741    -16.761     655
   656.00000 -0.105072E+02  0.121730E+03 -0.183404E+02  0.462260E+02 -0.294559E-02***********   -795.741    -16.763     656
   657.00000 -0.102506E+02  0.121730E+03 -0.183404E+02  0.462260E+02 -0.294881E-02***********   -795.741    -16.765     657
   658.00000 -0.976295E+01  0.121730E+03 -0.183404E+02  0.462260E+02 -0.295202E-02***********   -795.741    -16.767     658
   659.00000 -0.935655E+01  0.121730E+03 -0.183404E+02  0.462260E+02 -0.295524E-02***********   -795.741    -16.768     659
   660.00000 -0.915588E+01  0.121730E+03 -0.183404E+02  0.462260E+02 -0.295846E-02***********   -795.741    -16.770     660
   661.00000 -0.898316E+01  0.121730E+03 -0.183404E+02  0.462260E+02 -0.296168E-02***********   -795.741    -16.772     661
   662.00000 -0.872917E+01  0.121730E+03 -0.183404E+02  0.462260E+02 -0.296490E-02***********   -795.741    -16.774     662
   663.00000 -0.856406E+01  0.121730E+03 -0.183404E+02  0.462260E+02 -0.296812E-02***********   -795.741    -16.776     663
   664.00000 -0.845739E+01  0.121730E+03 -0.183404E+02  0.462260E+02 -0.297132E-02***********   -795.741    -16.778     664
   665.00000 -0.818053E+01  0.121730E+03 -0.183404E+02  0.462260E+02 -0.297451E-02***********   -795.741    -16.780     665
   666.00000 -0.785287E+01  0.121730E+03 -0.183404E+02  0.462260E+02 -0.297770E-02***********   -795.741    -16.782     666
   667.00000 -0.763951E+01  0.121730E+03 -0.183404E+02  0.462260E+02 -0.298089E-02***********   -795.741    -16.784     667
   668.00000 -0.755823E+01  0.121730E+03 -0.183404E+02  0.462260E+02 -0.298408E-02***********   -795.741    -16.786     668
   669.00000 -0.738297E+01  0.121730E+03 -0.183404E+02  0.462260E+02 -0.298727E-02***********   -795.741    -16.788     669
   670.00000 -0.723565E+01  0.121730E+03 -0.183404E+02  0.462260E+02 -0.299045E-02***********   -795.741    -16.790     670
   671.00000 -0.706547E+01  0.121730E+03 -0.183404E+02  0.462260E+02 -0.299364E-02***********   -795.741    -16.791     671
   672.00000 -0.685465E+01  0.121730E+03 -0.183404E+02  0.462260E+02 -0.299683E-02***********   -795.741    -16.793     672
   673.00000 -0.675305E+01  0.121730E+03 -0.183404E+02  0.462260E+02 -0.300002E-02***********   -795.741    -16.795     673
   674.00000 -0.653461E+01  0.121730E+03 -0.183404E+02  0.462260E+02 -0.300318E-02***********   -795.741    -16.797     674
   675.00000 -0.645587E+01  0.121730E+03 -0.183404E+02  0.462260E+02 -0.300634E-02***********   -795.741    -16.799     675
   676.00000 -0.630347E+01  0.121730E+03 -0.183404E+02  0.462260E+02 -0.300950E-02***********   -795.741    -16.801     676
   677.00000 -0.601645E+01  0.121730E+03 -0.183404E+02  0.462260E+02 -0.301266E-02***********   -795.741    -16.803     677
   678.00000 -0.576499E+01  0.121730E+03 -0.183404E+02  0.462260E+02 -0.301582E-02***********   -795.741    -16.805     678
   679.00000 -0.565323E+01  0.121730E+03 -0.183404E+02  0.462260E+02 -0.301898E-02***********   -795.741    -16.807     679
   680.00000 -0.554909E+01  0.121730E+03 -0.183404E+02  0.462260E+02 -0.302213E-02***********   -795.741    -16.808     680
   681.00000 -0.536367E+01  0.121730E+03 -0.183404E+02  0.462260E+02 -0.302529E-02***********   -795.741    -16.810     681
   682.00000 -0.518079E+01  0.121730E+03 -0.183404E+02  0.462260E+02 -0.302845E-02***********   -795.741    -16.812     682
   683.00000 -0.490139E+01  0.121730E+03 -0.183404E+02  0.462260E+02 -0.303161E-02***********   -795.742    -16.814     683
   684.00000 -0.466009E+01  0.121730E+03 -0.183404E+02  0.462260E+02 -0.303474E-02***********   -795.742    -16.816     684
   685.00000 -0.459151E+01  0.121730E+03 -0.183404E+02  0.462260E+02 -0.303787E-02***********   -795.742    -16.818     685
   686.00000 -0.444165E+01  0.121730E+03 -0.183404E+02  0.462260E+02 -0.304100E-02***********   -795.742    -16.820     686
   687.00000 -0.412415E+01  0.121730E+03 -0.183404E+02  0.462260E+02 -0.304413E-02***********   -795.742    -16.822     687
   688.00000 -0.398953E+01  0.121730E+03 -0.183404E+02  0.462260E+02 -0.304726E-02***********   -795.742    -16.824     688
   689.00000 -0.394889E+01  0.121730E+03 -0.183404E+02  0.462260E+02 -0.305039E-02***********   -795.742    -16.825     689
   690.00000 -0.391841E+01  0.121730E+03 -0.183404E+02  0.462260E+02 -0.305352E-02***********   -795.742    -16.827     690
   691.00000 -0.387777E+01  0.121730E+03 -0.183404E+02  0.462260E+02 -0.305665E-02***********   -795.742    -16.829     691
   692.00000 -0.386507E+01  0.121730E+03 -0.183404E+02  0.462260E+02 -0.305977E-02***********   -795.742    -16.831     692
   693.00000 -0.384475E+01  0.121730E+03 -0.183404E+02  0.462260E+02 -0.306290E-02***********   -795.742    -16.833     693
   694.00000 -0.382697E+01  0.121730E+03 -0.183404E+02  0.462260E+02 -0.306602E-02***********   -795.742    -16.835     694
   695.00000 -0.380919E+01  0.121730E+03 -0.183404E+02  0.462260E+02 -0.306912E-02***********   -795.742    -16.837     695
   696.00000 -0.373299E+01  0.121730E+03 -0.183404E+02  0.462260E+02 -0.307222E-02***********   -795.742    -16.838     696
   697.00000 -0.371013E+01  0.121730E+03 -0.183404E+02  0.462260E+02 -0.307532E-02***********   -795.742    -16.840     697
   698.00000 -0.366949E+01  0.121730E+03 -0.183404E+02  0.462260E+02 -0.307842E-02***********   -795.742    -16.842     698
   699.00000 -0.365171E+01  0.121730E+03 -0.183404E+02  0.462260E+02 -0.308152E-02***********   -795.742    -16.844     699
   700.00000 -0.353233E+01  0.121730E+03 -0.183404E+02  0.462260E+02 -0.308461E-02***********   -795.742    -16.846     700
   701.00000 -0.349931E+01  0.121730E+03 -0.183404E+02  0.462260E+02 -0.308771E-02***********   -795.742    -16.848     701
   702.00000 -0.341803E+01  0.121730E+03 -0.183404E+02  0.462260E+02 -0.309081E-02***********   -795.742    -16.850     702
   703.00000 -0.326055E+01  0.121730E+03 -0.183404E+02  0.462260E+02 -0.309391E-02***********   -795.742    -16.851     703
   704.00000 -0.321229E+01  0.121730E+03 -0.183404E+02  0.462260E+02 -0.309698E-02***********   -795.742    -16.853     704
   705.00000 -0.303195E+01  0.121730E+03 -0.183404E+02  0.462260E+02 -0.310005E-02***********   -795.742    -16.855     705
   706.00000 -0.274239E+01  0.121730E+03 -0.183404E+02  0.462260E+02 -0.310312E-02***********   -795.742    -16.857     706
   707.00000 -0.237663E+01  0.121730E+03 -0.183404E+02  0.462260E+02 -0.310619E-02***********   -795.742    -16.859     707
   708.00000 -0.224709E+01  0.121730E+03 -0.183404E+02  0.462260E+02 -0.310926E-02***********   -795.742    -16.861     708
   709.00000 -0.218867E+01  0.121730E+03 -0.183404E+02  0.462260E+02 -0.311233E-02***********   -795.742    -16.862     709
   710.00000 -0.212009E+01  0.121730E+03 -0.183404E+02  0.462260E+02 -0.311540E-02***********   -795.742    -16.864     710
   711.00000 -0.201341E+01  0.121730E+03 -0.183404E+02  0.462260E+02 -0.311847E-02***********   -795.742    -16.866     711
   712.00000 -0.195753E+01  0.121730E+03 -0.183404E+02  0.462260E+02 -0.312154E-02***********   -795.742    -16.868     712
   713.00000 -0.182291E+01  0.121730E+03 -0.183404E+02  0.462260E+02 -0.312461E-02***********   -795.742    -16.870     713
   714.00000 -0.163749E+01  0.121730E+03 -0.183404E+02  0.462260E+02 -0.312765E-02***********   -795.742    -16.872     714
   715.00000 -0.152827E+01  0.121730E+03 -0.183404E+02  0.462260E+02 -0.313069E-02***********   -795.742    -16.873     715
   716.00000 -0.146985E+01  0.121730E+03 -0.183404E+02  0.462260E+02 -0.313373E-02***********   -795.742    -16.875     716
   717.00000 -0.144953E+01  0.121730E+03 -0.183404E+02  0.462260E+02 -0.313677E-02***********   -795.742    -16.877     717
   718.00000 -0.127681E+01  0.121730E+03 -0.183404E+02  0.462260E+02 -0.313981E-02***********   -795.742    -16.879     718
   719.00000 -0.115489E+01  0.121730E+03 -0.183404E+02  0.462260E+02 -0.314285E-02***********   -795.742    -16.881     719
   720.00000 -0.936447E+00  0.121730E+03 -0.183404E+02  0.462260E+02 -0.314589E-02***********   -795.742    -16.883     720
   721.00000 -0.684987E+00  0.121730E+03 -0.183404E+02  0.462260E+02 -0.314893E-02***********   -795.742    -16.884     721
   722.00000 -0.512267E+00  0.121730E+03 -0.183404E+02  0.462260E+02 -0.315197E-02***********   -795.742    -16.886     722
   723.00000 -0.314147E+00  0.121730E+03 -0.183404E+02  0.462260E+02 -0.315501E-02***********   -795.742    -16.888     723
   724.00000 -0.126187E+00  0.121730E+03 -0.183404E+02  0.462260E+02 -0.315802E-02***********   -795.742    -16.890     724
   725.00000  0.770128E-01  0.121730E+03 -0.183404E+02  0.462260E+02 -0.316103E-02***********   -795.742    -16.892     725
   726.00000  0.295453E+00  0.121730E+03 -0.183404E+02  0.462260E+02 -0.316404E-02***********   -795.742    -16.893     726
   727.00000  0.470713E+00  0.121730E+03 -0.183404E+02  0.462260E+02 -0.316705E-02***********   -795.742    -16.895     727
   728.00000  0.676453E+00  0.121730E+03 -0.183404E+02  0.462260E+02 -0.317006E-02***********   -795.742    -16.897     728
   729.00000  0.755193E+00  0.121730E+03 -0.183404E+02  0.462260E+02 -0.317307E-02***********   -795.742    -16.899     729
   730.00000  0.770433E+00  0.121730E+03 -0.183404E+02  0.462260E+02 -0.317608E-02***********   -795.742    -16.901     730
   731.00000  0.770433E+00  0.121730E+03 -0.183404E+02  0.462260E+02 -0.317909E-02***********   -795.742    -16.902     731
   732.00000  0.783133E+00  0.121730E+03 -0.183404E+02  0.462260E+02 -0.318210E-02***********   -795.742    -16.904     732
   733.00000  0.795833E+00  0.121730E+03 -0.183404E+02  0.462260E+02 -0.318511E-02***********   -795.742    -16.906     733
   734.00000  0.808533E+00  0.121730E+03 -0.183404E+02  0.462260E+02 -0.318810E-02***********   -795.742    -16.908     734
   735.00000  0.818693E+00  0.121730E+03 -0.183404E+02  0.462260E+02 -0.319108E-02***********   -795.742    -16.910     735
   736.00000  0.823773E+00  0.121730E+03 -0.183404E+02  0.462260E+02 -0.319406E-02***********   -795.742    -16.911     736
   737.00000  0.839013E+00  0.121730E+03 -0.183404E+02  0.462260E+02 -0.319704E-02***********   -795.742    -16.913     737
   738.00000  0.910133E+00  0.121730E+03 -0.183404E+02  0.462260E+02 -0.320002E-02***********   -795.742    -16.915     738
   739.00000  0.101681E+01  0.121730E+03 -0.183404E+02  0.462260E+02 -0.320300E-02***********   -795.742    -16.917     739
   740.00000  0.108285E+01  0.121730E+03 -0.183404E+02  0.462260E+02 -0.320598E-02***********   -795.742    -16.919     740
   741.00000  0.127335E+01  0.121730E+03 -0.183404E+02  0.462260E+02 -0.320897E-02***********   -795.742    -16.920     741
   742.00000  0.131907E+01  0.121730E+03 -0.183404E+02  0.462260E+02 -0.321195E-02***********   -795.742    -16.922     742
   743.00000  0.134193E+01  0.121730E+03 -0.183404E+02  0.462260E+02 -0.321493E-02***********   -795.742    -16.924     743
   744.00000  0.139781E+01  0.121730E+03 -0.183404E+02  0.462260E+02 -0.321791E-02***********   -795.742    -16.926     744
   745.00000  0.150449E+01  0.121730E+03 -0.183404E+02  0.462260E+02 -0.322086E-02***********   -795.742    -16.927     745
   746.00000  0.163149E+01  0.121730E+03 -0.183404E+02  0.462260E+02 -0.322381E-02***********   -795.742    -16.929     746
   747.00000  0.183723E+01  0.121730E+03 -0.183404E+02  0.462260E+02 -0.322676E-02***********   -795.742    -16.931     747
   748.00000  0.187787E+01  0.121730E+03 -0.183404E+02  0.462260E+02 -0.322971E-02***********   -795.742    -16.933     748
   749.00000  0.189819E+01  0.121730E+03 -0.183404E+02  0.462260E+02 -0.323266E-02***********   -795.742    -16.934     749
   750.00000  0.191597E+01  0.121730E+03 -0.183404E+02  0.462260E+02 -0.323561E-02***********   -795.742    -16.936     750
   751.00000  0.197185E+01  0.121730E+03 -0.183404E+02  0.462260E+02 -0.323856E-02***********   -795.742    -16.938     751
   752.00000  0.212171E+01  0.121730E+03 -0.183404E+02  0.462260E+02 -0.324151E-02***********   -795.742    -16.940     752
   753.00000  0.216743E+01  0.121730E+03 -0.183404E+02  0.462260E+02 -0.324446E-02***********   -795.742    -16.942     753
   754.00000  0.232237E+01  0.121730E+03 -0.183404E+02  0.462260E+02 -0.324741E-02***********   -795.742    -16.943     754
   755.00000  0.235031E+01  0.121730E+03 -0.183404E+02  0.462260E+02 -0.325036E-02***********   -795.742    -16.945     755
   756.00000  0.238333E+01  0.121730E+03 -0.183404E+02  0.462260E+02 -0.325330E-02***********   -795.742    -16.947     756
end
