 ******* Program HYDRUS
 ******* 
 None                                                                    
 Date:  16. 1.    Time:  15:25:28
 Units: L = mm   , T = days , M = mmol 
 
 CosAlf,MaxIt,TolTh,  TolH
 1.000   10   0.001 1.00000
 
 TopInF,BotInF,AtmBC,SinkF,WLayer,qGWLF,FreeD,SeepF,lWat,lChem,lTemp,lRoot,lWDep
     T     F     T     T     F     F     T     F     T     F     F     T     F

Nodal point information

node      x         hOld    MatN LayN  Beta      Ah       AK      ATh     Temp    Conc(1...NS)         Sorb(1...NS)

   1      0.000    -15.000    1    1   0.000    1.000    1.000    1.000
   2     -1.000    -15.000    1    1   0.000    1.000    1.000    1.000
   3     -2.000    -15.000    1    1   0.000    1.000    1.000    1.000
   4     -3.000    -15.000    1    1   0.000    1.000    1.000    1.000
   5     -4.000    -15.000    1    1   0.000    1.000    1.000    1.000
   6     -5.000    -15.000    1    1   0.000    1.000    1.000    1.000
   7     -6.000    -15.000    1    1   0.000    1.000    1.000    1.000
   8     -7.000    -15.000    1    1   0.000    1.000    1.000    1.000
   9     -8.000    -15.000    1    1   0.000    1.000    1.000    1.000
  10     -9.000    -15.000    1    1   0.000    1.000    1.000    1.000
  11    -10.000    -15.000    1    1   0.000    1.000    1.000    1.000
  12    -11.000    -15.000    1    1   0.000    1.000    1.000    1.000
  13    -12.000    -15.000    1    1   0.000    1.000    1.000    1.000
  14    -13.000    -15.000    1    1   0.000    1.000    1.000    1.000
  15    -14.000    -15.000    1    1   0.000    1.000    1.000    1.000
  16    -15.000    -15.000    1    1   0.000    1.000    1.000    1.000
  17    -16.000    -15.000    1    1   0.000    1.000    1.000    1.000
  18    -17.000    -15.000    1    1   0.000    1.000    1.000    1.000
  19    -18.000    -15.000    1    1   0.000    1.000    1.000    1.000
  20    -19.000    -15.000    1    1   0.000    1.000    1.000    1.000
  21    -20.000    -15.000    1    1   0.000    1.000    1.000    1.000
  22    -21.000    -15.000    1    1   0.000    1.000    1.000    1.000
  23    -22.000    -15.000    1    1   0.000    1.000    1.000    1.000
  24    -23.000    -15.000    1    1   0.000    1.000    1.000    1.000
  25    -24.000    -15.000    1    1   0.000    1.000    1.000    1.000
  26    -25.000    -15.000    1    1   0.000    1.000    1.000    1.000
  27    -26.000    -15.000    1    1   0.000    1.000    1.000    1.000
  28    -27.000    -15.000    1    1   0.000    1.000    1.000    1.000
  29    -28.000    -15.000    1    1   0.000    1.000    1.000    1.000
  30    -29.000    -15.000    1    1   0.000    1.000    1.000    1.000
  31    -30.000    -15.000    1    1   0.000    1.000    1.000    1.000
  32    -31.000    -15.000    1    1   0.000    1.000    1.000    1.000
  33    -32.000    -15.000    1    1   0.000    1.000    1.000    1.000
  34    -33.000    -15.000    1    1   0.000    1.000    1.000    1.000
  35    -34.000    -15.000    1    1   0.000    1.000    1.000    1.000
  36    -35.000    -15.000    1    1   0.000    1.000    1.000    1.000
  37    -36.000    -15.000    1    1   0.000    1.000    1.000    1.000
  38    -37.000    -15.000    1    1   0.000    1.000    1.000    1.000
  39    -38.000    -15.000    1    1   0.000    1.000    1.000    1.000
  40    -39.000    -15.000    1    1   0.000    1.000    1.000    1.000
  41    -40.000    -15.000    1    1   0.000    1.000    1.000    1.000
  42    -41.000    -15.000    1    1   0.000    1.000    1.000    1.000
  43    -42.000    -15.000    1    1   0.000    1.000    1.000    1.000
  44    -43.000    -15.000    1    1   0.000    1.000    1.000    1.000
  45    -44.000    -15.000    1    1   0.000    1.000    1.000    1.000
  46    -45.000    -15.000    1    1   0.000    1.000    1.000    1.000
  47    -46.000    -15.000    1    1   0.000    1.000    1.000    1.000
  48    -47.000    -15.000    1    1   0.000    1.000    1.000    1.000
  49    -48.000    -15.000    1    1   0.000    1.000    1.000    1.000
  50    -49.000    -15.000    1    1   0.000    1.000    1.000    1.000
  51    -50.000    -15.000    1    1   0.000    1.000    1.000    1.000
  52    -51.000    -15.000    1    1   0.000    1.000    1.000    1.000
  53    -52.000    -15.000    1    1   0.000    1.000    1.000    1.000
  54    -53.000    -15.000    1    1   0.000    1.000    1.000    1.000
  55    -54.000    -15.000    1    1   0.000    1.000    1.000    1.000
  56    -55.000    -15.000    1    1   0.000    1.000    1.000    1.000
  57    -56.000    -15.000    1    1   0.000    1.000    1.000    1.000
  58    -57.000    -15.000    1    1   0.000    1.000    1.000    1.000
  59    -58.000    -15.000    1    1   0.000    1.000    1.000    1.000
  60    -59.000    -15.000    1    1   0.000    1.000    1.000    1.000
  61    -60.000    -15.000    1    1   0.000    1.000    1.000    1.000
  62    -61.000    -15.000    1    1   0.000    1.000    1.000    1.000
  63    -62.000    -15.000    1    1   0.000    1.000    1.000    1.000
  64    -63.000    -15.000    1    1   0.000    1.000    1.000    1.000
  65    -64.000    -15.000    1    1   0.000    1.000    1.000    1.000
  66    -65.000    -15.000    1    1   0.000    1.000    1.000    1.000
  67    -66.000    -15.000    1    1   0.000    1.000    1.000    1.000
  68    -67.000    -15.000    1    1   0.000    1.000    1.000    1.000
  69    -68.000    -15.000    1    1   0.000    1.000    1.000    1.000
  70    -69.000    -15.000    1    1   0.000    1.000    1.000    1.000
  71    -70.000    -15.000    1    1   0.000    1.000    1.000    1.000
  72    -71.000    -15.000    1    1   0.000    1.000    1.000    1.000
  73    -72.000    -15.000    1    1   0.000    1.000    1.000    1.000
  74    -73.000    -15.000    1    1   0.000    1.000    1.000    1.000
  75    -74.000    -15.000    2    1   0.000    1.000    1.000    1.000
  76    -75.000    -15.000    2    1   0.000    1.000    1.000    1.000
  77    -76.000    -15.000    2    1   0.000    1.000    1.000    1.000
  78    -77.000    -15.000    2    1   0.000    1.000    1.000    1.000
  79    -78.000    -15.000    2    1   0.000    1.000    1.000    1.000
  80    -79.000    -15.000    2    1   0.000    1.000    1.000    1.000
  81    -80.000    -15.000    2    1   0.000    1.000    1.000    1.000
  82    -81.000    -15.000    2    1   0.000    1.000    1.000    1.000
  83    -82.000    -15.000    2    1   0.000    1.000    1.000    1.000
  84    -83.000    -15.000    2    1   0.000    1.000    1.000    1.000
  85    -84.000    -15.000    2    1   0.000    1.000    1.000    1.000
  86    -85.000    -15.000    2    1   0.000    1.000    1.000    1.000
  87    -86.000    -15.000    2    1   0.000    1.000    1.000    1.000
  88    -87.000    -15.000    2    1   0.000    1.000    1.000    1.000
  89    -88.000    -15.000    2    1   0.000    1.000    1.000    1.000
  90    -89.000    -15.000    2    1   0.000    1.000    1.000    1.000
  91    -90.000    -15.000    2    1   0.000    1.000    1.000    1.000
  92    -91.000    -15.000    2    1   0.000    1.000    1.000    1.000
  93    -92.000    -15.000    2    1   0.000    1.000    1.000    1.000
  94    -93.000    -15.000    2    1   0.000    1.000    1.000    1.000
  95    -94.000    -15.000    2    1   0.000    1.000    1.000    1.000
  96    -95.000    -15.000    2    1   0.000    1.000    1.000    1.000
  97    -96.000    -15.000    2    1   0.000    1.000    1.000    1.000
  98    -97.000    -15.000    2    1   0.000    1.000    1.000    1.000
  99    -98.000    -15.000    2    1   0.000    1.000    1.000    1.000
 100    -99.000    -15.000    2    1   0.000    1.000    1.000    1.000
 101   -100.000    -15.000    3    1   0.000    1.000    1.000    1.000
 102   -101.000    -15.000    3    1   0.000    1.000    1.000    1.000
 103   -102.000    -15.000    3    1   0.000    1.000    1.000    1.000
 104   -103.000    -15.000    3    1   0.000    1.000    1.000    1.000
 105   -104.000    -15.000    3    1   0.000    1.000    1.000    1.000
 106   -105.000    -15.000    3    1   0.000    1.000    1.000    1.000
 107   -106.000    -15.000    3    1   0.000    1.000    1.000    1.000
 108   -107.000    -15.000    3    1   0.000    1.000    1.000    1.000
 109   -108.000    -15.000    3    1   0.000    1.000    1.000    1.000
 110   -109.000    -15.000    3    1   0.000    1.000    1.000    1.000
 111   -110.000    -15.000    3    1   0.000    1.000    1.000    1.000
 112   -111.000    -15.000    3    1   0.000    1.000    1.000    1.000
 113   -112.000    -15.000    3    1   0.000    1.000    1.000    1.000
 114   -113.000    -15.000    3    1   0.000    1.000    1.000    1.000
 115   -114.000    -15.000    3    1   0.000    1.000    1.000    1.000
 116   -115.000    -15.000    3    1   0.000    1.000    1.000    1.000
 117   -116.000    -15.000    3    1   0.000    1.000    1.000    1.000
 118   -117.000    -15.000    3    1   0.000    1.000    1.000    1.000
 119   -118.000    -15.000    3    1   0.000    1.000    1.000    1.000
 120   -119.000    -15.000    3    1   0.000    1.000    1.000    1.000
 121   -120.000    -15.000    3    1   0.000    1.000    1.000    1.000
 122   -121.000    -15.000    3    1   0.000    1.000    1.000    1.000
 123   -122.000    -15.000    3    1   0.000    1.000    1.000    1.000
 124   -123.000    -15.000    3    1   0.000    1.000    1.000    1.000
 125   -124.000    -15.000    3    1   0.000    1.000    1.000    1.000
 126   -125.000    -15.000    3    1   0.000    1.000    1.000    1.000
 127   -126.000    -15.000    3    1   0.000    1.000    1.000    1.000
 128   -127.000    -15.000    3    1   0.000    1.000    1.000    1.000
 129   -128.000    -15.000    3    1   0.000    1.000    1.000    1.000
 130   -129.000    -15.000    3    1   0.000    1.000    1.000    1.000
 131   -130.000    -15.000    3    1   0.000    1.000    1.000    1.000
 132   -131.000    -15.000    3    1   0.000    1.000    1.000    1.000
 133   -132.000    -15.000    3    1   0.000    1.000    1.000    1.000
 134   -133.000    -15.000    3    1   0.000    1.000    1.000    1.000
 135   -134.000    -15.000    3    1   0.000    1.000    1.000    1.000
 136   -135.000    -15.000    3    1   0.000    1.000    1.000    1.000
 137   -136.000    -15.000    3    1   0.000    1.000    1.000    1.000
 138   -137.000    -15.000    3    1   0.000    1.000    1.000    1.000
 139   -138.000    -15.000    3    1   0.000    1.000    1.000    1.000
 140   -139.000    -15.000    3    1   0.000    1.000    1.000    1.000
 141   -140.000    -15.000    3    1   0.000    1.000    1.000    1.000
 142   -141.000    -15.000    3    1   0.000    1.000    1.000    1.000
 143   -142.000    -15.000    3    1   0.000    1.000    1.000    1.000
 144   -143.000    -15.000    3    1   0.000    1.000    1.000    1.000
 145   -144.000    -15.000    3    1   0.000    1.000    1.000    1.000
 146   -145.000    -15.000    3    1   0.000    1.000    1.000    1.000
 147   -146.000    -15.000    3    1   0.000    1.000    1.000    1.000
 148   -147.000    -15.000    3    1   0.000    1.000    1.000    1.000
 149   -148.000    -15.000    3    1   0.000    1.000    1.000    1.000
 150   -149.000    -15.000    3    1   0.000    1.000    1.000    1.000
 151   -150.000    -15.000    1    1   0.000    1.000    1.000    1.000
end

 Number of species in the chain :   0


MatNum, Param. array:

   Mat     Qr     Qs        Alfa         n          Ks      l

    1    0.050  0.485   0.253E-01   0.180E+01   0.500E+00135.145

       Table of Hydraulic Properties which are interpolated in simulation
       =================================================================

  theta         h        log h        C             K        log K          S          Kv
 
  0.4851  -0.100E-05 -0.6000E+01  0.7014E-08  0.5000E+00 -0.3010E+00    1.0000  0.0000E+00
  0.4851  -0.126E-05 -0.5899E+01  0.8454E-08  0.5000E+00 -0.3010E+00    1.0000  0.0000E+00
  0.4851  -0.159E-05 -0.5798E+01  0.1019E-07  0.5000E+00 -0.3010E+00    1.0000  0.0000E+00
  0.4851  -0.201E-05 -0.5697E+01  0.1228E-07  0.5000E+00 -0.3010E+00    1.0000  0.0000E+00
  0.4851  -0.254E-05 -0.5596E+01  0.1480E-07  0.5000E+00 -0.3010E+00    1.0000  0.0000E+00
  0.4851  -0.320E-05 -0.5495E+01  0.1784E-07  0.5000E+00 -0.3010E+00    1.0000  0.0000E+00
  0.4851  -0.404E-05 -0.5394E+01  0.2150E-07  0.5000E+00 -0.3010E+00    1.0000  0.0000E+00
  0.4851  -0.509E-05 -0.5293E+01  0.2592E-07  0.5000E+00 -0.3010E+00    1.0000  0.0000E+00
  0.4851  -0.643E-05 -0.5192E+01  0.3124E-07  0.5000E+00 -0.3010E+00    1.0000  0.0000E+00
  0.4851  -0.811E-05 -0.5091E+01  0.3765E-07  0.5000E+00 -0.3010E+00    1.0000  0.0000E+00
  0.4851  -0.102E-04 -0.4990E+01  0.4538E-07  0.5000E+00 -0.3010E+00    1.0000  0.0000E+00
  0.4851  -0.129E-04 -0.4889E+01  0.5469E-07  0.5000E+00 -0.3010E+00    1.0000  0.0000E+00
  0.4851  -0.163E-04 -0.4788E+01  0.6592E-07  0.5000E+00 -0.3010E+00    1.0000  0.0000E+00
  0.4851  -0.206E-04 -0.4687E+01  0.7945E-07  0.5000E+00 -0.3010E+00    1.0000  0.0000E+00
  0.4851  -0.260E-04 -0.4586E+01  0.9576E-07  0.5000E+00 -0.3010E+00    1.0000  0.0000E+00
  0.4851  -0.327E-04 -0.4485E+01  0.1154E-06  0.5000E+00 -0.3010E+00    1.0000  0.0000E+00
  0.4851  -0.413E-04 -0.4384E+01  0.1391E-06  0.5000E+00 -0.3010E+00    1.0000  0.0000E+00
  0.4851  -0.521E-04 -0.4283E+01  0.1677E-06  0.5000E+00 -0.3010E+00    1.0000  0.0000E+00
  0.4851  -0.658E-04 -0.4182E+01  0.2021E-06  0.5000E+00 -0.3010E+00    1.0000  0.0000E+00
  0.4851  -0.830E-04 -0.4081E+01  0.2436E-06  0.5000E+00 -0.3011E+00    1.0000  0.0000E+00
  0.4851  -0.105E-03 -0.3980E+01  0.2936E-06  0.5000E+00 -0.3011E+00    1.0000  0.0000E+00
  0.4851  -0.132E-03 -0.3879E+01  0.3539E-06  0.5000E+00 -0.3011E+00    1.0000  0.0000E+00
  0.4851  -0.167E-03 -0.3778E+01  0.4265E-06  0.5000E+00 -0.3011E+00    1.0000  0.0000E+00
  0.4851  -0.210E-03 -0.3677E+01  0.5140E-06  0.4999E+00 -0.3011E+00    1.0000  0.0000E+00
  0.4851  -0.266E-03 -0.3576E+01  0.6196E-06  0.4999E+00 -0.3011E+00    1.0000  0.0000E+00
  0.4851  -0.335E-03 -0.3475E+01  0.7467E-06  0.4999E+00 -0.3011E+00    1.0000  0.0000E+00
  0.4851  -0.423E-03 -0.3374E+01  0.9000E-06  0.4999E+00 -0.3011E+00    1.0000  0.0000E+00
  0.4851  -0.534E-03 -0.3273E+01  0.1085E-05  0.4999E+00 -0.3011E+00    1.0000  0.0000E+00
  0.4851  -0.673E-03 -0.3172E+01  0.1308E-05  0.4999E+00 -0.3012E+00    1.0000  0.0000E+00
  0.4851  -0.850E-03 -0.3071E+01  0.1576E-05  0.4998E+00 -0.3012E+00    1.0000  0.0000E+00
  0.4851  -0.107E-02 -0.2970E+01  0.1899E-05  0.4998E+00 -0.3012E+00    1.0000  0.0000E+00
  0.4851  -0.135E-02 -0.2869E+01  0.2289E-05  0.4997E+00 -0.3013E+00    1.0000  0.0000E+00
  0.4851  -0.171E-02 -0.2768E+01  0.2759E-05  0.4997E+00 -0.3013E+00    1.0000  0.0000E+00
  0.4851  -0.215E-02 -0.2667E+01  0.3326E-05  0.4996E+00 -0.3014E+00    1.0000  0.0000E+00
  0.4851  -0.272E-02 -0.2566E+01  0.4008E-05  0.4995E+00 -0.3014E+00    1.0000  0.0000E+00
  0.4851  -0.343E-02 -0.2465E+01  0.4831E-05  0.4995E+00 -0.3015E+00    1.0000  0.0000E+00
  0.4851  -0.433E-02 -0.2364E+01  0.5823E-05  0.4993E+00 -0.3016E+00    1.0000  0.0000E+00
  0.4851  -0.546E-02 -0.2263E+01  0.7018E-05  0.4992E+00 -0.3017E+00    1.0000  0.0000E+00
  0.4851  -0.689E-02 -0.2162E+01  0.8459E-05  0.4990E+00 -0.3019E+00    1.0000  0.0000E+00
  0.4851  -0.870E-02 -0.2061E+01  0.1020E-04  0.4988E+00 -0.3020E+00    1.0000  0.9313E-29
  0.4851  -0.110E-01 -0.1960E+01  0.1229E-04  0.4986E+00 -0.3023E+00    1.0000  0.3598E-28
  0.4851  -0.138E-01 -0.1859E+01  0.1481E-04  0.4983E+00 -0.3025E+00    1.0000  0.9387E-28
  0.4851  -0.175E-01 -0.1758E+01  0.1785E-04  0.4979E+00 -0.3028E+00    1.0000  0.3627E-27
  0.4851  -0.221E-01 -0.1657E+01  0.2152E-04  0.4975E+00 -0.3032E+00    1.0000  0.1401E-26
  0.4851  -0.278E-01 -0.1556E+01  0.2593E-04  0.4970E+00 -0.3036E+00    1.0000  0.4773E-26
  0.4851  -0.351E-01 -0.1455E+01  0.3126E-04  0.4964E+00 -0.3042E+00    1.0000  0.2006E-25
  0.4851  -0.443E-01 -0.1354E+01  0.3767E-04  0.4956E+00 -0.3049E+00    1.0000  0.8647E-25
  0.4851  -0.559E-01 -0.1253E+01  0.4541E-04  0.4946E+00 -0.3057E+00    1.0000  0.3462E-24
  0.4851  -0.705E-01 -0.1152E+01  0.5473E-04  0.4935E+00 -0.3067E+00    1.0000  0.1435E-23
  0.4851  -0.890E-01 -0.1051E+01  0.6596E-04  0.4920E+00 -0.3080E+00    1.0000  0.5716E-23
  0.4851  -0.112E+00 -0.9495E+00  0.7950E-04  0.4903E+00 -0.3096E+00    1.0000  0.2323E-22
  0.4851  -0.142E+00 -0.8485E+00  0.9582E-04  0.4880E+00 -0.3115E+00    1.0000  0.9464E-22
  0.4851  -0.179E+00 -0.7475E+00  0.1155E-03  0.4852E+00 -0.3140E+00    1.0000  0.3803E-21
  0.4851  -0.226E+00 -0.6465E+00  0.1392E-03  0.4817E+00 -0.3172E+00    1.0000  0.1547E-20
  0.4850  -0.285E+00 -0.5455E+00  0.1678E-03  0.4772E+00 -0.3213E+00    0.9999  0.6242E-20
  0.4850  -0.359E+00 -0.4444E+00  0.2022E-03  0.4714E+00 -0.3266E+00    0.9999  0.2531E-19
  0.4850  -0.453E+00 -0.3434E+00  0.2436E-03  0.4638E+00 -0.3337E+00    0.9999  0.1023E-18
  0.4850  -0.572E+00 -0.2424E+00  0.2936E-03  0.4539E+00 -0.3431E+00    0.9998  0.4136E-18
  0.4849  -0.722E+00 -0.1414E+00  0.3537E-03  0.4408E+00 -0.3558E+00    0.9997  0.1672E-17
  0.4849  -0.911E+00 -0.4040E-01  0.4261E-03  0.4234E+00 -0.3732E+00    0.9995  0.6758E-17
  0.4847  -0.115E+01  0.6061E-01  0.5131E-03  0.4004E+00 -0.3975E+00    0.9992  0.2730E-16
  0.4846  -0.145E+01  0.1616E+00  0.6177E-03  0.3702E+00 -0.4316E+00    0.9989  0.1102E-15
  0.4843  -0.183E+01  0.2626E+00  0.7430E-03  0.3310E+00 -0.4801E+00    0.9983  0.4445E-15
  0.4839  -0.231E+01  0.3636E+00  0.8929E-03  0.2820E+00 -0.5498E+00    0.9974  0.1790E-14
  0.4833  -0.292E+01  0.4646E+00  0.1071E-02  0.2235E+00 -0.6507E+00    0.9960  0.7187E-14
  0.4824  -0.368E+01  0.5657E+00  0.1283E-02  0.1593E+00 -0.7977E+00    0.9939  0.2875E-13
  0.4811  -0.464E+01  0.6667E+00  0.1530E-02  0.9702E-01 -0.1013E+01    0.9908  0.1143E-12
  0.4790  -0.586E+01  0.7677E+00  0.1816E-02  0.4682E-01 -0.1330E+01    0.9861  0.4509E-12
  0.4760  -0.739E+01  0.8687E+00  0.2139E-02  0.1605E-01 -0.1795E+01    0.9791  0.1755E-11
  0.4715  -0.933E+01  0.9697E+00  0.2491E-02  0.3341E-02 -0.2476E+01    0.9688  0.6702E-11
  0.4650  -0.118E+02  0.1071E+01  0.2854E-02  0.3395E-03 -0.3469E+01    0.9537  0.2490E-10
  0.4556  -0.148E+02  0.1172E+01  0.3194E-02  0.1259E-04 -0.4900E+01    0.9322  0.8889E-10
  0.4426  -0.187E+02  0.1273E+01  0.3463E-02  0.1183E-06 -0.6927E+01    0.9023  0.3005E-09
  0.4252  -0.236E+02  0.1374E+01  0.3602E-02  0.1852E-09 -0.9732E+01    0.8623  0.9450E-09
  0.4029  -0.298E+02  0.1475E+01  0.3559E-02  0.3186E-13 -0.1350E+02    0.8110  0.2711E-08
  0.3760  -0.376E+02  0.1576E+01  0.3314E-02  0.4327E-18 -0.1836E+02    0.7491  0.6980E-08
  0.3453  -0.475E+02  0.1677E+01  0.2898E-02  0.3973E-24 -0.2440E+02    0.6785  0.1594E-07
  0.3126  -0.599E+02  0.1778E+01  0.2383E-02  0.2639E-31 -0.3158E+02    0.6031  0.3217E-07
  0.2795  -0.756E+02  0.1879E+01  0.1854E-02  0.1000E-36 -0.3700E+02    0.5271  0.5771E-07
  0.2478  -0.955E+02  0.1980E+01  0.1378E-02  0.1000E-36 -0.3700E+02    0.4541  0.9309E-07
  0.2186  -0.120E+03  0.2081E+01  0.9880E-03  0.1000E-36 -0.3700E+02    0.3870  0.1370E-06
  0.1926  -0.152E+03  0.2182E+01  0.6897E-03  0.1000E-36 -0.3700E+02    0.3270  0.1870E-06
  0.1699  -0.192E+03  0.2283E+01  0.4724E-03  0.1000E-36 -0.3700E+02    0.2748  0.2400E-06
  0.1504  -0.242E+03  0.2384E+01  0.3193E-03  0.1000E-36 -0.3700E+02    0.2299  0.2931E-06
  0.1338  -0.305E+03  0.2485E+01  0.2138E-03  0.1000E-36 -0.3700E+02    0.1918  0.3443E-06
  0.1199  -0.385E+03  0.2586E+01  0.1423E-03  0.1000E-36 -0.3700E+02    0.1598  0.3920E-06
  0.1082  -0.486E+03  0.2687E+01  0.9432E-04  0.1000E-36 -0.3700E+02    0.1329  0.4353E-06
  0.0984  -0.614E+03  0.2788E+01  0.6235E-04  0.1000E-36 -0.3700E+02    0.1104  0.4741E-06
  0.0903  -0.774E+03  0.2889E+01  0.4114E-04  0.1000E-36 -0.3700E+02    0.0917  0.5081E-06
  0.0835  -0.977E+03  0.2990E+01  0.2711E-04  0.1000E-36 -0.3700E+02    0.0762  0.5377E-06
  0.0779  -0.123E+04  0.3091E+01  0.1785E-04  0.1000E-36 -0.3700E+02    0.0632  0.5632E-06
  0.0732  -0.156E+04  0.3192E+01  0.1175E-04  0.1000E-36 -0.3700E+02    0.0525  0.5850E-06
  0.0694  -0.196E+04  0.3293E+01  0.7731E-05  0.1000E-36 -0.3700E+02    0.0435  0.6036E-06
  0.0661  -0.248E+04  0.3394E+01  0.5086E-05  0.1000E-36 -0.3700E+02    0.0361  0.6193E-06
  0.0635  -0.313E+04  0.3495E+01  0.3345E-05  0.1000E-36 -0.3700E+02    0.0300  0.6325E-06
  0.0612  -0.394E+04  0.3596E+01  0.2200E-05  0.1000E-36 -0.3700E+02    0.0249  0.6437E-06
  0.0594  -0.498E+04  0.3697E+01  0.1446E-05  0.1000E-36 -0.3700E+02    0.0206  0.6530E-06
  0.0579  -0.628E+04  0.3798E+01  0.9511E-06  0.1000E-36 -0.3700E+02    0.0171  0.6608E-06
  0.0566  -0.792E+04  0.3899E+01  0.6254E-06  0.1000E-36 -0.3700E+02    0.0142  0.6672E-06
  0.0556  -0.100E+05  0.4000E+01  0.4112E-06  0.1000E-36 -0.3700E+02    0.0118  0.6726E-06
end
