 ******* Program HYDRUS
 ******* 
 None                                                                    
 Date:  16. 1.    Time:  15:25:28
 Units: L = mm   , T = days , M = mmol 


    TLevel      Time          dt      Iter    ItCum  KodT  KodB  Convergency

        3  0.1000000E+01  0.30000E+00    2        6    -4    -5     T
        5  0.2000000E+01  0.50000E+00    2       13    -4    -5     T
        7  0.3000000E+01  0.50000E+00    3       21    -4    -5     T
        9  0.4000000E+01  0.50000E+00    8       34    -4    -5     T
       13  0.5000000E+01  0.22222E+00    3       51     4    -5     T
       16  0.6000000E+01  0.33333E+00    2       60     4    -5     T
       18  0.7000000E+01  0.50000E+00    2       64     4    -5     T
       20  0.8000000E+01  0.50000E+00    2       68     4    -5     T
       22  0.9000000E+01  0.50000E+00    2       72     4    -5     T
       24  0.1000000E+02  0.50000E+00    2       76     4    -5     T
       26  0.1100000E+02  0.50000E+00    2       80     4    -5     T
       28  0.1200000E+02  0.50000E+00    2       84     4    -5     T
       30  0.1300000E+02  0.50000E+00    2       88     4    -5     T
       32  0.1400000E+02  0.50000E+00    2       92     4    -5     T
       34  0.1500000E+02  0.50000E+00    2       96     4    -5     T
       36  0.1600000E+02  0.50000E+00    2      100     4    -5     T
       38  0.1700000E+02  0.50000E+00    2      104     4    -5     T
       40  0.1800000E+02  0.50000E+00    2      108     4    -5     T
       42  0.1900000E+02  0.50000E+00    2      112     4    -5     T
       44  0.2000000E+02  0.50000E+00    2      116     4    -5     T
       46  0.2100000E+02  0.50000E+00    2      120     4    -5     T
       48  0.2200000E+02  0.50000E+00    2      124     4    -5     T
       50  0.2300000E+02  0.50000E+00    2      128     4    -5     T
       52  0.2400000E+02  0.50000E+00    2      132     4    -5     T
       54  0.2500000E+02  0.50000E+00    2      136     4    -5     T
       56  0.2600000E+02  0.50000E+00    2      140     4    -5     T
       58  0.2700000E+02  0.50000E+00    2      144     4    -5     T
       60  0.2800000E+02  0.50000E+00    2      148     4    -5     T
       62  0.2900000E+02  0.50000E+00    2      152     4    -5     T
       64  0.3000000E+02  0.50000E+00    2      156     4    -5     T
       66  0.3100000E+02  0.50000E+00    2      160     4    -5     T
       68  0.3200000E+02  0.50000E+00    2      164     4    -5     T
       70  0.3300000E+02  0.50000E+00    2      168     4    -5     T
       72  0.3400000E+02  0.50000E+00    2      172     4    -5     T
       74  0.3500000E+02  0.50000E+00    2      176     4    -5     T
       76  0.3600000E+02  0.50000E+00    2      180     4    -5     T
       78  0.3700000E+02  0.50000E+00    2      184     4    -5     T
       80  0.3800000E+02  0.50000E+00    2      188     4    -5     T
       82  0.3900000E+02  0.50000E+00    2      192     4    -5     T
       84  0.4000000E+02  0.50000E+00    2      196     4    -5     T
       86  0.4100000E+02  0.50000E+00    2      200     4    -5     T
       88  0.4200000E+02  0.50000E+00    2      204     4    -5     T
       90  0.4300000E+02  0.50000E+00    2      208     4    -5     T
       92  0.4400000E+02  0.50000E+00    2      212     4    -5     T
       94  0.4500000E+02  0.50000E+00    2      216     4    -5     T
       96  0.4600000E+02  0.50000E+00    2      220     4    -5     T
       98  0.4700000E+02  0.50000E+00    2      224     4    -5     T
      100  0.4800000E+02  0.50000E+00    2      228     4    -5     T
      102  0.4900000E+02  0.50000E+00    2      232     4    -5     T
      104  0.5000000E+02  0.50000E+00    2      236     4    -5     T
      106  0.5100000E+02  0.50000E+00    2      240     4    -5     T
      108  0.5200000E+02  0.50000E+00    2      244     4    -5     T
      110  0.5300000E+02  0.50000E+00    2      248     4    -5     T
      112  0.5400000E+02  0.50000E+00    2      252     4    -5     T
      114  0.5500000E+02  0.50000E+00    2      256     4    -5     T
      116  0.5600000E+02  0.50000E+00    2      260     4    -5     T
      118  0.5700000E+02  0.50000E+00    2      264     4    -5     T
      120  0.5800000E+02  0.50000E+00    2      268     4    -5     T
      122  0.5900000E+02  0.50000E+00    2      272     4    -5     T
      124  0.6000000E+02  0.50000E+00    2      276     4    -5     T
      126  0.6100000E+02  0.50000E+00    2      280     4    -5     T
      128  0.6200000E+02  0.50000E+00    2      284     4    -5     T
      130  0.6300000E+02  0.50000E+00    2      288     4    -5     T
      132  0.6400000E+02  0.50000E+00    2      292     4    -5     T
      134  0.6500000E+02  0.50000E+00    2      296     4    -5     T
      136  0.6600000E+02  0.50000E+00    2      300     4    -5     T
      138  0.6700000E+02  0.50000E+00    2      304     4    -5     T
      140  0.6800000E+02  0.50000E+00    2      308     4    -5     T
      142  0.6900000E+02  0.50000E+00    2      312     4    -5     T
      144  0.7000000E+02  0.50000E+00    2      316     4    -5     T
      146  0.7100000E+02  0.50000E+00    2      320     4    -5     T
      148  0.7200000E+02  0.50000E+00    2      324     4    -5     T
      150  0.7300000E+02  0.50000E+00    2      328     4    -5     T
      152  0.7400000E+02  0.50000E+00    2      332     4    -5     T
      154  0.7500000E+02  0.50000E+00    2      336     4    -5     T
      156  0.7600000E+02  0.50000E+00    2      340     4    -5     T
      158  0.7700000E+02  0.50000E+00    2      344     4    -5     T
      160  0.7800000E+02  0.50000E+00    2      348     4    -5     T
      162  0.7900000E+02  0.50000E+00    2      352     4    -5     T
      164  0.8000000E+02  0.50000E+00    2      356     4    -5     T
      166  0.8100000E+02  0.50000E+00    2      360     4    -5     T
      168  0.8200000E+02  0.50000E+00    2      364     4    -5     T
      170  0.8300000E+02  0.50000E+00    2      368     4    -5     T
      172  0.8400000E+02  0.50000E+00    2      372     4    -5     T
      174  0.8500000E+02  0.50000E+00    2      376     4    -5     T
      176  0.8600000E+02  0.50000E+00    2      380     4    -5     T
      178  0.8700000E+02  0.50000E+00    2      384     4    -5     T
      180  0.8800000E+02  0.50000E+00    2      388     4    -5     T
      182  0.8900000E+02  0.50000E+00    2      392     4    -5     T
      184  0.9000000E+02  0.50000E+00    2      396     4    -5     T
      186  0.9100000E+02  0.50000E+00    5      403    -4    -5     T
      188  0.9200000E+02  0.50000E+00    2      409    -4    -5     T
      190  0.9300000E+02  0.50000E+00    4      415    -4    -5     T
      192  0.9400000E+02  0.50000E+00    3      420    -4    -5     T
      194  0.9500000E+02  0.50000E+00    4      426    -4    -5     T
      196  0.9600000E+02  0.50000E+00    4      432    -4    -5     T
      198  0.9700000E+02  0.50000E+00    4      440    -4    -5     T
      200  0.9800000E+02  0.50000E+00    4      448    -4    -5     T
      202  0.9900000E+02  0.50000E+00    5      457    -4    -5     T
      204  0.1000000E+03  0.50000E+00    4      465    -4    -5     T
      206  0.1010000E+03  0.50000E+00    4      473    -4    -5     T
      208  0.1020000E+03  0.50000E+00    4      480    -4    -5     T
      210  0.1030000E+03  0.50000E+00    2      485    -4    -5     T
      212  0.1040000E+03  0.50000E+00    3      490    -4    -5     T
      214  0.1050000E+03  0.50000E+00    3      495    -4    -5     T
      216  0.1060000E+03  0.50000E+00    3      501    -4    -5     T
      218  0.1070000E+03  0.50000E+00    2      505    -4    -5     T
      220  0.1080000E+03  0.50000E+00    2      510    -4    -5     T
      222  0.1090000E+03  0.50000E+00    2      514    -4    -5     T
      224  0.1100000E+03  0.50000E+00    2      518    -4    -5     T
      226  0.1110000E+03  0.50000E+00    2      522    -4    -5     T
      228  0.1120000E+03  0.50000E+00    3      527    -4    -5     T
      230  0.1130000E+03  0.50000E+00    2      531    -4    -5     T
      232  0.1140000E+03  0.50000E+00    3      536    -4    -5     T
      234  0.1150000E+03  0.50000E+00    2      540    -4    -5     T
      236  0.1160000E+03  0.50000E+00    2      544    -4    -5     T
      238  0.1170000E+03  0.50000E+00    2      548    -4    -5     T
      240  0.1180000E+03  0.50000E+00    3      553    -4    -5     T
      242  0.1190000E+03  0.50000E+00    2      557    -4    -5     T
      244  0.1200000E+03  0.50000E+00    3      562    -4    -5     T
      246  0.1210000E+03  0.50000E+00    4      568    -4    -5     T
      248  0.1220000E+03  0.50000E+00    2      572    -4    -5     T
      250  0.1230000E+03  0.50000E+00    2      576    -4    -5     T
      252  0.1240000E+03  0.50000E+00    2      581    -4    -5     T
      254  0.1250000E+03  0.50000E+00    4      588    -4    -5     T
      256  0.1260000E+03  0.50000E+00    2      592    -4    -5     T
      258  0.1270000E+03  0.50000E+00    4      598    -4    -5     T
      260  0.1280000E+03  0.50000E+00    2      602    -4    -5     T
      262  0.1290000E+03  0.50000E+00    2      606    -4    -5     T
      264  0.1300000E+03  0.50000E+00    2      610    -4    -5     T
      266  0.1310000E+03  0.50000E+00    2      615    -4    -5     T
      268  0.1320000E+03  0.50000E+00    2      619    -4    -5     T
      270  0.1330000E+03  0.50000E+00    2      623    -4    -5     T
      272  0.1340000E+03  0.50000E+00    2      627    -4    -5     T
      274  0.1350000E+03  0.50000E+00    4      633    -4    -5     T
      276  0.1360000E+03  0.50000E+00    3      639    -4    -5     T
      278  0.1370000E+03  0.50000E+00    4      646    -4    -5     T
      280  0.1380000E+03  0.50000E+00    3      651    -4    -5     T
      282  0.1390000E+03  0.50000E+00    3      656    -4    -5     T
      284  0.1400000E+03  0.50000E+00    2      660    -4    -5     T
      286  0.1410000E+03  0.50000E+00    3      665    -4    -5     T
      288  0.1420000E+03  0.50000E+00    2      670    -4    -5     T
      290  0.1430000E+03  0.50000E+00    2      674    -4    -5     T
      292  0.1440000E+03  0.50000E+00    2      679    -4    -5     T
      294  0.1450000E+03  0.50000E+00    2      683    -4    -5     T
      296  0.1460000E+03  0.50000E+00    2      687    -4    -5     T
      298  0.1470000E+03  0.50000E+00    2      691    -4    -5     T
      300  0.1480000E+03  0.50000E+00    3      696    -4    -5     T
      302  0.1490000E+03  0.50000E+00    3      701    -4    -5     T
      304  0.1500000E+03  0.50000E+00    2      705    -4    -5     T
      306  0.1510000E+03  0.50000E+00    2      709    -4    -5     T
      308  0.1520000E+03  0.50000E+00    2      713    -4    -5     T
      310  0.1530000E+03  0.50000E+00    2      717    -4    -5     T
      312  0.1540000E+03  0.50000E+00    2      721    -4    -5     T
      314  0.1550000E+03  0.50000E+00    3      726    -4    -5     T
      316  0.1560000E+03  0.50000E+00    2      730    -4    -5     T
      318  0.1570000E+03  0.50000E+00    2      734    -4    -5     T
      320  0.1580000E+03  0.50000E+00    3      739    -4    -5     T
      322  0.1590000E+03  0.50000E+00    2      743    -4    -5     T
      324  0.1600000E+03  0.50000E+00    2      747    -4    -5     T
      326  0.1610000E+03  0.50000E+00    2      751    -4    -5     T
      328  0.1620000E+03  0.50000E+00    3      756    -4    -5     T
      330  0.1630000E+03  0.50000E+00    2      760    -4    -5     T
      332  0.1640000E+03  0.50000E+00    3      765    -4    -5     T
      334  0.1650000E+03  0.50000E+00    2      769    -4    -5     T
      336  0.1660000E+03  0.50000E+00    2      773    -4    -5     T
      338  0.1670000E+03  0.50000E+00    3      778    -4    -5     T
      340  0.1680000E+03  0.50000E+00    2      782    -4    -5     T
      342  0.1690000E+03  0.50000E+00    2      786    -4    -5     T
      344  0.1700000E+03  0.50000E+00    3      791    -4    -5     T
      346  0.1710000E+03  0.50000E+00    2      795    -4    -5     T
      348  0.1720000E+03  0.50000E+00    2      799    -4    -5     T
      350  0.1730000E+03  0.50000E+00    2      803    -4    -5     T
      352  0.1740000E+03  0.50000E+00    2      807    -4    -5     T
      354  0.1750000E+03  0.50000E+00    2      811    -4    -5     T
      806  0.1760000E+03  0.75852E-02    2     2864     4    -5     T
      912  0.1770000E+03  0.23948E-01    3     3329     4    -5     T
     1007  0.1780000E+03  0.15310E-01    2     3765     4    -5     T
     1024  0.1790000E+03  0.19772E+00    2     3814    -4    -5     T
     1103  0.1800000E+03  0.11038E-01    2     4198     4    -5     T
     1119  0.1810000E+03  0.20466E+00    2     4245    -4    -5     T
     1162  0.1820000E+03  0.25106E-01    7     4475     4    -5     T
     1181  0.1830000E+03  0.15636E+00    2     4528    -4    -5     T
     1254  0.1840000E+03  0.16254E-01    2     4895     4    -5     T
     1267  0.1850000E+03  0.16940E+00    2     4928    -4    -5     T
     1270  0.1860000E+03  0.37500E+00    2     4935    -4    -5     T
     1272  0.1870000E+03  0.50000E+00    2     4939    -4    -5     T
     1274  0.1880000E+03  0.50000E+00    2     4943    -4    -5     T
     1276  0.1890000E+03  0.50000E+00    2     4947    -4    -5     T
     1278  0.1900000E+03  0.50000E+00    2     4951    -4    -5     T
     1280  0.1910000E+03  0.50000E+00    2     4955    -4    -5     T
     1282  0.1920000E+03  0.50000E+00    2     4959    -4    -5     T
     1284  0.1930000E+03  0.50000E+00    2     4963    -4    -5     T
     1506  0.1940000E+03  0.41010E-01    5     5994     4    -5     T
     1570  0.1950000E+03  0.15502E-01    4     6309     4    -5     T
     1629  0.1960000E+03  0.40973E-01    3     6566     4    -5     T
     1695  0.1970000E+03  0.42280E-01    4     6862     4    -5     T
     1763  0.1980000E+03  0.43045E-01    3     7166     4    -5     T
     1829  0.1990000E+03  0.34025E-01    4     7464     4    -5     T
     1841  0.2000000E+03  0.20631E+00    2     7496    -4    -5     T
     1911  0.2010000E+03  0.59876E-02    2     7859     4    -5     T
     1928  0.2020000E+03  0.19559E+00    2     7904    -4    -5     T
     1932  0.2030000E+03  0.26667E+00    2     7912    -4    -5     T
     1934  0.2040000E+03  0.50000E+00    2     7917    -4    -5     T
     1936  0.2050000E+03  0.50000E+00    2     7922    -4    -5     T
     1938  0.2060000E+03  0.50000E+00    2     7926    -4    -5     T
     1940  0.2070000E+03  0.50000E+00    2     7930    -4    -5     T
     1942  0.2080000E+03  0.50000E+00    2     7934    -4    -5     T
     1944  0.2090000E+03  0.50000E+00    2     7938    -4    -5     T
     1946  0.2100000E+03  0.50000E+00    3     7943    -4    -5     T
     1948  0.2110000E+03  0.50000E+00    3     7948    -4    -5     T
     1950  0.2120000E+03  0.50000E+00    3     7953    -4    -5     T
     1952  0.2130000E+03  0.50000E+00    3     7959    -4    -5     T
     1954  0.2140000E+03  0.50000E+00    2     7963    -4    -5     T
     1956  0.2150000E+03  0.50000E+00    2     7968    -4    -5     T
     1958  0.2160000E+03  0.50000E+00    2     7973    -4    -5     T
     1960  0.2170000E+03  0.50000E+00    4     7979    -4    -5     T
     1962  0.2180000E+03  0.50000E+00    2     7983    -4    -5     T
     1964  0.2190000E+03  0.50000E+00    3     7988    -4    -5     T
     1966  0.2200000E+03  0.50000E+00    3     7994    -4    -5     T
     1968  0.2210000E+03  0.50000E+00    3     7999    -4    -5     T
     1970  0.2220000E+03  0.50000E+00    3     8005    -4    -5     T
     1972  0.2230000E+03  0.50000E+00    2     8010    -4    -5     T
     1974  0.2240000E+03  0.50000E+00    2     8014    -4    -5     T
     1976  0.2250000E+03  0.50000E+00    2     8018    -4    -5     T
     1978  0.2260000E+03  0.50000E+00    2     8022    -4    -5     T
     1980  0.2270000E+03  0.50000E+00    2     8026    -4    -5     T
     1982  0.2280000E+03  0.50000E+00    2     8030    -4    -5     T
     1984  0.2290000E+03  0.50000E+00    2     8034    -4    -5     T
     1986  0.2300000E+03  0.50000E+00    2     8038    -4    -5     T
     1988  0.2310000E+03  0.50000E+00    2     8042    -4    -5     T
     1990  0.2320000E+03  0.50000E+00    2     8046    -4    -5     T
     1992  0.2330000E+03  0.50000E+00    2     8050    -4    -5     T
     1994  0.2340000E+03  0.50000E+00    2     8054    -4    -5     T
     1996  0.2350000E+03  0.50000E+00    2     8058    -4    -5     T
     1998  0.2360000E+03  0.50000E+00    2     8062    -4    -5     T
     2000  0.2370000E+03  0.50000E+00    2     8066    -4    -5     T
     2002  0.2380000E+03  0.50000E+00    2     8070    -4    -5     T
     2004  0.2390000E+03  0.50000E+00    2     8074    -4    -5     T
     2006  0.2400000E+03  0.50000E+00    2     8078    -4    -5     T
     2008  0.2410000E+03  0.50000E+00    2     8082    -4    -5     T
     2010  0.2420000E+03  0.50000E+00    2     8086    -4    -5     T
     2012  0.2430000E+03  0.50000E+00    2     8090    -4    -5     T
     2014  0.2440000E+03  0.50000E+00    2     8094    -4    -5     T
     2016  0.2450000E+03  0.50000E+00    5     8105    -4    -5     T
     2018  0.2460000E+03  0.50000E+00    3     8113    -4    -5     T
     2020  0.2470000E+03  0.50000E+00    2     8117    -4    -5     T
     2022  0.2480000E+03  0.50000E+00    2     8121    -4    -5     T
     2024  0.2490000E+03  0.50000E+00    2     8125    -4    -5     T
     2026  0.2500000E+03  0.50000E+00    2     8129    -4    -5     T
     2028  0.2510000E+03  0.50000E+00    2     8133    -4    -5     T
     2030  0.2520000E+03  0.50000E+00    2     8137    -4    -5     T
     2032  0.2530000E+03  0.50000E+00    2     8141    -4    -5     T
     2034  0.2540000E+03  0.50000E+00    2     8145    -4    -5     T
     2036  0.2550000E+03  0.50000E+00    2     8149    -4    -5     T
     2038  0.2560000E+03  0.50000E+00    2     8153    -4    -5     T
     2040  0.2570000E+03  0.50000E+00    2     8157    -4    -5     T
     2042  0.2580000E+03  0.50000E+00    2     8161    -4    -5     T
     2044  0.2590000E+03  0.50000E+00    2     8165    -4    -5     T
     2046  0.2600000E+03  0.50000E+00    2     8169    -4    -5     T
     2048  0.2610000E+03  0.50000E+00    2     8173    -4    -5     T
     2050  0.2620000E+03  0.50000E+00    2     8177    -4    -5     T
     2052  0.2630000E+03  0.50000E+00    2     8181    -4    -5     T
     2054  0.2640000E+03  0.50000E+00    2     8185    -4    -5     T
     2056  0.2650000E+03  0.50000E+00    2     8189    -4    -5     T
     2058  0.2660000E+03  0.50000E+00    2     8193    -4    -5     T
     2060  0.2670000E+03  0.50000E+00    2     8197    -4    -5     T
     2062  0.2680000E+03  0.50000E+00    2     8201    -4    -5     T
     2064  0.2690000E+03  0.50000E+00    2     8205    -4    -5     T
     2066  0.2700000E+03  0.50000E+00    2     8209    -4    -5     T
     2068  0.2710000E+03  0.50000E+00    2     8213    -4    -5     T
     2070  0.2720000E+03  0.50000E+00    2     8217    -4    -5     T
     2072  0.2730000E+03  0.50000E+00    2     8221    -4    -5     T
     2074  0.2740000E+03  0.50000E+00    2     8227    -4    -5     T
     2076  0.2750000E+03  0.50000E+00    5     8238     4    -5     T
     2078  0.2760000E+03  0.50000E+00    2     8242     4    -5     T
     2080  0.2770000E+03  0.50000E+00    2     8246     4    -5     T
     2082  0.2780000E+03  0.50000E+00    2     8250     4    -5     T
     2084  0.2790000E+03  0.50000E+00    2     8254     4    -5     T
     2086  0.2800000E+03  0.50000E+00    2     8258     4    -5     T
     2088  0.2810000E+03  0.50000E+00    2     8262     4    -5     T
     2090  0.2820000E+03  0.50000E+00    2     8266     4    -5     T
     2092  0.2830000E+03  0.50000E+00    2     8270     4    -5     T
     2094  0.2840000E+03  0.50000E+00    2     8274     4    -5     T
     2096  0.2850000E+03  0.50000E+00    2     8278     4    -5     T
     2098  0.2860000E+03  0.50000E+00    2     8282     4    -5     T
     2100  0.2870000E+03  0.50000E+00    2     8286     4    -5     T
     2102  0.2880000E+03  0.50000E+00    2     8290     4    -5     T
     2104  0.2890000E+03  0.50000E+00    2     8294     4    -5     T
     2106  0.2900000E+03  0.50000E+00    2     8298     4    -5     T
     2108  0.2910000E+03  0.50000E+00    2     8302     4    -5     T
     2110  0.2920000E+03  0.50000E+00    2     8306     4    -5     T
     2112  0.2930000E+03  0.50000E+00    2     8310     4    -5     T
     2114  0.2940000E+03  0.50000E+00    2     8314     4    -5     T
     2116  0.2950000E+03  0.50000E+00    2     8318     4    -5     T
     2118  0.2960000E+03  0.50000E+00    2     8322     4    -5     T
     2120  0.2970000E+03  0.50000E+00    2     8326     4    -5     T
     2122  0.2980000E+03  0.50000E+00    2     8330     4    -5     T
     2124  0.2990000E+03  0.50000E+00    2     8334     4    -5     T
     2126  0.3000000E+03  0.50000E+00    2     8338     4    -5     T
     2128  0.3010000E+03  0.50000E+00    2     8342     4    -5     T
     2130  0.3020000E+03  0.50000E+00    2     8346     4    -5     T
     2132  0.3030000E+03  0.50000E+00    2     8350     4    -5     T
     2134  0.3040000E+03  0.50000E+00    2     8354     4    -5     T
     2136  0.3050000E+03  0.50000E+00    2     8358     4    -5     T
     2138  0.3060000E+03  0.50000E+00    2     8362     4    -5     T
     2140  0.3070000E+03  0.50000E+00    2     8366     4    -5     T
     2142  0.3080000E+03  0.50000E+00    2     8370     4    -5     T
     2144  0.3090000E+03  0.50000E+00    2     8374     4    -5     T
     2146  0.3100000E+03  0.50000E+00    2     8378     4    -5     T
     2148  0.3110000E+03  0.50000E+00    2     8382     4    -5     T
     2150  0.3120000E+03  0.50000E+00    2     8386     4    -5     T
     2152  0.3130000E+03  0.50000E+00    2     8390     4    -5     T
     2154  0.3140000E+03  0.50000E+00    2     8394     4    -5     T
     2156  0.3150000E+03  0.50000E+00    2     8398     4    -5     T
     2158  0.3160000E+03  0.50000E+00    2     8402     4    -5     T
     2160  0.3170000E+03  0.50000E+00    2     8406     4    -5     T
     2162  0.3180000E+03  0.50000E+00    2     8410     4    -5     T
     2164  0.3190000E+03  0.50000E+00    2     8414     4    -5     T
     2166  0.3200000E+03  0.50000E+00    2     8418     4    -5     T
     2168  0.3210000E+03  0.50000E+00    2     8422     4    -5     T
     2170  0.3220000E+03  0.50000E+00    2     8426     4    -5     T
     2172  0.3230000E+03  0.50000E+00    2     8430     4    -5     T
     2174  0.3240000E+03  0.50000E+00    2     8434     4    -5     T
     2176  0.3250000E+03  0.50000E+00    2     8438     4    -5     T
     2178  0.3260000E+03  0.50000E+00    2     8442     4    -5     T
     2180  0.3270000E+03  0.50000E+00    2     8446     4    -5     T
     2182  0.3280000E+03  0.50000E+00    2     8450     4    -5     T
     2184  0.3290000E+03  0.50000E+00    2     8454     4    -5     T
     2186  0.3300000E+03  0.50000E+00    2     8458     4    -5     T
     2188  0.3310000E+03  0.50000E+00    2     8462     4    -5     T
     2190  0.3320000E+03  0.50000E+00    2     8466     4    -5     T
     2192  0.3330000E+03  0.50000E+00    2     8470     4    -5     T
     2194  0.3340000E+03  0.50000E+00    2     8474     4    -5     T
     2196  0.3350000E+03  0.50000E+00    2     8478     4    -5     T
     2198  0.3360000E+03  0.50000E+00    2     8482     4    -5     T
     2200  0.3370000E+03  0.50000E+00    2     8486     4    -5     T
     2202  0.3380000E+03  0.50000E+00    2     8490     4    -5     T
     2204  0.3390000E+03  0.50000E+00    2     8494     4    -5     T
     2206  0.3400000E+03  0.50000E+00    2     8498     4    -5     T
     2208  0.3410000E+03  0.50000E+00    2     8502     4    -5     T
     2210  0.3420000E+03  0.50000E+00    2     8506     4    -5     T
     2212  0.3430000E+03  0.50000E+00    2     8510     4    -5     T
     2214  0.3440000E+03  0.50000E+00    2     8514     4    -5     T
     2216  0.3450000E+03  0.50000E+00    2     8518     4    -5     T
     2218  0.3460000E+03  0.50000E+00    2     8522     4    -5     T
     2220  0.3470000E+03  0.50000E+00    2     8526     4    -5     T
     2222  0.3480000E+03  0.50000E+00    2     8530     4    -5     T
     2224  0.3490000E+03  0.50000E+00    2     8534     4    -5     T
     2226  0.3500000E+03  0.50000E+00    2     8538     4    -5     T
     2228  0.3510000E+03  0.50000E+00    2     8542     4    -5     T
     2230  0.3520000E+03  0.50000E+00    2     8546     4    -5     T
     2232  0.3530000E+03  0.50000E+00    2     8550     4    -5     T
     2234  0.3540000E+03  0.50000E+00    2     8554     4    -5     T
     2236  0.3550000E+03  0.50000E+00    2     8558     4    -5     T
     2238  0.3560000E+03  0.50000E+00    2     8562     4    -5     T
     2240  0.3570000E+03  0.50000E+00    2     8566     4    -5     T
     2242  0.3580000E+03  0.50000E+00    2     8570     4    -5     T
     2244  0.3590000E+03  0.50000E+00    2     8574     4    -5     T
     2246  0.3600000E+03  0.50000E+00    2     8578     4    -5     T
     2248  0.3610000E+03  0.50000E+00    2     8582     4    -5     T
     2250  0.3620000E+03  0.50000E+00    2     8586     4    -5     T
     2252  0.3630000E+03  0.50000E+00    2     8590     4    -5     T
     2254  0.3640000E+03  0.50000E+00    2     8594     4    -5     T
     2256  0.3650000E+03  0.50000E+00    2     8598     4    -5     T
     2258  0.3660000E+03  0.50000E+00    2     8602     4    -5     T
     2260  0.3670000E+03  0.50000E+00    2     8606     4    -5     T
     2262  0.3680000E+03  0.50000E+00    2     8610     4    -5     T
     2264  0.3690000E+03  0.50000E+00    2     8614     4    -5     T
     2266  0.3700000E+03  0.50000E+00    2     8618     4    -5     T
     2268  0.3710000E+03  0.50000E+00    2     8622     4    -5     T
     2270  0.3720000E+03  0.50000E+00    2     8626     4    -5     T
     2272  0.3730000E+03  0.50000E+00    2     8630     4    -5     T
     2274  0.3740000E+03  0.50000E+00    2     8634     4    -5     T
     2276  0.3750000E+03  0.50000E+00    2     8638     4    -5     T
     2278  0.3760000E+03  0.50000E+00    2     8642     4    -5     T
     2280  0.3770000E+03  0.50000E+00    2     8646     4    -5     T
     2282  0.3780000E+03  0.50000E+00    2     8650     4    -5     T
     2284  0.3790000E+03  0.50000E+00    2     8654     4    -5     T
     2286  0.3800000E+03  0.50000E+00    2     8658     4    -5     T
     2288  0.3810000E+03  0.50000E+00    2     8662     4    -5     T
     2290  0.3820000E+03  0.50000E+00    2     8666     4    -5     T
     2292  0.3830000E+03  0.50000E+00    2     8670     4    -5     T
     2294  0.3840000E+03  0.50000E+00    2     8674     4    -5     T
     2296  0.3850000E+03  0.50000E+00    2     8678     4    -5     T
     2298  0.3860000E+03  0.50000E+00    2     8682     4    -5     T
     2300  0.3870000E+03  0.50000E+00    2     8686     4    -5     T
     2302  0.3880000E+03  0.50000E+00    2     8690     4    -5     T
     2304  0.3890000E+03  0.50000E+00    2     8694     4    -5     T
     2306  0.3900000E+03  0.50000E+00    2     8698     4    -5     T
     2308  0.3910000E+03  0.50000E+00    2     8702     4    -5     T
     2310  0.3920000E+03  0.50000E+00    2     8706     4    -5     T
     2312  0.3930000E+03  0.50000E+00    2     8710     4    -5     T
     2314  0.3940000E+03  0.50000E+00    2     8714     4    -5     T
     2316  0.3950000E+03  0.50000E+00    2     8718     4    -5     T
     2318  0.3960000E+03  0.50000E+00    2     8722     4    -5     T
     2320  0.3970000E+03  0.50000E+00    2     8726     4    -5     T
     2322  0.3980000E+03  0.50000E+00    2     8730     4    -5     T
     2324  0.3990000E+03  0.50000E+00    2     8734     4    -5     T
     2326  0.4000000E+03  0.50000E+00    2     8738     4    -5     T
     2328  0.4010000E+03  0.50000E+00    2     8742     4    -5     T
     2330  0.4020000E+03  0.50000E+00    2     8746     4    -5     T
     2332  0.4030000E+03  0.50000E+00    2     8750     4    -5     T
     2334  0.4040000E+03  0.50000E+00    2     8754     4    -5     T
     2336  0.4050000E+03  0.50000E+00    2     8758     4    -5     T
     2338  0.4060000E+03  0.50000E+00    2     8762     4    -5     T
     2340  0.4070000E+03  0.50000E+00    2     8766     4    -5     T
     2342  0.4080000E+03  0.50000E+00    2     8770     4    -5     T
     2344  0.4090000E+03  0.50000E+00    2     8774     4    -5     T
     2346  0.4100000E+03  0.50000E+00    2     8778     4    -5     T
     2348  0.4110000E+03  0.50000E+00    2     8782     4    -5     T
     2350  0.4120000E+03  0.50000E+00    2     8786     4    -5     T
     2352  0.4130000E+03  0.50000E+00    2     8790     4    -5     T
     2354  0.4140000E+03  0.50000E+00    2     8794     4    -5     T
     2356  0.4150000E+03  0.50000E+00    2     8798     4    -5     T
     2358  0.4160000E+03  0.50000E+00    2     8802     4    -5     T
     2360  0.4170000E+03  0.50000E+00    2     8806     4    -5     T
     2362  0.4180000E+03  0.50000E+00    2     8810     4    -5     T
     2364  0.4190000E+03  0.50000E+00    2     8814     4    -5     T
     2366  0.4200000E+03  0.50000E+00    2     8818     4    -5     T
     2368  0.4210000E+03  0.50000E+00    2     8822     4    -5     T
     2370  0.4220000E+03  0.50000E+00    2     8826     4    -5     T
     2372  0.4230000E+03  0.50000E+00    2     8830     4    -5     T
     2374  0.4240000E+03  0.50000E+00    2     8834     4    -5     T
     2376  0.4250000E+03  0.50000E+00    2     8838     4    -5     T
     2378  0.4260000E+03  0.50000E+00    2     8842     4    -5     T
     2380  0.4270000E+03  0.50000E+00    2     8846     4    -5     T
     2382  0.4280000E+03  0.50000E+00    2     8850     4    -5     T
     2384  0.4290000E+03  0.50000E+00    2     8854     4    -5     T
     2386  0.4300000E+03  0.50000E+00    2     8858     4    -5     T
     2388  0.4310000E+03  0.50000E+00    2     8862     4    -5     T
     2390  0.4320000E+03  0.50000E+00    2     8866     4    -5     T
     2392  0.4330000E+03  0.50000E+00    2     8870     4    -5     T
     2394  0.4340000E+03  0.50000E+00    2     8874     4    -5     T
     2396  0.4350000E+03  0.50000E+00    2     8878     4    -5     T
     2398  0.4360000E+03  0.50000E+00    2     8882     4    -5     T
     2400  0.4370000E+03  0.50000E+00    2     8886     4    -5     T
     2402  0.4380000E+03  0.50000E+00    2     8890     4    -5     T
     2404  0.4390000E+03  0.50000E+00    2     8894     4    -5     T
     2406  0.4400000E+03  0.50000E+00    2     8898     4    -5     T
     2408  0.4410000E+03  0.50000E+00    2     8902     4    -5     T
     2410  0.4420000E+03  0.50000E+00    2     8906     4    -5     T
     2412  0.4430000E+03  0.50000E+00    2     8910     4    -5     T
     2414  0.4440000E+03  0.50000E+00    2     8914     4    -5     T
     2416  0.4450000E+03  0.50000E+00    2     8918     4    -5     T
     2418  0.4460000E+03  0.50000E+00    2     8922     4    -5     T
     2420  0.4470000E+03  0.50000E+00    2     8926     4    -5     T
     2422  0.4480000E+03  0.50000E+00    2     8930     4    -5     T
     2424  0.4490000E+03  0.50000E+00    2     8934     4    -5     T
     2426  0.4500000E+03  0.50000E+00    2     8938     4    -5     T
     2428  0.4510000E+03  0.50000E+00    2     8942     4    -5     T
     2430  0.4520000E+03  0.50000E+00    2     8946     4    -5     T
     2432  0.4530000E+03  0.50000E+00    2     8950     4    -5     T
     2434  0.4540000E+03  0.50000E+00    2     8954     4    -5     T
     2436  0.4550000E+03  0.50000E+00    2     8958     4    -5     T
     2438  0.4560000E+03  0.50000E+00    2     8962     4    -5     T
     2440  0.4570000E+03  0.50000E+00    2     8966     4    -5     T
     2442  0.4580000E+03  0.50000E+00    2     8970     4    -5     T
     2444  0.4590000E+03  0.50000E+00    2     8974     4    -5     T
     2446  0.4600000E+03  0.50000E+00    2     8978     4    -5     T
     2448  0.4610000E+03  0.50000E+00    2     8982     4    -5     T
     2450  0.4620000E+03  0.50000E+00    2     8986     4    -5     T
     2452  0.4630000E+03  0.50000E+00    2     8990     4    -5     T
     2454  0.4640000E+03  0.50000E+00    2     8994     4    -5     T
     2456  0.4650000E+03  0.50000E+00    2     8998     4    -5     T
     2458  0.4660000E+03  0.50000E+00    2     9002     4    -5     T
     2460  0.4670000E+03  0.50000E+00    2     9006     4    -5     T
     2462  0.4680000E+03  0.50000E+00    2     9010     4    -5     T
     2464  0.4690000E+03  0.50000E+00    2     9014     4    -5     T
     2466  0.4700000E+03  0.50000E+00    2     9018     4    -5     T
     2468  0.4710000E+03  0.50000E+00    2     9022     4    -5     T
     2470  0.4720000E+03  0.50000E+00    2     9026     4    -5     T
     2472  0.4730000E+03  0.50000E+00    2     9030     4    -5     T
     2474  0.4740000E+03  0.50000E+00    2     9034     4    -5     T
     2476  0.4750000E+03  0.50000E+00    2     9038     4    -5     T
     2478  0.4760000E+03  0.50000E+00    2     9042     4    -5     T
     2480  0.4770000E+03  0.50000E+00    2     9046     4    -5     T
     2482  0.4780000E+03  0.50000E+00    2     9050     4    -5     T
     2484  0.4790000E+03  0.50000E+00    2     9054     4    -5     T
     2486  0.4800000E+03  0.50000E+00    2     9058     4    -5     T
     2488  0.4810000E+03  0.50000E+00    2     9062     4    -5     T
     2490  0.4820000E+03  0.50000E+00    2     9066     4    -5     T
     2492  0.4830000E+03  0.50000E+00    2     9070     4    -5     T
     2494  0.4840000E+03  0.50000E+00    2     9074     4    -5     T
     2496  0.4850000E+03  0.50000E+00    2     9078     4    -5     T
     2498  0.4860000E+03  0.50000E+00    2     9082     4    -5     T
     2500  0.4870000E+03  0.50000E+00    2     9086     4    -5     T
     2502  0.4880000E+03  0.50000E+00    2     9090     4    -5     T
     2504  0.4890000E+03  0.50000E+00    2     9094     4    -5     T
     2506  0.4900000E+03  0.50000E+00    2     9098     4    -5     T
     2508  0.4910000E+03  0.50000E+00    2     9102     4    -5     T
     2510  0.4920000E+03  0.50000E+00    2     9106     4    -5     T
     2512  0.4930000E+03  0.50000E+00    2     9110     4    -5     T
     2514  0.4940000E+03  0.50000E+00    2     9114     4    -5     T
     2516  0.4950000E+03  0.50000E+00    2     9118     4    -5     T
     2518  0.4960000E+03  0.50000E+00    2     9122     4    -5     T
     2520  0.4970000E+03  0.50000E+00    2     9126     4    -5     T
     2522  0.4980000E+03  0.50000E+00    2     9130     4    -5     T
     2524  0.4990000E+03  0.50000E+00    2     9134     4    -5     T
     2526  0.5000000E+03  0.50000E+00    2     9138     4    -5     T
     2528  0.5010000E+03  0.50000E+00    2     9142     4    -5     T
     2530  0.5020000E+03  0.50000E+00    2     9146     4    -5     T
     2532  0.5030000E+03  0.50000E+00    2     9150     4    -5     T
     2534  0.5040000E+03  0.50000E+00    2     9154     4    -5     T
     2536  0.5050000E+03  0.50000E+00    2     9158     4    -5     T
     2538  0.5060000E+03  0.50000E+00    2     9162     4    -5     T
     2540  0.5070000E+03  0.50000E+00    2     9166     4    -5     T
     2542  0.5080000E+03  0.50000E+00    2     9170     4    -5     T
     2544  0.5090000E+03  0.50000E+00    2     9174     4    -5     T
     2546  0.5100000E+03  0.50000E+00    2     9178     4    -5     T
     2548  0.5110000E+03  0.50000E+00    2     9182     4    -5     T
     2550  0.5120000E+03  0.50000E+00    2     9186     4    -5     T
     2552  0.5130000E+03  0.50000E+00    2     9190     4    -5     T
     2554  0.5140000E+03  0.50000E+00    2     9194     4    -5     T
     2556  0.5150000E+03  0.50000E+00    2     9198     4    -5     T
     2558  0.5160000E+03  0.50000E+00    2     9202     4    -5     T
     2560  0.5170000E+03  0.50000E+00    2     9206     4    -5     T
     2562  0.5180000E+03  0.50000E+00    2     9210     4    -5     T
     2564  0.5190000E+03  0.50000E+00    2     9214     4    -5     T
     2566  0.5200000E+03  0.50000E+00    2     9218     4    -5     T
     2568  0.5210000E+03  0.50000E+00    2     9222     4    -5     T
     2570  0.5220000E+03  0.50000E+00    2     9226     4    -5     T
     2572  0.5230000E+03  0.50000E+00    2     9230     4    -5     T
     2574  0.5240000E+03  0.50000E+00    2     9234     4    -5     T
     2576  0.5250000E+03  0.50000E+00    2     9238     4    -5     T
     2578  0.5260000E+03  0.50000E+00    2     9242     4    -5     T
     2580  0.5270000E+03  0.50000E+00    2     9246     4    -5     T
     2582  0.5280000E+03  0.50000E+00    2     9250     4    -5     T
     2992  0.5290000E+03  0.10130E-01    2    11112     4    -5     T
     3111  0.5300000E+03  0.11429E-01    2    11650     4    -5     T
     3191  0.5310000E+03  0.20219E-01    5    12020     4    -5     T
     3277  0.5320000E+03  0.18287E-01    2    12401     4    -5     T
     3348  0.5330000E+03  0.45317E-01    4    12723     4    -5     T
     3425  0.5340000E+03  0.24025E-01    2    13075     4    -5     T
     3436  0.5350000E+03  0.20842E+00    2    13104    -4    -5     T
     3439  0.5360000E+03  0.37500E+00    2    13110    -4    -5     T
     3442  0.5370000E+03  0.33333E+00    2    13116    -4    -5     T
     3444  0.5380000E+03  0.50000E+00    2    13120    -4    -5     T
     3446  0.5390000E+03  0.50000E+00    2    13124    -4    -5     T
     3448  0.5400000E+03  0.50000E+00    4    13130    -4    -5     T
     3450  0.5410000E+03  0.50000E+00    2    13134    -4    -5     T
     3452  0.5420000E+03  0.50000E+00    2    13138    -4    -5     T
     3454  0.5430000E+03  0.50000E+00    2    13142    -4    -5     T
     3456  0.5440000E+03  0.50000E+00    2    13147    -4    -5     T
     3458  0.5450000E+03  0.50000E+00    2    13152    -4    -5     T
     3460  0.5460000E+03  0.50000E+00    4    13158    -4    -5     T
     3462  0.5470000E+03  0.50000E+00    2    13163    -4    -5     T
     3464  0.5480000E+03  0.50000E+00    3    13168    -4    -5     T
     3796  0.5490000E+03  0.30111E-01    5    14677     4    -5     T
     3813  0.5500000E+03  0.15921E+00    2    14728    -4    -5     T
     3902  0.5510000E+03  0.63246E-02    2    15169     4    -5     T
     3917  0.5520000E+03  0.29049E+00    2    15204    -4    -5     T
     3993  0.5530000E+03  0.44590E-01    4    15582     4    -5     T
     4005  0.5540000E+03  0.29213E+00    2    15613    -4    -5     T
     4078  0.5550000E+03  0.22649E-01    3    15980     4    -5     T
     4094  0.5560000E+03  0.16569E+00    2    16028    -4    -5     T
     4165  0.5570000E+03  0.31400E-01    4    16380     4    -5     T
     4233  0.5580000E+03  0.33527E-01    3    16682     4    -5     T
     4244  0.5590000E+03  0.31515E+00    2    16713    -4    -5     T
     4247  0.5600000E+03  0.33333E+00    2    16720    -4    -5     T
     4249  0.5610000E+03  0.50000E+00    2    16724    -4    -5     T
     4251  0.5620000E+03  0.50000E+00    2    16729    -4    -5     T
     4253  0.5630000E+03  0.50000E+00    2    16733    -4    -5     T
     4255  0.5640000E+03  0.50000E+00    3    16738    -4    -5     T
     4257  0.5650000E+03  0.50000E+00    2    16742    -4    -5     T
     4259  0.5660000E+03  0.50000E+00    3    16747    -4    -5     T
     4261  0.5670000E+03  0.50000E+00    2    16751    -4    -5     T
     4263  0.5680000E+03  0.50000E+00    2    16755    -4    -5     T
     4265  0.5690000E+03  0.50000E+00    3    16760    -4    -5     T
     4267  0.5700000E+03  0.50000E+00    3    16765    -4    -5     T
     4269  0.5710000E+03  0.50000E+00    4    16772    -4    -5     T
     4271  0.5720000E+03  0.50000E+00    4    16780    -4    -5     T
     4273  0.5730000E+03  0.50000E+00    3    16787    -4    -5     T
     4275  0.5740000E+03  0.50000E+00    3    16793    -4    -5     T
     4277  0.5750000E+03  0.50000E+00    2    16798    -4    -5     T
     4279  0.5760000E+03  0.50000E+00    2    16802    -4    -5     T
     4281  0.5770000E+03  0.50000E+00    2    16806    -4    -5     T
     4283  0.5780000E+03  0.50000E+00    2    16810    -4    -5     T
     4285  0.5790000E+03  0.50000E+00    2    16814    -4    -5     T
     4287  0.5800000E+03  0.50000E+00    2    16818    -4    -5     T
     4289  0.5810000E+03  0.50000E+00    2    16822    -4    -5     T
     4291  0.5820000E+03  0.50000E+00    2    16826    -4    -5     T
     4293  0.5830000E+03  0.50000E+00    2    16830    -4    -5     T
     4295  0.5840000E+03  0.50000E+00    2    16834    -4    -5     T
     4297  0.5850000E+03  0.50000E+00    2    16838    -4    -5     T
     4299  0.5860000E+03  0.50000E+00    2    16842    -4    -5     T
     4301  0.5870000E+03  0.50000E+00    2    16846    -4    -5     T
     4303  0.5880000E+03  0.50000E+00    2    16850    -4    -5     T
     4305  0.5890000E+03  0.50000E+00    2    16854    -4    -5     T
     4307  0.5900000E+03  0.50000E+00    2    16858    -4    -5     T
     4309  0.5910000E+03  0.50000E+00    2    16862    -4    -5     T
     4311  0.5920000E+03  0.50000E+00    2    16866    -4    -5     T
     4313  0.5930000E+03  0.50000E+00    2    16870    -4    -5     T
     4315  0.5940000E+03  0.50000E+00    2    16874    -4    -5     T
     4317  0.5950000E+03  0.50000E+00    2    16878    -4    -5     T
     4319  0.5960000E+03  0.50000E+00    2    16882    -4    -5     T
     4321  0.5970000E+03  0.50000E+00    2    16886    -4    -5     T
     4323  0.5980000E+03  0.50000E+00    2    16890    -4    -5     T
     4325  0.5990000E+03  0.50000E+00    2    16894    -4    -5     T
     4327  0.6000000E+03  0.50000E+00    2    16898    -4    -5     T
     4329  0.6010000E+03  0.50000E+00    2    16902    -4    -5     T
     4331  0.6020000E+03  0.50000E+00    2    16906    -4    -5     T
     4333  0.6030000E+03  0.50000E+00    2    16910    -4    -5     T
     4335  0.6040000E+03  0.50000E+00    2    16914    -4    -5     T
     4337  0.6050000E+03  0.50000E+00    2    16918    -4    -5     T
     4339  0.6060000E+03  0.50000E+00    2    16922    -4    -5     T
     4341  0.6070000E+03  0.50000E+00    2    16926    -4    -5     T
     4343  0.6080000E+03  0.50000E+00    2    16930    -4    -5     T
     4345  0.6090000E+03  0.50000E+00    2    16934    -4    -5     T
     4347  0.6100000E+03  0.50000E+00    2    16938    -4    -5     T
     4349  0.6110000E+03  0.50000E+00    2    16942    -4    -5     T
     4351  0.6120000E+03  0.50000E+00    2    16946    -4    -5     T
     4353  0.6130000E+03  0.50000E+00    2    16950    -4    -5     T
     4355  0.6140000E+03  0.50000E+00    2    16954    -4    -5     T
     4357  0.6150000E+03  0.50000E+00    2    16958    -4    -5     T
     4359  0.6160000E+03  0.50000E+00    2    16962    -4    -5     T
     4361  0.6170000E+03  0.50000E+00    2    16966    -4    -5     T
     4363  0.6180000E+03  0.50000E+00    2    16970    -4    -5     T
     4365  0.6190000E+03  0.50000E+00    2    16974    -4    -5     T
     4367  0.6200000E+03  0.50000E+00    2    16978    -4    -5     T
     4369  0.6210000E+03  0.50000E+00    2    16982    -4    -5     T
     4371  0.6220000E+03  0.50000E+00    2    16986    -4    -5     T
     4373  0.6230000E+03  0.50000E+00    2    16990    -4    -5     T
     4375  0.6240000E+03  0.50000E+00    2    16994    -4    -5     T
     4377  0.6250000E+03  0.50000E+00    2    16998    -4    -5     T
     4379  0.6260000E+03  0.50000E+00    2    17002    -4    -5     T
     4381  0.6270000E+03  0.50000E+00    2    17006    -4    -5     T
     4383  0.6280000E+03  0.50000E+00    2    17010    -4    -5     T
     4385  0.6290000E+03  0.50000E+00    2    17014    -4    -5     T
     4387  0.6300000E+03  0.50000E+00    2    17018    -4    -5     T
     4389  0.6310000E+03  0.50000E+00    2    17022    -4    -5     T
     4391  0.6320000E+03  0.50000E+00    2    17026    -4    -5     T
     4393  0.6330000E+03  0.50000E+00    2    17030    -4    -5     T
     4395  0.6340000E+03  0.50000E+00    2    17034    -4    -5     T
     4397  0.6350000E+03  0.50000E+00    2    17038    -4    -5     T
     4399  0.6360000E+03  0.50000E+00    2    17042    -4    -5     T
     4401  0.6370000E+03  0.50000E+00    2    17046    -4    -5     T
     4403  0.6380000E+03  0.50000E+00    2    17050    -4    -5     T
     4405  0.6390000E+03  0.50000E+00    2    17054    -4    -5     T
     4407  0.6400000E+03  0.50000E+00    2    17062     4    -5     T
     4409  0.6410000E+03  0.50000E+00    2    17066     4    -5     T
     4411  0.6420000E+03  0.50000E+00    2    17070     4    -5     T
     4413  0.6430000E+03  0.50000E+00    2    17074     4    -5     T
     4415  0.6440000E+03  0.50000E+00    2    17078     4    -5     T
     4417  0.6450000E+03  0.50000E+00    2    17082     4    -5     T
     4419  0.6460000E+03  0.50000E+00    2    17086     4    -5     T
     4421  0.6470000E+03  0.50000E+00    2    17090     4    -5     T
     4423  0.6480000E+03  0.50000E+00    2    17094     4    -5     T
     4425  0.6490000E+03  0.50000E+00    2    17098     4    -5     T
     4427  0.6500000E+03  0.50000E+00    2    17102     4    -5     T
     4429  0.6510000E+03  0.50000E+00    2    17106     4    -5     T
     4431  0.6520000E+03  0.50000E+00    2    17110     4    -5     T
     4433  0.6530000E+03  0.50000E+00    2    17114     4    -5     T
     4435  0.6540000E+03  0.50000E+00    2    17118     4    -5     T
     4437  0.6550000E+03  0.50000E+00    2    17122     4    -5     T
     4439  0.6560000E+03  0.50000E+00    2    17126     4    -5     T
     4441  0.6570000E+03  0.50000E+00    2    17130     4    -5     T
     4443  0.6580000E+03  0.50000E+00    2    17134     4    -5     T
     4445  0.6590000E+03  0.50000E+00    2    17138     4    -5     T
     4447  0.6600000E+03  0.50000E+00    2    17142     4    -5     T
     4449  0.6610000E+03  0.50000E+00    2    17146     4    -5     T
     4451  0.6620000E+03  0.50000E+00    2    17150     4    -5     T
     4453  0.6630000E+03  0.50000E+00    2    17154     4    -5     T
     4455  0.6640000E+03  0.50000E+00    2    17158     4    -5     T
     4457  0.6650000E+03  0.50000E+00    2    17162     4    -5     T
     4459  0.6660000E+03  0.50000E+00    2    17166     4    -5     T
     4461  0.6670000E+03  0.50000E+00    2    17170     4    -5     T
     4463  0.6680000E+03  0.50000E+00    2    17174     4    -5     T
     4465  0.6690000E+03  0.50000E+00    2    17178     4    -5     T
     4467  0.6700000E+03  0.50000E+00    2    17182     4    -5     T
     4469  0.6710000E+03  0.50000E+00    2    17186     4    -5     T
     4471  0.6720000E+03  0.50000E+00    2    17190     4    -5     T
     4473  0.6730000E+03  0.50000E+00    2    17194     4    -5     T
     4475  0.6740000E+03  0.50000E+00    2    17198     4    -5     T
     4477  0.6750000E+03  0.50000E+00    2    17202     4    -5     T
     4479  0.6760000E+03  0.50000E+00    2    17206     4    -5     T
     4481  0.6770000E+03  0.50000E+00    2    17210     4    -5     T
     4483  0.6780000E+03  0.50000E+00    2    17214     4    -5     T
     4485  0.6790000E+03  0.50000E+00    2    17218     4    -5     T
     4487  0.6800000E+03  0.50000E+00    2    17222     4    -5     T
     4489  0.6810000E+03  0.50000E+00    2    17226     4    -5     T
     4491  0.6820000E+03  0.50000E+00    2    17230     4    -5     T
     4493  0.6830000E+03  0.50000E+00    2    17234     4    -5     T
     4495  0.6840000E+03  0.50000E+00    2    17238     4    -5     T
     4497  0.6850000E+03  0.50000E+00    2    17242     4    -5     T
     4499  0.6860000E+03  0.50000E+00    2    17246     4    -5     T
     4501  0.6870000E+03  0.50000E+00    2    17250     4    -5     T
     4503  0.6880000E+03  0.50000E+00    2    17254     4    -5     T
     4505  0.6890000E+03  0.50000E+00    2    17258     4    -5     T
     4507  0.6900000E+03  0.50000E+00    2    17262     4    -5     T
     4509  0.6910000E+03  0.50000E+00    2    17266     4    -5     T
     4511  0.6920000E+03  0.50000E+00    2    17270     4    -5     T
     4513  0.6930000E+03  0.50000E+00    2    17274     4    -5     T
     4515  0.6940000E+03  0.50000E+00    2    17278     4    -5     T
     4517  0.6950000E+03  0.50000E+00    2    17282     4    -5     T
     4519  0.6960000E+03  0.50000E+00    2    17286     4    -5     T
     4521  0.6970000E+03  0.50000E+00    2    17290     4    -5     T
     4523  0.6980000E+03  0.50000E+00    2    17294     4    -5     T
     4525  0.6990000E+03  0.50000E+00    2    17298     4    -5     T
     4527  0.7000000E+03  0.50000E+00    2    17302     4    -5     T
     4529  0.7010000E+03  0.50000E+00    2    17306     4    -5     T
     4531  0.7020000E+03  0.50000E+00    2    17310     4    -5     T
     4533  0.7030000E+03  0.50000E+00    2    17314     4    -5     T
     4535  0.7040000E+03  0.50000E+00    2    17318     4    -5     T
     4537  0.7050000E+03  0.50000E+00    2    17322     4    -5     T
     4539  0.7060000E+03  0.50000E+00    2    17326     4    -5     T
     4541  0.7070000E+03  0.50000E+00    2    17330     4    -5     T
     4543  0.7080000E+03  0.50000E+00    2    17334     4    -5     T
     4545  0.7090000E+03  0.50000E+00    2    17338     4    -5     T
     4547  0.7100000E+03  0.50000E+00    2    17342     4    -5     T
     4549  0.7110000E+03  0.50000E+00    2    17346     4    -5     T
     4551  0.7120000E+03  0.50000E+00    2    17350     4    -5     T
     4553  0.7130000E+03  0.50000E+00    2    17354     4    -5     T
     4555  0.7140000E+03  0.50000E+00    2    17358     4    -5     T
     4557  0.7150000E+03  0.50000E+00    2    17362     4    -5     T
     4559  0.7160000E+03  0.50000E+00    2    17366     4    -5     T
     4561  0.7170000E+03  0.50000E+00    2    17370     4    -5     T
     4563  0.7180000E+03  0.50000E+00    2    17374     4    -5     T
     4565  0.7190000E+03  0.50000E+00    2    17378     4    -5     T
     4567  0.7200000E+03  0.50000E+00    2    17382     4    -5     T
     4569  0.7210000E+03  0.50000E+00    2    17386     4    -5     T
     4571  0.7220000E+03  0.50000E+00    2    17390     4    -5     T
     4573  0.7230000E+03  0.50000E+00    2    17394     4    -5     T
     4575  0.7240000E+03  0.50000E+00    2    17398     4    -5     T
     4577  0.7250000E+03  0.50000E+00    2    17402     4    -5     T
     4579  0.7260000E+03  0.50000E+00    2    17406     4    -5     T
     4581  0.7270000E+03  0.50000E+00    2    17410     4    -5     T
     4583  0.7280000E+03  0.50000E+00    2    17414     4    -5     T
     4585  0.7290000E+03  0.50000E+00    2    17418     4    -5     T
     4587  0.7300000E+03  0.50000E+00    2    17422     4    -5     T
     4589  0.7310000E+03  0.50000E+00    2    17426     4    -5     T
     4591  0.7320000E+03  0.50000E+00    2    17430     4    -5     T
     4593  0.7330000E+03  0.50000E+00    2    17434     4    -5     T
     4595  0.7340000E+03  0.50000E+00    2    17438     4    -5     T
     4597  0.7350000E+03  0.50000E+00    2    17442     4    -5     T
     4599  0.7360000E+03  0.50000E+00    2    17446     4    -5     T
     4601  0.7370000E+03  0.50000E+00    2    17450     4    -5     T
     4603  0.7380000E+03  0.50000E+00    2    17454     4    -5     T
     4605  0.7390000E+03  0.50000E+00    2    17458     4    -5     T
     4607  0.7400000E+03  0.50000E+00    2    17462     4    -5     T
     4609  0.7410000E+03  0.50000E+00    2    17466     4    -5     T
     4611  0.7420000E+03  0.50000E+00    2    17470     4    -5     T
     4613  0.7430000E+03  0.50000E+00    2    17474     4    -5     T
     4615  0.7440000E+03  0.50000E+00    2    17478     4    -5     T
     4617  0.7450000E+03  0.50000E+00    2    17482     4    -5     T
     4619  0.7460000E+03  0.50000E+00    2    17486     4    -5     T
     4621  0.7470000E+03  0.50000E+00    2    17490     4    -5     T
     4623  0.7480000E+03  0.50000E+00    2    17494     4    -5     T
     4625  0.7490000E+03  0.50000E+00    2    17498     4    -5     T
     4627  0.7500000E+03  0.50000E+00    2    17502     4    -5     T
     4629  0.7510000E+03  0.50000E+00    2    17506     4    -5     T
     4631  0.7520000E+03  0.50000E+00    2    17510     4    -5     T
     4633  0.7530000E+03  0.50000E+00    2    17514     4    -5     T
     4635  0.7540000E+03  0.50000E+00    2    17518     4    -5     T
     4637  0.7550000E+03  0.50000E+00    2    17522     4    -5     T
     4639  0.7560000E+03  0.50000E+00    2    17526     4    -5     T
end
