

   Time         sum(rTop)     sum(rRoot)    sum(vTop)     sum(vRoot)     sum(vBot)    hTop       hRoot      hBot      A-level
    [T]           [L]           [L]           [L]           [L]            [L]        [L]         [L]       [L] 

     1.00000  0.000000E+00  0.000000E+00  0.360597E-08  0.000000E+00 -0.591993E-03    -16.599     -7.542    -16.776       1
     2.00000  0.355600E-01  0.000000E+00  0.355600E-01  0.000000E+00 -0.938833E-03    -71.033     -7.568    -17.802       2
     3.00000  0.142240E+00  0.000000E+00  0.142240E+00  0.000000E+00 -0.111805E-02   -366.091     -7.592    -18.338       3
     4.00000  0.218440E+00  0.000000E+00  0.209080E+00  0.000000E+00 -0.121626E-02***********     -7.638    -18.632       4
     5.00000  0.251460E+00  0.000000E+00  0.209702E+00  0.000000E+00 -0.127067E-02***********     -7.635    -18.784       5
     6.00000  0.299720E+00  0.000000E+00  0.210309E+00  0.000000E+00 -0.131829E-02***********     -7.631    -18.903       6
     7.00000  0.426720E+00  0.000000E+00  0.210898E+00  0.000000E+00 -0.136468E-02***********     -7.626    -19.018       7
     8.00000  0.612140E+00  0.000000E+00  0.211469E+00  0.000000E+00 -0.140996E-02***********     -7.621    -19.130       8
     9.00000  0.789940E+00  0.000000E+00  0.212021E+00  0.000000E+00 -0.145416E-02***********     -7.615    -19.240       9
    10.00000  0.886460E+00  0.000000E+00  0.212554E+00  0.000000E+00 -0.149728E-02***********     -7.609    -19.347      10
    11.00000  0.932180E+00  0.000000E+00  0.213068E+00  0.000000E+00 -0.153938E-02***********     -7.602    -19.452      11
    12.00000  0.112522E+01  0.000000E+00  0.213562E+00  0.000000E+00 -0.158046E-02***********     -7.594    -19.554      12
    13.00000  0.135636E+01  0.000000E+00  0.214037E+00  0.000000E+00 -0.162056E-02***********     -7.586    -19.653      13
    14.00000  0.152908E+01  0.000000E+00  0.214492E+00  0.000000E+00 -0.165969E-02***********     -7.577    -19.750      14
    15.00000  0.156210E+01  0.000000E+00  0.214930E+00  0.000000E+00 -0.169788E-02***********     -7.568    -19.845      15
    16.00000  0.158242E+01  0.000000E+00  0.215349E+00  0.000000E+00 -0.173517E-02***********     -7.558    -19.938      16
    17.00000  0.162560E+01  0.000000E+00  0.215751E+00  0.000000E+00 -0.177154E-02***********     -7.548    -20.028      17
    18.00000  0.178562E+01  0.000000E+00  0.216135E+00  0.000000E+00 -0.180705E-02***********     -7.536    -20.116      18
    19.00000  0.189230E+01  0.000000E+00  0.216504E+00  0.000000E+00 -0.184171E-02***********     -7.524    -20.202      19
    20.00000  0.201930E+01  0.000000E+00  0.216856E+00  0.000000E+00 -0.187553E-02***********     -7.511    -20.286      20
    21.00000  0.220218E+01  0.000000E+00  0.217193E+00  0.000000E+00 -0.190856E-02***********     -7.498    -20.368      21
    22.00000  0.228092E+01  0.000000E+00  0.217515E+00  0.000000E+00 -0.194079E-02***********     -7.484    -20.448      22
    23.00000  0.236982E+01  0.000000E+00  0.217823E+00  0.000000E+00 -0.197224E-02***********     -7.469    -20.526      23
    24.00000  0.245364E+01  0.000000E+00  0.218118E+00  0.000000E+00 -0.200294E-02***********     -7.453    -20.602      24
    25.00000  0.251460E+01  0.000000E+00  0.218399E+00  0.000000E+00 -0.203289E-02***********     -7.437    -20.677      25
    26.00000  0.266700E+01  0.000000E+00  0.218668E+00  0.000000E+00 -0.206213E-02***********     -7.419    -20.749      26
    27.00000  0.271272E+01  0.000000E+00  0.218924E+00  0.000000E+00 -0.209066E-02***********     -7.401    -20.820      27
    28.00000  0.274701E+01  0.000000E+00  0.219169E+00  0.000000E+00 -0.211851E-02***********     -7.382    -20.889      28
    29.00000  0.276987E+01  0.000000E+00  0.219403E+00  0.000000E+00 -0.214571E-02***********     -7.362    -20.957      29
    30.00000  0.282575E+01  0.000000E+00  0.219626E+00  0.000000E+00 -0.217225E-02***********     -7.341    -21.023      30
    31.00000  0.292989E+01  0.000000E+00  0.219839E+00  0.000000E+00 -0.219814E-02***********     -7.318    -21.087      31
    32.00000  0.304165E+01  0.000000E+00  0.220043E+00  0.000000E+00 -0.222342E-02***********     -7.296    -21.150      32
    33.00000  0.318643E+01  0.000000E+00  0.220237E+00  0.000000E+00 -0.224809E-02***********     -7.272    -21.211      33
    34.00000  0.344805E+01  0.000000E+00  0.220422E+00  0.000000E+00 -0.227217E-02***********     -7.247    -21.271      34
    35.00000  0.364109E+01  0.000000E+00  0.220598E+00  0.000000E+00 -0.229567E-02***********     -7.222    -21.329      35
    36.00000  0.384175E+01  0.000000E+00  0.220767E+00  0.000000E+00 -0.231861E-02***********     -7.196    -21.386      36
    37.00000  0.399415E+01  0.000000E+00  0.220928E+00  0.000000E+00 -0.234097E-02***********     -7.169    -21.442      37
    38.00000  0.420751E+01  0.000000E+00  0.221081E+00  0.000000E+00 -0.236280E-02***********     -7.142    -21.496      38
    39.00000  0.431165E+01  0.000000E+00  0.221227E+00  0.000000E+00 -0.238413E-02***********     -7.114    -21.549      39
    40.00000  0.454787E+01  0.000000E+00  0.221367E+00  0.000000E+00 -0.240493E-02***********     -7.085    -21.600      40
    41.00000  0.481965E+01  0.000000E+00  0.221500E+00  0.000000E+00 -0.242524E-02***********     -7.056    -21.651      41
    42.00000  0.499745E+01  0.000000E+00  0.221627E+00  0.000000E+00 -0.244506E-02***********     -7.027    -21.700      42
    43.00000  0.531495E+01  0.000000E+00  0.221748E+00  0.000000E+00 -0.246440E-02***********     -6.998    -21.748      43
    44.00000  0.555117E+01  0.000000E+00  0.221864E+00  0.000000E+00 -0.248328E-02***********     -6.968    -21.795      44
    45.00000  0.561721E+01  0.000000E+00  0.221974E+00  0.000000E+00 -0.250171E-02***********     -6.938    -21.841      45
    46.00000  0.574929E+01  0.000000E+00  0.222080E+00  0.000000E+00 -0.251970E-02***********     -6.908    -21.885      46
    47.00000  0.603631E+01  0.000000E+00  0.222180E+00  0.000000E+00 -0.253725E-02***********     -6.879    -21.929      47
    48.00000  0.627761E+01  0.000000E+00  0.222276E+00  0.000000E+00 -0.255437E-02***********     -6.849    -21.971      48
    49.00000  0.642239E+01  0.000000E+00  0.222368E+00  0.000000E+00 -0.257109E-02***********     -6.819    -22.013      49
    50.00000  0.658749E+01  0.000000E+00  0.222456E+00  0.000000E+00 -0.258741E-02***********     -6.790    -22.053      50
    51.00000  0.666369E+01  0.000000E+00  0.222539E+00  0.000000E+00 -0.260334E-02***********     -6.761    -22.093      51
    52.00000  0.672973E+01  0.000000E+00  0.222619E+00  0.000000E+00 -0.261888E-02***********     -6.732    -22.132      52
    53.00000  0.675259E+01  0.000000E+00  0.222695E+00  0.000000E+00 -0.263405E-02***********     -6.703    -22.169      53
    54.00000  0.677037E+01  0.000000E+00  0.222768E+00  0.000000E+00 -0.264886E-02***********     -6.676    -22.206      54
    55.00000  0.682625E+01  0.000000E+00  0.222838E+00  0.000000E+00 -0.266331E-02***********     -6.649    -22.242      55
    56.00000  0.701167E+01  0.000000E+00  0.222904E+00  0.000000E+00 -0.267741E-02***********     -6.622    -22.277      56
    57.00000  0.721233E+01  0.000000E+00  0.222968E+00  0.000000E+00 -0.269118E-02***********     -6.595    -22.311      57
    58.00000  0.735965E+01  0.000000E+00  0.223029E+00  0.000000E+00 -0.270462E-02***********     -6.569    -22.344      58
    59.00000  0.741553E+01  0.000000E+00  0.223087E+00  0.000000E+00 -0.271773E-02***********     -6.545    -22.377      59
    60.00000  0.753999E+01  0.000000E+00  0.223143E+00  0.000000E+00 -0.273053E-02***********     -6.520    -22.409      60
    61.00000  0.775843E+01  0.000000E+00  0.223196E+00  0.000000E+00 -0.274304E-02***********     -6.497    -22.440      61
    62.00000  0.791337E+01  0.000000E+00  0.223247E+00  0.000000E+00 -0.275524E-02***********     -6.474    -22.470      62
    63.00000  0.808863E+01  0.000000E+00  0.223296E+00  0.000000E+00 -0.276715E-02***********     -6.452    -22.500      63
    64.00000  0.812419E+01  0.000000E+00  0.223343E+00  0.000000E+00 -0.277875E-02***********     -6.431    -22.528      64
    65.00000  0.817499E+01  0.000000E+00  0.223388E+00  0.000000E+00 -0.279009E-02***********     -6.410    -22.557      65
    66.00000  0.823595E+01  0.000000E+00  0.223431E+00  0.000000E+00 -0.280115E-02***********     -6.390    -22.584      66
    67.00000  0.827913E+01  0.000000E+00  0.223472E+00  0.000000E+00 -0.281194E-02***********     -6.371    -22.611      67
    68.00000  0.834263E+01  0.000000E+00  0.223511E+00  0.000000E+00 -0.282247E-02***********     -6.353    -22.637      68
    69.00000  0.837057E+01  0.000000E+00  0.223549E+00  0.000000E+00 -0.283276E-02***********     -6.336    -22.663      69
    70.00000  0.842137E+01  0.000000E+00  0.223585E+00  0.000000E+00 -0.284280E-02***********     -6.319    -22.687      70
    71.00000  0.848741E+01  0.000000E+00  0.223620E+00  0.000000E+00 -0.285260E-02***********     -6.303    -22.712      71
    72.00000  0.866013E+01  0.000000E+00  0.223653E+00  0.000000E+00 -0.286217E-02***********     -6.288    -22.736      72
    73.00000  0.888111E+01  0.000000E+00  0.223685E+00  0.000000E+00 -0.287150E-02***********     -6.273    -22.759      73
    74.00000  0.897509E+01  0.000000E+00  0.223716E+00  0.000000E+00 -0.288060E-02***********     -6.259    -22.781      74
    75.00000  0.908431E+01  0.000000E+00  0.223746E+00  0.000000E+00 -0.288948E-02***********     -6.246    -22.803      75
    76.00000  0.921639E+01  0.000000E+00  0.223774E+00  0.000000E+00 -0.289816E-02***********     -6.234    -22.825      76
    77.00000  0.940943E+01  0.000000E+00  0.223801E+00  0.000000E+00 -0.290662E-02***********     -6.222    -22.846      77
    78.00000  0.956437E+01  0.000000E+00  0.223827E+00  0.000000E+00 -0.291489E-02***********     -6.211    -22.866      78
    79.00000  0.965073E+01  0.000000E+00  0.223852E+00  0.000000E+00 -0.292295E-02***********     -6.201    -22.886      79
    80.00000  0.978027E+01  0.000000E+00  0.223876E+00  0.000000E+00 -0.293083E-02***********     -6.192    -22.906      80
    81.00000  0.991997E+01  0.000000E+00  0.223900E+00  0.000000E+00 -0.293851E-02***********     -6.183    -22.925      81
    82.00000  0.101232E+02  0.000000E+00  0.223922E+00  0.000000E+00 -0.294600E-02***********     -6.175    -22.944      82
    83.00000  0.102781E+02  0.000000E+00  0.223943E+00  0.000000E+00 -0.295332E-02***********     -6.167    -22.962      83
    84.00000  0.103899E+02  0.000000E+00  0.223964E+00  0.000000E+00 -0.296046E-02***********     -6.159    -22.980      84
    85.00000  0.104991E+02  0.000000E+00  0.223984E+00  0.000000E+00 -0.296743E-02***********     -6.152    -22.997      85
    86.00000  0.106693E+02  0.000000E+00  0.224003E+00  0.000000E+00 -0.297424E-02***********     -6.146    -23.014      86
    87.00000  0.107912E+02  0.000000E+00  0.224021E+00  0.000000E+00 -0.298089E-02***********     -6.140    -23.030      87
    88.00000  0.109131E+02  0.000000E+00  0.224039E+00  0.000000E+00 -0.298737E-02***********     -6.134    -23.046      88
    89.00000  0.109944E+02  0.000000E+00  0.224056E+00  0.000000E+00 -0.299370E-02***********     -6.129    -23.062      89
    90.00000  0.111900E+02  0.000000E+00  0.224072E+00  0.000000E+00 -0.299987E-02***********     -6.125    -23.077      90
    91.00000  0.111900E+02  0.254000E+00  0.224072E+00  0.254000E+00 -0.300589E-02-862934.125    -34.438    -23.092      91
    92.00000  0.111900E+02  0.485140E+00  0.224072E+00  0.485140E+00 -0.301178E-02-862960.125    -56.730    -23.107      92
    93.00000  0.111900E+02  0.594360E+00  0.224072E+00  0.594360E+00 -0.301751E-02-862953.375    -71.662    -23.121      93
    94.00000  0.111900E+02  0.660400E+00  0.224072E+00  0.660400E+00 -0.302312E-02-862979.375    -79.481    -23.135      94
    95.00000  0.111900E+02  0.822960E+00  0.224072E+00  0.822960E+00 -0.302859E-02-862972.625    -90.566    -23.149      95
    96.00000  0.111900E+02  0.115570E+01  0.224072E+00  0.115570E+01 -0.303392E-02-862965.875   -118.809    -23.162      96
    97.00000  0.111900E+02  0.152908E+01  0.224072E+00  0.152858E+01 -0.303914E-02-862959.125   -182.961    -23.175      97
    98.00000  0.111900E+02  0.190754E+01  0.224072E+00  0.183951E+01 -0.304423E-02-862952.375   -333.534    -23.188      98
    99.00000  0.111900E+02  0.236474E+01  0.224072E+00  0.210937E+01 -0.304919E-02-862978.375   -527.667    -23.200      99
   100.00000  0.111900E+02  0.291338E+01  0.224072E+00  0.233722E+01 -0.305404E-02-862971.625   -712.904    -23.212     100
   101.00000  0.111900E+02  0.338582E+01  0.224072E+00  0.248375E+01 -0.305878E-02-862964.875   -871.964    -23.224     101
   102.00000  0.111900E+02  0.356870E+01  0.224072E+00  0.253494E+01 -0.306340E-02-862958.125   -972.804    -23.235     102
   103.00000  0.111900E+02  0.366522E+01  0.224072E+00  0.255883E+01 -0.306790E-02-862951.375  -1010.210    -23.246     103
   104.00000  0.111900E+02  0.384556E+01  0.224072E+00  0.260033E+01 -0.307229E-02-862977.375  -1040.184    -23.257     104
   105.00000  0.111900E+02  0.413766E+01  0.224072E+00  0.265375E+01 -0.307658E-02-862970.625  -1092.143    -23.268     105
   106.00000  0.111900E+02  0.454406E+01  0.224072E+00  0.271254E+01 -0.308077E-02-862963.875  -1136.773    -23.278     106
   107.00000  0.111900E+02  0.489458E+01  0.224072E+00  0.276118E+01 -0.308485E-02-862957.125  -1168.386    -23.288     107
   108.00000  0.111900E+02  0.501904E+01  0.224072E+00  0.277826E+01 -0.308885E-02-862983.125  -1194.716    -23.298     108
   109.00000  0.111900E+02  0.514350E+01  0.224072E+00  0.279458E+01 -0.309274E-02-862976.375  -1213.528    -23.308     109
   110.00000  0.111900E+02  0.528066E+01  0.224072E+00  0.281015E+01 -0.309654E-02-862969.625  -1236.258    -23.317     110
   111.00000  0.111900E+02  0.539496E+01  0.224072E+00  0.282151E+01 -0.310025E-02-862962.875  -1255.914    -23.327     111
   112.00000  0.111900E+02  0.561086E+01  0.224072E+00  0.283943E+01 -0.310387E-02-862956.125  -1274.973    -23.336     112
   113.00000  0.111900E+02  0.586994E+01  0.224072E+00  0.285846E+01 -0.310740E-02-862982.125  -1288.165    -23.344     113
   114.00000  0.111900E+02  0.615188E+01  0.224072E+00  0.287797E+01 -0.311084E-02-862975.375  -1297.912    -23.353     114
   115.00000  0.111900E+02  0.651256E+01  0.224072E+00  0.290258E+01 -0.311421E-02-862968.625  -1306.015    -23.361     115
   116.00000  0.111900E+02  0.688086E+01  0.224072E+00  0.292770E+01 -0.311750E-02-862961.875  -1316.840    -23.369     116
   117.00000  0.111900E+02  0.711708E+01  0.224072E+00  0.294380E+01 -0.312071E-02-862955.125  -1328.883    -23.377     117
   118.00000  0.111900E+02  0.749554E+01  0.224072E+00  0.296788E+01 -0.312383E-02-862981.125  -1347.017    -23.385     118
   119.00000  0.111900E+02  0.785876E+01  0.224072E+00  0.298737E+01 -0.312689E-02-862974.375  -1374.039    -23.393     119
   120.00000  0.111900E+02  0.827024E+01  0.224072E+00  0.300404E+01 -0.312987E-02-862967.625  -1404.551    -23.400     120
   121.00000  0.111900E+02  0.866648E+01  0.224072E+00  0.311939E+01 -0.313278E-02-862960.875   -690.500    -23.407     121
   122.00000  0.111900E+02  0.901954E+01  0.224072E+00  0.324690E+01 -0.313562E-02-862954.125   -702.079    -23.414     122
   123.00000  0.111900E+02  0.938276E+01  0.224072E+00  0.337733E+01 -0.313838E-02-862980.125   -710.419    -23.421     123
   124.00000  0.111900E+02  0.978154E+01  0.224072E+00  0.352038E+01 -0.314108E-02-862973.375   -718.220    -23.428     124
   125.00000  0.111900E+02  0.100203E+02  0.224072E+00  0.360602E+01 -0.314371E-02-862966.625   -725.427    -23.435     125
   126.00000  0.111900E+02  0.101143E+02  0.224072E+00  0.363973E+01 -0.314629E-02-862959.875   -729.970    -23.441     126
   127.00000  0.111900E+02  0.104038E+02  0.224072E+00  0.374359E+01 -0.314881E-02-862953.125   -735.551    -23.447     127
   128.00000  0.111900E+02  0.107747E+02  0.224072E+00  0.387608E+01 -0.315127E-02-862979.125   -748.446    -23.453     128
   129.00000  0.111900E+02  0.110490E+02  0.224072E+00  0.397174E+01 -0.315367E-02-862972.375   -766.139    -23.459     129
   130.00000  0.111900E+02  0.113741E+02  0.224072E+00  0.407825E+01 -0.315601E-02-862965.625   -785.569    -23.465     130
   131.00000  0.111900E+02  0.116027E+02  0.224072E+00  0.414954E+01 -0.315829E-02-862958.875   -801.111    -23.471     131
   132.00000  0.111900E+02  0.119024E+02  0.224072E+00  0.424048E+01 -0.316051E-02-862952.125   -810.132    -23.476     132
   133.00000  0.111900E+02  0.120853E+02  0.224072E+00  0.429539E+01 -0.316267E-02-862978.125   -816.109    -23.482     133
   134.00000  0.111900E+02  0.122987E+02  0.224072E+00  0.435924E+01 -0.316480E-02-862971.375   -820.130    -23.487     134
   135.00000  0.111900E+02  0.127279E+02  0.224072E+00  0.448758E+01 -0.316687E-02-862964.625   -826.470    -23.492     135
   136.00000  0.111900E+02  0.132461E+02  0.224072E+00  0.464246E+01 -0.316888E-02-862957.875   -837.285    -23.497     136
   137.00000  0.111900E+02  0.134315E+02  0.224072E+00  0.469789E+01 -0.317086E-02-862951.125   -846.910    -23.502     137
   138.00000  0.111900E+02  0.137668E+02  0.224072E+00  0.479811E+01 -0.317279E-02-862977.125   -855.994    -23.507     138
   139.00000  0.111900E+02  0.141935E+02  0.224072E+00  0.492518E+01 -0.317466E-02-862970.375   -872.726    -23.511     139
   140.00000  0.111900E+02  0.145999E+02  0.224072E+00  0.504174E+01 -0.317650E-02-862963.625   -899.808    -23.516     140
   141.00000  0.111900E+02  0.150444E+02  0.224072E+00  0.515938E+01 -0.317828E-02-862956.875   -935.554    -23.520     141
   142.00000  0.111900E+02  0.153949E+02  0.224072E+00  0.524429E+01 -0.318003E-02-862982.875   -971.774    -23.525     142
   143.00000  0.111900E+02  0.158039E+02  0.224072E+00  0.533362E+01 -0.318173E-02-862976.125  -1004.362    -23.529     143
   144.00000  0.111900E+02  0.160833E+02  0.224072E+00  0.539047E+01 -0.318338E-02-862969.375  -1033.186    -23.533     144
   145.00000  0.111900E+02  0.162306E+02  0.224072E+00  0.541932E+01 -0.318500E-02-862962.625  -1049.372    -23.537     145
   146.00000  0.111900E+02  0.163500E+02  0.224072E+00  0.544170E+01 -0.318658E-02-862955.875  -1061.010    -23.541     146
   147.00000  0.111900E+02  0.164592E+02  0.224072E+00  0.546144E+01 -0.318813E-02-862981.875  -1069.802    -23.545     147
   148.00000  0.111900E+02  0.168377E+02  0.224072E+00  0.552427E+01 -0.318964E-02-862975.125  -1086.645    -23.549     148
   149.00000  0.111900E+02  0.172796E+02  0.224072E+00  0.559044E+01 -0.319111E-02-862968.375  -1109.383    -23.552     149
   150.00000  0.111900E+02  0.177292E+02  0.224072E+00  0.565252E+01 -0.319256E-02-862961.625  -1131.695    -23.556     150
   151.00000  0.111900E+02  0.180645E+02  0.224072E+00  0.569619E+01 -0.319396E-02-862954.875  -1151.504    -23.559     151
   152.00000  0.111900E+02  0.183261E+02  0.224072E+00  0.577100E+01 -0.319533E-02-862980.875   -772.804    -23.563     152
   153.00000  0.111900E+02  0.184302E+02  0.224072E+00  0.580547E+01 -0.319667E-02-862974.125   -780.413    -23.566     153
   154.00000  0.111900E+02  0.186207E+02  0.224072E+00  0.586778E+01 -0.319797E-02-862967.375   -787.059    -23.569     154
   155.00000  0.111900E+02  0.190373E+02  0.224072E+00  0.599728E+01 -0.319923E-02-862960.625   -799.312    -23.572     155
   156.00000  0.111900E+02  0.194132E+02  0.224072E+00  0.611070E+01 -0.320047E-02-862953.875   -814.328    -23.575     156
   157.00000  0.111900E+02  0.197358E+02  0.224072E+00  0.620569E+01 -0.320168E-02-862979.875   -827.450    -23.578     157
   158.00000  0.111900E+02  0.201549E+02  0.224072E+00  0.632481E+01 -0.320286E-02-862973.125   -839.697    -23.581     158
   159.00000  0.111900E+02  0.204394E+02  0.224072E+00  0.640441E+01 -0.320400E-02-862966.375   -851.374    -23.584     159
   160.00000  0.111900E+02  0.206324E+02  0.224072E+00  0.645748E+01 -0.320514E-02-862959.625   -860.655    -23.587     160
   161.00000  0.111900E+02  0.208788E+02  0.224072E+00  0.652342E+01 -0.320624E-02-862952.875   -868.442    -23.590     161
   162.00000  0.111900E+02  0.212903E+02  0.224072E+00  0.663004E+01 -0.320731E-02-862978.875   -879.915    -23.592     162
   163.00000  0.111900E+02  0.217043E+02  0.224072E+00  0.673408E+01 -0.320835E-02-862972.125   -891.986    -23.595     163
   164.00000  0.111900E+02  0.221691E+02  0.224072E+00  0.684670E+01 -0.320938E-02-862965.375   -904.183    -23.598     164
   165.00000  0.111900E+02  0.226187E+02  0.224072E+00  0.695225E+01 -0.321038E-02-862958.625   -917.791    -23.600     165
   166.00000  0.111900E+02  0.228879E+02  0.224072E+00  0.701442E+01 -0.321135E-02-862951.875   -928.314    -23.602     166
   167.00000  0.111900E+02  0.233197E+02  0.224072E+00  0.711082E+01 -0.321230E-02-862977.875   -938.857    -23.605     167
   168.00000  0.111900E+02  0.237134E+02  0.224072E+00  0.719640E+01 -0.321323E-02-862971.125   -949.504    -23.607     168
   169.00000  0.111900E+02  0.240538E+02  0.224072E+00  0.726874E+01 -0.321414E-02-862964.375   -959.201    -23.609     169
   170.00000  0.111900E+02  0.245237E+02  0.224072E+00  0.736438E+01 -0.321503E-02-862957.625   -970.276    -23.612     170
   171.00000  0.111900E+02  0.249682E+02  0.224072E+00  0.745226E+01 -0.321589E-02-862983.625   -981.486    -23.614     171
   172.00000  0.111900E+02  0.253162E+02  0.224072E+00  0.751950E+01 -0.321673E-02-862976.875   -992.054    -23.616     172
   173.00000  0.111900E+02  0.257226E+02  0.224072E+00  0.759624E+01 -0.321755E-02-862970.125  -1000.828    -23.618     173
   174.00000  0.111900E+02  0.260426E+02  0.224072E+00  0.765587E+01 -0.321835E-02-862963.375  -1008.548    -23.620     174
   175.00000  0.111900E+02  0.264439E+02  0.224072E+00  0.772777E+01 -0.321913E-02-862956.625  -1017.488    -23.622     175
   176.00000  0.902888E+01  0.267843E+02 -0.151726E+01  0.783788E+01 -0.321914E-02      0.000   -772.128    -23.622     176
   177.00000  0.736768E+01  0.272237E+02 -0.246653E+01  0.804196E+01 -0.321929E-02      0.000   -657.668    -23.622     177
   178.00000  0.539718E+01  0.275641E+02 -0.325642E+01  0.822817E+01 -0.321949E-02      0.000   -562.809    -23.623     178
   179.00000  0.539718E+01  0.279146E+02 -0.325642E+01  0.846076E+01 -0.322025E-02    -18.889   -579.065    -23.625     179
   180.00000  0.209008E+01  0.283845E+02 -0.406277E+01  0.874561E+01 -0.322047E-02      0.000   -516.592    -23.625     180
   181.00000  0.209008E+01  0.288493E+02 -0.406277E+01  0.907272E+01 -0.322118E-02    -19.417   -536.777    -23.627     181
   182.00000 -0.121192E+01  0.294386E+02 -0.488991E+01  0.945300E+01 -0.322153E-02      0.000   -493.335    -23.628     182
   183.00000 -0.121192E+01  0.298882E+02 -0.488991E+01  0.978466E+01 -0.322221E-02    -19.226   -517.204    -23.629     183
   184.00000 -0.368922E+01  0.302641E+02 -0.566692E+01  0.100256E+02 -0.322241E-02      0.000   -480.364    -23.630     184
   185.00000 -0.368922E+01  0.305638E+02 -0.566692E+01  0.102542E+02 -0.322306E-02    -18.745   -490.278    -23.632     185
   186.00000 -0.368922E+01  0.309575E+02 -0.566692E+01  0.105479E+02 -0.322373E-02    -20.700   -513.046    -23.633     186
   187.00000 -0.368922E+01  0.313512E+02 -0.566692E+01  0.108373E+02 -0.322440E-02    -22.331   -532.432    -23.635     187
   188.00000 -0.368922E+01  0.317627E+02 -0.566692E+01  0.111362E+02 -0.322504E-02    -23.235   -549.517    -23.636     188
   189.00000 -0.368922E+01  0.321894E+02 -0.566692E+01  0.114437E+02 -0.322567E-02    -23.605   -566.538    -23.638     189
   190.00000 -0.368922E+01  0.326542E+02 -0.566692E+01  0.117761E+02 -0.322627E-02    -23.729   -584.385    -23.639     190
   191.00000 -0.368922E+01  0.330733E+02 -0.566692E+01  0.120740E+02 -0.322686E-02    -23.856   -603.989    -23.641     191
   192.00000 -0.368922E+01  0.334035E+02 -0.566692E+01  0.123081E+02 -0.322744E-02    -24.004   -621.448    -23.642     192
   193.00000 -0.368922E+01  0.338379E+02 -0.566692E+01  0.126125E+02 -0.322801E-02    -24.173   -641.629    -23.644     193
   194.00000 -0.504942E+01  0.342316E+02 -0.687879E+01  0.128849E+02 -0.322801E-02      0.000   -620.488    -23.644     194
   195.00000 -0.631942E+01  0.345847E+02 -0.768295E+01  0.131102E+02 -0.322813E-02      0.000   -609.307    -23.644     195
   196.00000 -0.758942E+01  0.349987E+02 -0.838743E+01  0.133533E+02 -0.322829E-02      0.000   -602.932    -23.644     196
   197.00000 -0.885942E+01  0.354305E+02 -0.906284E+01  0.136197E+02 -0.322843E-02      0.000   -516.536    -23.645     197
   198.00000 -0.101396E+02  0.358979E+02 -0.973158E+01  0.139275E+02 -0.322865E-02      0.000   -467.189    -23.645     198
   199.00000 -0.126796E+02  0.363424E+02 -0.103897E+02  0.142364E+02 -0.322883E-02      0.000   -419.409    -23.646     199
   200.00000 -0.126796E+02  0.367615E+02 -0.103897E+02  0.145845E+02 -0.322935E-02    -19.275   -443.143    -23.647     200
   201.00000 -0.139496E+02  0.372009E+02 -0.111350E+02  0.149074E+02 -0.322951E-02      0.000   -430.799    -23.647     201
   202.00000 -0.139496E+02  0.376734E+02 -0.111350E+02  0.152959E+02 -0.323005E-02    -19.310   -455.603    -23.648     202
   203.00000 -0.139496E+02  0.381407E+02 -0.111350E+02  0.156785E+02 -0.323060E-02    -21.480   -473.833    -23.649     203
   204.00000 -0.139496E+02  0.386005E+02 -0.111350E+02  0.160533E+02 -0.323114E-02    -22.884   -490.843    -23.651     204
   205.00000 -0.139496E+02  0.390704E+02 -0.111350E+02  0.164351E+02 -0.323167E-02    -23.537   -506.801    -23.652     205
   206.00000 -0.139496E+02  0.395352E+02 -0.111350E+02  0.168117E+02 -0.323221E-02    -23.694   -524.091    -23.653     206
   207.00000 -0.139496E+02  0.399848E+02 -0.111350E+02  0.171750E+02 -0.323275E-02    -23.823   -541.646    -23.654     207
   208.00000 -0.139496E+02  0.403251E+02 -0.111350E+02  0.174497E+02 -0.323328E-02    -23.973   -558.034    -23.655     208
   209.00000 -0.139496E+02  0.406858E+02 -0.111350E+02  0.177401E+02 -0.323382E-02    -24.145   -574.657    -23.656     209
   210.00000 -0.139496E+02  0.410795E+02 -0.111350E+02  0.180559E+02 -0.323436E-02    -24.343   -593.775    -23.657     210
   211.00000 -0.139496E+02  0.414707E+02 -0.111350E+02  0.183689E+02 -0.323489E-02    -24.573   -616.231    -23.658     211
   212.00000 -0.139496E+02  0.418847E+02 -0.111350E+02  0.186994E+02 -0.323543E-02    -24.844   -644.436    -23.660     212
   213.00000 -0.139496E+02  0.423241E+02 -0.111350E+02  0.190493E+02 -0.323597E-02    -25.171   -682.692    -23.661     213
   214.00000 -0.139496E+02  0.427610E+02 -0.111350E+02  0.193940E+02 -0.323650E-02    -25.578   -739.556    -23.662     214
   215.00000 -0.139496E+02  0.431572E+02 -0.111350E+02  0.196802E+02 -0.323704E-02    -26.107   -827.455    -23.663     215
   216.00000 -0.139496E+02  0.435154E+02 -0.111350E+02  0.198957E+02 -0.323758E-02    -26.735   -931.642    -23.664     216
   217.00000 -0.139496E+02  0.437110E+02 -0.111350E+02  0.199938E+02 -0.323811E-02    -27.372  -1015.943    -23.665     217
   218.00000 -0.139496E+02  0.438608E+02 -0.111350E+02  0.200598E+02 -0.323865E-02    -27.914  -1059.195    -23.666     218
   219.00000 -0.139496E+02  0.442012E+02 -0.111350E+02  0.201813E+02 -0.323918E-02    -28.357  -1107.982    -23.667     219
   220.00000 -0.139496E+02  0.445568E+02 -0.111350E+02  0.202833E+02 -0.323972E-02    -28.705  -1162.848    -23.668     220
   221.00000 -0.139496E+02  0.449632E+02 -0.111350E+02  0.203748E+02 -0.324026E-02    -28.975  -1213.250    -23.670     221
   222.00000 -0.139496E+02  0.454255E+02 -0.111350E+02  0.204516E+02 -0.324079E-02    -29.182  -1261.832    -23.671     222
   223.00000 -0.139496E+02  0.458242E+02 -0.111350E+02  0.205018E+02 -0.324133E-02    -29.340  -1301.561    -23.672     223
   224.00000 -0.139496E+02  0.460935E+02 -0.111350E+02  0.205295E+02 -0.324187E-02    -29.460  -1328.333    -23.673     224
   225.00000 -0.139496E+02  0.464491E+02 -0.111350E+02  0.205553E+02 -0.324240E-02    -29.551  -1350.167    -23.674     225
   226.00000 -0.139496E+02  0.468606E+02 -0.111350E+02  0.205767E+02 -0.324294E-02    -29.621  -1367.385    -23.675     226
   227.00000 -0.139496E+02  0.472975E+02 -0.111350E+02  0.205940E+02 -0.324348E-02    -29.674  -1378.471    -23.676     227
   228.00000 -0.139496E+02  0.476200E+02 -0.111350E+02  0.206053E+02 -0.324401E-02    -29.714  -1385.360    -23.677     228
   229.00000 -0.139496E+02  0.480696E+02 -0.111350E+02  0.206192E+02 -0.324455E-02    -29.745  -1390.493    -23.679     229
   230.00000 -0.139496E+02  0.486233E+02 -0.111350E+02  0.206352E+02 -0.324509E-02    -29.769  -1394.806    -23.680     230
   231.00000 -0.139496E+02  0.489230E+02 -0.111350E+02  0.206439E+02 -0.324562E-02    -29.786  -1397.844    -23.681     231
   232.00000 -0.139496E+02  0.491745E+02 -0.111350E+02  0.206510E+02 -0.324616E-02    -29.800  -1400.415    -23.682     232
   233.00000 -0.139496E+02  0.492939E+02 -0.111350E+02  0.206544E+02 -0.324669E-02    -29.810  -1402.021    -23.683     233
   234.00000 -0.139496E+02  0.496546E+02 -0.111350E+02  0.206641E+02 -0.324723E-02    -29.818  -1404.065    -23.684     234
   235.00000 -0.139496E+02  0.500584E+02 -0.111350E+02  0.206747E+02 -0.324777E-02    -29.824  -1406.774    -23.685     235
   236.00000 -0.139496E+02  0.504216E+02 -0.111350E+02  0.206841E+02 -0.324830E-02    -29.829  -1409.235    -23.686     236
   237.00000 -0.139496E+02  0.507036E+02 -0.111350E+02  0.206914E+02 -0.324884E-02    -29.832  -1411.176    -23.688     237
   238.00000 -0.139496E+02  0.510719E+02 -0.111350E+02  0.207007E+02 -0.324938E-02    -29.835  -1413.031    -23.689     238
   239.00000 -0.139496E+02  0.513919E+02 -0.111350E+02  0.207087E+02 -0.324991E-02    -29.837  -1414.963    -23.690     239
   240.00000 -0.139496E+02  0.516916E+02 -0.111350E+02  0.207161E+02 -0.325045E-02    -29.839  -1416.866    -23.691     240
   241.00000 -0.139496E+02  0.520701E+02 -0.111350E+02  0.207252E+02 -0.325099E-02    -29.841  -1418.828    -23.692     241
   242.00000 -0.139496E+02  0.525349E+02 -0.111350E+02  0.207357E+02 -0.325152E-02    -29.842  -1420.966    -23.693     242
   243.00000 -0.139496E+02  0.529108E+02 -0.111350E+02  0.207444E+02 -0.325206E-02    -29.844  -1423.035    -23.694     243
   244.00000 -0.139496E+02  0.531928E+02 -0.111350E+02  0.249965E+02 -0.325260E-02    -29.846   -279.097    -23.695     244
   245.00000 -0.139496E+02  0.536220E+02 -0.111350E+02  0.407544E+02 -0.325310E-02    -29.848   -736.769    -23.696     245
   246.00000 -0.139496E+02  0.539929E+02 -0.111350E+02  0.408058E+02 -0.325365E-02    -29.850   -796.362    -23.698     246
   247.00000 -0.139496E+02  0.541656E+02 -0.111350E+02  0.408058E+02 -0.325419E-02    -29.851   -796.382    -23.699     247
   248.00000 -0.139496E+02  0.544399E+02 -0.111350E+02  0.408058E+02 -0.325473E-02    -29.853   -796.382    -23.700     248
   249.00000 -0.139496E+02  0.547828E+02 -0.111350E+02  0.408058E+02 -0.325526E-02    -29.855   -796.382    -23.701     249
   250.00000 -0.139496E+02  0.550521E+02 -0.111350E+02  0.408058E+02 -0.325580E-02    -29.857   -796.382    -23.702     250
   251.00000 -0.139496E+02  0.553061E+02 -0.111350E+02  0.408058E+02 -0.325634E-02    -29.858   -796.383    -23.703     251
   252.00000 -0.139496E+02  0.555194E+02 -0.111350E+02  0.408058E+02 -0.325687E-02    -29.860   -796.383    -23.704     252
   253.00000 -0.139496E+02  0.557556E+02 -0.111350E+02  0.408058E+02 -0.325741E-02    -29.862   -796.383    -23.705     253
   254.00000 -0.139496E+02  0.560071E+02 -0.111350E+02  0.408058E+02 -0.325795E-02    -29.864   -796.382    -23.707     254
   255.00000 -0.139496E+02  0.562992E+02 -0.111350E+02  0.408058E+02 -0.325848E-02    -29.865   -796.382    -23.708     255
   256.00000 -0.139496E+02  0.565456E+02 -0.111350E+02  0.408058E+02 -0.325902E-02    -29.867   -796.383    -23.709     256
   257.00000 -0.139496E+02  0.567640E+02 -0.111350E+02  0.408058E+02 -0.325955E-02    -29.869   -796.383    -23.710     257
   258.00000 -0.139496E+02  0.570561E+02 -0.111350E+02  0.408058E+02 -0.326009E-02    -29.871   -796.383    -23.711     258
   259.00000 -0.139496E+02  0.573787E+02 -0.111350E+02  0.408058E+02 -0.326063E-02    -29.873   -796.382    -23.712     259
   260.00000 -0.139496E+02  0.578410E+02 -0.111350E+02  0.408058E+02 -0.326116E-02    -29.874   -796.382    -23.713     260
   261.00000 -0.139496E+02  0.582169E+02 -0.111350E+02  0.408058E+02 -0.326170E-02    -29.876   -796.384    -23.714     261
   262.00000 -0.139496E+02  0.584176E+02 -0.111350E+02  0.408058E+02 -0.326224E-02    -29.878   -796.384    -23.716     262
   263.00000 -0.139496E+02  0.586004E+02 -0.111350E+02  0.408058E+02 -0.326277E-02    -29.880   -796.383    -23.717     263
   264.00000 -0.139496E+02  0.586487E+02 -0.111350E+02  0.408058E+02 -0.326331E-02    -29.881   -796.383    -23.718     264
   265.00000 -0.139496E+02  0.586944E+02 -0.111350E+02  0.408058E+02 -0.326385E-02    -29.883   -796.382    -23.719     265
   266.00000 -0.139496E+02  0.589306E+02 -0.111350E+02  0.408058E+02 -0.326438E-02    -29.885   -796.382    -23.720     266
   267.00000 -0.139496E+02  0.591592E+02 -0.111350E+02  0.408058E+02 -0.326492E-02    -29.887   -796.382    -23.721     267
   268.00000 -0.139496E+02  0.593853E+02 -0.111350E+02  0.408058E+02 -0.326546E-02    -29.888   -796.382    -23.722     268
   269.00000 -0.139496E+02  0.596749E+02 -0.111350E+02  0.408058E+02 -0.326599E-02    -29.890   -796.384    -23.723     269
   270.00000 -0.139496E+02  0.598958E+02 -0.111350E+02  0.408058E+02 -0.326653E-02    -29.892   -796.383    -23.725     270
   271.00000 -0.139496E+02  0.601829E+02 -0.111350E+02  0.408058E+02 -0.326706E-02    -29.894   -796.383    -23.726     271
   272.00000 -0.139496E+02  0.604140E+02 -0.111350E+02  0.408058E+02 -0.326760E-02    -29.896   -796.382    -23.727     272
   273.00000 -0.139496E+02  0.604800E+02 -0.111350E+02  0.408058E+02 -0.326814E-02    -29.897   -796.382    -23.728     273
   274.00000 -0.139268E+02  0.604800E+02 -0.111121E+02  0.408058E+02 -0.326867E-02    -65.269   -796.382    -23.729     274
   275.00000 -0.137083E+02  0.604800E+02 -0.109453E+02  0.408058E+02 -0.326921E-02***********   -796.382    -23.730     275
   276.00000 -0.135737E+02  0.604800E+02 -0.109453E+02  0.408058E+02 -0.326975E-02***********   -796.382    -23.731     276
   277.00000 -0.133832E+02  0.604800E+02 -0.109453E+02  0.408058E+02 -0.327028E-02***********   -796.382    -23.732     277
   278.00000 -0.132638E+02  0.604800E+02 -0.109453E+02  0.408058E+02 -0.327082E-02***********   -796.382    -23.734     278
   279.00000 -0.130682E+02  0.604800E+02 -0.109453E+02  0.408058E+02 -0.327136E-02***********   -796.382    -23.735     279
   280.00000 -0.128803E+02  0.604800E+02 -0.109453E+02  0.408058E+02 -0.327189E-02***********   -796.382    -23.736     280
   281.00000 -0.126466E+02  0.604800E+02 -0.109453E+02  0.408058E+02 -0.327243E-02***********   -796.382    -23.737     281
   282.00000 -0.124053E+02  0.604800E+02 -0.109453E+02  0.408058E+02 -0.327297E-02***********   -796.382    -23.738     282
   283.00000 -0.121945E+02  0.604800E+02 -0.109453E+02  0.408058E+02 -0.327350E-02***********   -796.382    -23.739     283
   284.00000 -0.120395E+02  0.604800E+02 -0.109453E+02  0.408058E+02 -0.327404E-02***********   -796.382    -23.740     284
   285.00000 -0.120192E+02  0.604800E+02 -0.109453E+02  0.408058E+02 -0.327457E-02***********   -796.382    -23.741     285
   286.00000 -0.119456E+02  0.604800E+02 -0.109453E+02  0.408058E+02 -0.327511E-02***********   -796.382    -23.743     286
   287.00000 -0.118084E+02  0.604800E+02 -0.109453E+02  0.408058E+02 -0.327565E-02***********   -796.382    -23.744     287
   288.00000 -0.116306E+02  0.604800E+02 -0.109453E+02  0.408058E+02 -0.327618E-02***********   -796.382    -23.745     288
   289.00000 -0.114477E+02  0.604800E+02 -0.109453E+02  0.408058E+02 -0.327672E-02***********   -796.382    -23.746     289
   290.00000 -0.111988E+02  0.604800E+02 -0.109453E+02  0.408058E+02 -0.327726E-02***********   -796.382    -23.747     290
   291.00000 -0.108356E+02  0.604800E+02 -0.109453E+02  0.408058E+02 -0.327779E-02***********   -796.382    -23.748     291
   292.00000 -0.104139E+02  0.604800E+02 -0.109453E+02  0.408058E+02 -0.327833E-02***********   -796.383    -23.749     292
   293.00000 -0.101447E+02  0.604800E+02 -0.109453E+02  0.408058E+02 -0.327887E-02***********   -796.383    -23.750     293
   294.00000 -0.100355E+02  0.604800E+02 -0.109453E+02  0.408058E+02 -0.327940E-02***********   -796.383    -23.752     294
   295.00000 -0.996690E+01  0.604800E+02 -0.109453E+02  0.408058E+02 -0.327994E-02***********   -796.383    -23.753     295
   296.00000 -0.993388E+01  0.604800E+02 -0.109453E+02  0.408058E+02 -0.328048E-02***********   -796.383    -23.754     296
   297.00000 -0.991102E+01  0.604800E+02 -0.109453E+02  0.408058E+02 -0.328101E-02***********   -796.383    -23.755     297
   298.00000 -0.988308E+01  0.604800E+02 -0.109453E+02  0.408058E+02 -0.328155E-02***********   -796.383    -23.756     298
   299.00000 -0.985768E+01  0.604800E+02 -0.109453E+02  0.408058E+02 -0.328209E-02***********   -796.383    -23.757     299
   300.00000 -0.983482E+01  0.604800E+02 -0.109453E+02  0.408058E+02 -0.328262E-02***********   -796.383    -23.758     300
   301.00000 -0.979418E+01  0.604800E+02 -0.109453E+02  0.408058E+02 -0.328316E-02***********   -796.383    -23.759     301
   302.00000 -0.972814E+01  0.604800E+02 -0.109453E+02  0.408058E+02 -0.328369E-02***********   -796.383    -23.760     302
   303.00000 -0.962654E+01  0.604800E+02 -0.109453E+02  0.408058E+02 -0.328423E-02***********   -796.383    -23.762     303
   304.00000 -0.949192E+01  0.604800E+02 -0.109453E+02  0.408058E+02 -0.328477E-02***********   -796.383    -23.763     304
   305.00000 -0.933444E+01  0.604800E+02 -0.109453E+02  0.408058E+02 -0.328530E-02***********   -796.383    -23.764     305
   306.00000 -0.922268E+01  0.604800E+02 -0.109453E+02  0.408058E+02 -0.328584E-02***********   -796.383    -23.765     306
   307.00000 -0.907790E+01  0.604800E+02 -0.109453E+02  0.408058E+02 -0.328638E-02***********   -796.383    -23.766     307
   308.00000 -0.888740E+01  0.604800E+02 -0.109453E+02  0.408058E+02 -0.328691E-02***********   -796.383    -23.767     308
   309.00000 -0.864864E+01  0.604800E+02 -0.109453E+02  0.408058E+02 -0.328745E-02***********   -796.383    -23.768     309
   310.00000 -0.853434E+01  0.604800E+02 -0.109453E+02  0.408058E+02 -0.328799E-02***********   -796.383    -23.770     310
   311.00000 -0.833114E+01  0.604800E+02 -0.109453E+02  0.408058E+02 -0.328852E-02***********   -796.383    -23.771     311
   312.00000 -0.820160E+01  0.604800E+02 -0.109453E+02  0.408058E+02 -0.328906E-02***********   -796.383    -23.772     312
   313.00000 -0.807714E+01  0.604800E+02 -0.109453E+02  0.408058E+02 -0.328960E-02***********   -796.383    -23.773     313
   314.00000 -0.792220E+01  0.604800E+02 -0.109453E+02  0.408058E+02 -0.329013E-02***********   -796.383    -23.774     314
   315.00000 -0.763264E+01  0.604800E+02 -0.109453E+02  0.408058E+02 -0.329067E-02***********   -796.383    -23.775     315
   316.00000 -0.749802E+01  0.604800E+02 -0.109453E+02  0.408058E+02 -0.329120E-02***********   -796.383    -23.776     316
   317.00000 -0.724910E+01  0.604800E+02 -0.109453E+02  0.408058E+02 -0.329174E-02***********   -796.383    -23.777     317
   318.00000 -0.706368E+01  0.604800E+02 -0.109453E+02  0.408058E+02 -0.329228E-02***********   -796.383    -23.778     318
   319.00000 -0.687572E+01  0.604800E+02 -0.109453E+02  0.408058E+02 -0.329281E-02***********   -796.383    -23.780     319
   320.00000 -0.677666E+01  0.604800E+02 -0.109453E+02  0.408058E+02 -0.329335E-02***********   -796.383    -23.781     320
   321.00000 -0.650235E+01  0.604800E+02 -0.109453E+02  0.408058E+02 -0.329389E-02***********   -796.383    -23.782     321
   322.00000 -0.630931E+01  0.604800E+02 -0.109453E+02  0.408058E+02 -0.329442E-02***********   -796.383    -23.783     322
   323.00000 -0.612135E+01  0.604800E+02 -0.109453E+02  0.408058E+02 -0.329496E-02***********   -796.383    -23.784     323
   324.00000 -0.595625E+01  0.604800E+02 -0.109453E+02  0.408058E+02 -0.329550E-02***********   -796.383    -23.785     324
   325.00000 -0.562351E+01  0.604800E+02 -0.109453E+02  0.408058E+02 -0.329603E-02***********   -796.383    -23.786     325
   326.00000 -0.547111E+01  0.604800E+02 -0.109453E+02  0.408058E+02 -0.329657E-02***********   -796.383    -23.787     326
   327.00000 -0.546095E+01  0.604800E+02 -0.109453E+02  0.408058E+02 -0.329711E-02***********   -796.383    -23.789     327
   328.00000 -0.544316E+01  0.604800E+02 -0.109453E+02  0.408058E+02 -0.329764E-02***********   -796.383    -23.790     328
   329.00000 -0.538221E+01  0.604800E+02 -0.109453E+02  0.408058E+02 -0.329818E-02***********   -796.383    -23.791     329
   330.00000 -0.532378E+01  0.604800E+02 -0.109453E+02  0.408058E+02 -0.329871E-02***********   -796.383    -23.792     330
   331.00000 -0.514090E+01  0.604800E+02 -0.109453E+02  0.408058E+02 -0.329925E-02***********   -796.383    -23.793     331
   332.00000 -0.485896E+01  0.604800E+02 -0.109453E+02  0.408058E+02 -0.329979E-02***********   -796.383    -23.794     332
   333.00000 -0.475228E+01  0.604800E+02 -0.109453E+02  0.408058E+02 -0.330032E-02***********   -796.383    -23.795     333
   334.00000 -0.472688E+01  0.604800E+02 -0.109453E+02  0.408058E+02 -0.330086E-02***********   -796.383    -23.796     334
   335.00000 -0.461258E+01  0.604800E+02 -0.109453E+02  0.408058E+02 -0.330140E-02***********   -796.383    -23.798     335
   336.00000 -0.444748E+01  0.604800E+02 -0.109453E+02  0.408058E+02 -0.330193E-02***********   -796.383    -23.799     336
   337.00000 -0.427730E+01  0.604800E+02 -0.109453E+02  0.408058E+02 -0.330247E-02***********   -796.383    -23.800     337
   338.00000 -0.411474E+01  0.604800E+02 -0.109453E+02  0.408058E+02 -0.330301E-02***********   -796.383    -23.801     338
   339.00000 -0.377692E+01  0.604800E+02 -0.109453E+02  0.408058E+02 -0.330354E-02***********   -796.383    -23.802     339
   340.00000 -0.352546E+01  0.604800E+02 -0.109453E+02  0.408058E+02 -0.330408E-02***********   -796.383    -23.803     340
   341.00000 -0.343402E+01  0.604800E+02 -0.109453E+02  0.408058E+02 -0.330462E-02***********   -796.383    -23.804     341
   342.00000 -0.340100E+01  0.604800E+02 -0.109453E+02  0.408058E+02 -0.330515E-02***********   -796.383    -23.805     342
   343.00000 -0.326130E+01  0.604800E+02 -0.109453E+02  0.408058E+02 -0.330569E-02***********   -796.383    -23.807     343
   344.00000 -0.305048E+01  0.604800E+02 -0.109453E+02  0.408058E+02 -0.330622E-02***********   -796.383    -23.808     344
   345.00000 -0.300476E+01  0.604800E+02 -0.109453E+02  0.408058E+02 -0.330676E-02***********   -796.383    -23.809     345
   346.00000 -0.296412E+01  0.604800E+02 -0.109453E+02  0.408058E+02 -0.330730E-02***********   -796.383    -23.810     346
   347.00000 -0.282696E+01  0.604800E+02 -0.109453E+02  0.408058E+02 -0.330783E-02***********   -796.383    -23.811     347
   348.00000 -0.271012E+01  0.604800E+02 -0.109453E+02  0.408058E+02 -0.330837E-02***********   -796.383    -23.812     348
   349.00000 -0.260344E+01  0.604800E+02 -0.109453E+02  0.408058E+02 -0.330891E-02***********   -796.383    -23.813     349
   350.00000 -0.227324E+01  0.604800E+02 -0.109453E+02  0.408058E+02 -0.330944E-02***********   -796.383    -23.814     350
   351.00000 -0.220720E+01  0.604800E+02 -0.109453E+02  0.408058E+02 -0.330998E-02***********   -796.383    -23.816     351
   352.00000 -0.197860E+01  0.604800E+02 -0.109453E+02  0.408058E+02 -0.331052E-02***********   -796.383    -23.817     352
   353.00000 -0.178556E+01  0.604800E+02 -0.109453E+02  0.408058E+02 -0.331105E-02***********   -796.383    -23.818     353
   354.00000 -0.157982E+01  0.604800E+02 -0.109453E+02  0.408058E+02 -0.331159E-02***********   -796.383    -23.819     354
   355.00000 -0.141472E+01  0.604800E+02 -0.109453E+02  0.408058E+02 -0.331213E-02***********   -796.383    -23.820     355
   356.00000 -0.121152E+01  0.604800E+02 -0.109453E+02  0.408058E+02 -0.331266E-02***********   -796.383    -23.821     356
   357.00000 -0.113786E+01  0.604800E+02 -0.109453E+02  0.408058E+02 -0.331320E-02***********   -796.383    -23.822     357
   358.00000 -0.106166E+01  0.604800E+02 -0.109453E+02  0.408058E+02 -0.331374E-02***********   -796.383    -23.823     358
   359.00000 -0.932123E+00  0.604800E+02 -0.109453E+02  0.408058E+02 -0.331427E-02***********   -796.383    -23.824     359
   360.00000 -0.767023E+00  0.604800E+02 -0.109453E+02  0.408058E+02 -0.331481E-02***********   -796.383    -23.826     360
   361.00000 -0.675583E+00  0.604800E+02 -0.109453E+02  0.408058E+02 -0.331534E-02***********   -796.383    -23.827     361
   362.00000 -0.485083E+00  0.604800E+02 -0.109453E+02  0.408058E+02 -0.331588E-02***********   -796.383    -23.828     362
   363.00000 -0.406343E+00  0.604800E+02 -0.109453E+02  0.408058E+02 -0.331642E-02***********   -796.383    -23.829     363
   364.00000 -0.373323E+00  0.604800E+02 -0.109453E+02  0.408058E+02 -0.331695E-02***********   -796.383    -23.830     364
   365.00000 -0.266643E+00  0.604800E+02 -0.109453E+02  0.408058E+02 -0.331749E-02***********   -796.383    -23.831     365
   366.00000 -0.139643E+00  0.604800E+02 -0.109453E+02  0.408058E+02 -0.331803E-02***********   -796.383    -23.832     366
   367.00000 -0.228030E-01  0.604800E+02 -0.109453E+02  0.408058E+02 -0.331856E-02***********   -796.383    -23.833     367
   368.00000  0.178370E-01  0.604800E+02 -0.109453E+02  0.408058E+02 -0.331910E-02***********   -796.383    -23.835     368
   369.00000  0.129597E+00  0.604800E+02 -0.109453E+02  0.408058E+02 -0.331964E-02***********   -796.383    -23.836     369
   370.00000  0.221037E+00  0.604800E+02 -0.109453E+02  0.408058E+02 -0.332017E-02***********   -796.383    -23.837     370
   371.00000  0.373437E+00  0.604800E+02 -0.109453E+02  0.408058E+02 -0.332071E-02***********   -796.383    -23.838     371
   372.00000  0.401377E+00  0.604800E+02 -0.109453E+02  0.408058E+02 -0.332125E-02***********   -796.383    -23.839     372
   373.00000  0.485197E+00  0.604800E+02 -0.109453E+02  0.408058E+02 -0.332178E-02***********   -796.383    -23.840     373
   374.00000  0.675697E+00  0.604800E+02 -0.109453E+02  0.408058E+02 -0.332232E-02***********   -796.383    -23.841     374
   375.00000  0.713797E+00  0.604800E+02 -0.109453E+02  0.408058E+02 -0.332285E-02***********   -796.383    -23.842     375
   376.00000  0.729037E+00  0.604800E+02 -0.109453E+02  0.408058E+02 -0.332339E-02***********   -796.383    -23.844     376
   377.00000  0.734117E+00  0.604800E+02 -0.109453E+02  0.408058E+02 -0.332393E-02***********   -796.383    -23.845     377
   378.00000  0.741737E+00  0.604800E+02 -0.109453E+02  0.408058E+02 -0.332446E-02***********   -796.383    -23.846     378
   379.00000  0.746817E+00  0.604800E+02 -0.109453E+02  0.408058E+02 -0.332500E-02***********   -796.383    -23.847     379
   380.00000  0.767137E+00  0.604800E+02 -0.109453E+02  0.408058E+02 -0.332554E-02***********   -796.383    -23.848     380
   381.00000  0.845877E+00  0.604800E+02 -0.109453E+02  0.408058E+02 -0.332607E-02***********   -796.383    -23.849     381
   382.00000  0.863657E+00  0.604800E+02 -0.109453E+02  0.408058E+02 -0.332661E-02***********   -796.383    -23.850     382
   383.00000  0.880167E+00  0.604800E+02 -0.109453E+02  0.408058E+02 -0.332715E-02***********   -796.383    -23.851     383
   384.00000  0.895407E+00  0.604800E+02 -0.109453E+02  0.408058E+02 -0.332768E-02***********   -796.383    -23.853     384
   385.00000  0.100971E+01  0.604800E+02 -0.109453E+02  0.408058E+02 -0.332822E-02***********   -796.383    -23.854     385
   386.00000  0.113925E+01  0.604800E+02 -0.109453E+02  0.408058E+02 -0.332876E-02***********   -796.383    -23.855     386
   387.00000  0.117735E+01  0.604800E+02 -0.109453E+02  0.408058E+02 -0.332929E-02***********   -796.383    -23.856     387
   388.00000  0.133229E+01  0.604800E+02 -0.109453E+02  0.408058E+02 -0.332983E-02***********   -796.383    -23.857     388
   389.00000  0.147961E+01  0.604800E+02 -0.109453E+02  0.408058E+02 -0.333036E-02***********   -796.383    -23.858     389
   390.00000  0.164471E+01  0.604800E+02 -0.109453E+02  0.408058E+02 -0.333090E-02***********   -796.383    -23.859     390
   391.00000  0.183775E+01  0.604800E+02 -0.109453E+02  0.408058E+02 -0.333144E-02***********   -796.383    -23.860     391
   392.00000  0.204349E+01  0.604800E+02 -0.109453E+02  0.408058E+02 -0.333197E-02***********   -796.383    -23.862     392
   393.00000  0.230511E+01  0.604800E+02 -0.109453E+02  0.408058E+02 -0.333251E-02***********   -796.383    -23.863     393
   394.00000  0.252863E+01  0.604800E+02 -0.109453E+02  0.408058E+02 -0.333305E-02***********   -796.383    -23.864     394
   395.00000  0.277755E+01  0.604800E+02 -0.109453E+02  0.408058E+02 -0.333358E-02***********   -796.383    -23.865     395
   396.00000  0.301885E+01  0.604800E+02 -0.109453E+02  0.408058E+02 -0.333412E-02***********   -796.383    -23.866     396
   397.00000  0.321443E+01  0.604800E+02 -0.109453E+02  0.408058E+02 -0.333466E-02***********   -796.383    -23.867     397
   398.00000  0.329571E+01  0.604800E+02 -0.109453E+02  0.408058E+02 -0.333519E-02***********   -796.383    -23.868     398
   399.00000  0.332619E+01  0.604800E+02 -0.109453E+02  0.408058E+02 -0.333573E-02***********   -796.383    -23.869     399
   400.00000  0.336429E+01  0.604800E+02 -0.109453E+02  0.408058E+02 -0.333627E-02***********   -796.383    -23.871     400
   401.00000  0.341001E+01  0.604800E+02 -0.109453E+02  0.408058E+02 -0.333680E-02***********   -796.383    -23.872     401
   402.00000  0.343795E+01  0.604800E+02 -0.109453E+02  0.408058E+02 -0.333734E-02***********   -796.383    -23.873     402
   403.00000  0.347097E+01  0.604800E+02 -0.109453E+02  0.408058E+02 -0.333788E-02***********   -796.383    -23.874     403
   404.00000  0.350907E+01  0.604800E+02 -0.109453E+02  0.408058E+02 -0.333841E-02***********   -796.383    -23.875     404
   405.00000  0.354717E+01  0.604800E+02 -0.109453E+02  0.408058E+02 -0.333895E-02***********   -796.383    -23.876     405
   406.00000  0.361575E+01  0.604800E+02 -0.109453E+02  0.408058E+02 -0.333948E-02***********   -796.383    -23.877     406
   407.00000  0.369195E+01  0.604800E+02 -0.109453E+02  0.408058E+02 -0.334002E-02***********   -796.383    -23.878     407
   408.00000  0.376307E+01  0.604800E+02 -0.109453E+02  0.408058E+02 -0.334056E-02***********   -796.383    -23.879     408
   409.00000  0.379863E+01  0.604800E+02 -0.109453E+02  0.408058E+02 -0.334109E-02***********   -796.383    -23.881     409
   410.00000  0.383038E+01  0.604800E+02 -0.109453E+02  0.408058E+02 -0.334163E-02***********   -796.383    -23.882     410
   411.00000  0.385832E+01  0.604800E+02 -0.109453E+02  0.408058E+02 -0.334217E-02***********   -796.383    -23.883     411
   412.00000  0.389134E+01  0.604800E+02 -0.109453E+02  0.408058E+02 -0.334270E-02***********   -796.383    -23.884     412
   413.00000  0.398024E+01  0.604800E+02 -0.109453E+02  0.408058E+02 -0.334324E-02***********   -796.383    -23.885     413
   414.00000  0.413264E+01  0.604800E+02 -0.109453E+02  0.408058E+02 -0.334378E-02***********   -796.383    -23.886     414
   415.00000  0.423424E+01  0.604800E+02 -0.109453E+02  0.408058E+02 -0.334431E-02***********   -796.383    -23.887     415
   416.00000  0.440950E+01  0.604800E+02 -0.109453E+02  0.408058E+02 -0.334485E-02***********   -796.383    -23.888     416
   417.00000  0.454412E+01  0.604800E+02 -0.109453E+02  0.408058E+02 -0.334539E-02***********   -796.383    -23.890     417
   418.00000  0.467111E+01  0.604800E+02 -0.109453E+02  0.408058E+02 -0.334592E-02***********   -796.383    -23.891     418
   419.00000  0.487177E+01  0.604800E+02 -0.109453E+02  0.408058E+02 -0.334646E-02***********   -796.383    -23.892     419
   420.00000  0.504195E+01  0.604800E+02 -0.109453E+02  0.408058E+02 -0.334699E-02***********   -796.383    -23.893     420
   421.00000  0.530357E+01  0.604800E+02 -0.109453E+02  0.408058E+02 -0.334753E-02***********   -796.383    -23.894     421
   422.00000  0.539755E+01  0.604800E+02 -0.109453E+02  0.408058E+02 -0.334807E-02***********   -796.383    -23.895     422
   423.00000  0.544835E+01  0.604800E+02 -0.109453E+02  0.408058E+02 -0.334860E-02***********   -796.383    -23.896     423
   424.00000  0.567188E+01  0.604800E+02 -0.109453E+02  0.408058E+02 -0.334914E-02***********   -796.383    -23.897     424
   425.00000  0.600208E+01  0.604800E+02 -0.109453E+02  0.408058E+02 -0.334968E-02***********   -796.383    -23.899     425
   426.00000  0.619765E+01  0.604800E+02 -0.109453E+02  0.408058E+02 -0.335021E-02***********   -796.383    -23.900     426
   427.00000  0.623829E+01  0.604800E+02 -0.109453E+02  0.408058E+02 -0.335075E-02***********   -796.383    -23.901     427
   428.00000  0.628148E+01  0.604800E+02 -0.109453E+02  0.408058E+02 -0.335129E-02***********   -796.383    -23.902     428
   429.00000  0.633482E+01  0.604800E+02 -0.109453E+02  0.408058E+02 -0.335182E-02***********   -796.383    -23.903     429
   430.00000  0.642626E+01  0.604800E+02 -0.109453E+02  0.408058E+02 -0.335236E-02***********   -796.383    -23.904     430
   431.00000  0.650245E+01  0.604800E+02 -0.109453E+02  0.408058E+02 -0.335290E-02***********   -796.384    -23.905     431
   432.00000  0.661930E+01  0.604800E+02 -0.109453E+02  0.408058E+02 -0.335343E-02***********   -796.383    -23.906     432
   433.00000  0.693680E+01  0.604800E+02 -0.109453E+02  0.408058E+02 -0.335397E-02***********   -796.384    -23.908     433
   434.00000  0.735336E+01  0.604800E+02 -0.109453E+02  0.408058E+02 -0.335450E-02***********   -796.384    -23.909     434
   435.00000  0.766578E+01  0.604800E+02 -0.109453E+02  0.408058E+02 -0.335504E-02***********   -796.384    -23.910     435
   436.00000  0.788168E+01  0.604800E+02 -0.109453E+02  0.408058E+02 -0.335558E-02***********   -796.384    -23.911     436
   437.00000  0.812044E+01  0.604800E+02 -0.109453E+02  0.408058E+02 -0.335611E-02***********   -796.384    -23.912     437
   438.00000  0.825760E+01  0.604800E+02 -0.109453E+02  0.408058E+02 -0.335665E-02***********   -796.384    -23.913     438
   439.00000  0.839475E+01  0.604800E+02 -0.109453E+02  0.408058E+02 -0.335719E-02***********   -796.384    -23.914     439
   440.00000  0.861573E+01  0.604800E+02 -0.109453E+02  0.408058E+02 -0.335772E-02***********   -796.384    -23.915     440
   441.00000  0.878083E+01  0.604800E+02 -0.109453E+02  0.408058E+02 -0.335826E-02***********   -796.384    -23.917     441
   442.00000  0.896371E+01  0.604800E+02 -0.109453E+02  0.408058E+02 -0.335880E-02***********   -796.384    -23.918     442
   443.00000  0.925582E+01  0.604800E+02 -0.109453E+02  0.408058E+02 -0.335933E-02***********   -796.384    -23.919     443
   444.00000  0.947680E+01  0.604800E+02 -0.109453E+02  0.408058E+02 -0.335987E-02***********   -796.384    -23.920     444
   445.00000  0.954284E+01  0.604800E+02 -0.109453E+02  0.408058E+02 -0.336041E-02***********   -796.384    -23.921     445
   446.00000  0.965714E+01  0.604800E+02 -0.109453E+02  0.408058E+02 -0.336094E-02***********   -796.384    -23.922     446
   447.00000  0.972572E+01  0.604800E+02 -0.109453E+02  0.408058E+02 -0.336148E-02***********   -796.384    -23.923     447
   448.00000  0.976381E+01  0.604800E+02 -0.109453E+02  0.408058E+02 -0.336201E-02***********   -796.384    -23.924     448
   449.00000  0.984255E+01  0.604800E+02 -0.109453E+02  0.408058E+02 -0.336255E-02***********   -796.384    -23.925     449
   450.00000  0.996194E+01  0.604800E+02 -0.109453E+02  0.408058E+02 -0.336309E-02***********   -796.384    -23.927     450
   451.00000  0.101016E+02  0.604800E+02 -0.109453E+02  0.408058E+02 -0.336362E-02***********   -796.384    -23.928     451
   452.00000  0.103480E+02  0.604800E+02 -0.109453E+02  0.408058E+02 -0.336416E-02***********   -796.384    -23.929     452
   453.00000  0.104801E+02  0.604800E+02 -0.109453E+02  0.408058E+02 -0.336470E-02***********   -796.384    -23.930     453
   454.00000  0.105741E+02  0.604800E+02 -0.109453E+02  0.408058E+02 -0.336523E-02***********   -796.384    -23.931     454
   455.00000  0.106884E+02  0.604800E+02 -0.109453E+02  0.408058E+02 -0.336577E-02***********   -796.384    -23.932     455
   456.00000  0.107290E+02  0.604800E+02 -0.109453E+02  0.408058E+02 -0.336631E-02***********   -796.384    -23.933     456
   457.00000  0.107290E+02  0.607290E+02 -0.109453E+02  0.408058E+02 -0.336684E-02***********  -1600.062    -23.935     457
   458.00000  0.107290E+02  0.611125E+02 -0.109453E+02  0.408058E+02 -0.336738E-02***********  -1600.062    -23.936     458
   459.00000  0.107290E+02  0.614452E+02 -0.109453E+02  0.408058E+02 -0.336792E-02***********  -1600.062    -23.937     459
   460.00000  0.107290E+02  0.614986E+02 -0.109453E+02  0.408058E+02 -0.336845E-02***********  -1600.062    -23.938     460
   461.00000  0.107290E+02  0.615392E+02 -0.109453E+02  0.408058E+02 -0.336899E-02***********  -1600.062    -23.939     461
   462.00000  0.107290E+02  0.615925E+02 -0.109453E+02  0.408058E+02 -0.336953E-02***********  -1600.062    -23.940     462
   463.00000  0.107290E+02  0.616916E+02 -0.109453E+02  0.408058E+02 -0.337006E-02***********  -1600.062    -23.941     463
   464.00000  0.107290E+02  0.619481E+02 -0.109453E+02  0.408058E+02 -0.337060E-02***********  -1600.062    -23.942     464
   465.00000  0.107290E+02  0.623114E+02 -0.109453E+02  0.408058E+02 -0.337113E-02***********  -1600.062    -23.943     465
   466.00000  0.107290E+02  0.625400E+02 -0.109453E+02  0.408058E+02 -0.337167E-02***********  -1600.062    -23.945     466
   467.00000  0.107290E+02  0.628473E+02 -0.109453E+02  0.408058E+02 -0.337221E-02***********  -1600.062    -23.946     467
   468.00000  0.107290E+02  0.631521E+02 -0.109453E+02  0.408058E+02 -0.337274E-02***********  -1600.062    -23.947     468
   469.00000  0.107290E+02  0.635331E+02 -0.109453E+02  0.408058E+02 -0.337328E-02***********  -1600.062    -23.948     469
   470.00000  0.107290E+02  0.638430E+02 -0.109453E+02  0.408058E+02 -0.337382E-02***********  -1600.062    -23.949     470
   471.00000  0.107290E+02  0.641351E+02 -0.109453E+02  0.408058E+02 -0.337435E-02***********  -1600.062    -23.950     471
   472.00000  0.107290E+02  0.643967E+02 -0.109453E+02  0.408058E+02 -0.337489E-02***********  -1600.062    -23.951     472
   473.00000  0.107290E+02  0.645161E+02 -0.109453E+02  0.408058E+02 -0.337543E-02***********  -1600.062    -23.952     473
   474.00000  0.107290E+02  0.646558E+02 -0.109453E+02  0.408058E+02 -0.337596E-02***********  -1600.062    -23.954     474
   475.00000  0.107290E+02  0.647599E+02 -0.109453E+02  0.408058E+02 -0.337650E-02***********  -1600.062    -23.955     475
   476.00000  0.107290E+02  0.649962E+02 -0.109453E+02  0.408058E+02 -0.337704E-02***********  -1600.062    -23.956     476
   477.00000  0.107290E+02  0.654305E+02 -0.109453E+02  0.408058E+02 -0.337757E-02***********  -1600.062    -23.957     477
   478.00000  0.107290E+02  0.657810E+02 -0.109453E+02  0.408058E+02 -0.337811E-02***********  -1600.062    -23.958     478
   479.00000  0.107290E+02  0.661061E+02 -0.109453E+02  0.408058E+02 -0.337864E-02***********  -1600.062    -23.959     479
   480.00000  0.107290E+02  0.665532E+02 -0.109453E+02  0.408058E+02 -0.337918E-02***********  -1600.062    -23.960     480
   481.00000  0.107290E+02  0.668275E+02 -0.109453E+02  0.408058E+02 -0.337972E-02***********  -1600.062    -23.961     481
   482.00000  0.107290E+02  0.670815E+02 -0.109453E+02  0.408058E+02 -0.338025E-02***********  -1600.062    -23.963     482
   483.00000  0.107290E+02  0.672110E+02 -0.109453E+02  0.408058E+02 -0.338079E-02***********  -1600.062    -23.964     483
   484.00000  0.107290E+02  0.675641E+02 -0.109453E+02  0.408058E+02 -0.338133E-02***********  -1600.062    -23.965     484
   485.00000  0.107290E+02  0.678841E+02 -0.109453E+02  0.408058E+02 -0.338186E-02***********  -1600.062    -23.966     485
   486.00000  0.107290E+02  0.681788E+02 -0.109453E+02  0.408058E+02 -0.338240E-02***********  -1600.062    -23.967     486
   487.00000  0.107290E+02  0.683744E+02 -0.109453E+02  0.408058E+02 -0.338294E-02***********  -1600.029    -23.968     487
   488.00000  0.107290E+02  0.685065E+02 -0.109453E+02  0.408058E+02 -0.338347E-02***********  -1600.029    -23.969     488
   489.00000  0.107290E+02  0.687020E+02 -0.109453E+02  0.408058E+02 -0.338401E-02***********  -1600.029    -23.970     489
   490.00000  0.107290E+02  0.690297E+02 -0.109453E+02  0.408058E+02 -0.338455E-02***********  -1600.029    -23.971     490
   491.00000  0.107290E+02  0.692558E+02 -0.109453E+02  0.408058E+02 -0.338508E-02***********  -1600.029    -23.973     491
   492.00000  0.107290E+02  0.695580E+02 -0.109453E+02  0.408058E+02 -0.338562E-02***********  -1600.029    -23.974     492
   493.00000  0.107290E+02  0.696876E+02 -0.109453E+02  0.408058E+02 -0.338614E-02***********  -1600.029    -23.975     493
   494.00000  0.107290E+02  0.697333E+02 -0.109453E+02  0.408058E+02 -0.338666E-02***********  -1600.029    -23.976     494
   495.00000  0.107290E+02  0.700000E+02 -0.109453E+02  0.408058E+02 -0.338717E-02***********  -1600.029    -23.977     495
   496.00000  0.107290E+02  0.703988E+02 -0.109453E+02  0.408058E+02 -0.338767E-02***********  -1600.029    -23.978     496
   497.00000  0.107290E+02  0.708280E+02 -0.109453E+02  0.408058E+02 -0.338818E-02***********  -1600.029    -23.979     497
   498.00000  0.107290E+02  0.712522E+02 -0.109453E+02  0.408058E+02 -0.338869E-02***********  -1600.029    -23.980     498
   499.00000  0.107290E+02  0.716332E+02 -0.109453E+02  0.408058E+02 -0.338919E-02***********  -1600.029    -23.981     499
   500.00000  0.107290E+02  0.718516E+02 -0.109453E+02  0.408058E+02 -0.338970E-02***********  -1600.029    -23.982     500
   501.00000  0.107290E+02  0.722098E+02 -0.109453E+02  0.408058E+02 -0.339021E-02***********  -1600.029    -23.983     501
   502.00000  0.107290E+02  0.726898E+02 -0.109453E+02  0.408058E+02 -0.339071E-02***********  -1600.029    -23.984     502
   503.00000  0.107290E+02  0.730505E+02 -0.109453E+02  0.408058E+02 -0.339122E-02***********  -1600.029    -23.986     503
   504.00000  0.107290E+02  0.734036E+02 -0.109453E+02  0.408058E+02 -0.339173E-02***********  -1600.029    -23.987     504
   505.00000  0.107290E+02  0.736525E+02 -0.109453E+02  0.408058E+02 -0.339223E-02***********  -1600.029    -23.988     505
   506.00000  0.107290E+02  0.739497E+02 -0.109453E+02  0.408058E+02 -0.339274E-02***********  -1600.029    -23.989     506
   507.00000  0.107290E+02  0.742392E+02 -0.109453E+02  0.408058E+02 -0.339325E-02***********  -1600.029    -23.990     507
   508.00000  0.107290E+02  0.744729E+02 -0.109453E+02  0.408058E+02 -0.339375E-02***********  -1600.029    -23.991     508
   509.00000  0.107290E+02  0.747295E+02 -0.109453E+02  0.408058E+02 -0.339426E-02***********  -1600.029    -23.992     509
   510.00000  0.107290E+02  0.751282E+02 -0.109453E+02  0.408058E+02 -0.339477E-02***********  -1600.029    -23.993     510
   511.00000  0.107290E+02  0.754432E+02 -0.109453E+02  0.408058E+02 -0.339527E-02***********  -1600.029    -23.994     511
   512.00000  0.107290E+02  0.758648E+02 -0.109453E+02  0.408058E+02 -0.339578E-02***********  -1600.029    -23.995     512
   513.00000  0.107290E+02  0.762763E+02 -0.109453E+02  0.408058E+02 -0.339629E-02***********  -1600.029    -23.996     513
   514.00000  0.107290E+02  0.767462E+02 -0.109453E+02  0.408058E+02 -0.339679E-02***********  -1600.029    -23.997     514
   515.00000  0.107290E+02  0.771577E+02 -0.109453E+02  0.408058E+02 -0.339730E-02***********  -1600.029    -23.998     515
   516.00000  0.107290E+02  0.775235E+02 -0.109453E+02  0.408058E+02 -0.339781E-02***********  -1600.029    -23.999     516
   517.00000  0.107290E+02  0.779248E+02 -0.109453E+02  0.408058E+02 -0.339831E-02***********  -1600.029    -24.000     517
   518.00000  0.107290E+02  0.782931E+02 -0.109453E+02  0.408058E+02 -0.339882E-02***********  -1600.164    -24.001     518
   519.00000  0.107290E+02  0.787046E+02 -0.109453E+02  0.408058E+02 -0.339933E-02***********  -1600.164    -24.002     519
   520.00000  0.107290E+02  0.791694E+02 -0.109453E+02  0.408058E+02 -0.339983E-02***********  -1600.164    -24.004     520
   521.00000  0.107290E+02  0.796469E+02 -0.109453E+02  0.408058E+02 -0.340034E-02***********  -1600.164    -24.005     521
   522.00000  0.107290E+02  0.800914E+02 -0.109453E+02  0.408058E+02 -0.340085E-02***********  -1600.164    -24.006     522
   523.00000  0.107290E+02  0.805334E+02 -0.109453E+02  0.408058E+02 -0.340135E-02***********  -1600.164    -24.007     523
   524.00000  0.107290E+02  0.809601E+02 -0.109453E+02  0.408058E+02 -0.340186E-02***********  -1600.164    -24.008     524
   525.00000  0.107290E+02  0.813766E+02 -0.109453E+02  0.408058E+02 -0.340237E-02***********  -1600.164    -24.009     525
   526.00000  0.107290E+02  0.817754E+02 -0.109453E+02  0.408058E+02 -0.340287E-02***********  -1600.164    -24.010     526
   527.00000  0.107290E+02  0.822352E+02 -0.109453E+02  0.408058E+02 -0.340338E-02***********  -1600.164    -24.011     527
   528.00000  0.107290E+02  0.827863E+02 -0.109453E+02  0.408058E+02 -0.340389E-02***********  -1600.164    -24.012     528
   529.00000  0.920503E+01  0.833072E+02 -0.124458E+02  0.408642E+02 -0.340390E-02      0.000  -1387.178    -24.012     529
   530.00000  0.768104E+01  0.837619E+02 -0.134774E+02  0.409884E+02 -0.340392E-02      0.000  -1271.233    -24.012     530
   531.00000  0.615704E+01  0.841786E+02 -0.142938E+02  0.411381E+02 -0.340395E-02      0.000  -1162.695    -24.012     531
   532.00000  0.450724E+01  0.845062E+02 -0.150270E+02  0.412780E+02 -0.340404E-02      0.000  -1057.618    -24.012     532
   533.00000  0.292204E+01  0.849380E+02 -0.157242E+02  0.414756E+02 -0.340416E-02      0.000   -997.407    -24.013     533
   534.00000 -0.671263E+00  0.850346E+02 -0.163577E+02  0.415211E+02 -0.340421E-02      0.000   -892.519    -24.013     534
   535.00000 -0.671263E+00  0.852682E+02 -0.163577E+02  0.416791E+02 -0.340469E-02    -18.625   -901.585    -24.014     535
   536.00000 -0.671263E+00  0.856442E+02 -0.163577E+02  0.419333E+02 -0.340521E-02    -20.393   -908.956    -24.015     536
   537.00000 -0.671263E+00  0.860633E+02 -0.163577E+02  0.422167E+02 -0.340572E-02    -22.064   -916.816    -24.016     537
   538.00000 -0.671263E+00  0.863985E+02 -0.163577E+02  0.424434E+02 -0.340623E-02    -23.097   -924.018    -24.017     538
   539.00000 -0.671263E+00  0.868253E+02 -0.163577E+02  0.427320E+02 -0.340673E-02    -23.562   -932.008    -24.018     539
   540.00000 -0.671263E+00  0.873815E+02 -0.163577E+02  0.431081E+02 -0.340724E-02    -23.695   -943.468    -24.019     540
   541.00000 -0.671263E+00  0.878717E+02 -0.163577E+02  0.434384E+02 -0.340775E-02    -23.819   -958.598    -24.020     541
   542.00000 -0.671263E+00  0.882832E+02 -0.163577E+02  0.437138E+02 -0.340825E-02    -23.970   -975.588    -24.021     542
   543.00000 -0.671263E+00  0.887252E+02 -0.163577E+02  0.440053E+02 -0.340876E-02    -24.148   -995.456    -24.022     543
   544.00000 -0.671263E+00  0.890478E+02 -0.163577E+02  0.442158E+02 -0.340927E-02    -24.359  -1015.531    -24.023     544
   545.00000 -0.671263E+00  0.892662E+02 -0.163577E+02  0.443569E+02 -0.340977E-02    -24.592  -1031.597    -24.024     545
   546.00000 -0.671263E+00  0.896421E+02 -0.163577E+02  0.445977E+02 -0.341028E-02    -24.845  -1048.908    -24.025     546
   547.00000 -0.671263E+00  0.899114E+02 -0.163577E+02  0.447695E+02 -0.341079E-02    -25.139  -1069.706    -24.026     547
   548.00000 -0.671263E+00  0.902822E+02 -0.163577E+02  0.450056E+02 -0.341129E-02    -25.467  -1097.455    -24.028     548
   549.00000 -0.206826E+01  0.907090E+02 -0.177023E+02  0.452766E+02 -0.341129E-02      0.000  -1052.380    -24.027     549
   550.00000 -0.206826E+01  0.909554E+02 -0.177023E+02  0.454329E+02 -0.341180E-02    -18.693  -1074.327    -24.029     550
   551.00000 -0.487416E+01  0.913135E+02 -0.186648E+02  0.456437E+02 -0.341181E-02      0.000  -1029.536    -24.029     551
   552.00000 -0.487416E+01  0.916894E+02 -0.186648E+02  0.458776E+02 -0.341232E-02    -19.152  -1060.272    -24.030     552
   553.00000 -0.783646E+01  0.920375E+02 -0.195120E+02  0.460741E+02 -0.341240E-02      0.000  -1017.876    -24.030     553
   554.00000 -0.783646E+01  0.924820E+02 -0.195120E+02  0.463464E+02 -0.341289E-02    -19.374  -1050.228    -24.031     554
   555.00000 -0.106305E+02  0.929443E+02 -0.203309E+02  0.465896E+02 -0.341301E-02      0.000  -1015.470    -24.031     555
   556.00000 -0.106305E+02  0.934015E+02 -0.203309E+02  0.468591E+02 -0.341351E-02    -19.295  -1045.093    -24.032     556
   557.00000 -0.134245E+02  0.938791E+02 -0.211281E+02  0.470907E+02 -0.341359E-02      0.000  -1000.600    -24.032     557
   558.00000 -0.148658E+02  0.943108E+02 -0.218134E+02  0.473065E+02 -0.341371E-02      0.000   -945.318    -24.033     558
   559.00000 -0.148658E+02  0.947477E+02 -0.218134E+02  0.475842E+02 -0.341420E-02    -19.242   -958.057    -24.034     559
   560.00000 -0.148658E+02  0.951973E+02 -0.218134E+02  0.478700E+02 -0.341472E-02    -21.406   -966.014    -24.035     560
   561.00000 -0.148658E+02  0.956240E+02 -0.218134E+02  0.481413E+02 -0.341523E-02    -22.807   -973.463    -24.036     561
   562.00000 -0.148658E+02  0.961066E+02 -0.218134E+02  0.484481E+02 -0.341573E-02    -23.504   -981.733    -24.037     562
   563.00000 -0.148658E+02  0.965689E+02 -0.218134E+02  0.487419E+02 -0.341624E-02    -23.688   -991.124    -24.038     563
   564.00000 -0.148658E+02  0.970210E+02 -0.218134E+02  0.490294E+02 -0.341675E-02    -23.811  -1001.823    -24.039     564
   565.00000 -0.148658E+02  0.973969E+02 -0.218134E+02  0.492683E+02 -0.341725E-02    -23.956  -1013.436    -24.040     565
   566.00000 -0.148658E+02  0.978059E+02 -0.218134E+02  0.495282E+02 -0.341776E-02    -24.125  -1027.195    -24.041     566
   567.00000 -0.148658E+02  0.982199E+02 -0.218134E+02  0.497884E+02 -0.341827E-02    -24.325  -1046.448    -24.042     567
   568.00000 -0.148658E+02  0.985907E+02 -0.218134E+02  0.500183E+02 -0.341877E-02    -24.559  -1069.667    -24.043     568
   569.00000 -0.148658E+02  0.989768E+02 -0.218134E+02  0.502534E+02 -0.341928E-02    -24.829  -1096.476    -24.044     569
   570.00000 -0.148658E+02  0.994594E+02 -0.218134E+02  0.505427E+02 -0.341979E-02    -25.154  -1133.005    -24.045     570
   571.00000 -0.148658E+02  0.100016E+03 -0.218134E+02  0.508597E+02 -0.342029E-02    -25.577  -1194.177    -24.046     571
   572.00000 -0.148658E+02  0.100605E+03 -0.218134E+02  0.511155E+02 -0.342080E-02    -26.175  -1309.912    -24.047     572
   573.00000 -0.148658E+02  0.101077E+03 -0.218134E+02  0.512379E+02 -0.342131E-02    -26.912  -1433.322    -24.048     573
   574.00000 -0.148658E+02  0.101484E+03 -0.218134E+02  0.512999E+02 -0.342181E-02    -27.573  -1505.236    -24.050     574
   575.00000 -0.148658E+02  0.101827E+03 -0.218134E+02  0.513304E+02 -0.342232E-02    -28.104  -1549.243    -24.051     575
   576.00000 -0.148658E+02  0.102269E+03 -0.218134E+02  0.513476E+02 -0.342283E-02    -28.516  -1576.895    -24.052     576
   577.00000 -0.148658E+02  0.102650E+03 -0.218134E+02  0.513536E+02 -0.342333E-02    -28.832  -1591.557    -24.053     577
   578.00000 -0.148658E+02  0.103120E+03 -0.218134E+02  0.513558E+02 -0.342384E-02    -29.073  -1597.523    -24.054     578
   579.00000 -0.148658E+02  0.103534E+03 -0.218134E+02  0.513563E+02 -0.342435E-02    -29.256  -1599.622    -24.055     579
   580.00000 -0.148658E+02  0.103963E+03 -0.218134E+02  0.513564E+02 -0.342485E-02    -29.396  -1600.024    -24.056     580
   581.00000 -0.148658E+02  0.104326E+03 -0.218134E+02  0.513565E+02 -0.342536E-02    -29.503  -1600.086    -24.057     581
   582.00000 -0.148658E+02  0.104458E+03 -0.218134E+02  0.513565E+02 -0.342587E-02    -29.584  -1600.080    -24.058     582
   583.00000 -0.148658E+02  0.104791E+03 -0.218134E+02  0.513566E+02 -0.342637E-02    -29.646  -1600.107    -24.059     583
   584.00000 -0.148658E+02  0.105136E+03 -0.218134E+02  0.513566E+02 -0.342688E-02    -29.693  -1600.130    -24.060     584
   585.00000 -0.148658E+02  0.105256E+03 -0.218134E+02  0.513566E+02 -0.342739E-02    -29.729  -1600.128    -24.061     585
   586.00000 -0.148658E+02  0.105507E+03 -0.218134E+02  0.513566E+02 -0.342789E-02    -29.756  -1600.136    -24.062     586
   587.00000 -0.148658E+02  0.105820E+03 -0.218134E+02  0.513566E+02 -0.342840E-02    -29.777  -1600.149    -24.063     587
   588.00000 -0.148658E+02  0.106135E+03 -0.218134E+02  0.513566E+02 -0.342891E-02    -29.793  -1600.155    -24.064     588
   589.00000 -0.148658E+02  0.106500E+03 -0.218134E+02  0.513566E+02 -0.342941E-02    -29.805  -1600.159    -24.065     589
   590.00000 -0.148658E+02  0.106879E+03 -0.218134E+02  0.513567E+02 -0.342992E-02    -29.814  -1600.162    -24.066     590
   591.00000 -0.148658E+02  0.107204E+03 -0.218134E+02  0.513567E+02 -0.343043E-02    -29.821  -1600.163    -24.068     591
   592.00000 -0.148658E+02  0.107526E+03 -0.218134E+02  0.513567E+02 -0.343093E-02    -29.826  -1600.164    -24.069     592
   593.00000 -0.148658E+02  0.107930E+03 -0.218134E+02  0.513567E+02 -0.343144E-02    -29.831  -1600.166    -24.070     593
   594.00000 -0.148658E+02  0.108311E+03 -0.218134E+02  0.513567E+02 -0.343195E-02    -29.834  -1600.167    -24.071     594
   595.00000 -0.148658E+02  0.108669E+03 -0.218134E+02  0.513567E+02 -0.343245E-02    -29.836  -1600.167    -24.072     595
   596.00000 -0.148658E+02  0.109045E+03 -0.218134E+02  0.513567E+02 -0.343296E-02    -29.838  -1600.167    -24.073     596
   597.00000 -0.148658E+02  0.109480E+03 -0.218134E+02  0.513567E+02 -0.343347E-02    -29.840  -1600.167    -24.074     597
   598.00000 -0.148658E+02  0.109823E+03 -0.218134E+02  0.513567E+02 -0.343397E-02    -29.841  -1600.167    -24.075     598
   599.00000 -0.148658E+02  0.110112E+03 -0.218134E+02  0.513567E+02 -0.343448E-02    -29.843  -1600.167    -24.076     599
   600.00000 -0.148658E+02  0.110427E+03 -0.218134E+02  0.513567E+02 -0.343499E-02    -29.845  -1600.167    -24.077     600
   601.00000 -0.148658E+02  0.110806E+03 -0.218134E+02  0.513567E+02 -0.343549E-02    -29.847  -1600.167    -24.078     601
   602.00000 -0.148658E+02  0.111148E+03 -0.218134E+02  0.513567E+02 -0.343600E-02    -29.848  -1600.167    -24.079     602
   603.00000 -0.148658E+02  0.111519E+03 -0.218134E+02  0.513567E+02 -0.343651E-02    -29.850  -1600.167    -24.080     603
   604.00000 -0.148658E+02  0.111867E+03 -0.218134E+02  0.513567E+02 -0.343701E-02    -29.852  -1600.167    -24.081     604
   605.00000 -0.148658E+02  0.112330E+03 -0.218134E+02  0.513567E+02 -0.343752E-02    -29.854  -1600.168    -24.082     605
   606.00000 -0.148658E+02  0.112594E+03 -0.218134E+02  0.513567E+02 -0.343803E-02    -29.856  -1600.167    -24.083     606
   607.00000 -0.148658E+02  0.112990E+03 -0.218134E+02  0.513567E+02 -0.343853E-02    -29.857  -1600.167    -24.085     607
   608.00000 -0.148658E+02  0.113356E+03 -0.218134E+02  0.513567E+02 -0.343904E-02    -29.859  -1600.167    -24.086     608
   609.00000 -0.148658E+02  0.113660E+03 -0.218134E+02  0.513567E+02 -0.343955E-02    -29.861  -1600.167    -24.087     609
   610.00000 -0.148658E+02  0.113950E+03 -0.218134E+02  0.513567E+02 -0.344005E-02    -29.863   -796.386    -24.088     610
   611.00000 -0.148658E+02  0.114252E+03 -0.218134E+02  0.513567E+02 -0.344056E-02    -29.864   -796.387    -24.089     611
   612.00000 -0.148658E+02  0.114550E+03 -0.218134E+02  0.513567E+02 -0.344107E-02    -29.866   -796.386    -24.090     612
   613.00000 -0.148658E+02  0.114844E+03 -0.218134E+02  0.513567E+02 -0.344157E-02    -29.868   -796.386    -24.091     613
   614.00000 -0.148658E+02  0.115134E+03 -0.218134E+02  0.513567E+02 -0.344208E-02    -29.870   -796.386    -24.092     614
   615.00000 -0.148658E+02  0.115436E+03 -0.218134E+02  0.513567E+02 -0.344259E-02    -29.871   -796.386    -24.093     615
   616.00000 -0.148658E+02  0.115728E+03 -0.218134E+02  0.513567E+02 -0.344309E-02    -29.873   -796.387    -24.094     616
   617.00000 -0.148658E+02  0.116013E+03 -0.218134E+02  0.513567E+02 -0.344360E-02    -29.875   -796.387    -24.095     617
   618.00000 -0.148658E+02  0.116409E+03 -0.218134E+02  0.513567E+02 -0.344411E-02    -29.877   -796.387    -24.096     618
   619.00000 -0.148658E+02  0.116592E+03 -0.218134E+02  0.513567E+02 -0.344461E-02    -29.879   -796.386    -24.097     619
   620.00000 -0.148658E+02  0.116744E+03 -0.218134E+02  0.513567E+02 -0.344512E-02    -29.880   -796.386    -24.098     620
   621.00000 -0.148658E+02  0.116808E+03 -0.218134E+02  0.513567E+02 -0.344563E-02    -29.882   -796.386    -24.099     621
   622.00000 -0.148658E+02  0.117046E+03 -0.218134E+02  0.513567E+02 -0.344613E-02    -29.884   -796.386    -24.100     622
   623.00000 -0.148658E+02  0.117404E+03 -0.218134E+02  0.513567E+02 -0.344664E-02    -29.886   -796.387    -24.102     623
   624.00000 -0.148658E+02  0.117577E+03 -0.218134E+02  0.513567E+02 -0.344715E-02    -29.887   -796.387    -24.103     624
   625.00000 -0.148658E+02  0.117775E+03 -0.218134E+02  0.513567E+02 -0.344765E-02    -29.889   -796.387    -24.104     625
   626.00000 -0.148658E+02  0.117943E+03 -0.218134E+02  0.513567E+02 -0.344816E-02    -29.891   -796.386    -24.105     626
   627.00000 -0.148658E+02  0.118032E+03 -0.218134E+02  0.513567E+02 -0.344867E-02    -29.893   -796.386    -24.106     627
   628.00000 -0.148658E+02  0.118276E+03 -0.218134E+02  0.513567E+02 -0.344917E-02    -29.894   -796.387    -24.107     628
   629.00000 -0.148658E+02  0.118621E+03 -0.218134E+02  0.513567E+02 -0.344968E-02    -29.896   -796.386    -24.108     629
   630.00000 -0.148658E+02  0.118817E+03 -0.218134E+02  0.513567E+02 -0.345019E-02    -29.898   -796.386    -24.109     630
   631.00000 -0.148658E+02  0.119139E+03 -0.218134E+02  0.513567E+02 -0.345069E-02    -29.900   -796.386    -24.110     631
   632.00000 -0.148658E+02  0.119406E+03 -0.218134E+02  0.513567E+02 -0.345120E-02    -29.902   -796.386    -24.111     632
   633.00000 -0.148658E+02  0.119848E+03 -0.218134E+02  0.513567E+02 -0.345170E-02    -29.903   -796.386    -24.112     633
   634.00000 -0.148658E+02  0.120244E+03 -0.218134E+02  0.513567E+02 -0.345221E-02    -29.905   -796.386    -24.113     634
   635.00000 -0.148658E+02  0.120562E+03 -0.218134E+02  0.513567E+02 -0.345272E-02    -29.907   -796.386    -24.114     635
   636.00000 -0.148658E+02  0.120971E+03 -0.218134E+02  0.513567E+02 -0.345322E-02    -29.909   -796.386    -24.115     636
   637.00000 -0.148658E+02  0.121204E+03 -0.218134E+02  0.513567E+02 -0.345373E-02    -29.910   -796.387    -24.116     637
   638.00000 -0.148658E+02  0.121522E+03 -0.218134E+02  0.513567E+02 -0.345424E-02    -29.912   -796.386    -24.117     638
   639.00000 -0.148658E+02  0.121730E+03 -0.218134E+02  0.513567E+02 -0.345474E-02    -29.914   -796.386    -24.118     639
   640.00000 -0.143248E+02  0.121730E+03 -0.216237E+02  0.513567E+02 -0.345525E-02***********   -796.387    -24.120     640
   641.00000 -0.141317E+02  0.121730E+03 -0.216237E+02  0.513567E+02 -0.345576E-02***********   -796.387    -24.121     641
   642.00000 -0.139565E+02  0.121730E+03 -0.216237E+02  0.513567E+02 -0.345626E-02***********   -796.387    -24.122     642
   643.00000 -0.134942E+02  0.121730E+03 -0.216237E+02  0.513567E+02 -0.345677E-02***********   -796.387    -24.123     643
   644.00000 -0.132402E+02  0.121730E+03 -0.216237E+02  0.513567E+02 -0.345728E-02***********   -796.387    -24.124     644
   645.00000 -0.130167E+02  0.121730E+03 -0.216237E+02  0.513567E+02 -0.345778E-02***********   -796.387    -24.125     645
   646.00000 -0.126814E+02  0.121730E+03 -0.216237E+02  0.513567E+02 -0.345829E-02***********   -796.387    -24.126     646
   647.00000 -0.123283E+02  0.121730E+03 -0.216237E+02  0.513567E+02 -0.345880E-02***********   -796.388    -24.127     647
   648.00000 -0.120489E+02  0.121730E+03 -0.216237E+02  0.513567E+02 -0.345930E-02***********   -796.388    -24.128     648
   649.00000 -0.118737E+02  0.121730E+03 -0.216237E+02  0.513567E+02 -0.345981E-02***********   -796.388    -24.129     649
   650.00000 -0.117441E+02  0.121730E+03 -0.216237E+02  0.513567E+02 -0.346032E-02***********   -796.388    -24.130     650
   651.00000 -0.115968E+02  0.121730E+03 -0.216237E+02  0.513567E+02 -0.346082E-02***********   -796.388    -24.131     651
   652.00000 -0.114419E+02  0.121730E+03 -0.216237E+02  0.513567E+02 -0.346133E-02***********   -796.388    -24.132     652
   653.00000 -0.111371E+02  0.121730E+03 -0.216237E+02  0.513567E+02 -0.346184E-02***********   -796.388    -24.133     653
   654.00000 -0.109034E+02  0.121730E+03 -0.216237E+02  0.513567E+02 -0.346234E-02***********   -796.388    -24.134     654
   655.00000 -0.106443E+02  0.121730E+03 -0.216237E+02  0.513567E+02 -0.346285E-02***********   -796.388    -24.135     655
   656.00000 -0.105071E+02  0.121730E+03 -0.216237E+02  0.513567E+02 -0.346336E-02***********   -796.388    -24.136     656
   657.00000 -0.102506E+02  0.121730E+03 -0.216237E+02  0.513567E+02 -0.346386E-02***********   -796.388    -24.138     657
   658.00000 -0.976292E+01  0.121730E+03 -0.216237E+02  0.513567E+02 -0.346437E-02***********   -796.388    -24.139     658
   659.00000 -0.935652E+01  0.121730E+03 -0.216237E+02  0.513567E+02 -0.346488E-02***********   -796.388    -24.140     659
   660.00000 -0.915586E+01  0.121730E+03 -0.216237E+02  0.513567E+02 -0.346538E-02***********   -796.388    -24.141     660
   661.00000 -0.898314E+01  0.121730E+03 -0.216237E+02  0.513567E+02 -0.346589E-02***********   -796.388    -24.142     661
   662.00000 -0.872914E+01  0.121730E+03 -0.216237E+02  0.513567E+02 -0.346640E-02***********   -796.388    -24.143     662
   663.00000 -0.856404E+01  0.121730E+03 -0.216237E+02  0.513567E+02 -0.346690E-02***********   -796.388    -24.144     663
   664.00000 -0.845736E+01  0.121730E+03 -0.216237E+02  0.513567E+02 -0.346741E-02***********   -796.388    -24.145     664
   665.00000 -0.818050E+01  0.121730E+03 -0.216237E+02  0.513567E+02 -0.346792E-02***********   -796.388    -24.146     665
   666.00000 -0.785284E+01  0.121730E+03 -0.216237E+02  0.513567E+02 -0.346842E-02***********   -796.388    -24.147     666
   667.00000 -0.763948E+01  0.121730E+03 -0.216237E+02  0.513567E+02 -0.346893E-02***********   -796.388    -24.148     667
   668.00000 -0.755820E+01  0.121730E+03 -0.216237E+02  0.513567E+02 -0.346944E-02***********   -796.388    -24.149     668
   669.00000 -0.738294E+01  0.121730E+03 -0.216237E+02  0.513567E+02 -0.346994E-02***********   -796.388    -24.150     669
   670.00000 -0.723562E+01  0.121730E+03 -0.216237E+02  0.513567E+02 -0.347045E-02***********   -796.388    -24.151     670
   671.00000 -0.706544E+01  0.121730E+03 -0.216237E+02  0.513567E+02 -0.347096E-02***********   -796.388    -24.152     671
   672.00000 -0.685462E+01  0.121730E+03 -0.216237E+02  0.513567E+02 -0.347146E-02***********   -796.388    -24.153     672
   673.00000 -0.675302E+01  0.121730E+03 -0.216237E+02  0.513567E+02 -0.347197E-02***********   -796.388    -24.154     673
   674.00000 -0.653458E+01  0.121730E+03 -0.216237E+02  0.513567E+02 -0.347248E-02***********   -796.388    -24.156     674
   675.00000 -0.645584E+01  0.121730E+03 -0.216237E+02  0.513567E+02 -0.347298E-02***********   -796.388    -24.157     675
   676.00000 -0.630344E+01  0.121730E+03 -0.216237E+02  0.513567E+02 -0.347349E-02***********   -796.388    -24.158     676
   677.00000 -0.601642E+01  0.121730E+03 -0.216237E+02  0.513567E+02 -0.347400E-02***********   -796.388    -24.159     677
   678.00000 -0.576496E+01  0.121730E+03 -0.216237E+02  0.513567E+02 -0.347450E-02***********   -796.388    -24.160     678
   679.00000 -0.565320E+01  0.121730E+03 -0.216237E+02  0.513567E+02 -0.347501E-02***********   -796.388    -24.161     679
   680.00000 -0.554906E+01  0.121730E+03 -0.216237E+02  0.513567E+02 -0.347552E-02***********   -796.388    -24.162     680
   681.00000 -0.536364E+01  0.121730E+03 -0.216237E+02  0.513567E+02 -0.347602E-02***********   -796.388    -24.163     681
   682.00000 -0.518076E+01  0.121730E+03 -0.216237E+02  0.513567E+02 -0.347653E-02***********   -796.388    -24.164     682
   683.00000 -0.490136E+01  0.121730E+03 -0.216237E+02  0.513567E+02 -0.347704E-02***********   -796.388    -24.165     683
   684.00000 -0.466006E+01  0.121730E+03 -0.216237E+02  0.513567E+02 -0.347754E-02***********   -796.388    -24.166     684
   685.00000 -0.459148E+01  0.121730E+03 -0.216237E+02  0.513567E+02 -0.347805E-02***********   -796.388    -24.167     685
   686.00000 -0.444162E+01  0.121730E+03 -0.216237E+02  0.513567E+02 -0.347856E-02***********   -796.388    -24.168     686
   687.00000 -0.412412E+01  0.121730E+03 -0.216237E+02  0.513567E+02 -0.347906E-02***********   -796.388    -24.169     687
   688.00000 -0.398950E+01  0.121730E+03 -0.216237E+02  0.513567E+02 -0.347957E-02***********   -796.388    -24.170     688
   689.00000 -0.394886E+01  0.121730E+03 -0.216237E+02  0.513567E+02 -0.348008E-02***********   -796.388    -24.171     689
   690.00000 -0.391838E+01  0.121730E+03 -0.216237E+02  0.513567E+02 -0.348058E-02***********   -796.388    -24.172     690
   691.00000 -0.387774E+01  0.121730E+03 -0.216237E+02  0.513567E+02 -0.348109E-02***********   -796.388    -24.174     691
   692.00000 -0.386504E+01  0.121730E+03 -0.216237E+02  0.513567E+02 -0.348160E-02***********   -796.388    -24.175     692
   693.00000 -0.384472E+01  0.121730E+03 -0.216237E+02  0.513567E+02 -0.348210E-02***********   -796.388    -24.176     693
   694.00000 -0.382694E+01  0.121730E+03 -0.216237E+02  0.513567E+02 -0.348261E-02***********   -796.388    -24.177     694
   695.00000 -0.380916E+01  0.121730E+03 -0.216237E+02  0.513567E+02 -0.348312E-02***********   -796.388    -24.178     695
   696.00000 -0.373296E+01  0.121730E+03 -0.216237E+02  0.513567E+02 -0.348362E-02***********   -796.388    -24.179     696
   697.00000 -0.371010E+01  0.121730E+03 -0.216237E+02  0.513567E+02 -0.348413E-02***********   -796.388    -24.180     697
   698.00000 -0.366946E+01  0.121730E+03 -0.216237E+02  0.513567E+02 -0.348464E-02***********   -796.388    -24.181     698
   699.00000 -0.365168E+01  0.121730E+03 -0.216237E+02  0.513567E+02 -0.348514E-02***********   -796.388    -24.182     699
   700.00000 -0.353230E+01  0.121730E+03 -0.216237E+02  0.513567E+02 -0.348565E-02***********   -796.388    -24.183     700
   701.00000 -0.349928E+01  0.121730E+03 -0.216237E+02  0.513567E+02 -0.348616E-02***********   -796.388    -24.184     701
   702.00000 -0.341800E+01  0.121730E+03 -0.216237E+02  0.513567E+02 -0.348666E-02***********   -796.388    -24.185     702
   703.00000 -0.326052E+01  0.121730E+03 -0.216237E+02  0.513567E+02 -0.348717E-02***********   -796.388    -24.186     703
   704.00000 -0.321226E+01  0.121730E+03 -0.216237E+02  0.513567E+02 -0.348768E-02***********   -796.388    -24.187     704
   705.00000 -0.303192E+01  0.121730E+03 -0.216237E+02  0.513567E+02 -0.348818E-02***********   -796.388    -24.188     705
   706.00000 -0.274236E+01  0.121730E+03 -0.216237E+02  0.513567E+02 -0.348869E-02***********   -796.388    -24.189     706
   707.00000 -0.237660E+01  0.121730E+03 -0.216237E+02  0.513567E+02 -0.348920E-02***********   -796.388    -24.191     707
   708.00000 -0.224706E+01  0.121730E+03 -0.216237E+02  0.513567E+02 -0.348970E-02***********   -796.388    -24.192     708
   709.00000 -0.218864E+01  0.121730E+03 -0.216237E+02  0.513567E+02 -0.349021E-02***********   -796.388    -24.193     709
   710.00000 -0.212006E+01  0.121730E+03 -0.216237E+02  0.513567E+02 -0.349072E-02***********   -796.388    -24.194     710
   711.00000 -0.201338E+01  0.121730E+03 -0.216237E+02  0.513567E+02 -0.349122E-02***********   -796.388    -24.195     711
   712.00000 -0.195750E+01  0.121730E+03 -0.216237E+02  0.513567E+02 -0.349173E-02***********   -796.388    -24.196     712
   713.00000 -0.182288E+01  0.121730E+03 -0.216237E+02  0.513567E+02 -0.349224E-02***********   -796.388    -24.197     713
   714.00000 -0.163746E+01  0.121730E+03 -0.216237E+02  0.513567E+02 -0.349274E-02***********   -796.388    -24.198     714
   715.00000 -0.152824E+01  0.121730E+03 -0.216237E+02  0.513567E+02 -0.349325E-02***********   -796.388    -24.199     715
   716.00000 -0.146982E+01  0.121730E+03 -0.216237E+02  0.513567E+02 -0.349376E-02***********   -796.388    -24.200     716
   717.00000 -0.144950E+01  0.121730E+03 -0.216237E+02  0.513567E+02 -0.349426E-02***********   -796.388    -24.201     717
   718.00000 -0.127678E+01  0.121730E+03 -0.216237E+02  0.513567E+02 -0.349477E-02***********   -796.388    -24.202     718
   719.00000 -0.115486E+01  0.121730E+03 -0.216237E+02  0.513567E+02 -0.349528E-02***********   -796.388    -24.203     719
   720.00000 -0.936423E+00  0.121730E+03 -0.216237E+02  0.513567E+02 -0.349578E-02***********   -796.388    -24.204     720
   721.00000 -0.684963E+00  0.121730E+03 -0.216237E+02  0.513567E+02 -0.349629E-02***********   -796.388    -24.205     721
   722.00000 -0.512243E+00  0.121730E+03 -0.216237E+02  0.513567E+02 -0.349680E-02***********   -796.388    -24.206     722
   723.00000 -0.314123E+00  0.121730E+03 -0.216237E+02  0.513567E+02 -0.349730E-02***********   -796.388    -24.208     723
   724.00000 -0.126163E+00  0.121730E+03 -0.216237E+02  0.513567E+02 -0.349781E-02***********   -796.388    -24.209     724
   725.00000  0.770366E-01  0.121730E+03 -0.216237E+02  0.513567E+02 -0.349832E-02***********   -796.388    -24.210     725
   726.00000  0.295477E+00  0.121730E+03 -0.216237E+02  0.513567E+02 -0.349882E-02***********   -796.388    -24.211     726
   727.00000  0.470737E+00  0.121730E+03 -0.216237E+02  0.513567E+02 -0.349933E-02***********   -796.388    -24.212     727
   728.00000  0.676477E+00  0.121730E+03 -0.216237E+02  0.513567E+02 -0.349984E-02***********   -796.388    -24.213     728
   729.00000  0.755217E+00  0.121730E+03 -0.216237E+02  0.513567E+02 -0.350034E-02***********   -796.388    -24.214     729
   730.00000  0.770457E+00  0.121730E+03 -0.216237E+02  0.513567E+02 -0.350085E-02***********   -796.388    -24.215     730
   731.00000  0.770457E+00  0.121730E+03 -0.216237E+02  0.513567E+02 -0.350136E-02***********   -796.388    -24.216     731
   732.00000  0.783157E+00  0.121730E+03 -0.216237E+02  0.513567E+02 -0.350186E-02***********   -796.388    -24.217     732
   733.00000  0.795856E+00  0.121730E+03 -0.216237E+02  0.513567E+02 -0.350237E-02***********   -796.388    -24.218     733
   734.00000  0.808556E+00  0.121730E+03 -0.216237E+02  0.513567E+02 -0.350288E-02***********   -796.388    -24.219     734
   735.00000  0.818716E+00  0.121730E+03 -0.216237E+02  0.513567E+02 -0.350338E-02***********   -796.388    -24.220     735
   736.00000  0.823796E+00  0.121730E+03 -0.216237E+02  0.513567E+02 -0.350389E-02***********   -796.388    -24.221     736
   737.00000  0.839036E+00  0.121730E+03 -0.216237E+02  0.513567E+02 -0.350440E-02***********   -796.388    -24.222     737
   738.00000  0.910156E+00  0.121730E+03 -0.216237E+02  0.513567E+02 -0.350490E-02***********   -796.388    -24.223     738
   739.00000  0.101684E+01  0.121730E+03 -0.216237E+02  0.513567E+02 -0.350541E-02***********   -796.388    -24.224     739
   740.00000  0.108288E+01  0.121730E+03 -0.216237E+02  0.513567E+02 -0.350592E-02***********   -796.388    -24.225     740
   741.00000  0.127338E+01  0.121730E+03 -0.216237E+02  0.513567E+02 -0.350642E-02***********   -796.388    -24.227     741
   742.00000  0.131910E+01  0.121730E+03 -0.216237E+02  0.513567E+02 -0.350693E-02***********   -796.388    -24.228     742
   743.00000  0.134196E+01  0.121730E+03 -0.216237E+02  0.513567E+02 -0.350744E-02***********   -796.388    -24.229     743
   744.00000  0.139784E+01  0.121730E+03 -0.216237E+02  0.513567E+02 -0.350794E-02***********   -796.388    -24.230     744
   745.00000  0.150452E+01  0.121730E+03 -0.216237E+02  0.513567E+02 -0.350845E-02***********   -796.388    -24.231     745
   746.00000  0.163152E+01  0.121730E+03 -0.216237E+02  0.513567E+02 -0.350896E-02***********   -796.388    -24.232     746
   747.00000  0.183726E+01  0.121730E+03 -0.216237E+02  0.513567E+02 -0.350946E-02***********   -796.388    -24.233     747
   748.00000  0.187790E+01  0.121730E+03 -0.216237E+02  0.513567E+02 -0.350997E-02***********   -796.388    -24.234     748
   749.00000  0.189822E+01  0.121730E+03 -0.216237E+02  0.513567E+02 -0.351048E-02***********   -796.388    -24.235     749
   750.00000  0.191600E+01  0.121730E+03 -0.216237E+02  0.513567E+02 -0.351098E-02***********   -796.388    -24.236     750
   751.00000  0.197188E+01  0.121730E+03 -0.216237E+02  0.513567E+02 -0.351149E-02***********   -796.388    -24.237     751
   752.00000  0.212174E+01  0.121730E+03 -0.216237E+02  0.513567E+02 -0.351200E-02***********   -796.388    -24.238     752
   753.00000  0.216746E+01  0.121730E+03 -0.216237E+02  0.513567E+02 -0.351250E-02***********   -796.388    -24.239     753
   754.00000  0.232240E+01  0.121730E+03 -0.216237E+02  0.513567E+02 -0.351301E-02***********   -796.388    -24.240     754
   755.00000  0.235034E+01  0.121730E+03 -0.216237E+02  0.513567E+02 -0.351351E-02***********   -796.388    -24.241     755
   756.00000  0.238336E+01  0.121730E+03 -0.216237E+02  0.513567E+02 -0.351402E-02***********   -796.388    -24.242     756
end
