 ******* Program HYDRUS
 ******* 
 None                                                                    
 Date:  16. 1.    Time:  15:21: 4
 Units: L = mm   , T = days , M = mmol 
 
 CosAlf,MaxIt,TolTh,  TolH
 1.000   10   0.001 1.00000
 
 TopInF,BotInF,AtmBC,SinkF,WLayer,qGWLF,FreeD,SeepF,lWat,lChem,lTemp,lRoot,lWDep
     T     F     T     T     F     F     T     F     T     F     F     T     F

Nodal point information

node      x         hOld    MatN LayN  Beta      Ah       AK      ATh     Temp    Conc(1...NS)         Sorb(1...NS)

   1      0.000    -15.000    1    1   0.000    1.000    1.000    1.000
   2     -1.000    -15.000    1    1   0.000    1.000    1.000    1.000
   3     -2.000    -15.000    1    1   0.000    1.000    1.000    1.000
   4     -3.000    -15.000    1    1   0.000    1.000    1.000    1.000
   5     -4.000    -15.000    1    1   0.000    1.000    1.000    1.000
   6     -5.000    -15.000    1    1   0.000    1.000    1.000    1.000
   7     -6.000    -15.000    1    1   0.000    1.000    1.000    1.000
   8     -7.000    -15.000    1    1   0.000    1.000    1.000    1.000
   9     -8.000    -15.000    1    1   0.000    1.000    1.000    1.000
  10     -9.000    -15.000    1    1   0.000    1.000    1.000    1.000
  11    -10.000    -15.000    1    1   0.000    1.000    1.000    1.000
  12    -11.000    -15.000    1    1   0.000    1.000    1.000    1.000
  13    -12.000    -15.000    1    1   0.000    1.000    1.000    1.000
  14    -13.000    -15.000    1    1   0.000    1.000    1.000    1.000
  15    -14.000    -15.000    1    1   0.000    1.000    1.000    1.000
  16    -15.000    -15.000    1    1   0.000    1.000    1.000    1.000
  17    -16.000    -15.000    1    1   0.000    1.000    1.000    1.000
  18    -17.000    -15.000    1    1   0.000    1.000    1.000    1.000
  19    -18.000    -15.000    1    1   0.000    1.000    1.000    1.000
  20    -19.000    -15.000    1    1   0.000    1.000    1.000    1.000
  21    -20.000    -15.000    1    1   0.000    1.000    1.000    1.000
  22    -21.000    -15.000    1    1   0.000    1.000    1.000    1.000
  23    -22.000    -15.000    1    1   0.000    1.000    1.000    1.000
  24    -23.000    -15.000    1    1   0.000    1.000    1.000    1.000
  25    -24.000    -15.000    1    1   0.000    1.000    1.000    1.000
  26    -25.000    -15.000    1    1   0.000    1.000    1.000    1.000
  27    -26.000    -15.000    1    1   0.000    1.000    1.000    1.000
  28    -27.000    -15.000    1    1   0.000    1.000    1.000    1.000
  29    -28.000    -15.000    1    1   0.000    1.000    1.000    1.000
  30    -29.000    -15.000    1    1   0.000    1.000    1.000    1.000
  31    -30.000    -15.000    1    1   0.000    1.000    1.000    1.000
  32    -31.000    -15.000    1    1   0.000    1.000    1.000    1.000
  33    -32.000    -15.000    1    1   0.000    1.000    1.000    1.000
  34    -33.000    -15.000    1    1   0.000    1.000    1.000    1.000
  35    -34.000    -15.000    1    1   0.000    1.000    1.000    1.000
  36    -35.000    -15.000    1    1   0.000    1.000    1.000    1.000
  37    -36.000    -15.000    1    1   0.000    1.000    1.000    1.000
  38    -37.000    -15.000    1    1   0.000    1.000    1.000    1.000
  39    -38.000    -15.000    1    1   0.000    1.000    1.000    1.000
  40    -39.000    -15.000    1    1   0.000    1.000    1.000    1.000
  41    -40.000    -15.000    1    1   0.000    1.000    1.000    1.000
  42    -41.000    -15.000    1    1   0.000    1.000    1.000    1.000
  43    -42.000    -15.000    1    1   0.000    1.000    1.000    1.000
  44    -43.000    -15.000    1    1   0.000    1.000    1.000    1.000
  45    -44.000    -15.000    1    1   0.000    1.000    1.000    1.000
  46    -45.000    -15.000    1    1   0.000    1.000    1.000    1.000
  47    -46.000    -15.000    1    1   0.000    1.000    1.000    1.000
  48    -47.000    -15.000    1    1   0.000    1.000    1.000    1.000
  49    -48.000    -15.000    1    1   0.000    1.000    1.000    1.000
  50    -49.000    -15.000    1    1   0.000    1.000    1.000    1.000
  51    -50.000    -15.000    1    1   0.000    1.000    1.000    1.000
  52    -51.000    -15.000    1    1   0.000    1.000    1.000    1.000
  53    -52.000    -15.000    1    1   0.000    1.000    1.000    1.000
  54    -53.000    -15.000    1    1   0.000    1.000    1.000    1.000
  55    -54.000    -15.000    1    1   0.000    1.000    1.000    1.000
  56    -55.000    -15.000    1    1   0.000    1.000    1.000    1.000
  57    -56.000    -15.000    1    1   0.000    1.000    1.000    1.000
  58    -57.000    -15.000    1    1   0.000    1.000    1.000    1.000
  59    -58.000    -15.000    1    1   0.000    1.000    1.000    1.000
  60    -59.000    -15.000    1    1   0.000    1.000    1.000    1.000
  61    -60.000    -15.000    1    1   0.000    1.000    1.000    1.000
  62    -61.000    -15.000    1    1   0.000    1.000    1.000    1.000
  63    -62.000    -15.000    1    1   0.000    1.000    1.000    1.000
  64    -63.000    -15.000    1    1   0.000    1.000    1.000    1.000
  65    -64.000    -15.000    1    1   0.000    1.000    1.000    1.000
  66    -65.000    -15.000    1    1   0.000    1.000    1.000    1.000
  67    -66.000    -15.000    1    1   0.000    1.000    1.000    1.000
  68    -67.000    -15.000    1    1   0.000    1.000    1.000    1.000
  69    -68.000    -15.000    1    1   0.000    1.000    1.000    1.000
  70    -69.000    -15.000    1    1   0.000    1.000    1.000    1.000
  71    -70.000    -15.000    1    1   0.000    1.000    1.000    1.000
  72    -71.000    -15.000    1    1   0.000    1.000    1.000    1.000
  73    -72.000    -15.000    1    1   0.000    1.000    1.000    1.000
  74    -73.000    -15.000    1    1   0.000    1.000    1.000    1.000
  75    -74.000    -15.000    2    1   0.000    1.000    1.000    1.000
  76    -75.000    -15.000    2    1   0.000    1.000    1.000    1.000
  77    -76.000    -15.000    2    1   0.000    1.000    1.000    1.000
  78    -77.000    -15.000    2    1   0.000    1.000    1.000    1.000
  79    -78.000    -15.000    2    1   0.000    1.000    1.000    1.000
  80    -79.000    -15.000    2    1   0.000    1.000    1.000    1.000
  81    -80.000    -15.000    2    1   0.000    1.000    1.000    1.000
  82    -81.000    -15.000    2    1   0.000    1.000    1.000    1.000
  83    -82.000    -15.000    2    1   0.000    1.000    1.000    1.000
  84    -83.000    -15.000    2    1   0.000    1.000    1.000    1.000
  85    -84.000    -15.000    2    1   0.000    1.000    1.000    1.000
  86    -85.000    -15.000    2    1   0.000    1.000    1.000    1.000
  87    -86.000    -15.000    2    1   0.000    1.000    1.000    1.000
  88    -87.000    -15.000    2    1   0.000    1.000    1.000    1.000
  89    -88.000    -15.000    2    1   0.000    1.000    1.000    1.000
  90    -89.000    -15.000    2    1   0.000    1.000    1.000    1.000
  91    -90.000    -15.000    2    1   0.000    1.000    1.000    1.000
  92    -91.000    -15.000    2    1   0.000    1.000    1.000    1.000
  93    -92.000    -15.000    2    1   0.000    1.000    1.000    1.000
  94    -93.000    -15.000    2    1   0.000    1.000    1.000    1.000
  95    -94.000    -15.000    2    1   0.000    1.000    1.000    1.000
  96    -95.000    -15.000    2    1   0.000    1.000    1.000    1.000
  97    -96.000    -15.000    2    1   0.000    1.000    1.000    1.000
  98    -97.000    -15.000    2    1   0.000    1.000    1.000    1.000
  99    -98.000    -15.000    2    1   0.000    1.000    1.000    1.000
 100    -99.000    -15.000    2    1   0.000    1.000    1.000    1.000
 101   -100.000    -15.000    3    1   0.000    1.000    1.000    1.000
 102   -101.000    -15.000    3    1   0.000    1.000    1.000    1.000
 103   -102.000    -15.000    3    1   0.000    1.000    1.000    1.000
 104   -103.000    -15.000    3    1   0.000    1.000    1.000    1.000
 105   -104.000    -15.000    3    1   0.000    1.000    1.000    1.000
 106   -105.000    -15.000    3    1   0.000    1.000    1.000    1.000
 107   -106.000    -15.000    3    1   0.000    1.000    1.000    1.000
 108   -107.000    -15.000    3    1   0.000    1.000    1.000    1.000
 109   -108.000    -15.000    3    1   0.000    1.000    1.000    1.000
 110   -109.000    -15.000    3    1   0.000    1.000    1.000    1.000
 111   -110.000    -15.000    3    1   0.000    1.000    1.000    1.000
 112   -111.000    -15.000    3    1   0.000    1.000    1.000    1.000
 113   -112.000    -15.000    3    1   0.000    1.000    1.000    1.000
 114   -113.000    -15.000    3    1   0.000    1.000    1.000    1.000
 115   -114.000    -15.000    3    1   0.000    1.000    1.000    1.000
 116   -115.000    -15.000    3    1   0.000    1.000    1.000    1.000
 117   -116.000    -15.000    3    1   0.000    1.000    1.000    1.000
 118   -117.000    -15.000    3    1   0.000    1.000    1.000    1.000
 119   -118.000    -15.000    3    1   0.000    1.000    1.000    1.000
 120   -119.000    -15.000    3    1   0.000    1.000    1.000    1.000
 121   -120.000    -15.000    3    1   0.000    1.000    1.000    1.000
 122   -121.000    -15.000    3    1   0.000    1.000    1.000    1.000
 123   -122.000    -15.000    3    1   0.000    1.000    1.000    1.000
 124   -123.000    -15.000    3    1   0.000    1.000    1.000    1.000
 125   -124.000    -15.000    3    1   0.000    1.000    1.000    1.000
 126   -125.000    -15.000    3    1   0.000    1.000    1.000    1.000
 127   -126.000    -15.000    3    1   0.000    1.000    1.000    1.000
 128   -127.000    -15.000    3    1   0.000    1.000    1.000    1.000
 129   -128.000    -15.000    3    1   0.000    1.000    1.000    1.000
 130   -129.000    -15.000    3    1   0.000    1.000    1.000    1.000
 131   -130.000    -15.000    3    1   0.000    1.000    1.000    1.000
 132   -131.000    -15.000    3    1   0.000    1.000    1.000    1.000
 133   -132.000    -15.000    3    1   0.000    1.000    1.000    1.000
 134   -133.000    -15.000    3    1   0.000    1.000    1.000    1.000
 135   -134.000    -15.000    3    1   0.000    1.000    1.000    1.000
 136   -135.000    -15.000    3    1   0.000    1.000    1.000    1.000
 137   -136.000    -15.000    3    1   0.000    1.000    1.000    1.000
 138   -137.000    -15.000    3    1   0.000    1.000    1.000    1.000
 139   -138.000    -15.000    3    1   0.000    1.000    1.000    1.000
 140   -139.000    -15.000    3    1   0.000    1.000    1.000    1.000
 141   -140.000    -15.000    3    1   0.000    1.000    1.000    1.000
 142   -141.000    -15.000    3    1   0.000    1.000    1.000    1.000
 143   -142.000    -15.000    3    1   0.000    1.000    1.000    1.000
 144   -143.000    -15.000    3    1   0.000    1.000    1.000    1.000
 145   -144.000    -15.000    3    1   0.000    1.000    1.000    1.000
 146   -145.000    -15.000    3    1   0.000    1.000    1.000    1.000
 147   -146.000    -15.000    3    1   0.000    1.000    1.000    1.000
 148   -147.000    -15.000    3    1   0.000    1.000    1.000    1.000
 149   -148.000    -15.000    3    1   0.000    1.000    1.000    1.000
 150   -149.000    -15.000    3    1   0.000    1.000    1.000    1.000
 151   -150.000    -15.000    1    1   0.000    1.000    1.000    1.000
end

 Number of species in the chain :   0


MatNum, Param. array:

   Mat     Qr     Qs        Alfa         n          Ks      l

    1    0.052  0.449   0.992E-02   0.191E+01   0.500E+00427.354

       Table of Hydraulic Properties which are interpolated in simulation
       =================================================================

  theta         h        log h        C             K        log K          S          Kv
 
  0.4489  -0.100E-05 -0.6000E+01  0.0000E+00  0.5000E+00 -0.3010E+00    1.0000  0.0000E+00
  0.4489  -0.126E-05 -0.5899E+01  0.0000E+00  0.5000E+00 -0.3010E+00    1.0000  0.0000E+00
  0.4489  -0.159E-05 -0.5798E+01  0.0000E+00  0.5000E+00 -0.3010E+00    1.0000  0.0000E+00
  0.4489  -0.201E-05 -0.5697E+01  0.3751E-09  0.5000E+00 -0.3010E+00    1.0000  0.0000E+00
  0.4489  -0.254E-05 -0.5596E+01  0.4631E-09  0.5000E+00 -0.3010E+00    1.0000  0.0000E+00
  0.4489  -0.320E-05 -0.5495E+01  0.5718E-09  0.5000E+00 -0.3010E+00    1.0000  0.0000E+00
  0.4489  -0.404E-05 -0.5394E+01  0.7060E-09  0.5000E+00 -0.3010E+00    1.0000  0.0000E+00
  0.4489  -0.509E-05 -0.5293E+01  0.8716E-09  0.5000E+00 -0.3010E+00    1.0000  0.0000E+00
  0.4489  -0.643E-05 -0.5192E+01  0.1076E-08  0.5000E+00 -0.3010E+00    1.0000  0.0000E+00
  0.4489  -0.811E-05 -0.5091E+01  0.1329E-08  0.5000E+00 -0.3010E+00    1.0000  0.0000E+00
  0.4489  -0.102E-04 -0.4990E+01  0.1640E-08  0.5000E+00 -0.3010E+00    1.0000  0.0000E+00
  0.4489  -0.129E-04 -0.4889E+01  0.2025E-08  0.5000E+00 -0.3010E+00    1.0000  0.0000E+00
  0.4489  -0.163E-04 -0.4788E+01  0.2500E-08  0.5000E+00 -0.3010E+00    1.0000  0.0000E+00
  0.4489  -0.206E-04 -0.4687E+01  0.3087E-08  0.5000E+00 -0.3010E+00    1.0000  0.0000E+00
  0.4489  -0.260E-04 -0.4586E+01  0.3811E-08  0.5000E+00 -0.3010E+00    1.0000  0.0000E+00
  0.4489  -0.327E-04 -0.4485E+01  0.4705E-08  0.5000E+00 -0.3010E+00    1.0000  0.0000E+00
  0.4489  -0.413E-04 -0.4384E+01  0.5810E-08  0.5000E+00 -0.3010E+00    1.0000  0.0000E+00
  0.4489  -0.521E-04 -0.4283E+01  0.7173E-08  0.5000E+00 -0.3010E+00    1.0000  0.0000E+00
  0.4489  -0.658E-04 -0.4182E+01  0.8855E-08  0.5000E+00 -0.3010E+00    1.0000  0.0000E+00
  0.4489  -0.830E-04 -0.4081E+01  0.1093E-07  0.5000E+00 -0.3010E+00    1.0000  0.0000E+00
  0.4489  -0.105E-03 -0.3980E+01  0.1350E-07  0.5000E+00 -0.3010E+00    1.0000  0.0000E+00
  0.4489  -0.132E-03 -0.3879E+01  0.1667E-07  0.5000E+00 -0.3010E+00    1.0000  0.0000E+00
  0.4489  -0.167E-03 -0.3778E+01  0.2058E-07  0.5000E+00 -0.3010E+00    1.0000  0.0000E+00
  0.4489  -0.210E-03 -0.3677E+01  0.2540E-07  0.5000E+00 -0.3010E+00    1.0000  0.0000E+00
  0.4489  -0.266E-03 -0.3576E+01  0.3136E-07  0.5000E+00 -0.3010E+00    1.0000  0.0000E+00
  0.4489  -0.335E-03 -0.3475E+01  0.3872E-07  0.5000E+00 -0.3010E+00    1.0000  0.0000E+00
  0.4489  -0.423E-03 -0.3374E+01  0.4781E-07  0.5000E+00 -0.3010E+00    1.0000  0.0000E+00
  0.4489  -0.534E-03 -0.3273E+01  0.5902E-07  0.5000E+00 -0.3010E+00    1.0000  0.0000E+00
  0.4489  -0.673E-03 -0.3172E+01  0.7287E-07  0.5000E+00 -0.3010E+00    1.0000  0.0000E+00
  0.4489  -0.850E-03 -0.3071E+01  0.8997E-07  0.5000E+00 -0.3011E+00    1.0000  0.0000E+00
  0.4489  -0.107E-02 -0.2970E+01  0.1111E-06  0.5000E+00 -0.3011E+00    1.0000  0.0000E+00
  0.4489  -0.135E-02 -0.2869E+01  0.1371E-06  0.5000E+00 -0.3011E+00    1.0000  0.0000E+00
  0.4489  -0.171E-02 -0.2768E+01  0.1693E-06  0.5000E+00 -0.3011E+00    1.0000  0.0000E+00
  0.4489  -0.215E-02 -0.2667E+01  0.2090E-06  0.4999E+00 -0.3011E+00    1.0000  0.0000E+00
  0.4489  -0.272E-02 -0.2566E+01  0.2581E-06  0.4999E+00 -0.3011E+00    1.0000  0.0000E+00
  0.4489  -0.343E-02 -0.2465E+01  0.3186E-06  0.4999E+00 -0.3011E+00    1.0000  0.0000E+00
  0.4489  -0.433E-02 -0.2364E+01  0.3934E-06  0.4999E+00 -0.3011E+00    1.0000  0.0000E+00
  0.4489  -0.546E-02 -0.2263E+01  0.4857E-06  0.4999E+00 -0.3011E+00    1.0000  0.0000E+00
  0.4489  -0.689E-02 -0.2162E+01  0.5997E-06  0.4998E+00 -0.3012E+00    1.0000  0.0000E+00
  0.4489  -0.870E-02 -0.2061E+01  0.7404E-06  0.4998E+00 -0.3012E+00    1.0000  0.0000E+00
  0.4489  -0.110E-01 -0.1960E+01  0.9141E-06  0.4997E+00 -0.3013E+00    1.0000  0.0000E+00
  0.4489  -0.138E-01 -0.1859E+01  0.1129E-05  0.4997E+00 -0.3013E+00    1.0000  0.0000E+00
  0.4489  -0.175E-01 -0.1758E+01  0.1393E-05  0.4996E+00 -0.3014E+00    1.0000  0.0000E+00
  0.4489  -0.221E-01 -0.1657E+01  0.1720E-05  0.4995E+00 -0.3015E+00    1.0000  0.1079E-29
  0.4489  -0.278E-01 -0.1556E+01  0.2124E-05  0.4994E+00 -0.3016E+00    1.0000  0.1079E-29
  0.4489  -0.351E-01 -0.1455E+01  0.2622E-05  0.4992E+00 -0.3017E+00    1.0000  0.1088E-28
  0.4489  -0.443E-01 -0.1354E+01  0.3237E-05  0.4991E+00 -0.3019E+00    1.0000  0.4202E-28
  0.4489  -0.559E-01 -0.1253E+01  0.3997E-05  0.4988E+00 -0.3021E+00    1.0000  0.1096E-27
  0.4489  -0.705E-01 -0.1152E+01  0.4935E-05  0.4985E+00 -0.3023E+00    1.0000  0.4235E-27
  0.4489  -0.890E-01 -0.1051E+01  0.6092E-05  0.4981E+00 -0.3026E+00    1.0000  0.2325E-26
  0.4489  -0.112E+00 -0.9495E+00  0.7522E-05  0.4977E+00 -0.3031E+00    1.0000  0.8982E-26
  0.4489  -0.142E+00 -0.8485E+00  0.9287E-05  0.4970E+00 -0.3036E+00    1.0000  0.3734E-25
  0.4489  -0.179E+00 -0.7475E+00  0.1147E-04  0.4962E+00 -0.3043E+00    1.0000  0.1662E-24
  0.4489  -0.226E+00 -0.6465E+00  0.1416E-04  0.4951E+00 -0.3053E+00    1.0000  0.7250E-24
  0.4488  -0.285E+00 -0.5455E+00  0.1748E-04  0.4937E+00 -0.3065E+00    1.0000  0.3271E-23
  0.4488  -0.359E+00 -0.4444E+00  0.2158E-04  0.4918E+00 -0.3082E+00    1.0000  0.1396E-22
  0.4488  -0.453E+00 -0.3434E+00  0.2664E-04  0.4892E+00 -0.3105E+00    1.0000  0.6228E-22
  0.4488  -0.572E+00 -0.2424E+00  0.3289E-04  0.4856E+00 -0.3137E+00    1.0000  0.2707E-21
  0.4488  -0.722E+00 -0.1414E+00  0.4060E-04  0.4806E+00 -0.3182E+00    1.0000  0.1189E-20
  0.4488  -0.911E+00 -0.4040E-01  0.5013E-04  0.4737E+00 -0.3245E+00    0.9999  0.5215E-20
  0.4488  -0.115E+01  0.6061E-01  0.6188E-04  0.4638E+00 -0.3337E+00    0.9999  0.2289E-19
  0.4488  -0.145E+01  0.1616E+00  0.7639E-04  0.4497E+00 -0.3470E+00    0.9999  0.1001E-18
  0.4488  -0.183E+01  0.2626E+00  0.9428E-04  0.4298E+00 -0.3667E+00    0.9998  0.4387E-18
  0.4487  -0.231E+01  0.3636E+00  0.1164E-03  0.4019E+00 -0.3959E+00    0.9996  0.1922E-17
  0.4486  -0.292E+01  0.4646E+00  0.1436E-03  0.3634E+00 -0.4396E+00    0.9994  0.8418E-17
  0.4485  -0.368E+01  0.5657E+00  0.1771E-03  0.3123E+00 -0.5055E+00    0.9991  0.3685E-16
  0.4483  -0.464E+01  0.6667E+00  0.2183E-03  0.2481E+00 -0.6054E+00    0.9987  0.1611E-15
  0.4480  -0.586E+01  0.7677E+00  0.2689E-03  0.1747E+00 -0.7576E+00    0.9979  0.7035E-15
  0.4476  -0.739E+01  0.8687E+00  0.3308E-03  0.1023E+00 -0.9902E+00    0.9968  0.3065E-14
  0.4468  -0.933E+01  0.9697E+00  0.4061E-03  0.4503E-01 -0.1346E+01    0.9950  0.1331E-13
  0.4457  -0.118E+02  0.1071E+01  0.4971E-03  0.1280E-01 -0.1893E+01    0.9922  0.5751E-13
  0.4440  -0.148E+02  0.1172E+01  0.6055E-03  0.1863E-02 -0.2730E+01    0.9879  0.2465E-12
  0.4414  -0.187E+02  0.1273E+01  0.7323E-03  0.9773E-04 -0.4010E+01    0.9813  0.1044E-11
  0.4375  -0.236E+02  0.1374E+01  0.8759E-03  0.1101E-05 -0.5958E+01    0.9714  0.4339E-11
  0.4316  -0.298E+02  0.1475E+01  0.1031E-02  0.1261E-08 -0.8899E+01    0.9564  0.1755E-10
  0.4229  -0.376E+02  0.1576E+01  0.1184E-02  0.5211E-13 -0.1328E+02    0.9346  0.6816E-10
  0.4105  -0.475E+02  0.1677E+01  0.1316E-02  0.2012E-19 -0.1970E+02    0.9033  0.2499E-09
  0.3935  -0.599E+02  0.1778E+01  0.1398E-02  0.1456E-28 -0.2884E+02    0.8606  0.8476E-09
  0.3715  -0.756E+02  0.1879E+01  0.1402E-02  0.1000E-36 -0.3700E+02    0.8049  0.2598E-08
  0.3444  -0.955E+02  0.1980E+01  0.1315E-02  0.1000E-36 -0.3700E+02    0.7368  0.7052E-08
  0.3136  -0.120E+03  0.2081E+01  0.1149E-02  0.1000E-36 -0.3700E+02    0.6590  0.1671E-07
  0.2808  -0.152E+03  0.2182E+01  0.9355E-03  0.1000E-36 -0.3700E+02    0.5763  0.3447E-07
  0.2481  -0.192E+03  0.2283E+01  0.7159E-03  0.1000E-36 -0.3700E+02    0.4940  0.6229E-07
  0.2174  -0.242E+03  0.2384E+01  0.5207E-03  0.1000E-36 -0.3700E+02    0.4165  0.1001E-06
  0.1897  -0.305E+03  0.2485E+01  0.3643E-03  0.1000E-36 -0.3700E+02    0.3469  0.1458E-06
  0.1657  -0.385E+03  0.2586E+01  0.2478E-03  0.1000E-36 -0.3700E+02    0.2863  0.1960E-06
  0.1453  -0.486E+03  0.2687E+01  0.1653E-03  0.1000E-36 -0.3700E+02    0.2348  0.2472E-06
  0.1282  -0.614E+03  0.2788E+01  0.1088E-03  0.1000E-36 -0.3700E+02    0.1917  0.2967E-06
  0.1141  -0.774E+03  0.2889E+01  0.7103E-04  0.1000E-36 -0.3700E+02    0.1561  0.3426E-06
  0.1025  -0.977E+03  0.2990E+01  0.4608E-04  0.1000E-36 -0.3700E+02    0.1269  0.3838E-06
  0.0930  -0.123E+04  0.3091E+01  0.2978E-04  0.1000E-36 -0.3700E+02    0.1030  0.4199E-06
  0.0853  -0.156E+04  0.3192E+01  0.1920E-04  0.1000E-36 -0.3700E+02    0.0835  0.4510E-06
  0.0790  -0.196E+04  0.3293E+01  0.1236E-04  0.1000E-36 -0.3700E+02    0.0677  0.4774E-06
  0.0739  -0.248E+04  0.3394E+01  0.7948E-05  0.1000E-36 -0.3700E+02    0.0549  0.4997E-06
  0.0698  -0.313E+04  0.3495E+01  0.5108E-05  0.1000E-36 -0.3700E+02    0.0445  0.5183E-06
  0.0664  -0.394E+04  0.3596E+01  0.3281E-05  0.1000E-36 -0.3700E+02    0.0360  0.5337E-06
  0.0637  -0.498E+04  0.3697E+01  0.2107E-05  0.1000E-36 -0.3700E+02    0.0292  0.5463E-06
  0.0615  -0.628E+04  0.3798E+01  0.1353E-05  0.1000E-36 -0.3700E+02    0.0236  0.5568E-06
  0.0597  -0.792E+04  0.3899E+01  0.8686E-06  0.1000E-36 -0.3700E+02    0.0192  0.5653E-06
  0.0583  -0.100E+05  0.4000E+01  0.5576E-06  0.1000E-36 -0.3700E+02    0.0155  0.5722E-06
end
