 ******* Program HYDRUS
 ******* 
 None                                                                    
 Date:  16. 1.    Time:  15:21: 4
 Units: L = mm   , T = days , M = mmol 


    TLevel      Time          dt      Iter    ItCum  KodT  KodB  Convergency

        3  0.1000000E+01  0.30000E+00    2        6    -4    -5     T
        9  0.2000000E+01  0.16667E+00    2       35    -4    -5     T
       13  0.3000000E+01  0.25000E+00    5       53    -4    -5     T
       25  0.4000000E+01  0.32637E-01    2      127     4    -5     T
       33  0.5000000E+01  0.34865E+00    2      143     4    -5     T
       36  0.6000000E+01  0.33333E+00    2      149     4    -5     T
       38  0.7000000E+01  0.50000E+00    2      153     4    -5     T
       40  0.8000000E+01  0.50000E+00    2      157     4    -5     T
       42  0.9000000E+01  0.50000E+00    2      161     4    -5     T
       44  0.1000000E+02  0.50000E+00    2      165     4    -5     T
       46  0.1100000E+02  0.50000E+00    2      169     4    -5     T
       48  0.1200000E+02  0.50000E+00    2      173     4    -5     T
       50  0.1300000E+02  0.50000E+00    2      177     4    -5     T
       52  0.1400000E+02  0.50000E+00    2      181     4    -5     T
       54  0.1500000E+02  0.50000E+00    2      185     4    -5     T
       56  0.1600000E+02  0.50000E+00    2      189     4    -5     T
       58  0.1700000E+02  0.50000E+00    2      193     4    -5     T
       60  0.1800000E+02  0.50000E+00    2      197     4    -5     T
       62  0.1900000E+02  0.50000E+00    2      201     4    -5     T
       64  0.2000000E+02  0.50000E+00    2      205     4    -5     T
       66  0.2100000E+02  0.50000E+00    2      209     4    -5     T
       68  0.2200000E+02  0.50000E+00    2      213     4    -5     T
       70  0.2300000E+02  0.50000E+00    2      217     4    -5     T
       72  0.2400000E+02  0.50000E+00    2      221     4    -5     T
       74  0.2500000E+02  0.50000E+00    2      225     4    -5     T
       76  0.2600000E+02  0.50000E+00    2      229     4    -5     T
       78  0.2700000E+02  0.50000E+00    2      233     4    -5     T
       80  0.2800000E+02  0.50000E+00    2      237     4    -5     T
       82  0.2900000E+02  0.50000E+00    2      241     4    -5     T
       84  0.3000000E+02  0.50000E+00    2      245     4    -5     T
       86  0.3100000E+02  0.50000E+00    2      249     4    -5     T
       88  0.3200000E+02  0.50000E+00    2      253     4    -5     T
       90  0.3300000E+02  0.50000E+00    2      257     4    -5     T
       92  0.3400000E+02  0.50000E+00    2      261     4    -5     T
       94  0.3500000E+02  0.50000E+00    2      265     4    -5     T
       96  0.3600000E+02  0.50000E+00    2      269     4    -5     T
       98  0.3700000E+02  0.50000E+00    2      273     4    -5     T
      100  0.3800000E+02  0.50000E+00    2      277     4    -5     T
      102  0.3900000E+02  0.50000E+00    2      281     4    -5     T
      104  0.4000000E+02  0.50000E+00    2      285     4    -5     T
      106  0.4100000E+02  0.50000E+00    2      289     4    -5     T
      108  0.4200000E+02  0.50000E+00    2      293     4    -5     T
      110  0.4300000E+02  0.50000E+00    2      297     4    -5     T
      112  0.4400000E+02  0.50000E+00    2      301     4    -5     T
      114  0.4500000E+02  0.50000E+00    2      305     4    -5     T
      116  0.4600000E+02  0.50000E+00    2      309     4    -5     T
      118  0.4700000E+02  0.50000E+00    2      313     4    -5     T
      120  0.4800000E+02  0.50000E+00    2      317     4    -5     T
      122  0.4900000E+02  0.50000E+00    2      321     4    -5     T
      124  0.5000000E+02  0.50000E+00    2      325     4    -5     T
      126  0.5100000E+02  0.50000E+00    2      329     4    -5     T
      128  0.5200000E+02  0.50000E+00    2      333     4    -5     T
      130  0.5300000E+02  0.50000E+00    2      337     4    -5     T
      132  0.5400000E+02  0.50000E+00    2      341     4    -5     T
      134  0.5500000E+02  0.50000E+00    2      345     4    -5     T
      136  0.5600000E+02  0.50000E+00    2      349     4    -5     T
      138  0.5700000E+02  0.50000E+00    2      353     4    -5     T
      140  0.5800000E+02  0.50000E+00    2      357     4    -5     T
      142  0.5900000E+02  0.50000E+00    2      361     4    -5     T
      144  0.6000000E+02  0.50000E+00    2      365     4    -5     T
      146  0.6100000E+02  0.50000E+00    2      369     4    -5     T
      148  0.6200000E+02  0.50000E+00    2      373     4    -5     T
      150  0.6300000E+02  0.50000E+00    2      377     4    -5     T
      152  0.6400000E+02  0.50000E+00    2      381     4    -5     T
      154  0.6500000E+02  0.50000E+00    2      385     4    -5     T
      156  0.6600000E+02  0.50000E+00    2      389     4    -5     T
      158  0.6700000E+02  0.50000E+00    2      393     4    -5     T
      160  0.6800000E+02  0.50000E+00    2      397     4    -5     T
      162  0.6900000E+02  0.50000E+00    2      401     4    -5     T
      164  0.7000000E+02  0.50000E+00    2      405     4    -5     T
      166  0.7100000E+02  0.50000E+00    2      409     4    -5     T
      168  0.7200000E+02  0.50000E+00    2      413     4    -5     T
      170  0.7300000E+02  0.50000E+00    2      417     4    -5     T
      172  0.7400000E+02  0.50000E+00    2      421     4    -5     T
      174  0.7500000E+02  0.50000E+00    2      425     4    -5     T
      176  0.7600000E+02  0.50000E+00    2      429     4    -5     T
      178  0.7700000E+02  0.50000E+00    2      433     4    -5     T
      180  0.7800000E+02  0.50000E+00    2      437     4    -5     T
      182  0.7900000E+02  0.50000E+00    2      441     4    -5     T
      184  0.8000000E+02  0.50000E+00    2      445     4    -5     T
      186  0.8100000E+02  0.50000E+00    2      449     4    -5     T
      188  0.8200000E+02  0.50000E+00    2      453     4    -5     T
      190  0.8300000E+02  0.50000E+00    2      457     4    -5     T
      192  0.8400000E+02  0.50000E+00    2      461     4    -5     T
      194  0.8500000E+02  0.50000E+00    2      465     4    -5     T
      196  0.8600000E+02  0.50000E+00    2      469     4    -5     T
      198  0.8700000E+02  0.50000E+00    2      473     4    -5     T
      200  0.8800000E+02  0.50000E+00    2      477     4    -5     T
      202  0.8900000E+02  0.50000E+00    2      481     4    -5     T
      204  0.9000000E+02  0.50000E+00    2      485     4    -5     T
      206  0.9100000E+02  0.50000E+00    6      493    -4    -5     T
      208  0.9200000E+02  0.50000E+00    4      502    -4    -5     T
      210  0.9300000E+02  0.50000E+00    4      508    -4    -5     T
      212  0.9400000E+02  0.50000E+00    3      513    -4    -5     T
      214  0.9500000E+02  0.50000E+00    4      519    -4    -5     T
      216  0.9600000E+02  0.50000E+00    4      525    -4    -5     T
      218  0.9700000E+02  0.50000E+00    4      533    -4    -5     T
      220  0.9800000E+02  0.50000E+00    4      541    -4    -5     T
      222  0.9900000E+02  0.50000E+00    4      549    -4    -5     T
      224  0.1000000E+03  0.50000E+00    4      556    -4    -5     T
      226  0.1010000E+03  0.50000E+00    2      561    -4    -5     T
      228  0.1020000E+03  0.50000E+00    4      568    -4    -5     T
      230  0.1030000E+03  0.50000E+00    2      572    -4    -5     T
      232  0.1040000E+03  0.50000E+00    3      577    -4    -5     T
      234  0.1050000E+03  0.50000E+00    3      582    -4    -5     T
      236  0.1060000E+03  0.50000E+00    4      588    -4    -5     T
      238  0.1070000E+03  0.50000E+00    2      593    -4    -5     T
      240  0.1080000E+03  0.50000E+00    2      597    -4    -5     T
      242  0.1090000E+03  0.50000E+00    2      601    -4    -5     T
      244  0.1100000E+03  0.50000E+00    2      605    -4    -5     T
      246  0.1110000E+03  0.50000E+00    2      609    -4    -5     T
      248  0.1120000E+03  0.50000E+00    2      613    -4    -5     T
      250  0.1130000E+03  0.50000E+00    3      618    -4    -5     T
      252  0.1140000E+03  0.50000E+00    2      622    -4    -5     T
      254  0.1150000E+03  0.50000E+00    3      627    -4    -5     T
      256  0.1160000E+03  0.50000E+00    2      631    -4    -5     T
      258  0.1170000E+03  0.50000E+00    3      636    -4    -5     T
      260  0.1180000E+03  0.50000E+00    2      641    -4    -5     T
      262  0.1190000E+03  0.50000E+00    2      645    -4    -5     T
      264  0.1200000E+03  0.50000E+00    2      649    -4    -5     T
      266  0.1210000E+03  0.50000E+00    2      653    -4    -5     T
      268  0.1220000E+03  0.50000E+00    2      659    -4    -5     T
      270  0.1230000E+03  0.50000E+00    3      664    -4    -5     T
      272  0.1240000E+03  0.50000E+00    3      669    -4    -5     T
      274  0.1250000E+03  0.50000E+00    4      675    -4    -5     T
      276  0.1260000E+03  0.50000E+00    4      681    -4    -5     T
      278  0.1270000E+03  0.50000E+00    4      687    -4    -5     T
      280  0.1280000E+03  0.50000E+00    3      692    -4    -5     T
      282  0.1290000E+03  0.50000E+00    2      697    -4    -5     T
      284  0.1300000E+03  0.50000E+00    2      701    -4    -5     T
      286  0.1310000E+03  0.50000E+00    2      705    -4    -5     T
      288  0.1320000E+03  0.50000E+00    2      709    -4    -5     T
      290  0.1330000E+03  0.50000E+00    2      713    -4    -5     T
      292  0.1340000E+03  0.50000E+00    2      717    -4    -5     T
      294  0.1350000E+03  0.50000E+00    4      723    -4    -5     T
      296  0.1360000E+03  0.50000E+00    3      728    -4    -5     T
      298  0.1370000E+03  0.50000E+00    4      734    -4    -5     T
      300  0.1380000E+03  0.50000E+00    4      740    -4    -5     T
      302  0.1390000E+03  0.50000E+00    3      746    -4    -5     T
      304  0.1400000E+03  0.50000E+00    2      750    -4    -5     T
      306  0.1410000E+03  0.50000E+00    3      755    -4    -5     T
      308  0.1420000E+03  0.50000E+00    2      759    -4    -5     T
      310  0.1430000E+03  0.50000E+00    3      764    -4    -5     T
      312  0.1440000E+03  0.50000E+00    2      769    -4    -5     T
      314  0.1450000E+03  0.50000E+00    2      773    -4    -5     T
      316  0.1460000E+03  0.50000E+00    2      777    -4    -5     T
      318  0.1470000E+03  0.50000E+00    2      781    -4    -5     T
      320  0.1480000E+03  0.50000E+00    4      787    -4    -5     T
      322  0.1490000E+03  0.50000E+00    3      792    -4    -5     T
      324  0.1500000E+03  0.50000E+00    2      796    -4    -5     T
      326  0.1510000E+03  0.50000E+00    2      800    -4    -5     T
      328  0.1520000E+03  0.50000E+00    2      804    -4    -5     T
      330  0.1530000E+03  0.50000E+00    3      809    -4    -5     T
      332  0.1540000E+03  0.50000E+00    3      814    -4    -5     T
      334  0.1550000E+03  0.50000E+00    3      819    -4    -5     T
      336  0.1560000E+03  0.50000E+00    2      823    -4    -5     T
      338  0.1570000E+03  0.50000E+00    2      827    -4    -5     T
      340  0.1580000E+03  0.50000E+00    2      831    -4    -5     T
      342  0.1590000E+03  0.50000E+00    2      835    -4    -5     T
      344  0.1600000E+03  0.50000E+00    2      839    -4    -5     T
      346  0.1610000E+03  0.50000E+00    2      843    -4    -5     T
      348  0.1620000E+03  0.50000E+00    2      847    -4    -5     T
      350  0.1630000E+03  0.50000E+00    2      851    -4    -5     T
      352  0.1640000E+03  0.50000E+00    2      855    -4    -5     T
      354  0.1650000E+03  0.50000E+00    2      860    -4    -5     T
      356  0.1660000E+03  0.50000E+00    2      864    -4    -5     T
      358  0.1670000E+03  0.50000E+00    2      868    -4    -5     T
      360  0.1680000E+03  0.50000E+00    2      872    -4    -5     T
      362  0.1690000E+03  0.50000E+00    2      876    -4    -5     T
      364  0.1700000E+03  0.50000E+00    3      881    -4    -5     T
      366  0.1710000E+03  0.50000E+00    2      885    -4    -5     T
      368  0.1720000E+03  0.50000E+00    2      889    -4    -5     T
      370  0.1730000E+03  0.50000E+00    2      893    -4    -5     T
      372  0.1740000E+03  0.50000E+00    2      897    -4    -5     T
      374  0.1750000E+03  0.50000E+00    2      901    -4    -5     T
     1875  0.1760000E+03  0.10559E-02    2     7607     4    -5     T
     2363  0.1770000E+03  0.13368E-02    2     9760     4    -5     T
     2704  0.1780000E+03  0.20317E-02    2    11273     4    -5     T
     2727  0.1790000E+03  0.29996E+00    2    11333    -4    -5     T
     3054  0.1800000E+03  0.18183E-02    2    12847     4    -5     T
     3077  0.1810000E+03  0.16450E+00    2    12905    -4    -5     T
     3262  0.1820000E+03  0.15816E-01    2    13789     4    -5     T
     3282  0.1830000E+03  0.19217E+00    2    13853    -4    -5     T
     3572  0.1840000E+03  0.30386E-02    2    15196     4    -5     T
     3596  0.1850000E+03  0.19699E+00    2    15267    -4    -5     T
     3599  0.1860000E+03  0.37500E+00    2    15273    -4    -5     T
     3602  0.1870000E+03  0.33333E+00    2    15279    -4    -5     T
     3604  0.1880000E+03  0.50000E+00    2    15283    -4    -5     T
     3606  0.1890000E+03  0.50000E+00    2    15287    -4    -5     T
     3608  0.1900000E+03  0.50000E+00    2    15291    -4    -5     T
     3610  0.1910000E+03  0.50000E+00    2    15295    -4    -5     T
     3612  0.1920000E+03  0.50000E+00    2    15299    -4    -5     T
     3614  0.1930000E+03  0.50000E+00    3    15304    -4    -5     T
     4535  0.1940000E+03  0.18535E-02    2    19440     4    -5     T
     4782  0.1950000E+03  0.23664E-02    2    20553     4    -5     T
     4985  0.1960000E+03  0.12652E-01    4    21452     4    -5     T
     5229  0.1970000E+03  0.40792E-02    2    22549     4    -5     T
     5469  0.1980000E+03  0.10412E-02    2    23631     4    -5     T
     5713  0.1990000E+03  0.10298E-02    2    24720     4    -5     T
     5738  0.2000000E+03  0.16081E+00    2    24784    -4    -5     T
     5965  0.2010000E+03  0.14445E-01    2    25854     4    -5     T
     5981  0.2020000E+03  0.28468E+00    2    25900    -4    -5     T
     5984  0.2030000E+03  0.37500E+00    2    25906    -4    -5     T
     5986  0.2040000E+03  0.50000E+00    2    25910    -4    -5     T
     5988  0.2050000E+03  0.50000E+00    2    25914    -4    -5     T
     5990  0.2060000E+03  0.50000E+00    2    25918    -4    -5     T
     5992  0.2070000E+03  0.50000E+00    2    25922    -4    -5     T
     5994  0.2080000E+03  0.50000E+00    3    25927    -4    -5     T
     5996  0.2090000E+03  0.50000E+00    2    25931    -4    -5     T
     5998  0.2100000E+03  0.50000E+00    3    25936    -4    -5     T
     6000  0.2110000E+03  0.50000E+00    3    25941    -4    -5     T
     6002  0.2120000E+03  0.50000E+00    3    25946    -4    -5     T
     6004  0.2130000E+03  0.50000E+00    3    25952    -4    -5     T
     6006  0.2140000E+03  0.50000E+00    3    25958    -4    -5     T
     6008  0.2150000E+03  0.50000E+00    2    25963    -4    -5     T
     6010  0.2160000E+03  0.50000E+00    2    25968    -4    -5     T
     6012  0.2170000E+03  0.50000E+00    4    25975    -4    -5     T
     6014  0.2180000E+03  0.50000E+00    2    25979    -4    -5     T
     6016  0.2190000E+03  0.50000E+00    3    25984    -4    -5     T
     6018  0.2200000E+03  0.50000E+00    2    25989    -4    -5     T
     6020  0.2210000E+03  0.50000E+00    2    25993    -4    -5     T
     6022  0.2220000E+03  0.50000E+00    2    25997    -4    -5     T
     6024  0.2230000E+03  0.50000E+00    2    26001    -4    -5     T
     6026  0.2240000E+03  0.50000E+00    2    26005    -4    -5     T
     6028  0.2250000E+03  0.50000E+00    2    26009    -4    -5     T
     6030  0.2260000E+03  0.50000E+00    2    26013    -4    -5     T
     6032  0.2270000E+03  0.50000E+00    2    26017    -4    -5     T
     6034  0.2280000E+03  0.50000E+00    2    26021    -4    -5     T
     6036  0.2290000E+03  0.50000E+00    2    26025    -4    -5     T
     6038  0.2300000E+03  0.50000E+00    2    26029    -4    -5     T
     6040  0.2310000E+03  0.50000E+00    2    26033    -4    -5     T
     6042  0.2320000E+03  0.50000E+00    2    26037    -4    -5     T
     6044  0.2330000E+03  0.50000E+00    2    26041    -4    -5     T
     6046  0.2340000E+03  0.50000E+00    2    26045    -4    -5     T
     6048  0.2350000E+03  0.50000E+00    2    26049    -4    -5     T
     6050  0.2360000E+03  0.50000E+00    2    26053    -4    -5     T
     6052  0.2370000E+03  0.50000E+00    2    26057    -4    -5     T
     6054  0.2380000E+03  0.50000E+00    2    26061    -4    -5     T
     6056  0.2390000E+03  0.50000E+00    2    26065    -4    -5     T
     6058  0.2400000E+03  0.50000E+00    2    26069    -4    -5     T
     6060  0.2410000E+03  0.50000E+00    2    26073    -4    -5     T
     6062  0.2420000E+03  0.50000E+00    2    26077    -4    -5     T
     6064  0.2430000E+03  0.50000E+00    2    26081    -4    -5     T
     6066  0.2440000E+03  0.50000E+00    2    26085    -4    -5     T
     6086  0.2450000E+03  0.62326E-01    2    26189    -4    -5     T
     6093  0.2460000E+03  0.19128E+00    2    26205    -4    -5     T
     6096  0.2470000E+03  0.33333E+00    2    26211    -4    -5     T
     6098  0.2480000E+03  0.50000E+00    2    26215    -4    -5     T
     6100  0.2490000E+03  0.50000E+00    2    26219    -4    -5     T
     6102  0.2500000E+03  0.50000E+00    2    26223    -4    -5     T
     6104  0.2510000E+03  0.50000E+00    2    26227    -4    -5     T
     6106  0.2520000E+03  0.50000E+00    2    26231    -4    -5     T
     6108  0.2530000E+03  0.50000E+00    2    26235    -4    -5     T
     6110  0.2540000E+03  0.50000E+00    2    26239    -4    -5     T
     6112  0.2550000E+03  0.50000E+00    2    26243    -4    -5     T
     6114  0.2560000E+03  0.50000E+00    2    26247    -4    -5     T
     6116  0.2570000E+03  0.50000E+00    2    26251    -4    -5     T
     6118  0.2580000E+03  0.50000E+00    2    26255    -4    -5     T
     6120  0.2590000E+03  0.50000E+00    2    26259    -4    -5     T
     6122  0.2600000E+03  0.50000E+00    2    26263    -4    -5     T
     6124  0.2610000E+03  0.50000E+00    2    26267    -4    -5     T
     6126  0.2620000E+03  0.50000E+00    2    26271    -4    -5     T
     6128  0.2630000E+03  0.50000E+00    2    26275    -4    -5     T
     6130  0.2640000E+03  0.50000E+00    2    26279    -4    -5     T
     6132  0.2650000E+03  0.50000E+00    2    26283    -4    -5     T
     6134  0.2660000E+03  0.50000E+00    2    26287    -4    -5     T
     6136  0.2670000E+03  0.50000E+00    2    26291    -4    -5     T
     6138  0.2680000E+03  0.50000E+00    2    26295    -4    -5     T
     6140  0.2690000E+03  0.50000E+00    2    26299    -4    -5     T
     6142  0.2700000E+03  0.50000E+00    2    26303    -4    -5     T
     6144  0.2710000E+03  0.50000E+00    2    26307    -4    -5     T
     6146  0.2720000E+03  0.50000E+00    2    26311    -4    -5     T
     6148  0.2730000E+03  0.50000E+00    2    26315    -4    -5     T
     6150  0.2740000E+03  0.50000E+00    2    26321    -4    -5     T
     6152  0.2750000E+03  0.50000E+00    4    26329    -4    -5     T
     6154  0.2760000E+03  0.50000E+00    2    26333    -4    -5     T
     6156  0.2770000E+03  0.50000E+00    2    26337     4    -5     T
     6158  0.2780000E+03  0.50000E+00    2    26341     4    -5     T
     6160  0.2790000E+03  0.50000E+00    2    26345     4    -5     T
     6162  0.2800000E+03  0.50000E+00    2    26349     4    -5     T
     6164  0.2810000E+03  0.50000E+00    2    26353     4    -5     T
     6166  0.2820000E+03  0.50000E+00    2    26357     4    -5     T
     6168  0.2830000E+03  0.50000E+00    2    26361     4    -5     T
     6170  0.2840000E+03  0.50000E+00    2    26365     4    -5     T
     6172  0.2850000E+03  0.50000E+00    2    26369     4    -5     T
     6174  0.2860000E+03  0.50000E+00    2    26373     4    -5     T
     6176  0.2870000E+03  0.50000E+00    2    26377     4    -5     T
     6178  0.2880000E+03  0.50000E+00    2    26381     4    -5     T
     6180  0.2890000E+03  0.50000E+00    2    26385     4    -5     T
     6182  0.2900000E+03  0.50000E+00    2    26389     4    -5     T
     6184  0.2910000E+03  0.50000E+00    2    26393     4    -5     T
     6186  0.2920000E+03  0.50000E+00    2    26397     4    -5     T
     6188  0.2930000E+03  0.50000E+00    2    26401     4    -5     T
     6190  0.2940000E+03  0.50000E+00    2    26405     4    -5     T
     6192  0.2950000E+03  0.50000E+00    2    26409     4    -5     T
     6194  0.2960000E+03  0.50000E+00    2    26413     4    -5     T
     6196  0.2970000E+03  0.50000E+00    2    26417     4    -5     T
     6198  0.2980000E+03  0.50000E+00    2    26421     4    -5     T
     6200  0.2990000E+03  0.50000E+00    2    26425     4    -5     T
     6202  0.3000000E+03  0.50000E+00    2    26429     4    -5     T
     6204  0.3010000E+03  0.50000E+00    2    26433     4    -5     T
     6206  0.3020000E+03  0.50000E+00    2    26437     4    -5     T
     6208  0.3030000E+03  0.50000E+00    2    26441     4    -5     T
     6210  0.3040000E+03  0.50000E+00    2    26445     4    -5     T
     6212  0.3050000E+03  0.50000E+00    2    26449     4    -5     T
     6214  0.3060000E+03  0.50000E+00    2    26453     4    -5     T
     6216  0.3070000E+03  0.50000E+00    2    26457     4    -5     T
     6218  0.3080000E+03  0.50000E+00    2    26461     4    -5     T
     6220  0.3090000E+03  0.50000E+00    2    26465     4    -5     T
     6222  0.3100000E+03  0.50000E+00    2    26469     4    -5     T
     6224  0.3110000E+03  0.50000E+00    2    26473     4    -5     T
     6226  0.3120000E+03  0.50000E+00    2    26477     4    -5     T
     6228  0.3130000E+03  0.50000E+00    2    26481     4    -5     T
     6230  0.3140000E+03  0.50000E+00    2    26485     4    -5     T
     6232  0.3150000E+03  0.50000E+00    2    26489     4    -5     T
     6234  0.3160000E+03  0.50000E+00    2    26493     4    -5     T
     6236  0.3170000E+03  0.50000E+00    2    26497     4    -5     T
     6238  0.3180000E+03  0.50000E+00    2    26501     4    -5     T
     6240  0.3190000E+03  0.50000E+00    2    26505     4    -5     T
     6242  0.3200000E+03  0.50000E+00    2    26509     4    -5     T
     6244  0.3210000E+03  0.50000E+00    2    26513     4    -5     T
     6246  0.3220000E+03  0.50000E+00    2    26517     4    -5     T
     6248  0.3230000E+03  0.50000E+00    2    26521     4    -5     T
     6250  0.3240000E+03  0.50000E+00    2    26525     4    -5     T
     6252  0.3250000E+03  0.50000E+00    2    26529     4    -5     T
     6254  0.3260000E+03  0.50000E+00    2    26533     4    -5     T
     6256  0.3270000E+03  0.50000E+00    2    26537     4    -5     T
     6258  0.3280000E+03  0.50000E+00    2    26541     4    -5     T
     6260  0.3290000E+03  0.50000E+00    2    26545     4    -5     T
     6262  0.3300000E+03  0.50000E+00    2    26549     4    -5     T
     6264  0.3310000E+03  0.50000E+00    2    26553     4    -5     T
     6266  0.3320000E+03  0.50000E+00    2    26557     4    -5     T
     6268  0.3330000E+03  0.50000E+00    2    26561     4    -5     T
     6270  0.3340000E+03  0.50000E+00    2    26565     4    -5     T
     6272  0.3350000E+03  0.50000E+00    2    26569     4    -5     T
     6274  0.3360000E+03  0.50000E+00    2    26573     4    -5     T
     6276  0.3370000E+03  0.50000E+00    2    26577     4    -5     T
     6278  0.3380000E+03  0.50000E+00    2    26581     4    -5     T
     6280  0.3390000E+03  0.50000E+00    2    26585     4    -5     T
     6282  0.3400000E+03  0.50000E+00    2    26589     4    -5     T
     6284  0.3410000E+03  0.50000E+00    2    26593     4    -5     T
     6286  0.3420000E+03  0.50000E+00    2    26597     4    -5     T
     6288  0.3430000E+03  0.50000E+00    2    26601     4    -5     T
     6290  0.3440000E+03  0.50000E+00    2    26605     4    -5     T
     6292  0.3450000E+03  0.50000E+00    2    26609     4    -5     T
     6294  0.3460000E+03  0.50000E+00    2    26613     4    -5     T
     6296  0.3470000E+03  0.50000E+00    2    26617     4    -5     T
     6298  0.3480000E+03  0.50000E+00    2    26621     4    -5     T
     6300  0.3490000E+03  0.50000E+00    2    26625     4    -5     T
     6302  0.3500000E+03  0.50000E+00    2    26629     4    -5     T
     6304  0.3510000E+03  0.50000E+00    2    26633     4    -5     T
     6306  0.3520000E+03  0.50000E+00    2    26637     4    -5     T
     6308  0.3530000E+03  0.50000E+00    2    26641     4    -5     T
     6310  0.3540000E+03  0.50000E+00    2    26645     4    -5     T
     6312  0.3550000E+03  0.50000E+00    2    26649     4    -5     T
     6314  0.3560000E+03  0.50000E+00    2    26653     4    -5     T
     6316  0.3570000E+03  0.50000E+00    2    26657     4    -5     T
     6318  0.3580000E+03  0.50000E+00    2    26661     4    -5     T
     6320  0.3590000E+03  0.50000E+00    2    26665     4    -5     T
     6322  0.3600000E+03  0.50000E+00    2    26669     4    -5     T
     6324  0.3610000E+03  0.50000E+00    2    26673     4    -5     T
     6326  0.3620000E+03  0.50000E+00    2    26677     4    -5     T
     6328  0.3630000E+03  0.50000E+00    2    26681     4    -5     T
     6330  0.3640000E+03  0.50000E+00    2    26685     4    -5     T
     6332  0.3650000E+03  0.50000E+00    2    26689     4    -5     T
     6334  0.3660000E+03  0.50000E+00    2    26693     4    -5     T
     6336  0.3670000E+03  0.50000E+00    2    26697     4    -5     T
     6338  0.3680000E+03  0.50000E+00    2    26701     4    -5     T
     6340  0.3690000E+03  0.50000E+00    2    26705     4    -5     T
     6342  0.3700000E+03  0.50000E+00    2    26709     4    -5     T
     6344  0.3710000E+03  0.50000E+00    2    26713     4    -5     T
     6346  0.3720000E+03  0.50000E+00    2    26717     4    -5     T
     6348  0.3730000E+03  0.50000E+00    2    26721     4    -5     T
     6350  0.3740000E+03  0.50000E+00    2    26725     4    -5     T
     6352  0.3750000E+03  0.50000E+00    2    26729     4    -5     T
     6354  0.3760000E+03  0.50000E+00    2    26733     4    -5     T
     6356  0.3770000E+03  0.50000E+00    2    26737     4    -5     T
     6358  0.3780000E+03  0.50000E+00    2    26741     4    -5     T
     6360  0.3790000E+03  0.50000E+00    2    26745     4    -5     T
     6362  0.3800000E+03  0.50000E+00    2    26749     4    -5     T
     6364  0.3810000E+03  0.50000E+00    2    26753     4    -5     T
     6366  0.3820000E+03  0.50000E+00    2    26757     4    -5     T
     6368  0.3830000E+03  0.50000E+00    2    26761     4    -5     T
     6370  0.3840000E+03  0.50000E+00    2    26765     4    -5     T
     6372  0.3850000E+03  0.50000E+00    2    26769     4    -5     T
     6374  0.3860000E+03  0.50000E+00    2    26773     4    -5     T
     6376  0.3870000E+03  0.50000E+00    2    26777     4    -5     T
     6378  0.3880000E+03  0.50000E+00    2    26781     4    -5     T
     6380  0.3890000E+03  0.50000E+00    2    26785     4    -5     T
     6382  0.3900000E+03  0.50000E+00    2    26789     4    -5     T
     6384  0.3910000E+03  0.50000E+00    2    26793     4    -5     T
     6386  0.3920000E+03  0.50000E+00    2    26797     4    -5     T
     6388  0.3930000E+03  0.50000E+00    2    26801     4    -5     T
     6390  0.3940000E+03  0.50000E+00    2    26805     4    -5     T
     6392  0.3950000E+03  0.50000E+00    2    26809     4    -5     T
     6394  0.3960000E+03  0.50000E+00    2    26813     4    -5     T
     6396  0.3970000E+03  0.50000E+00    2    26817     4    -5     T
     6398  0.3980000E+03  0.50000E+00    2    26821     4    -5     T
     6400  0.3990000E+03  0.50000E+00    2    26825     4    -5     T
     6402  0.4000000E+03  0.50000E+00    2    26829     4    -5     T
     6404  0.4010000E+03  0.50000E+00    2    26833     4    -5     T
     6406  0.4020000E+03  0.50000E+00    2    26837     4    -5     T
     6408  0.4030000E+03  0.50000E+00    2    26841     4    -5     T
     6410  0.4040000E+03  0.50000E+00    2    26845     4    -5     T
     6412  0.4050000E+03  0.50000E+00    2    26849     4    -5     T
     6414  0.4060000E+03  0.50000E+00    2    26853     4    -5     T
     6416  0.4070000E+03  0.50000E+00    2    26857     4    -5     T
     6418  0.4080000E+03  0.50000E+00    2    26861     4    -5     T
     6420  0.4090000E+03  0.50000E+00    2    26865     4    -5     T
     6422  0.4100000E+03  0.50000E+00    2    26869     4    -5     T
     6424  0.4110000E+03  0.50000E+00    2    26873     4    -5     T
     6426  0.4120000E+03  0.50000E+00    2    26877     4    -5     T
     6428  0.4130000E+03  0.50000E+00    2    26881     4    -5     T
     6430  0.4140000E+03  0.50000E+00    2    26885     4    -5     T
     6432  0.4150000E+03  0.50000E+00    2    26889     4    -5     T
     6434  0.4160000E+03  0.50000E+00    2    26893     4    -5     T
     6436  0.4170000E+03  0.50000E+00    2    26897     4    -5     T
     6438  0.4180000E+03  0.50000E+00    2    26901     4    -5     T
     6440  0.4190000E+03  0.50000E+00    2    26905     4    -5     T
     6442  0.4200000E+03  0.50000E+00    2    26909     4    -5     T
     6444  0.4210000E+03  0.50000E+00    2    26913     4    -5     T
     6446  0.4220000E+03  0.50000E+00    2    26917     4    -5     T
     6448  0.4230000E+03  0.50000E+00    2    26921     4    -5     T
     6450  0.4240000E+03  0.50000E+00    2    26925     4    -5     T
     6452  0.4250000E+03  0.50000E+00    2    26929     4    -5     T
     6454  0.4260000E+03  0.50000E+00    2    26933     4    -5     T
     6456  0.4270000E+03  0.50000E+00    2    26937     4    -5     T
     6458  0.4280000E+03  0.50000E+00    2    26941     4    -5     T
     6460  0.4290000E+03  0.50000E+00    2    26945     4    -5     T
     6462  0.4300000E+03  0.50000E+00    2    26949     4    -5     T
     6464  0.4310000E+03  0.50000E+00    2    26953     4    -5     T
     6466  0.4320000E+03  0.50000E+00    2    26957     4    -5     T
     6468  0.4330000E+03  0.50000E+00    2    26961     4    -5     T
     6470  0.4340000E+03  0.50000E+00    2    26965     4    -5     T
     6472  0.4350000E+03  0.50000E+00    2    26969     4    -5     T
     6474  0.4360000E+03  0.50000E+00    2    26973     4    -5     T
     6476  0.4370000E+03  0.50000E+00    2    26977     4    -5     T
     6478  0.4380000E+03  0.50000E+00    2    26981     4    -5     T
     6480  0.4390000E+03  0.50000E+00    2    26985     4    -5     T
     6482  0.4400000E+03  0.50000E+00    2    26989     4    -5     T
     6484  0.4410000E+03  0.50000E+00    2    26993     4    -5     T
     6486  0.4420000E+03  0.50000E+00    2    26997     4    -5     T
     6488  0.4430000E+03  0.50000E+00    2    27001     4    -5     T
     6490  0.4440000E+03  0.50000E+00    2    27005     4    -5     T
     6492  0.4450000E+03  0.50000E+00    2    27009     4    -5     T
     6494  0.4460000E+03  0.50000E+00    2    27013     4    -5     T
     6496  0.4470000E+03  0.50000E+00    2    27017     4    -5     T
     6498  0.4480000E+03  0.50000E+00    2    27021     4    -5     T
     6500  0.4490000E+03  0.50000E+00    2    27025     4    -5     T
     6502  0.4500000E+03  0.50000E+00    2    27029     4    -5     T
     6504  0.4510000E+03  0.50000E+00    2    27033     4    -5     T
     6506  0.4520000E+03  0.50000E+00    2    27037     4    -5     T
     6508  0.4530000E+03  0.50000E+00    2    27041     4    -5     T
     6510  0.4540000E+03  0.50000E+00    2    27045     4    -5     T
     6512  0.4550000E+03  0.50000E+00    2    27049     4    -5     T
     6514  0.4560000E+03  0.50000E+00    2    27053     4    -5     T
     6516  0.4570000E+03  0.50000E+00    2    27057     4    -5     T
     6518  0.4580000E+03  0.50000E+00    2    27061     4    -5     T
     6520  0.4590000E+03  0.50000E+00    2    27065     4    -5     T
     6522  0.4600000E+03  0.50000E+00    2    27069     4    -5     T
     6524  0.4610000E+03  0.50000E+00    2    27073     4    -5     T
     6526  0.4620000E+03  0.50000E+00    2    27077     4    -5     T
     6528  0.4630000E+03  0.50000E+00    2    27081     4    -5     T
     6530  0.4640000E+03  0.50000E+00    2    27085     4    -5     T
     6532  0.4650000E+03  0.50000E+00    2    27089     4    -5     T
     6534  0.4660000E+03  0.50000E+00    2    27093     4    -5     T
     6536  0.4670000E+03  0.50000E+00    2    27097     4    -5     T
     6538  0.4680000E+03  0.50000E+00    2    27101     4    -5     T
     6540  0.4690000E+03  0.50000E+00    2    27105     4    -5     T
     6542  0.4700000E+03  0.50000E+00    2    27109     4    -5     T
     6544  0.4710000E+03  0.50000E+00    2    27113     4    -5     T
     6546  0.4720000E+03  0.50000E+00    2    27117     4    -5     T
     6548  0.4730000E+03  0.50000E+00    2    27121     4    -5     T
     6550  0.4740000E+03  0.50000E+00    2    27125     4    -5     T
     6552  0.4750000E+03  0.50000E+00    2    27129     4    -5     T
     6554  0.4760000E+03  0.50000E+00    2    27133     4    -5     T
     6556  0.4770000E+03  0.50000E+00    2    27137     4    -5     T
     6558  0.4780000E+03  0.50000E+00    2    27141     4    -5     T
     6560  0.4790000E+03  0.50000E+00    2    27145     4    -5     T
     6562  0.4800000E+03  0.50000E+00    2    27149     4    -5     T
     6564  0.4810000E+03  0.50000E+00    2    27153     4    -5     T
     6566  0.4820000E+03  0.50000E+00    2    27157     4    -5     T
     6568  0.4830000E+03  0.50000E+00    2    27161     4    -5     T
     6570  0.4840000E+03  0.50000E+00    2    27165     4    -5     T
     6572  0.4850000E+03  0.50000E+00    2    27169     4    -5     T
     6574  0.4860000E+03  0.50000E+00    2    27173     4    -5     T
     6576  0.4870000E+03  0.50000E+00    2    27177     4    -5     T
     6578  0.4880000E+03  0.50000E+00    2    27181     4    -5     T
     6580  0.4890000E+03  0.50000E+00    2    27185     4    -5     T
     6582  0.4900000E+03  0.50000E+00    2    27189     4    -5     T
     6584  0.4910000E+03  0.50000E+00    2    27193     4    -5     T
     6586  0.4920000E+03  0.50000E+00    2    27197     4    -5     T
     6588  0.4930000E+03  0.50000E+00    2    27201     4    -5     T
     6590  0.4940000E+03  0.50000E+00    2    27205     4    -5     T
     6592  0.4950000E+03  0.50000E+00    2    27209     4    -5     T
     6594  0.4960000E+03  0.50000E+00    2    27213     4    -5     T
     6596  0.4970000E+03  0.50000E+00    2    27217     4    -5     T
     6598  0.4980000E+03  0.50000E+00    2    27221     4    -5     T
     6600  0.4990000E+03  0.50000E+00    2    27225     4    -5     T
     6602  0.5000000E+03  0.50000E+00    2    27229     4    -5     T
     6604  0.5010000E+03  0.50000E+00    2    27233     4    -5     T
     6606  0.5020000E+03  0.50000E+00    2    27237     4    -5     T
     6608  0.5030000E+03  0.50000E+00    2    27241     4    -5     T
     6610  0.5040000E+03  0.50000E+00    2    27245     4    -5     T
     6612  0.5050000E+03  0.50000E+00    2    27249     4    -5     T
     6614  0.5060000E+03  0.50000E+00    2    27253     4    -5     T
     6616  0.5070000E+03  0.50000E+00    2    27257     4    -5     T
     6618  0.5080000E+03  0.50000E+00    2    27261     4    -5     T
     6620  0.5090000E+03  0.50000E+00    2    27265     4    -5     T
     6622  0.5100000E+03  0.50000E+00    2    27269     4    -5     T
     6624  0.5110000E+03  0.50000E+00    2    27273     4    -5     T
     6626  0.5120000E+03  0.50000E+00    2    27277     4    -5     T
     6628  0.5130000E+03  0.50000E+00    2    27281     4    -5     T
     6630  0.5140000E+03  0.50000E+00    2    27285     4    -5     T
     6632  0.5150000E+03  0.50000E+00    2    27289     4    -5     T
     6634  0.5160000E+03  0.50000E+00    2    27293     4    -5     T
     6636  0.5170000E+03  0.50000E+00    2    27297     4    -5     T
     6638  0.5180000E+03  0.50000E+00    2    27301     4    -5     T
     6640  0.5190000E+03  0.50000E+00    2    27305     4    -5     T
     6642  0.5200000E+03  0.50000E+00    2    27309     4    -5     T
     6644  0.5210000E+03  0.50000E+00    2    27313     4    -5     T
     6646  0.5220000E+03  0.50000E+00    2    27317     4    -5     T
     6648  0.5230000E+03  0.50000E+00    2    27321     4    -5     T
     6650  0.5240000E+03  0.50000E+00    2    27325     4    -5     T
     6652  0.5250000E+03  0.50000E+00    2    27329     4    -5     T
     6654  0.5260000E+03  0.50000E+00    2    27333     4    -5     T
     6656  0.5270000E+03  0.50000E+00    2    27337     4    -5     T
     6658  0.5280000E+03  0.50000E+00    2    27341     4    -5     T
     8064  0.5290000E+03  0.73650E-02    3    33621     4    -5     T
     8579  0.5300000E+03  0.12267E-01    7    35921     4    -5     T
     8983  0.5310000E+03  0.24194E-02    2    37730     4    -5     T
     9345  0.5320000E+03  0.35047E-02    7    39342     4    -5     T
     9597  0.5330000E+03  0.27533E-02    2    40453     4    -5     T
     9968  0.5340000E+03  0.27434E-02    2    42110     4    -5     T
     9998  0.5350000E+03  0.14962E+00    2    42201    -4    -5     T
    10001  0.5360000E+03  0.37500E+00    2    42207    -4    -5     T
    10003  0.5370000E+03  0.50000E+00    2    42211    -4    -5     T
    10005  0.5380000E+03  0.50000E+00    2    42215    -4    -5     T
    10007  0.5390000E+03  0.50000E+00    2    42219    -4    -5     T
    10009  0.5400000E+03  0.50000E+00    4    42225    -4    -5     T
    10011  0.5410000E+03  0.50000E+00    2    42230    -4    -5     T
    10013  0.5420000E+03  0.50000E+00    2    42234    -4    -5     T
    10015  0.5430000E+03  0.50000E+00    3    42239    -4    -5     T
    10017  0.5440000E+03  0.50000E+00    3    42245    -4    -5     T
    10019  0.5450000E+03  0.50000E+00    2    42250    -4    -5     T
    10021  0.5460000E+03  0.50000E+00    4    42256    -4    -5     T
    10023  0.5470000E+03  0.50000E+00    2    42261    -4    -5     T
    10025  0.5480000E+03  0.50000E+00    3    42267    -4    -5     T
    11189  0.5490000E+03  0.14895E-02    2    47495     4    -5     T
    11213  0.5500000E+03  0.19613E+00    2    47555    -4    -5     T
    11698  0.5510000E+03  0.89296E-02    3    49729     4    -5     T
    11718  0.5520000E+03  0.20469E+00    2    49783    -4    -5     T
    12072  0.5530000E+03  0.11836E-02    2    51399     4    -5     T
    12096  0.5540000E+03  0.16516E+00    2    51459    -4    -5     T
    12391  0.5550000E+03  0.16342E-02    2    52814     4    -5     T
    12414  0.5560000E+03  0.28600E+00    2    52874    -4    -5     T
    12638  0.5570000E+03  0.15424E-02    2    53942     4    -5     T
    12969  0.5580000E+03  0.47603E-02    2    55377     4    -5     T
    12988  0.5590000E+03  0.31261E+00    2    55428    -4    -5     T
    12991  0.5600000E+03  0.37500E+00    2    55434    -4    -5     T
    12993  0.5610000E+03  0.50000E+00    2    55438    -4    -5     T
    12995  0.5620000E+03  0.50000E+00    2    55442    -4    -5     T
    12997  0.5630000E+03  0.50000E+00    3    55447    -4    -5     T
    12999  0.5640000E+03  0.50000E+00    2    55451    -4    -5     T
    13001  0.5650000E+03  0.50000E+00    2    55455    -4    -5     T
    13003  0.5660000E+03  0.50000E+00    3    55461    -4    -5     T
    13005  0.5670000E+03  0.50000E+00    2    55466    -4    -5     T
    13007  0.5680000E+03  0.50000E+00    2    55470    -4    -5     T
    13009  0.5690000E+03  0.50000E+00    3    55476    -4    -5     T
    13011  0.5700000E+03  0.50000E+00    3    55482    -4    -5     T
    13013  0.5710000E+03  0.50000E+00    4    55489    -4    -5     T
    13015  0.5720000E+03  0.50000E+00    4    55497    -4    -5     T
    13017  0.5730000E+03  0.50000E+00    2    55502    -4    -5     T
    13019  0.5740000E+03  0.50000E+00    2    55506    -4    -5     T
    13021  0.5750000E+03  0.50000E+00    2    55510    -4    -5     T
    13023  0.5760000E+03  0.50000E+00    2    55514    -4    -5     T
    13025  0.5770000E+03  0.50000E+00    2    55518    -4    -5     T
    13027  0.5780000E+03  0.50000E+00    2    55522    -4    -5     T
    13029  0.5790000E+03  0.50000E+00    2    55526    -4    -5     T
    13031  0.5800000E+03  0.50000E+00    2    55530    -4    -5     T
    13033  0.5810000E+03  0.50000E+00    2    55534    -4    -5     T
    13035  0.5820000E+03  0.50000E+00    2    55538    -4    -5     T
    13037  0.5830000E+03  0.50000E+00    2    55542    -4    -5     T
    13039  0.5840000E+03  0.50000E+00    2    55546    -4    -5     T
    13041  0.5850000E+03  0.50000E+00    2    55550    -4    -5     T
    13043  0.5860000E+03  0.50000E+00    2    55554    -4    -5     T
    13045  0.5870000E+03  0.50000E+00    2    55558    -4    -5     T
    13047  0.5880000E+03  0.50000E+00    2    55562    -4    -5     T
    13049  0.5890000E+03  0.50000E+00    2    55566    -4    -5     T
    13051  0.5900000E+03  0.50000E+00    2    55570    -4    -5     T
    13053  0.5910000E+03  0.50000E+00    2    55574    -4    -5     T
    13055  0.5920000E+03  0.50000E+00    2    55578    -4    -5     T
    13057  0.5930000E+03  0.50000E+00    2    55582    -4    -5     T
    13059  0.5940000E+03  0.50000E+00    2    55586    -4    -5     T
    13061  0.5950000E+03  0.50000E+00    2    55590    -4    -5     T
    13063  0.5960000E+03  0.50000E+00    2    55594    -4    -5     T
    13065  0.5970000E+03  0.50000E+00    2    55598    -4    -5     T
    13067  0.5980000E+03  0.50000E+00    2    55602    -4    -5     T
    13069  0.5990000E+03  0.50000E+00    2    55606    -4    -5     T
    13071  0.6000000E+03  0.50000E+00    2    55610    -4    -5     T
    13073  0.6010000E+03  0.50000E+00    2    55614    -4    -5     T
    13075  0.6020000E+03  0.50000E+00    2    55618    -4    -5     T
    13077  0.6030000E+03  0.50000E+00    2    55622    -4    -5     T
    13079  0.6040000E+03  0.50000E+00    2    55626    -4    -5     T
    13081  0.6050000E+03  0.50000E+00    2    55630    -4    -5     T
    13083  0.6060000E+03  0.50000E+00    2    55634    -4    -5     T
    13085  0.6070000E+03  0.50000E+00    2    55638    -4    -5     T
    13087  0.6080000E+03  0.50000E+00    2    55642    -4    -5     T
    13089  0.6090000E+03  0.50000E+00    2    55646    -4    -5     T
    13091  0.6100000E+03  0.50000E+00    2    55650    -4    -5     T
    13093  0.6110000E+03  0.50000E+00    2    55654    -4    -5     T
    13095  0.6120000E+03  0.50000E+00    2    55658    -4    -5     T
    13097  0.6130000E+03  0.50000E+00    2    55662    -4    -5     T
    13099  0.6140000E+03  0.50000E+00    2    55666    -4    -5     T
    13101  0.6150000E+03  0.50000E+00    2    55670    -4    -5     T
    13103  0.6160000E+03  0.50000E+00    2    55674    -4    -5     T
    13105  0.6170000E+03  0.50000E+00    2    55678    -4    -5     T
    13107  0.6180000E+03  0.50000E+00    2    55682    -4    -5     T
    13109  0.6190000E+03  0.50000E+00    2    55686    -4    -5     T
    13111  0.6200000E+03  0.50000E+00    2    55690    -4    -5     T
    13113  0.6210000E+03  0.50000E+00    2    55694    -4    -5     T
    13115  0.6220000E+03  0.50000E+00    2    55698    -4    -5     T
    13117  0.6230000E+03  0.50000E+00    2    55702    -4    -5     T
    13119  0.6240000E+03  0.50000E+00    2    55706    -4    -5     T
    13121  0.6250000E+03  0.50000E+00    2    55710    -4    -5     T
    13123  0.6260000E+03  0.50000E+00    2    55714    -4    -5     T
    13125  0.6270000E+03  0.50000E+00    2    55718    -4    -5     T
    13127  0.6280000E+03  0.50000E+00    2    55722    -4    -5     T
    13129  0.6290000E+03  0.50000E+00    2    55726    -4    -5     T
    13131  0.6300000E+03  0.50000E+00    2    55730    -4    -5     T
    13133  0.6310000E+03  0.50000E+00    2    55734    -4    -5     T
    13135  0.6320000E+03  0.50000E+00    2    55738    -4    -5     T
    13137  0.6330000E+03  0.50000E+00    2    55742    -4    -5     T
    13139  0.6340000E+03  0.50000E+00    2    55746    -4    -5     T
    13141  0.6350000E+03  0.50000E+00    2    55750    -4    -5     T
    13143  0.6360000E+03  0.50000E+00    2    55754    -4    -5     T
    13145  0.6370000E+03  0.50000E+00    2    55758    -4    -5     T
    13147  0.6380000E+03  0.50000E+00    2    55762    -4    -5     T
    13149  0.6390000E+03  0.50000E+00    2    55766    -4    -5     T
    13151  0.6400000E+03  0.50000E+00    2    55773     4    -5     T
    13153  0.6410000E+03  0.50000E+00    2    55777     4    -5     T
    13155  0.6420000E+03  0.50000E+00    2    55781     4    -5     T
    13157  0.6430000E+03  0.50000E+00    2    55785     4    -5     T
    13159  0.6440000E+03  0.50000E+00    2    55789     4    -5     T
    13161  0.6450000E+03  0.50000E+00    2    55793     4    -5     T
    13163  0.6460000E+03  0.50000E+00    2    55797     4    -5     T
    13165  0.6470000E+03  0.50000E+00    2    55801     4    -5     T
    13167  0.6480000E+03  0.50000E+00    2    55805     4    -5     T
    13169  0.6490000E+03  0.50000E+00    2    55809     4    -5     T
    13171  0.6500000E+03  0.50000E+00    2    55813     4    -5     T
    13173  0.6510000E+03  0.50000E+00    2    55817     4    -5     T
    13175  0.6520000E+03  0.50000E+00    2    55821     4    -5     T
    13177  0.6530000E+03  0.50000E+00    2    55825     4    -5     T
    13179  0.6540000E+03  0.50000E+00    2    55829     4    -5     T
    13181  0.6550000E+03  0.50000E+00    2    55833     4    -5     T
    13183  0.6560000E+03  0.50000E+00    2    55837     4    -5     T
    13185  0.6570000E+03  0.50000E+00    2    55841     4    -5     T
    13187  0.6580000E+03  0.50000E+00    2    55845     4    -5     T
    13189  0.6590000E+03  0.50000E+00    2    55849     4    -5     T
    13191  0.6600000E+03  0.50000E+00    2    55853     4    -5     T
    13193  0.6610000E+03  0.50000E+00    2    55857     4    -5     T
    13195  0.6620000E+03  0.50000E+00    2    55861     4    -5     T
    13197  0.6630000E+03  0.50000E+00    2    55865     4    -5     T
    13199  0.6640000E+03  0.50000E+00    2    55869     4    -5     T
    13201  0.6650000E+03  0.50000E+00    2    55873     4    -5     T
    13203  0.6660000E+03  0.50000E+00    2    55877     4    -5     T
    13205  0.6670000E+03  0.50000E+00    2    55881     4    -5     T
    13207  0.6680000E+03  0.50000E+00    2    55885     4    -5     T
    13209  0.6690000E+03  0.50000E+00    2    55889     4    -5     T
    13211  0.6700000E+03  0.50000E+00    2    55893     4    -5     T
    13213  0.6710000E+03  0.50000E+00    2    55897     4    -5     T
    13215  0.6720000E+03  0.50000E+00    2    55901     4    -5     T
    13217  0.6730000E+03  0.50000E+00    2    55905     4    -5     T
    13219  0.6740000E+03  0.50000E+00    2    55909     4    -5     T
    13221  0.6750000E+03  0.50000E+00    2    55913     4    -5     T
    13223  0.6760000E+03  0.50000E+00    2    55917     4    -5     T
    13225  0.6770000E+03  0.50000E+00    2    55921     4    -5     T
    13227  0.6780000E+03  0.50000E+00    2    55925     4    -5     T
    13229  0.6790000E+03  0.50000E+00    2    55929     4    -5     T
    13231  0.6800000E+03  0.50000E+00    2    55933     4    -5     T
    13233  0.6810000E+03  0.50000E+00    2    55937     4    -5     T
    13235  0.6820000E+03  0.50000E+00    2    55941     4    -5     T
    13237  0.6830000E+03  0.50000E+00    2    55945     4    -5     T
    13239  0.6840000E+03  0.50000E+00    2    55949     4    -5     T
    13241  0.6850000E+03  0.50000E+00    2    55953     4    -5     T
    13243  0.6860000E+03  0.50000E+00    2    55957     4    -5     T
    13245  0.6870000E+03  0.50000E+00    2    55961     4    -5     T
    13247  0.6880000E+03  0.50000E+00    2    55965     4    -5     T
    13249  0.6890000E+03  0.50000E+00    2    55969     4    -5     T
    13251  0.6900000E+03  0.50000E+00    2    55973     4    -5     T
    13253  0.6910000E+03  0.50000E+00    2    55977     4    -5     T
    13255  0.6920000E+03  0.50000E+00    2    55981     4    -5     T
    13257  0.6930000E+03  0.50000E+00    2    55985     4    -5     T
    13259  0.6940000E+03  0.50000E+00    2    55989     4    -5     T
    13261  0.6950000E+03  0.50000E+00    2    55993     4    -5     T
    13263  0.6960000E+03  0.50000E+00    2    55997     4    -5     T
    13265  0.6970000E+03  0.50000E+00    2    56001     4    -5     T
    13267  0.6980000E+03  0.50000E+00    2    56005     4    -5     T
    13269  0.6990000E+03  0.50000E+00    2    56009     4    -5     T
    13271  0.7000000E+03  0.50000E+00    2    56013     4    -5     T
    13273  0.7010000E+03  0.50000E+00    2    56017     4    -5     T
    13275  0.7020000E+03  0.50000E+00    2    56021     4    -5     T
    13277  0.7030000E+03  0.50000E+00    2    56025     4    -5     T
    13279  0.7040000E+03  0.50000E+00    2    56029     4    -5     T
    13281  0.7050000E+03  0.50000E+00    2    56033     4    -5     T
    13283  0.7060000E+03  0.50000E+00    2    56037     4    -5     T
    13285  0.7070000E+03  0.50000E+00    2    56041     4    -5     T
    13287  0.7080000E+03  0.50000E+00    2    56045     4    -5     T
    13289  0.7090000E+03  0.50000E+00    2    56049     4    -5     T
    13291  0.7100000E+03  0.50000E+00    2    56053     4    -5     T
    13293  0.7110000E+03  0.50000E+00    2    56057     4    -5     T
    13295  0.7120000E+03  0.50000E+00    2    56061     4    -5     T
    13297  0.7130000E+03  0.50000E+00    2    56065     4    -5     T
    13299  0.7140000E+03  0.50000E+00    2    56069     4    -5     T
    13301  0.7150000E+03  0.50000E+00    2    56073     4    -5     T
    13303  0.7160000E+03  0.50000E+00    2    56077     4    -5     T
    13305  0.7170000E+03  0.50000E+00    2    56081     4    -5     T
    13307  0.7180000E+03  0.50000E+00    2    56085     4    -5     T
    13309  0.7190000E+03  0.50000E+00    2    56089     4    -5     T
    13311  0.7200000E+03  0.50000E+00    2    56093     4    -5     T
    13313  0.7210000E+03  0.50000E+00    2    56097     4    -5     T
    13315  0.7220000E+03  0.50000E+00    2    56101     4    -5     T
    13317  0.7230000E+03  0.50000E+00    2    56105     4    -5     T
    13319  0.7240000E+03  0.50000E+00    2    56109     4    -5     T
    13321  0.7250000E+03  0.50000E+00    2    56113     4    -5     T
    13323  0.7260000E+03  0.50000E+00    2    56117     4    -5     T
    13325  0.7270000E+03  0.50000E+00    2    56121     4    -5     T
    13327  0.7280000E+03  0.50000E+00    2    56125     4    -5     T
    13329  0.7290000E+03  0.50000E+00    2    56129     4    -5     T
    13331  0.7300000E+03  0.50000E+00    2    56133     4    -5     T
    13333  0.7310000E+03  0.50000E+00    2    56137     4    -5     T
    13335  0.7320000E+03  0.50000E+00    2    56141     4    -5     T
    13337  0.7330000E+03  0.50000E+00    2    56145     4    -5     T
    13339  0.7340000E+03  0.50000E+00    2    56149     4    -5     T
    13341  0.7350000E+03  0.50000E+00    2    56153     4    -5     T
    13343  0.7360000E+03  0.50000E+00    2    56157     4    -5     T
    13345  0.7370000E+03  0.50000E+00    2    56161     4    -5     T
    13347  0.7380000E+03  0.50000E+00    2    56165     4    -5     T
    13349  0.7390000E+03  0.50000E+00    2    56169     4    -5     T
    13351  0.7400000E+03  0.50000E+00    2    56173     4    -5     T
    13353  0.7410000E+03  0.50000E+00    2    56177     4    -5     T
    13355  0.7420000E+03  0.50000E+00    2    56181     4    -5     T
    13357  0.7430000E+03  0.50000E+00    2    56185     4    -5     T
    13359  0.7440000E+03  0.50000E+00    2    56189     4    -5     T
    13361  0.7450000E+03  0.50000E+00    2    56193     4    -5     T
    13363  0.7460000E+03  0.50000E+00    2    56197     4    -5     T
    13365  0.7470000E+03  0.50000E+00    2    56201     4    -5     T
    13367  0.7480000E+03  0.50000E+00    2    56205     4    -5     T
    13369  0.7490000E+03  0.50000E+00    2    56209     4    -5     T
    13371  0.7500000E+03  0.50000E+00    2    56213     4    -5     T
    13373  0.7510000E+03  0.50000E+00    2    56217     4    -5     T
    13375  0.7520000E+03  0.50000E+00    2    56221     4    -5     T
    13377  0.7530000E+03  0.50000E+00    2    56225     4    -5     T
    13379  0.7540000E+03  0.50000E+00    2    56229     4    -5     T
    13381  0.7550000E+03  0.50000E+00    2    56233     4    -5     T
    13383  0.7560000E+03  0.50000E+00    2    56237     4    -5     T
end
