

   Time         sum(rTop)     sum(rRoot)    sum(vTop)     sum(vRoot)     sum(vBot)    hTop       hRoot      hBot      A-level
    [T]           [L]           [L]           [L]           [L]            [L]        [L]         [L]       [L] 

     1.00000  0.000000E+00  0.000000E+00  0.111637E-07  0.000000E+00 -0.120252E-04    -15.089     -7.550    -15.047       1
     2.00000  0.355600E-01  0.000000E+00  0.355600E-01  0.000000E+00 -0.238866E-04   -146.519     -7.559    -15.093       2
     3.00000  0.142240E+00  0.000000E+00  0.142240E+00  0.000000E+00 -0.356138E-04 -52134.164     -7.594    -15.139       3
     4.00000  0.218440E+00  0.000000E+00  0.153322E+00  0.000000E+00 -0.472218E-04***********     -7.632    -15.184       4
     5.00000  0.251460E+00  0.000000E+00  0.154364E+00  0.000000E+00 -0.586659E-04***********     -7.644    -15.229       5
     6.00000  0.299720E+00  0.000000E+00  0.154858E+00  0.000000E+00 -0.699609E-04***********     -7.650    -15.273       6
     7.00000  0.426720E+00  0.000000E+00  0.155123E+00  0.000000E+00 -0.811070E-04***********     -7.653    -15.316       7
     8.00000  0.612140E+00  0.000000E+00  0.155289E+00  0.000000E+00 -0.921339E-04***********     -7.655    -15.359       8
     9.00000  0.789940E+00  0.000000E+00  0.155413E+00  0.000000E+00 -0.103012E-03***********     -7.657    -15.402       9
    10.00000  0.886460E+00  0.000000E+00  0.155515E+00  0.000000E+00 -0.113770E-03***********     -7.658    -15.444      10
    11.00000  0.932180E+00  0.000000E+00  0.155605E+00  0.000000E+00 -0.124380E-03***********     -7.659    -15.485      11
    12.00000  0.112522E+01  0.000000E+00  0.155687E+00  0.000000E+00 -0.134870E-03***********     -7.660    -15.526      12
    13.00000  0.135636E+01  0.000000E+00  0.155763E+00  0.000000E+00 -0.145242E-03***********     -7.661    -15.566      13
    14.00000  0.152908E+01  0.000000E+00  0.155833E+00  0.000000E+00 -0.155494E-03***********     -7.662    -15.606      14
    15.00000  0.156210E+01  0.000000E+00  0.155898E+00  0.000000E+00 -0.165597E-03***********     -7.663    -15.646      15
    16.00000  0.158242E+01  0.000000E+00  0.155959E+00  0.000000E+00 -0.175580E-03***********     -7.664    -15.685      16
    17.00000  0.162560E+01  0.000000E+00  0.156017E+00  0.000000E+00 -0.185445E-03***********     -7.664    -15.723      17
    18.00000  0.178562E+01  0.000000E+00  0.156071E+00  0.000000E+00 -0.195190E-03***********     -7.665    -15.761      18
    19.00000  0.189230E+01  0.000000E+00  0.156122E+00  0.000000E+00 -0.204816E-03***********     -7.666    -15.799      19
    20.00000  0.201930E+01  0.000000E+00  0.156170E+00  0.000000E+00 -0.214323E-03***********     -7.667    -15.836      20
    21.00000  0.220218E+01  0.000000E+00  0.156215E+00  0.000000E+00 -0.223741E-03***********     -7.667    -15.872      21
    22.00000  0.228092E+01  0.000000E+00  0.156258E+00  0.000000E+00 -0.233039E-03***********     -7.668    -15.909      22
    23.00000  0.236982E+01  0.000000E+00  0.156299E+00  0.000000E+00 -0.242218E-03***********     -7.668    -15.944      23
    24.00000  0.245364E+01  0.000000E+00  0.156338E+00  0.000000E+00 -0.251278E-03***********     -7.669    -15.980      24
    25.00000  0.251460E+01  0.000000E+00  0.156375E+00  0.000000E+00 -0.260234E-03***********     -7.669    -16.014      25
    26.00000  0.266700E+01  0.000000E+00  0.156410E+00  0.000000E+00 -0.269085E-03***********     -7.670    -16.049      26
    27.00000  0.271272E+01  0.000000E+00  0.156444E+00  0.000000E+00 -0.277817E-03***********     -7.670    -16.083      27
    28.00000  0.274701E+01  0.000000E+00  0.156476E+00  0.000000E+00 -0.286460E-03***********     -7.671    -16.117      28
    29.00000  0.276987E+01  0.000000E+00  0.156506E+00  0.000000E+00 -0.294983E-03***********     -7.671    -16.150      29
    30.00000  0.282575E+01  0.000000E+00  0.156536E+00  0.000000E+00 -0.303417E-03***********     -7.671    -16.183      30
    31.00000  0.292989E+01  0.000000E+00  0.156564E+00  0.000000E+00 -0.311747E-03***********     -7.672    -16.215      31
    32.00000  0.304165E+01  0.000000E+00  0.156591E+00  0.000000E+00 -0.319973E-03***********     -7.672    -16.247      32
    33.00000  0.318643E+01  0.000000E+00  0.156616E+00  0.000000E+00 -0.328094E-03***********     -7.673    -16.279      33
    34.00000  0.344805E+01  0.000000E+00  0.156641E+00  0.000000E+00 -0.336125E-03***********     -7.673    -16.310      34
    35.00000  0.364109E+01  0.000000E+00  0.156665E+00  0.000000E+00 -0.344053E-03***********     -7.673    -16.341      35
    36.00000  0.384175E+01  0.000000E+00  0.156688E+00  0.000000E+00 -0.351891E-03***********     -7.673    -16.372      36
    37.00000  0.399415E+01  0.000000E+00  0.156710E+00  0.000000E+00 -0.359625E-03***********     -7.674    -16.402      37
    38.00000  0.420751E+01  0.000000E+00  0.156731E+00  0.000000E+00 -0.367269E-03***********     -7.674    -16.432      38
    39.00000  0.431165E+01  0.000000E+00  0.156751E+00  0.000000E+00 -0.374824E-03***********     -7.674    -16.461      39
    40.00000  0.454787E+01  0.000000E+00  0.156771E+00  0.000000E+00 -0.382289E-03***********     -7.675    -16.490      40
    41.00000  0.481965E+01  0.000000E+00  0.156790E+00  0.000000E+00 -0.389665E-03***********     -7.675    -16.519      41
    42.00000  0.499745E+01  0.000000E+00  0.156808E+00  0.000000E+00 -0.396952E-03***********     -7.675    -16.548      42
    43.00000  0.531495E+01  0.000000E+00  0.156826E+00  0.000000E+00 -0.404149E-03***********     -7.675    -16.576      43
    44.00000  0.555117E+01  0.000000E+00  0.156843E+00  0.000000E+00 -0.411257E-03***********     -7.676    -16.603      44
    45.00000  0.561721E+01  0.000000E+00  0.156859E+00  0.000000E+00 -0.418276E-03***********     -7.676    -16.631      45
    46.00000  0.574929E+01  0.000000E+00  0.156875E+00  0.000000E+00 -0.425205E-03***********     -7.676    -16.658      46
    47.00000  0.603631E+01  0.000000E+00  0.156891E+00  0.000000E+00 -0.432059E-03***********     -7.676    -16.684      47
    48.00000  0.627761E+01  0.000000E+00  0.156906E+00  0.000000E+00 -0.438824E-03***********     -7.676    -16.711      48
    49.00000  0.642239E+01  0.000000E+00  0.156920E+00  0.000000E+00 -0.445515E-03***********     -7.677    -16.737      49
    50.00000  0.658749E+01  0.000000E+00  0.156934E+00  0.000000E+00 -0.452116E-03***********     -7.677    -16.763      50
    51.00000  0.666369E+01  0.000000E+00  0.156948E+00  0.000000E+00 -0.458643E-03***********     -7.677    -16.788      51
    52.00000  0.672973E+01  0.000000E+00  0.156961E+00  0.000000E+00 -0.465095E-03***********     -7.677    -16.813      52
    53.00000  0.675259E+01  0.000000E+00  0.156974E+00  0.000000E+00 -0.471458E-03***********     -7.677    -16.838      53
    54.00000  0.677037E+01  0.000000E+00  0.156986E+00  0.000000E+00 -0.477746E-03***********     -7.677    -16.863      54
    55.00000  0.682625E+01  0.000000E+00  0.156999E+00  0.000000E+00 -0.483960E-03***********     -7.678    -16.887      55
    56.00000  0.701167E+01  0.000000E+00  0.157010E+00  0.000000E+00 -0.490099E-03***********     -7.678    -16.911      56
    57.00000  0.721233E+01  0.000000E+00  0.157022E+00  0.000000E+00 -0.496164E-03***********     -7.678    -16.934      57
    58.00000  0.735965E+01  0.000000E+00  0.157033E+00  0.000000E+00 -0.502154E-03***********     -7.678    -16.958      58
    59.00000  0.741553E+01  0.000000E+00  0.157044E+00  0.000000E+00 -0.508070E-03***********     -7.678    -16.981      59
    60.00000  0.753999E+01  0.000000E+00  0.157054E+00  0.000000E+00 -0.513926E-03***********     -7.678    -17.004      60
    61.00000  0.775843E+01  0.000000E+00  0.157064E+00  0.000000E+00 -0.519693E-03***********     -7.679    -17.026      61
    62.00000  0.791337E+01  0.000000E+00  0.157074E+00  0.000000E+00 -0.525400E-03***********     -7.679    -17.048      62
    63.00000  0.808863E+01  0.000000E+00  0.157084E+00  0.000000E+00 -0.531048E-03***********     -7.679    -17.070      63
    64.00000  0.812419E+01  0.000000E+00  0.157093E+00  0.000000E+00 -0.536606E-03***********     -7.679    -17.092      64
    65.00000  0.817499E+01  0.000000E+00  0.157102E+00  0.000000E+00 -0.542104E-03***********     -7.679    -17.113      65
    66.00000  0.823595E+01  0.000000E+00  0.157111E+00  0.000000E+00 -0.547543E-03***********     -7.679    -17.135      66
    67.00000  0.827913E+01  0.000000E+00  0.157120E+00  0.000000E+00 -0.552922E-03***********     -7.679    -17.156      67
    68.00000  0.834263E+01  0.000000E+00  0.157129E+00  0.000000E+00 -0.558227E-03***********     -7.679    -17.176      68
    69.00000  0.837057E+01  0.000000E+00  0.157137E+00  0.000000E+00 -0.563458E-03***********     -7.679    -17.197      69
    70.00000  0.842137E+01  0.000000E+00  0.157145E+00  0.000000E+00 -0.568628E-03***********     -7.680    -17.217      70
    71.00000  0.848741E+01  0.000000E+00  0.157153E+00  0.000000E+00 -0.573739E-03***********     -7.680    -17.237      71
    72.00000  0.866013E+01  0.000000E+00  0.157160E+00  0.000000E+00 -0.578791E-03***********     -7.680    -17.256      72
    73.00000  0.888111E+01  0.000000E+00  0.157168E+00  0.000000E+00 -0.583783E-03***********     -7.680    -17.276      73
    74.00000  0.897509E+01  0.000000E+00  0.157175E+00  0.000000E+00 -0.588715E-03***********     -7.680    -17.295      74
    75.00000  0.908431E+01  0.000000E+00  0.157182E+00  0.000000E+00 -0.593588E-03***********     -7.680    -17.314      75
    76.00000  0.921639E+01  0.000000E+00  0.157190E+00  0.000000E+00 -0.598401E-03***********     -7.680    -17.333      76
    77.00000  0.940943E+01  0.000000E+00  0.157197E+00  0.000000E+00 -0.603154E-03***********     -7.680    -17.351      77
    78.00000  0.956437E+01  0.000000E+00  0.157204E+00  0.000000E+00 -0.607848E-03***********     -7.680    -17.370      78
    79.00000  0.965073E+01  0.000000E+00  0.157211E+00  0.000000E+00 -0.612482E-03***********     -7.680    -17.388      79
    80.00000  0.978027E+01  0.000000E+00  0.157218E+00  0.000000E+00 -0.617057E-03***********     -7.680    -17.406      80
    81.00000  0.991997E+01  0.000000E+00  0.157225E+00  0.000000E+00 -0.621572E-03***********     -7.680    -17.423      81
    82.00000  0.101232E+02  0.000000E+00  0.157233E+00  0.000000E+00 -0.626057E-03***********     -7.680    -17.441      82
    83.00000  0.102781E+02  0.000000E+00  0.157240E+00  0.000000E+00 -0.630483E-03***********     -7.680    -17.458      83
    84.00000  0.103899E+02  0.000000E+00  0.157247E+00  0.000000E+00 -0.634849E-03***********     -7.680    -17.475      84
    85.00000  0.104991E+02  0.000000E+00  0.157254E+00  0.000000E+00 -0.639156E-03***********     -7.681    -17.492      85
    86.00000  0.106693E+02  0.000000E+00  0.157261E+00  0.000000E+00 -0.643417E-03***********     -7.681    -17.508      86
    87.00000  0.107912E+02  0.000000E+00  0.157268E+00  0.000000E+00 -0.647634E-03***********     -7.681    -17.525      87
    88.00000  0.109131E+02  0.000000E+00  0.157276E+00  0.000000E+00 -0.651792E-03***********     -7.681    -17.541      88
    89.00000  0.109944E+02  0.000000E+00  0.157283E+00  0.000000E+00 -0.655890E-03***********     -7.681    -17.557      89
    90.00000  0.111900E+02  0.000000E+00  0.157290E+00  0.000000E+00 -0.659958E-03***********     -7.681    -17.573      90
    91.00000  0.111900E+02  0.254000E+00  0.157290E+00  0.254000E+00 -0.663966E-03-997306.625    -42.265    -17.588      91
    92.00000  0.111900E+02  0.485140E+00  0.157290E+00  0.485140E+00 -0.667915E-03-997312.500    -98.106    -17.604      92
    93.00000  0.111900E+02  0.594360E+00  0.157290E+00  0.594360E+00 -0.671834E-03-997312.750   -153.357    -17.619      93
    94.00000  0.111900E+02  0.660400E+00  0.157290E+00  0.660400E+00 -0.675693E-03-997311.625   -191.804    -17.634      94
    95.00000  0.111900E+02  0.822960E+00  0.157290E+00  0.822960E+00 -0.679523E-03-997311.875   -260.094    -17.649      95
    96.00000  0.111900E+02  0.115570E+01  0.157290E+00  0.107066E+01 -0.683293E-03-997312.125   -448.977    -17.664      96
    97.00000  0.111900E+02  0.152908E+01  0.157290E+00  0.126161E+01 -0.687018E-03-997312.375   -688.588    -17.678      97
    98.00000  0.111900E+02  0.190754E+01  0.157290E+00  0.139637E+01 -0.690699E-03-997312.625   -884.534    -17.693      98
    99.00000  0.111900E+02  0.236474E+01  0.157290E+00  0.150152E+01 -0.694335E-03-997311.500  -1042.543    -17.707      99
   100.00000  0.111900E+02  0.291338E+01  0.157290E+00  0.158261E+01 -0.697926E-03-997311.750  -1167.516    -17.721     100
   101.00000  0.111900E+02  0.338582E+01  0.157290E+00  0.163172E+01 -0.701472E-03-997312.000  -1259.637    -17.735     101
   102.00000  0.111900E+02  0.356870E+01  0.157290E+00  0.164723E+01 -0.704974E-03-997312.250  -1306.940    -17.748     102
   103.00000  0.111900E+02  0.366522E+01  0.157290E+00  0.165480E+01 -0.708446E-03-997312.500  -1320.888    -17.762     103
   104.00000  0.111900E+02  0.384556E+01  0.157290E+00  0.166814E+01 -0.711858E-03-997312.750  -1335.476    -17.775     104
   105.00000  0.111900E+02  0.413766E+01  0.157290E+00  0.168734E+01 -0.715241E-03-997311.625  -1358.208    -17.788     105
   106.00000  0.111900E+02  0.454406E+01  0.157290E+00  0.170747E+01 -0.718579E-03-997311.875  -1388.753    -17.801     106
   107.00000  0.111900E+02  0.489458E+01  0.157290E+00  0.172144E+01 -0.721872E-03-997312.125  -1415.430    -17.814     107
   108.00000  0.111900E+02  0.501904E+01  0.157290E+00  0.172591E+01 -0.725135E-03-997312.375  -1429.879    -17.827     108
   109.00000  0.111900E+02  0.514350E+01  0.157290E+00  0.172996E+01 -0.728354E-03-997312.625  -1436.994    -17.839     109
   110.00000  0.111900E+02  0.528066E+01  0.157290E+00  0.173407E+01 -0.731528E-03-997311.500  -1442.543    -17.852     110
   111.00000  0.111900E+02  0.539496E+01  0.157290E+00  0.173731E+01 -0.734672E-03-997311.750  -1446.761    -17.864     111
   112.00000  0.111900E+02  0.561086E+01  0.157290E+00  0.174300E+01 -0.737771E-03-997312.000  -1451.748    -17.876     112
   113.00000  0.111900E+02  0.586994E+01  0.157290E+00  0.174944E+01 -0.740841E-03-997312.250  -1457.726    -17.888     113
   114.00000  0.111900E+02  0.615188E+01  0.157290E+00  0.175612E+01 -0.743866E-03-997312.500  -1463.319    -17.900     114
   115.00000  0.111900E+02  0.651256E+01  0.157290E+00  0.176445E+01 -0.746861E-03-997312.750  -1470.020    -17.912     115
   116.00000  0.111900E+02  0.688086E+01  0.157290E+00  0.177288E+01 -0.749826E-03-997311.625  -1477.141    -17.923     116
   117.00000  0.111900E+02  0.711708E+01  0.157290E+00  0.177826E+01 -0.752747E-03-997311.875  -1484.243    -17.935     117
   118.00000  0.111900E+02  0.749554E+01  0.157290E+00  0.178684E+01 -0.755638E-03-997312.125  -1492.304    -17.946     118
   119.00000  0.111900E+02  0.785876E+01  0.157290E+00  0.179449E+01 -0.758484E-03-997312.375  -1503.685    -17.957     119
   120.00000  0.111900E+02  0.827024E+01  0.157290E+00  0.180176E+01 -0.761300E-03-997312.625  -1516.534    -17.968     120
   121.00000  0.111900E+02  0.866648E+01  0.157290E+00  0.190450E+01 -0.764087E-03-997311.500   -741.390    -17.979     121
   122.00000  0.111900E+02  0.901954E+01  0.157290E+00  0.201688E+01 -0.766844E-03-997311.750   -766.366    -17.990     122
   123.00000  0.111900E+02  0.938276E+01  0.157290E+00  0.212831E+01 -0.769556E-03-997312.000   -783.921    -18.000     123
   124.00000  0.111900E+02  0.978154E+01  0.157290E+00  0.224860E+01 -0.772238E-03-997312.250   -798.849    -18.011     124
   125.00000  0.111900E+02  0.100203E+02  0.157290E+00  0.232016E+01 -0.774890E-03-997312.500   -810.875    -18.021     125
   126.00000  0.111900E+02  0.101143E+02  0.157290E+00  0.234829E+01 -0.777513E-03-997312.750   -817.467    -18.031     126
   127.00000  0.111900E+02  0.104038E+02  0.157290E+00  0.243489E+01 -0.780106E-03-997311.625   -825.682    -18.041     127
   128.00000  0.111900E+02  0.107747E+02  0.157290E+00  0.254576E+01 -0.782654E-03-997311.875   -842.052    -18.051     128
   129.00000  0.111900E+02  0.110490E+02  0.157290E+00  0.262776E+01 -0.785172E-03-997312.125   -861.882    -18.061     129
   130.00000  0.111900E+02  0.113741E+02  0.157290E+00  0.272494E+01 -0.787660E-03-997312.375   -886.499    -18.071     130
   131.00000  0.111900E+02  0.116027E+02  0.157290E+00  0.279243E+01 -0.790119E-03-997312.625   -914.959    -18.080     131
   132.00000  0.111900E+02  0.119024E+02  0.157290E+00  0.287540E+01 -0.792548E-03-997311.500   -947.956    -18.090     132
   133.00000  0.111900E+02  0.120853E+02  0.157290E+00  0.292356E+01 -0.794947E-03-997311.750   -980.352    -18.099     133
   134.00000  0.111900E+02  0.122987E+02  0.157290E+00  0.297531E+01 -0.797316E-03-997312.000  -1008.552    -18.108     134
   135.00000  0.111900E+02  0.127279E+02  0.157290E+00  0.306364E+01 -0.799656E-03-997312.250  -1047.633    -18.117     135
   136.00000  0.111900E+02  0.132461E+02  0.157290E+00  0.315205E+01 -0.801980E-03-997312.500  -1098.563    -18.126     136
   137.00000  0.111900E+02  0.134315E+02  0.157290E+00  0.318247E+01 -0.804275E-03-997312.750  -1132.867    -18.135     137
   138.00000  0.111900E+02  0.137668E+02  0.157290E+00  0.323026E+01 -0.806540E-03-997311.625  -1158.851    -18.144     138
   139.00000  0.111900E+02  0.141935E+02  0.157290E+00  0.328209E+01 -0.808775E-03-997311.875  -1189.310    -18.153     139
   140.00000  0.111900E+02  0.145999E+02  0.157290E+00  0.332578E+01 -0.810981E-03-997312.125  -1218.670    -18.162     140
   141.00000  0.111900E+02  0.150444E+02  0.157290E+00  0.336705E+01 -0.813156E-03-997312.375  -1244.399    -18.170     141
   142.00000  0.111900E+02  0.153949E+02  0.157290E+00  0.339690E+01 -0.815317E-03-997312.625  -1266.742    -18.178     142
   143.00000  0.111900E+02  0.158039E+02  0.157290E+00  0.342782E+01 -0.817448E-03-997311.500  -1286.726    -18.187     143
   144.00000  0.111900E+02  0.160833E+02  0.157290E+00  0.344791E+01 -0.819549E-03-997311.750  -1302.466    -18.195     144
   145.00000  0.111900E+02  0.162306E+02  0.157290E+00  0.345828E+01 -0.821620E-03-997312.000  -1312.406    -18.203     145
   146.00000  0.111900E+02  0.163500E+02  0.157290E+00  0.346642E+01 -0.823677E-03-997312.250  -1318.904    -18.211     146
   147.00000  0.111900E+02  0.164592E+02  0.157290E+00  0.347365E+01 -0.825703E-03-997312.500  -1324.406    -18.219     147
   148.00000  0.111900E+02  0.168377E+02  0.157290E+00  0.349491E+01 -0.827700E-03-997312.750  -1334.387    -18.227     148
   149.00000  0.111900E+02  0.172796E+02  0.157290E+00  0.351708E+01 -0.829682E-03-997311.625  -1347.737    -18.235     149
   150.00000  0.111900E+02  0.177292E+02  0.157290E+00  0.353770E+01 -0.831634E-03-997311.875  -1361.188    -18.242     150
   151.00000  0.111900E+02  0.180645E+02  0.157290E+00  0.355247E+01 -0.833571E-03-997312.125  -1371.821    -18.250     151
   152.00000  0.111900E+02  0.183261E+02  0.157290E+00  0.360062E+01 -0.835478E-03-997312.375   -912.100    -18.257     152
   153.00000  0.111900E+02  0.184302E+02  0.157290E+00  0.362448E+01 -0.837356E-03-997312.625   -919.579    -18.264     153
   154.00000  0.111900E+02  0.186207E+02  0.157290E+00  0.366747E+01 -0.839218E-03-997311.500   -925.987    -18.272     154
   155.00000  0.111900E+02  0.190373E+02  0.157290E+00  0.375630E+01 -0.841066E-03-997311.750   -937.498    -18.279     155
   156.00000  0.111900E+02  0.194132E+02  0.157290E+00  0.383414E+01 -0.842884E-03-997312.000   -951.441    -18.286     156
   157.00000  0.111900E+02  0.197358E+02  0.157290E+00  0.389933E+01 -0.844672E-03-997312.250   -963.169    -18.293     157
   158.00000  0.111900E+02  0.201549E+02  0.157290E+00  0.398127E+01 -0.846446E-03-997312.500   -976.208    -18.300     158
   159.00000  0.111900E+02  0.204394E+02  0.157290E+00  0.403616E+01 -0.848204E-03-997312.750   -987.793    -18.307     159
   160.00000  0.111900E+02  0.206324E+02  0.157290E+00  0.407305E+01 -0.849932E-03-997311.625   -996.089    -18.313     160
   161.00000  0.111900E+02  0.208788E+02  0.157290E+00  0.411856E+01 -0.851646E-03-997311.875  -1003.826    -18.320     161
   162.00000  0.111900E+02  0.212903E+02  0.157290E+00  0.419091E+01 -0.853330E-03-997312.125  -1014.242    -18.327     162
   163.00000  0.111900E+02  0.217043E+02  0.157290E+00  0.426157E+01 -0.854999E-03-997312.375  -1026.434    -18.333     163
   164.00000  0.111900E+02  0.221691E+02  0.157290E+00  0.433862E+01 -0.856638E-03-997312.625  -1039.675    -18.340     164
   165.00000  0.111900E+02  0.226187E+02  0.157290E+00  0.441086E+01 -0.858262E-03-997311.500  -1052.935    -18.346     165
   166.00000  0.111900E+02  0.228879E+02  0.157290E+00  0.445415E+01 -0.859872E-03-997311.750  -1063.221    -18.352     166
   167.00000  0.111900E+02  0.233197E+02  0.157290E+00  0.451977E+01 -0.861451E-03-997312.000  -1074.314    -18.358     167
   168.00000  0.111900E+02  0.237134E+02  0.157290E+00  0.457808E+01 -0.863031E-03-997312.250  -1086.579    -18.365     168
   169.00000  0.111900E+02  0.240538E+02  0.157290E+00  0.462734E+01 -0.864580E-03-997312.500  -1098.202    -18.371     169
   170.00000  0.111900E+02  0.245237E+02  0.157290E+00  0.469308E+01 -0.866115E-03-997312.750  -1110.877    -18.377     170
   171.00000  0.111900E+02  0.249682E+02  0.157290E+00  0.475345E+01 -0.867635E-03-997311.625  -1125.591    -18.382     171
   172.00000  0.111900E+02  0.253162E+02  0.157290E+00  0.479996E+01 -0.869125E-03-997311.875  -1138.718    -18.388     172
   173.00000  0.111900E+02  0.257226E+02  0.157290E+00  0.485188E+01 -0.870600E-03-997312.125  -1152.244    -18.394     173
   174.00000  0.111900E+02  0.260426E+02  0.157290E+00  0.489205E+01 -0.872061E-03-997312.375  -1165.313    -18.400     174
   175.00000  0.111900E+02  0.264439E+02  0.157290E+00  0.493893E+01 -0.873506E-03-997312.625  -1179.622    -18.405     175
   176.00000  0.902887E+01  0.267843E+02 -0.951019E+00  0.502688E+01 -0.873834E-03      0.000   -929.813    -18.407     176
   177.00000  0.736767E+01  0.272237E+02 -0.149984E+01  0.516552E+01 -0.874475E-03      0.000   -829.857    -18.409     177
   178.00000  0.539717E+01  0.275641E+02 -0.200252E+01  0.527340E+01 -0.875190E-03      0.000   -731.592    -18.412     178
   179.00000  0.539717E+01  0.279146E+02 -0.200252E+01  0.548205E+01 -0.876561E-03    -14.705   -756.333    -18.417     179
   180.00000  0.209007E+01  0.283845E+02 -0.254784E+01  0.564345E+01 -0.877529E-03      0.000   -701.403    -18.421     180
   181.00000  0.209007E+01  0.288493E+02 -0.254784E+01  0.593482E+01 -0.878915E-03    -14.886   -732.563    -18.426     181
   182.00000 -0.121193E+01  0.294386E+02 -0.311117E+01  0.616104E+01 -0.879914E-03      0.000   -686.297    -18.430     182
   183.00000 -0.121193E+01  0.298882E+02 -0.311117E+01  0.645817E+01 -0.881270E-03    -14.959   -718.746    -18.436     183
   184.00000 -0.368923E+01  0.302641E+02 -0.366487E+01  0.659713E+01 -0.882119E-03      0.000   -664.652    -18.439     184
   185.00000 -0.368923E+01  0.305638E+02 -0.366487E+01  0.680659E+01 -0.883400E-03    -14.540   -687.283    -18.444     185
   186.00000 -0.368923E+01  0.309575E+02 -0.366487E+01  0.707618E+01 -0.884697E-03    -16.237   -716.702    -18.449     186
   187.00000 -0.368923E+01  0.313512E+02 -0.366487E+01  0.733989E+01 -0.885978E-03    -17.735   -749.429    -18.454     187
   188.00000 -0.368923E+01  0.317627E+02 -0.366487E+01  0.761029E+01 -0.887260E-03    -18.624   -784.645    -18.459     188
   189.00000 -0.368923E+01  0.321894E+02 -0.366487E+01  0.788621E+01 -0.888512E-03    -18.953   -824.165    -18.464     189
   190.00000 -0.368923E+01  0.326542E+02 -0.366487E+01  0.818340E+01 -0.889763E-03    -19.348   -874.980    -18.469     190
   191.00000 -0.368923E+01  0.330733E+02 -0.366487E+01  0.844993E+01 -0.890985E-03    -19.898   -946.524    -18.474     191
   192.00000 -0.368923E+01  0.334035E+02 -0.366487E+01  0.864657E+01 -0.892207E-03    -20.582  -1037.141    -18.478     192
   193.00000 -0.368923E+01  0.338379E+02 -0.366487E+01  0.882959E+01 -0.893399E-03    -21.325  -1147.908    -18.483     193
   194.00000 -0.504944E+01  0.342315E+02 -0.459116E+01  0.899217E+01 -0.893608E-03      0.000  -1016.341    -18.484     194
   195.00000 -0.631944E+01  0.345846E+02 -0.513512E+01  0.912026E+01 -0.894174E-03      0.000   -952.352    -18.486     195
   196.00000 -0.758944E+01  0.349986E+02 -0.563519E+01  0.924334E+01 -0.894770E-03      0.000   -882.285    -18.488     196
   197.00000 -0.885944E+01  0.354304E+02 -0.612412E+01  0.934823E+01 -0.895306E-03      0.000   -799.129    -18.490     197
   198.00000 -0.101396E+02  0.358978E+02 -0.660754E+01  0.944851E+01 -0.895843E-03      0.000   -696.184    -18.492     198
   199.00000 -0.126796E+02  0.363422E+02 -0.708642E+01  0.953588E+01 -0.896409E-03      0.000   -592.482    -18.495     199
   200.00000 -0.126796E+02  0.367613E+02 -0.708642E+01  0.986103E+01 -0.897557E-03    -14.846   -618.629    -18.499     200
   201.00000 -0.139496E+02  0.372008E+02 -0.762931E+01  0.100509E+02 -0.898287E-03      0.000   -598.022    -18.502     201
   202.00000 -0.139496E+02  0.376732E+02 -0.762931E+01  0.104157E+02 -0.899389E-03    -14.880   -626.186    -18.506     202
   203.00000 -0.139496E+02  0.381405E+02 -0.762931E+01  0.107768E+02 -0.900507E-03    -16.908   -652.022    -18.511     203
   204.00000 -0.139496E+02  0.386003E+02 -0.762931E+01  0.111317E+02 -0.901610E-03    -18.276   -682.010    -18.515     204
   205.00000 -0.139496E+02  0.390702E+02 -0.762931E+01  0.114939E+02 -0.902683E-03    -18.843   -720.820    -18.519     205
   206.00000 -0.139496E+02  0.395350E+02 -0.762931E+01  0.118519E+02 -0.903755E-03    -19.266   -774.633    -18.523     206
   207.00000 -0.139496E+02  0.399846E+02 -0.762931E+01  0.121963E+02 -0.904813E-03    -19.821   -852.673    -18.527     207
   208.00000 -0.139496E+02  0.403250E+02 -0.762931E+01  0.124414E+02 -0.905856E-03    -20.538   -956.045    -18.531     208
   209.00000 -0.139496E+02  0.406856E+02 -0.762931E+01  0.126496E+02 -0.906900E-03    -21.300  -1071.475    -18.536     209
   210.00000 -0.139496E+02  0.410793E+02 -0.762931E+01  0.128103E+02 -0.907913E-03    -21.993  -1189.429    -18.539     210
   211.00000 -0.139496E+02  0.414705E+02 -0.762931E+01  0.129175E+02 -0.908926E-03    -22.534  -1282.870    -18.543     211
   212.00000 -0.139496E+02  0.418845E+02 -0.762931E+01  0.129881E+02 -0.909925E-03    -22.917  -1353.021    -18.547     212
   213.00000 -0.139496E+02  0.423239E+02 -0.762931E+01  0.130322E+02 -0.910908E-03    -23.178  -1403.641    -18.551     213
   214.00000 -0.139496E+02  0.427608E+02 -0.762931E+01  0.130584E+02 -0.911877E-03    -23.352  -1435.634    -18.555     214
   215.00000 -0.139496E+02  0.431571E+02 -0.762931E+01  0.130736E+02 -0.912830E-03    -23.467  -1454.584    -18.559     215
   216.00000 -0.139496E+02  0.435152E+02 -0.762931E+01  0.130833E+02 -0.913784E-03    -23.543  -1465.160    -18.562     216
   217.00000 -0.139496E+02  0.437108E+02 -0.762931E+01  0.130879E+02 -0.914723E-03    -23.593  -1470.677    -18.566     217
   218.00000 -0.139496E+02  0.438606E+02 -0.762931E+01  0.130911E+02 -0.915647E-03    -23.627  -1473.628    -18.570     218
   219.00000 -0.139496E+02  0.442010E+02 -0.762931E+01  0.130967E+02 -0.916570E-03    -23.649  -1476.752    -18.573     219
   220.00000 -0.139496E+02  0.445566E+02 -0.762931E+01  0.131018E+02 -0.917464E-03    -23.670  -1479.685    -18.577     220
   221.00000 -0.139496E+02  0.449630E+02 -0.762931E+01  0.131071E+02 -0.918359E-03    -23.690  -1482.453    -18.580     221
   222.00000 -0.139496E+02  0.454253E+02 -0.762931E+01  0.131125E+02 -0.919238E-03    -23.710  -1485.022    -18.584     222
   223.00000 -0.139496E+02  0.458241E+02 -0.762931E+01  0.131172E+02 -0.920102E-03    -23.730  -1487.253    -18.587     223
   224.00000 -0.139496E+02  0.460933E+02 -0.762931E+01  0.131204E+02 -0.920966E-03    -23.749  -1489.010    -18.590     224
   225.00000 -0.139496E+02  0.464489E+02 -0.762931E+01  0.131244E+02 -0.921816E-03    -23.769  -1490.666    -18.594     225
   226.00000 -0.139496E+02  0.468604E+02 -0.762931E+01  0.131287E+02 -0.922650E-03    -23.789  -1492.448    -18.597     226
   227.00000 -0.139496E+02  0.472973E+02 -0.762931E+01  0.131332E+02 -0.923485E-03    -23.809  -1494.298    -18.600     227
   228.00000 -0.139496E+02  0.476198E+02 -0.762931E+01  0.131366E+02 -0.924304E-03    -23.828  -1495.932    -18.603     228
   229.00000 -0.139496E+02  0.480694E+02 -0.762931E+01  0.131410E+02 -0.925109E-03    -23.848  -1497.807    -18.607     229
   230.00000 -0.139496E+02  0.486231E+02 -0.762931E+01  0.131462E+02 -0.925913E-03    -23.867  -1499.911    -18.610     230
   231.00000 -0.139496E+02  0.489229E+02 -0.762931E+01  0.131490E+02 -0.926703E-03    -23.887  -1501.595    -18.613     231
   232.00000 -0.139496E+02  0.491743E+02 -0.762931E+01  0.131514E+02 -0.927478E-03    -23.906  -1502.854    -18.616     232
   233.00000 -0.139496E+02  0.492937E+02 -0.762931E+01  0.131526E+02 -0.928253E-03    -23.926  -1503.680    -18.619     233
   234.00000 -0.139496E+02  0.496544E+02 -0.762931E+01  0.131558E+02 -0.929013E-03    -23.945  -1504.729    -18.622     234
   235.00000 -0.139496E+02  0.500582E+02 -0.762931E+01  0.131593E+02 -0.929758E-03    -23.964  -1506.131    -18.625     235
   236.00000 -0.139496E+02  0.504214E+02 -0.762931E+01  0.131625E+02 -0.930503E-03    -23.983  -1507.481    -18.628     236
   237.00000 -0.139496E+02  0.507034E+02 -0.762931E+01  0.131649E+02 -0.931248E-03    -24.002  -1508.601    -18.630     237
   238.00000 -0.139496E+02  0.510717E+02 -0.762931E+01  0.131680E+02 -0.931963E-03    -24.021  -1509.715    -18.633     238
   239.00000 -0.139496E+02  0.513917E+02 -0.762931E+01  0.131707E+02 -0.932679E-03    -24.040  -1510.796    -18.636     239
   240.00000 -0.139496E+02  0.516914E+02 -0.762931E+01  0.131731E+02 -0.933394E-03    -24.059  -1511.782    -18.639     240
   241.00000 -0.139496E+02  0.520699E+02 -0.762931E+01  0.131762E+02 -0.934094E-03    -24.078  -1512.982    -18.642     241
   242.00000 -0.139496E+02  0.525347E+02 -0.762931E+01  0.131796E+02 -0.934780E-03    -24.096  -1514.324    -18.644     242
   243.00000 -0.139496E+02  0.529107E+02 -0.762931E+01  0.131825E+02 -0.935465E-03    -24.115  -1515.584    -18.647     243
   244.00000 -0.139496E+02  0.531926E+02 -0.762931E+01  0.177578E+02 -0.936151E-03    -24.134   -299.703    -18.650     244
   245.00000 -0.139496E+02  0.536218E+02 -0.762931E+01  0.211892E+02 -0.936806E-03    -24.152   -473.104    -18.652     245
   246.00000 -0.139496E+02  0.539927E+02 -0.762931E+01  0.220470E+02 -0.937462E-03    -24.171   -665.445    -18.655     246
   247.00000 -0.139496E+02  0.541654E+02 -0.762931E+01  0.222614E+02 -0.938118E-03    -24.189   -757.322    -18.657     247
   248.00000 -0.139496E+02  0.544397E+02 -0.762931E+01  0.223150E+02 -0.938758E-03    -24.208   -785.394    -18.660     248
   249.00000 -0.139496E+02  0.547826E+02 -0.762931E+01  0.223283E+02 -0.939384E-03    -24.226   -793.989    -18.662     249
   250.00000 -0.139496E+02  0.550519E+02 -0.762931E+01  0.223283E+02 -0.940010E-03    -24.244   -795.444    -18.665     250
   251.00000 -0.139496E+02  0.553059E+02 -0.762931E+01  0.223283E+02 -0.940636E-03    -24.263   -795.522    -18.667     251
   252.00000 -0.139496E+02  0.555192E+02 -0.762931E+01  0.223283E+02 -0.941247E-03    -24.281   -795.526    -18.669     252
   253.00000 -0.139496E+02  0.557555E+02 -0.762931E+01  0.223283E+02 -0.941843E-03    -24.299   -795.529    -18.672     253
   254.00000 -0.139496E+02  0.560069E+02 -0.762931E+01  0.223283E+02 -0.942439E-03    -24.317   -795.528    -18.674     254
   255.00000 -0.139496E+02  0.562990E+02 -0.762931E+01  0.223283E+02 -0.943035E-03    -24.335   -795.526    -18.676     255
   256.00000 -0.139496E+02  0.565454E+02 -0.762931E+01  0.223283E+02 -0.943616E-03    -24.353   -795.527    -18.679     256
   257.00000 -0.139496E+02  0.567638E+02 -0.762931E+01  0.223283E+02 -0.944182E-03    -24.371   -795.528    -18.681     257
   258.00000 -0.139496E+02  0.570559E+02 -0.762931E+01  0.223284E+02 -0.944749E-03    -24.388   -795.526    -18.683     258
   259.00000 -0.139496E+02  0.573785E+02 -0.762931E+01  0.223284E+02 -0.945315E-03    -24.406   -795.527    -18.685     259
   260.00000 -0.139496E+02  0.578408E+02 -0.762931E+01  0.223284E+02 -0.945881E-03    -24.424   -795.526    -18.687     260
   261.00000 -0.139496E+02  0.582167E+02 -0.762931E+01  0.223284E+02 -0.946417E-03    -24.441   -795.527    -18.690     261
   262.00000 -0.139496E+02  0.584174E+02 -0.762931E+01  0.223284E+02 -0.946954E-03    -24.459   -795.526    -18.692     262
   263.00000 -0.139496E+02  0.586003E+02 -0.762931E+01  0.223284E+02 -0.947490E-03    -24.477   -795.527    -18.694     263
   264.00000 -0.139496E+02  0.586485E+02 -0.762931E+01  0.223284E+02 -0.948027E-03    -24.494   -795.526    -18.696     264
   265.00000 -0.139496E+02  0.586942E+02 -0.762931E+01  0.223284E+02 -0.948548E-03    -24.511   -795.526    -18.698     265
   266.00000 -0.139496E+02  0.589305E+02 -0.762931E+01  0.223284E+02 -0.949055E-03    -24.529   -795.528    -18.700     266
   267.00000 -0.139496E+02  0.591591E+02 -0.762931E+01  0.223284E+02 -0.949562E-03    -24.546   -795.526    -18.702     267
   268.00000 -0.139496E+02  0.593851E+02 -0.762931E+01  0.223284E+02 -0.950068E-03    -24.563   -795.530    -18.704     268
   269.00000 -0.139496E+02  0.596747E+02 -0.762931E+01  0.223284E+02 -0.950575E-03    -24.580   -795.528    -18.706     269
   270.00000 -0.139496E+02  0.598957E+02 -0.762931E+01  0.223284E+02 -0.951067E-03    -24.597   -795.527    -18.708     270
   271.00000 -0.139496E+02  0.601827E+02 -0.762931E+01  0.223284E+02 -0.951543E-03    -24.615   -795.530    -18.710     271
   272.00000 -0.139496E+02  0.604138E+02 -0.762931E+01  0.223284E+02 -0.952020E-03    -24.632   -795.528    -18.711     272
   273.00000 -0.139496E+02  0.604799E+02 -0.762931E+01  0.223284E+02 -0.952497E-03    -24.648   -795.526    -18.713     273
   274.00000 -0.139268E+02  0.604799E+02 -0.760645E+01  0.223284E+02 -0.952974E-03   -104.936   -795.527    -18.715     274
   275.00000 -0.137083E+02  0.604799E+02 -0.748534E+01  0.223284E+02 -0.953436E-03***********   -795.527    -18.717     275
   276.00000 -0.135737E+02  0.604799E+02 -0.748521E+01  0.223284E+02 -0.953883E-03***********   -795.527    -18.719     276
   277.00000 -0.133832E+02  0.604799E+02 -0.748521E+01  0.223284E+02 -0.954330E-03***********   -795.527    -18.720     277
   278.00000 -0.132638E+02  0.604799E+02 -0.748521E+01  0.223284E+02 -0.954777E-03***********   -795.527    -18.722     278
   279.00000 -0.130683E+02  0.604799E+02 -0.748521E+01  0.223284E+02 -0.955224E-03***********   -795.527    -18.724     279
   280.00000 -0.128803E+02  0.604799E+02 -0.748521E+01  0.223284E+02 -0.955671E-03***********   -795.527    -18.726     280
   281.00000 -0.126466E+02  0.604799E+02 -0.748521E+01  0.223284E+02 -0.956088E-03***********   -795.527    -18.727     281
   282.00000 -0.124053E+02  0.604799E+02 -0.748521E+01  0.223284E+02 -0.956506E-03***********   -795.527    -18.729     282
   283.00000 -0.121945E+02  0.604799E+02 -0.748521E+01  0.223284E+02 -0.956923E-03***********   -795.527    -18.731     283
   284.00000 -0.120396E+02  0.604799E+02 -0.748521E+01  0.223284E+02 -0.957340E-03***********   -795.527    -18.732     284
   285.00000 -0.120192E+02  0.604799E+02 -0.748521E+01  0.223284E+02 -0.957757E-03***********   -795.527    -18.734     285
   286.00000 -0.119456E+02  0.604799E+02 -0.748521E+01  0.223284E+02 -0.958174E-03***********   -795.527    -18.735     286
   287.00000 -0.118084E+02  0.604799E+02 -0.748521E+01  0.223284E+02 -0.958562E-03***********   -795.527    -18.737     287
   288.00000 -0.116306E+02  0.604799E+02 -0.748521E+01  0.223284E+02 -0.958949E-03***********   -795.527    -18.738     288
   289.00000 -0.114477E+02  0.604799E+02 -0.748521E+01  0.223284E+02 -0.959337E-03***********   -795.527    -18.740     289
   290.00000 -0.111988E+02  0.604799E+02 -0.748521E+01  0.223284E+02 -0.959724E-03***********   -795.527    -18.741     290
   291.00000 -0.108356E+02  0.604799E+02 -0.748521E+01  0.223284E+02 -0.960112E-03***********   -795.527    -18.743     291
   292.00000 -0.104140E+02  0.604799E+02 -0.748521E+01  0.223284E+02 -0.960499E-03***********   -795.527    -18.744     292
   293.00000 -0.101447E+02  0.604799E+02 -0.748521E+01  0.223284E+02 -0.960886E-03***********   -795.527    -18.746     293
   294.00000 -0.100355E+02  0.604799E+02 -0.748521E+01  0.223284E+02 -0.961274E-03***********   -795.527    -18.747     294
   295.00000 -0.996692E+01  0.604799E+02 -0.748521E+01  0.223284E+02 -0.961661E-03***********   -795.527    -18.748     295
   296.00000 -0.993390E+01  0.604799E+02 -0.748521E+01  0.223284E+02 -0.962049E-03***********   -795.527    -18.750     296
   297.00000 -0.991104E+01  0.604799E+02 -0.748521E+01  0.223284E+02 -0.962436E-03***********   -795.527    -18.751     297
   298.00000 -0.988310E+01  0.604799E+02 -0.748521E+01  0.223284E+02 -0.962824E-03***********   -795.527    -18.753     298
   299.00000 -0.985770E+01  0.604799E+02 -0.748521E+01  0.223284E+02 -0.963211E-03***********   -795.527    -18.754     299
   300.00000 -0.983484E+01  0.604799E+02 -0.748521E+01  0.223284E+02 -0.963598E-03***********   -795.527    -18.755     300
   301.00000 -0.979420E+01  0.604799E+02 -0.748521E+01  0.223284E+02 -0.963986E-03***********   -795.527    -18.757     301
   302.00000 -0.972816E+01  0.604799E+02 -0.748521E+01  0.223284E+02 -0.964373E-03***********   -795.527    -18.758     302
   303.00000 -0.962656E+01  0.604799E+02 -0.748521E+01  0.223284E+02 -0.964761E-03***********   -795.527    -18.760     303
   304.00000 -0.949194E+01  0.604799E+02 -0.748521E+01  0.223284E+02 -0.965148E-03***********   -795.527    -18.761     304
   305.00000 -0.933446E+01  0.604799E+02 -0.748521E+01  0.223284E+02 -0.965536E-03***********   -795.527    -18.762     305
   306.00000 -0.922270E+01  0.604799E+02 -0.748521E+01  0.223284E+02 -0.965923E-03***********   -795.527    -18.764     306
   307.00000 -0.907792E+01  0.604799E+02 -0.748521E+01  0.223284E+02 -0.966311E-03***********   -795.527    -18.765     307
   308.00000 -0.888742E+01  0.604799E+02 -0.748521E+01  0.223284E+02 -0.966698E-03***********   -795.527    -18.767     308
   309.00000 -0.864866E+01  0.604799E+02 -0.748521E+01  0.223284E+02 -0.967085E-03***********   -795.527    -18.768     309
   310.00000 -0.853436E+01  0.604799E+02 -0.748521E+01  0.223284E+02 -0.967473E-03***********   -795.527    -18.770     310
   311.00000 -0.833116E+01  0.604799E+02 -0.748521E+01  0.223284E+02 -0.967860E-03***********   -795.527    -18.771     311
   312.00000 -0.820162E+01  0.604799E+02 -0.748521E+01  0.223284E+02 -0.968248E-03***********   -795.527    -18.772     312
   313.00000 -0.807716E+01  0.604799E+02 -0.748521E+01  0.223284E+02 -0.968635E-03***********   -795.527    -18.774     313
   314.00000 -0.792222E+01  0.604799E+02 -0.748521E+01  0.223284E+02 -0.969023E-03***********   -795.527    -18.775     314
   315.00000 -0.763266E+01  0.604799E+02 -0.748521E+01  0.223284E+02 -0.969410E-03***********   -795.527    -18.777     315
   316.00000 -0.749804E+01  0.604799E+02 -0.748521E+01  0.223284E+02 -0.969797E-03***********   -795.527    -18.778     316
   317.00000 -0.724912E+01  0.604799E+02 -0.748521E+01  0.223284E+02 -0.970185E-03***********   -795.527    -18.780     317
   318.00000 -0.706370E+01  0.604799E+02 -0.748521E+01  0.223284E+02 -0.970572E-03***********   -795.527    -18.781     318
   319.00000 -0.687574E+01  0.604799E+02 -0.748521E+01  0.223284E+02 -0.970960E-03***********   -795.527    -18.782     319
   320.00000 -0.677668E+01  0.604799E+02 -0.748521E+01  0.223284E+02 -0.971347E-03***********   -795.527    -18.784     320
   321.00000 -0.650236E+01  0.604799E+02 -0.748521E+01  0.223284E+02 -0.971735E-03***********   -795.527    -18.785     321
   322.00000 -0.630932E+01  0.604799E+02 -0.748521E+01  0.223284E+02 -0.972122E-03***********   -795.527    -18.787     322
   323.00000 -0.612136E+01  0.604799E+02 -0.748521E+01  0.223284E+02 -0.972509E-03***********   -795.527    -18.788     323
   324.00000 -0.595626E+01  0.604799E+02 -0.748521E+01  0.223284E+02 -0.972897E-03***********   -795.527    -18.789     324
   325.00000 -0.562352E+01  0.604799E+02 -0.748521E+01  0.223284E+02 -0.973284E-03***********   -795.527    -18.791     325
   326.00000 -0.547112E+01  0.604799E+02 -0.748521E+01  0.223284E+02 -0.973672E-03***********   -795.527    -18.792     326
   327.00000 -0.546096E+01  0.604799E+02 -0.748521E+01  0.223284E+02 -0.974059E-03***********   -795.527    -18.794     327
   328.00000 -0.544318E+01  0.604799E+02 -0.748521E+01  0.223284E+02 -0.974447E-03***********   -795.527    -18.795     328
   329.00000 -0.538222E+01  0.604799E+02 -0.748521E+01  0.223284E+02 -0.974834E-03***********   -795.527    -18.796     329
   330.00000 -0.532380E+01  0.604799E+02 -0.748521E+01  0.223284E+02 -0.975221E-03***********   -795.527    -18.798     330
   331.00000 -0.514092E+01  0.604799E+02 -0.748521E+01  0.223284E+02 -0.975609E-03***********   -795.527    -18.799     331
   332.00000 -0.485898E+01  0.604799E+02 -0.748521E+01  0.223284E+02 -0.975996E-03***********   -795.527    -18.801     332
   333.00000 -0.475230E+01  0.604799E+02 -0.748521E+01  0.223284E+02 -0.976384E-03***********   -795.527    -18.802     333
   334.00000 -0.472690E+01  0.604799E+02 -0.748521E+01  0.223284E+02 -0.976771E-03***********   -795.527    -18.804     334
   335.00000 -0.461260E+01  0.604799E+02 -0.748521E+01  0.223284E+02 -0.977159E-03***********   -795.527    -18.805     335
   336.00000 -0.444750E+01  0.604799E+02 -0.748521E+01  0.223284E+02 -0.977546E-03***********   -795.527    -18.806     336
   337.00000 -0.427732E+01  0.604799E+02 -0.748521E+01  0.223284E+02 -0.977933E-03***********   -795.527    -18.808     337
   338.00000 -0.411476E+01  0.604799E+02 -0.748521E+01  0.223284E+02 -0.978321E-03***********   -795.527    -18.809     338
   339.00000 -0.377694E+01  0.604799E+02 -0.748521E+01  0.223284E+02 -0.978708E-03***********   -795.527    -18.811     339
   340.00000 -0.352548E+01  0.604799E+02 -0.748521E+01  0.223284E+02 -0.979096E-03***********   -795.527    -18.812     340
   341.00000 -0.343404E+01  0.604799E+02 -0.748521E+01  0.223284E+02 -0.979483E-03***********   -795.527    -18.813     341
   342.00000 -0.340102E+01  0.604799E+02 -0.748521E+01  0.223284E+02 -0.979871E-03***********   -795.527    -18.815     342
   343.00000 -0.326132E+01  0.604799E+02 -0.748521E+01  0.223284E+02 -0.980258E-03***********   -795.527    -18.816     343
   344.00000 -0.305050E+01  0.604799E+02 -0.748521E+01  0.223284E+02 -0.980645E-03***********   -795.527    -18.818     344
   345.00000 -0.300478E+01  0.604799E+02 -0.748521E+01  0.223284E+02 -0.981033E-03***********   -795.527    -18.819     345
   346.00000 -0.296414E+01  0.604799E+02 -0.748521E+01  0.223284E+02 -0.981420E-03***********   -795.527    -18.821     346
   347.00000 -0.282698E+01  0.604799E+02 -0.748521E+01  0.223284E+02 -0.981808E-03***********   -795.527    -18.822     347
   348.00000 -0.271014E+01  0.604799E+02 -0.748521E+01  0.223284E+02 -0.982195E-03***********   -795.527    -18.823     348
   349.00000 -0.260346E+01  0.604799E+02 -0.748521E+01  0.223284E+02 -0.982583E-03***********   -795.527    -18.825     349
   350.00000 -0.227326E+01  0.604799E+02 -0.748521E+01  0.223284E+02 -0.982970E-03***********   -795.527    -18.826     350
   351.00000 -0.220722E+01  0.604799E+02 -0.748521E+01  0.223284E+02 -0.983357E-03***********   -795.527    -18.828     351
   352.00000 -0.197862E+01  0.604799E+02 -0.748521E+01  0.223284E+02 -0.983745E-03***********   -795.527    -18.829     352
   353.00000 -0.178558E+01  0.604799E+02 -0.748521E+01  0.223284E+02 -0.984132E-03***********   -795.527    -18.830     353
   354.00000 -0.157984E+01  0.604799E+02 -0.748521E+01  0.223284E+02 -0.984520E-03***********   -795.527    -18.832     354
   355.00000 -0.141474E+01  0.604799E+02 -0.748521E+01  0.223284E+02 -0.984907E-03***********   -795.527    -18.833     355
   356.00000 -0.121154E+01  0.604799E+02 -0.748521E+01  0.223284E+02 -0.985295E-03***********   -795.527    -18.835     356
   357.00000 -0.113788E+01  0.604799E+02 -0.748521E+01  0.223284E+02 -0.985682E-03***********   -795.527    -18.836     357
   358.00000 -0.106168E+01  0.604799E+02 -0.748521E+01  0.223284E+02 -0.986069E-03***********   -795.527    -18.838     358
   359.00000 -0.932142E+00  0.604799E+02 -0.748521E+01  0.223284E+02 -0.986457E-03***********   -795.527    -18.839     359
   360.00000 -0.767042E+00  0.604799E+02 -0.748521E+01  0.223284E+02 -0.986844E-03***********   -795.527    -18.840     360
   361.00000 -0.675602E+00  0.604799E+02 -0.748521E+01  0.223284E+02 -0.987232E-03***********   -795.528    -18.842     361
   362.00000 -0.485102E+00  0.604799E+02 -0.748521E+01  0.223284E+02 -0.987619E-03***********   -795.527    -18.843     362
   363.00000 -0.406362E+00  0.604799E+02 -0.748521E+01  0.223284E+02 -0.988007E-03***********   -795.528    -18.845     363
   364.00000 -0.373342E+00  0.604799E+02 -0.748521E+01  0.223284E+02 -0.988394E-03***********   -795.528    -18.846     364
   365.00000 -0.266662E+00  0.604799E+02 -0.748521E+01  0.223284E+02 -0.988781E-03***********   -795.528    -18.847     365
   366.00000 -0.139662E+00  0.604799E+02 -0.748521E+01  0.223284E+02 -0.989169E-03***********   -795.528    -18.849     366
   367.00000 -0.228221E-01  0.604799E+02 -0.748521E+01  0.223284E+02 -0.989556E-03***********   -795.528    -18.850     367
   368.00000  0.178179E-01  0.604799E+02 -0.748521E+01  0.223284E+02 -0.989944E-03***********   -795.528    -18.852     368
   369.00000  0.129578E+00  0.604799E+02 -0.748521E+01  0.223284E+02 -0.990331E-03***********   -795.528    -18.853     369
   370.00000  0.221018E+00  0.604799E+02 -0.748521E+01  0.223284E+02 -0.990719E-03***********   -795.528    -18.855     370
   371.00000  0.373418E+00  0.604799E+02 -0.748521E+01  0.223284E+02 -0.991106E-03***********   -795.528    -18.856     371
   372.00000  0.401358E+00  0.604799E+02 -0.748521E+01  0.223284E+02 -0.991493E-03***********   -795.528    -18.857     372
   373.00000  0.485178E+00  0.604799E+02 -0.748521E+01  0.223284E+02 -0.991881E-03***********   -795.528    -18.859     373
   374.00000  0.675678E+00  0.604799E+02 -0.748521E+01  0.223284E+02 -0.992268E-03***********   -795.528    -18.860     374
   375.00000  0.713778E+00  0.604799E+02 -0.748521E+01  0.223284E+02 -0.992656E-03***********   -795.528    -18.862     375
   376.00000  0.729018E+00  0.604799E+02 -0.748521E+01  0.223284E+02 -0.993043E-03***********   -795.528    -18.863     376
   377.00000  0.734098E+00  0.604799E+02 -0.748521E+01  0.223284E+02 -0.993431E-03***********   -795.528    -18.864     377
   378.00000  0.741718E+00  0.604799E+02 -0.748521E+01  0.223284E+02 -0.993818E-03***********   -795.528    -18.866     378
   379.00000  0.746798E+00  0.604799E+02 -0.748521E+01  0.223284E+02 -0.994205E-03***********   -795.528    -18.867     379
   380.00000  0.767118E+00  0.604799E+02 -0.748521E+01  0.223284E+02 -0.994593E-03***********   -795.528    -18.869     380
   381.00000  0.845858E+00  0.604799E+02 -0.748521E+01  0.223284E+02 -0.994980E-03***********   -795.528    -18.870     381
   382.00000  0.863638E+00  0.604799E+02 -0.748521E+01  0.223284E+02 -0.995368E-03***********   -795.528    -18.872     382
   383.00000  0.880148E+00  0.604799E+02 -0.748521E+01  0.223284E+02 -0.995755E-03***********   -795.528    -18.873     383
   384.00000  0.895388E+00  0.604799E+02 -0.748521E+01  0.223284E+02 -0.996143E-03***********   -795.528    -18.874     384
   385.00000  0.100969E+01  0.604799E+02 -0.748521E+01  0.223284E+02 -0.996530E-03***********   -795.528    -18.876     385
   386.00000  0.113923E+01  0.604799E+02 -0.748521E+01  0.223284E+02 -0.996917E-03***********   -795.528    -18.877     386
   387.00000  0.117733E+01  0.604799E+02 -0.748521E+01  0.223284E+02 -0.997305E-03***********   -795.528    -18.879     387
   388.00000  0.133227E+01  0.604799E+02 -0.748521E+01  0.223284E+02 -0.997692E-03***********   -795.528    -18.880     388
   389.00000  0.147959E+01  0.604799E+02 -0.748521E+01  0.223284E+02 -0.998080E-03***********   -795.528    -18.881     389
   390.00000  0.164469E+01  0.604799E+02 -0.748521E+01  0.223284E+02 -0.998467E-03***********   -795.528    -18.883     390
   391.00000  0.183773E+01  0.604799E+02 -0.748521E+01  0.223284E+02 -0.998855E-03***********   -795.528    -18.884     391
   392.00000  0.204347E+01  0.604799E+02 -0.748521E+01  0.223284E+02 -0.999242E-03***********   -795.528    -18.886     392
   393.00000  0.230509E+01  0.604799E+02 -0.748521E+01  0.223284E+02 -0.999629E-03***********   -795.528    -18.887     393
   394.00000  0.252861E+01  0.604799E+02 -0.748521E+01  0.223284E+02 -0.100002E-02***********   -795.528    -18.889     394
   395.00000  0.277753E+01  0.604799E+02 -0.748521E+01  0.223284E+02 -0.100040E-02***********   -795.528    -18.890     395
   396.00000  0.301883E+01  0.604799E+02 -0.748521E+01  0.223284E+02 -0.100079E-02***********   -795.528    -18.891     396
   397.00000  0.321441E+01  0.604799E+02 -0.748521E+01  0.223284E+02 -0.100118E-02***********   -795.528    -18.893     397
   398.00000  0.329569E+01  0.604799E+02 -0.748521E+01  0.223284E+02 -0.100157E-02***********   -795.528    -18.894     398
   399.00000  0.332617E+01  0.604799E+02 -0.748521E+01  0.223284E+02 -0.100195E-02***********   -795.528    -18.896     399
   400.00000  0.336427E+01  0.604799E+02 -0.748521E+01  0.223284E+02 -0.100234E-02***********   -795.528    -18.897     400
   401.00000  0.340999E+01  0.604799E+02 -0.748521E+01  0.223284E+02 -0.100273E-02***********   -795.528    -18.898     401
   402.00000  0.343793E+01  0.604799E+02 -0.748521E+01  0.223284E+02 -0.100312E-02***********   -795.528    -18.900     402
   403.00000  0.347095E+01  0.604799E+02 -0.748521E+01  0.223284E+02 -0.100350E-02***********   -795.528    -18.901     403
   404.00000  0.350905E+01  0.604799E+02 -0.748521E+01  0.223284E+02 -0.100389E-02***********   -795.528    -18.903     404
   405.00000  0.354715E+01  0.604799E+02 -0.748521E+01  0.223284E+02 -0.100428E-02***********   -795.528    -18.904     405
   406.00000  0.361573E+01  0.604799E+02 -0.748521E+01  0.223284E+02 -0.100467E-02***********   -795.528    -18.906     406
   407.00000  0.369193E+01  0.604799E+02 -0.748521E+01  0.223284E+02 -0.100505E-02***********   -795.528    -18.907     407
   408.00000  0.376305E+01  0.604799E+02 -0.748521E+01  0.223284E+02 -0.100544E-02***********   -795.528    -18.908     408
   409.00000  0.379861E+01  0.604799E+02 -0.748521E+01  0.223284E+02 -0.100583E-02***********   -795.528    -18.910     409
   410.00000  0.383036E+01  0.604799E+02 -0.748521E+01  0.223284E+02 -0.100622E-02***********   -795.528    -18.911     410
   411.00000  0.385830E+01  0.604799E+02 -0.748521E+01  0.223284E+02 -0.100660E-02***********   -795.528    -18.913     411
   412.00000  0.389132E+01  0.604799E+02 -0.748521E+01  0.223284E+02 -0.100699E-02***********   -795.528    -18.914     412
   413.00000  0.398022E+01  0.604799E+02 -0.748521E+01  0.223284E+02 -0.100738E-02***********   -795.528    -18.915     413
   414.00000  0.413262E+01  0.604799E+02 -0.748521E+01  0.223284E+02 -0.100777E-02***********   -795.528    -18.917     414
   415.00000  0.423422E+01  0.604799E+02 -0.748521E+01  0.223284E+02 -0.100815E-02***********   -795.528    -18.918     415
   416.00000  0.440948E+01  0.604799E+02 -0.748521E+01  0.223284E+02 -0.100854E-02***********   -795.528    -18.920     416
   417.00000  0.454410E+01  0.604799E+02 -0.748521E+01  0.223284E+02 -0.100893E-02***********   -795.528    -18.921     417
   418.00000  0.467110E+01  0.604799E+02 -0.748521E+01  0.223284E+02 -0.100932E-02***********   -795.528    -18.922     418
   419.00000  0.487176E+01  0.604799E+02 -0.748521E+01  0.223284E+02 -0.100970E-02***********   -795.528    -18.924     419
   420.00000  0.504194E+01  0.604799E+02 -0.748521E+01  0.223284E+02 -0.101009E-02***********   -795.528    -18.925     420
   421.00000  0.530356E+01  0.604799E+02 -0.748521E+01  0.223284E+02 -0.101048E-02***********   -795.528    -18.927     421
   422.00000  0.539754E+01  0.604799E+02 -0.748521E+01  0.223284E+02 -0.101086E-02***********   -795.528    -18.928     422
   423.00000  0.544834E+01  0.604799E+02 -0.748521E+01  0.223284E+02 -0.101125E-02***********   -795.528    -18.930     423
   424.00000  0.567186E+01  0.604799E+02 -0.748521E+01  0.223284E+02 -0.101164E-02***********   -795.528    -18.931     424
   425.00000  0.600206E+01  0.604799E+02 -0.748521E+01  0.223284E+02 -0.101203E-02***********   -795.528    -18.932     425
   426.00000  0.619764E+01  0.604799E+02 -0.748521E+01  0.223284E+02 -0.101241E-02***********   -795.528    -18.934     426
   427.00000  0.623828E+01  0.604799E+02 -0.748521E+01  0.223284E+02 -0.101280E-02***********   -795.528    -18.935     427
   428.00000  0.628146E+01  0.604799E+02 -0.748521E+01  0.223284E+02 -0.101319E-02***********   -795.528    -18.937     428
   429.00000  0.633480E+01  0.604799E+02 -0.748521E+01  0.223284E+02 -0.101358E-02***********   -795.528    -18.938     429
   430.00000  0.642624E+01  0.604799E+02 -0.748521E+01  0.223284E+02 -0.101396E-02***********   -795.528    -18.939     430
   431.00000  0.650244E+01  0.604799E+02 -0.748521E+01  0.223284E+02 -0.101435E-02***********   -795.528    -18.941     431
   432.00000  0.661928E+01  0.604799E+02 -0.748521E+01  0.223284E+02 -0.101474E-02***********   -795.528    -18.942     432
   433.00000  0.693678E+01  0.604799E+02 -0.748521E+01  0.223284E+02 -0.101513E-02***********   -795.528    -18.944     433
   434.00000  0.735334E+01  0.604799E+02 -0.748521E+01  0.223284E+02 -0.101551E-02***********   -795.528    -18.945     434
   435.00000  0.766576E+01  0.604799E+02 -0.748521E+01  0.223284E+02 -0.101590E-02***********   -795.528    -18.947     435
   436.00000  0.788166E+01  0.604799E+02 -0.748521E+01  0.223284E+02 -0.101629E-02***********   -795.528    -18.948     436
   437.00000  0.812042E+01  0.604799E+02 -0.748521E+01  0.223284E+02 -0.101668E-02***********   -795.528    -18.949     437
   438.00000  0.825758E+01  0.604799E+02 -0.748521E+01  0.223284E+02 -0.101706E-02***********   -795.528    -18.951     438
   439.00000  0.839474E+01  0.604799E+02 -0.748521E+01  0.223284E+02 -0.101745E-02***********   -795.528    -18.952     439
   440.00000  0.861572E+01  0.604799E+02 -0.748521E+01  0.223284E+02 -0.101784E-02***********   -795.528    -18.954     440
   441.00000  0.878082E+01  0.604799E+02 -0.748521E+01  0.223284E+02 -0.101823E-02***********   -795.528    -18.955     441
   442.00000  0.896370E+01  0.604799E+02 -0.748521E+01  0.223284E+02 -0.101861E-02***********   -795.528    -18.956     442
   443.00000  0.925580E+01  0.604799E+02 -0.748521E+01  0.223284E+02 -0.101900E-02***********   -795.528    -18.958     443
   444.00000  0.947678E+01  0.604799E+02 -0.748521E+01  0.223284E+02 -0.101939E-02***********   -795.528    -18.959     444
   445.00000  0.954282E+01  0.604799E+02 -0.748521E+01  0.223284E+02 -0.101978E-02***********   -795.528    -18.961     445
   446.00000  0.965712E+01  0.604799E+02 -0.748521E+01  0.223284E+02 -0.102016E-02***********   -795.528    -18.962     446
   447.00000  0.972570E+01  0.604799E+02 -0.748521E+01  0.223284E+02 -0.102055E-02***********   -795.528    -18.964     447
   448.00000  0.976380E+01  0.604799E+02 -0.748521E+01  0.223284E+02 -0.102094E-02***********   -795.528    -18.965     448
   449.00000  0.984254E+01  0.604799E+02 -0.748521E+01  0.223284E+02 -0.102133E-02***********   -795.528    -18.966     449
   450.00000  0.996192E+01  0.604799E+02 -0.748521E+01  0.223284E+02 -0.102171E-02***********   -795.528    -18.968     450
   451.00000  0.101016E+02  0.604799E+02 -0.748521E+01  0.223284E+02 -0.102210E-02***********   -795.528    -18.969     451
   452.00000  0.103480E+02  0.604799E+02 -0.748521E+01  0.223284E+02 -0.102249E-02***********   -795.528    -18.971     452
   453.00000  0.104801E+02  0.604799E+02 -0.748521E+01  0.223284E+02 -0.102288E-02***********   -795.528    -18.972     453
   454.00000  0.105741E+02  0.604799E+02 -0.748521E+01  0.223284E+02 -0.102326E-02***********   -795.528    -18.973     454
   455.00000  0.106884E+02  0.604799E+02 -0.748521E+01  0.223284E+02 -0.102365E-02***********   -795.528    -18.975     455
   456.00000  0.107290E+02  0.604799E+02 -0.748521E+01  0.223284E+02 -0.102404E-02***********   -795.528    -18.976     456
   457.00000  0.107290E+02  0.607288E+02 -0.748521E+01  0.223284E+02 -0.102443E-02***********  -1600.003    -18.978     457
   458.00000  0.107290E+02  0.611123E+02 -0.748521E+01  0.223284E+02 -0.102481E-02***********  -1600.003    -18.979     458
   459.00000  0.107290E+02  0.614451E+02 -0.748521E+01  0.223284E+02 -0.102520E-02***********  -1600.003    -18.981     459
   460.00000  0.107290E+02  0.614984E+02 -0.748521E+01  0.223284E+02 -0.102559E-02***********  -1600.003    -18.982     460
   461.00000  0.107290E+02  0.615390E+02 -0.748521E+01  0.223284E+02 -0.102597E-02***********  -1600.003    -18.983     461
   462.00000  0.107290E+02  0.615924E+02 -0.748521E+01  0.223284E+02 -0.102636E-02***********  -1600.003    -18.985     462
   463.00000  0.107290E+02  0.616914E+02 -0.748521E+01  0.223284E+02 -0.102675E-02***********  -1600.003    -18.986     463
   464.00000  0.107290E+02  0.619480E+02 -0.748521E+01  0.223284E+02 -0.102714E-02***********  -1600.003    -18.988     464
   465.00000  0.107290E+02  0.623112E+02 -0.748521E+01  0.223284E+02 -0.102752E-02***********  -1600.003    -18.989     465
   466.00000  0.107290E+02  0.625398E+02 -0.748521E+01  0.223284E+02 -0.102791E-02***********  -1600.003    -18.990     466
   467.00000  0.107290E+02  0.628471E+02 -0.748521E+01  0.223284E+02 -0.102830E-02***********  -1600.003    -18.992     467
   468.00000  0.107290E+02  0.631519E+02 -0.748521E+01  0.223284E+02 -0.102869E-02***********  -1600.003    -18.993     468
   469.00000  0.107290E+02  0.635329E+02 -0.748521E+01  0.223284E+02 -0.102907E-02***********  -1600.003    -18.995     469
   470.00000  0.107290E+02  0.638428E+02 -0.748521E+01  0.223284E+02 -0.102946E-02***********  -1600.003    -18.996     470
   471.00000  0.107290E+02  0.641349E+02 -0.748521E+01  0.223284E+02 -0.102985E-02***********  -1600.003    -18.998     471
   472.00000  0.107290E+02  0.643965E+02 -0.748521E+01  0.223284E+02 -0.103024E-02***********  -1600.003    -18.999     472
   473.00000  0.107290E+02  0.645159E+02 -0.748521E+01  0.223284E+02 -0.103062E-02***********  -1600.003    -19.000     473
   474.00000  0.107290E+02  0.646556E+02 -0.748521E+01  0.223284E+02 -0.103101E-02***********  -1600.003    -19.002     474
   475.00000  0.107290E+02  0.647598E+02 -0.748521E+01  0.223284E+02 -0.103140E-02***********  -1600.003    -19.003     475
   476.00000  0.107290E+02  0.649960E+02 -0.748521E+01  0.223284E+02 -0.103179E-02***********  -1600.003    -19.005     476
   477.00000  0.107290E+02  0.654303E+02 -0.748521E+01  0.223284E+02 -0.103216E-02***********  -1600.003    -19.006     477
   478.00000  0.107290E+02  0.657808E+02 -0.748521E+01  0.223284E+02 -0.103252E-02***********  -1600.003    -19.007     478
   479.00000  0.107290E+02  0.661060E+02 -0.748521E+01  0.223284E+02 -0.103289E-02***********  -1600.003    -19.009     479
   480.00000  0.107290E+02  0.665530E+02 -0.748521E+01  0.223284E+02 -0.103326E-02***********  -1600.003    -19.010     480
   481.00000  0.107290E+02  0.668273E+02 -0.748521E+01  0.223284E+02 -0.103362E-02***********  -1600.003    -19.011     481
   482.00000  0.107290E+02  0.670813E+02 -0.748521E+01  0.223284E+02 -0.103398E-02***********  -1600.003    -19.013     482
   483.00000  0.107290E+02  0.672109E+02 -0.748521E+01  0.223284E+02 -0.103433E-02***********  -1600.003    -19.014     483
   484.00000  0.107290E+02  0.675639E+02 -0.748521E+01  0.223284E+02 -0.103469E-02***********  -1600.003    -19.015     484
   485.00000  0.107290E+02  0.678840E+02 -0.748521E+01  0.223284E+02 -0.103505E-02***********  -1600.003    -19.017     485
   486.00000  0.107290E+02  0.681786E+02 -0.748521E+01  0.223284E+02 -0.103541E-02***********  -1600.003    -19.018     486
   487.00000  0.107290E+02  0.683742E+02 -0.748521E+01  0.223284E+02 -0.103576E-02***********  -1600.003    -19.019     487
   488.00000  0.107290E+02  0.685063E+02 -0.748521E+01  0.223284E+02 -0.103612E-02***********  -1600.003    -19.020     488
   489.00000  0.107290E+02  0.687019E+02 -0.748521E+01  0.223284E+02 -0.103648E-02***********  -1600.003    -19.022     489
   490.00000  0.107290E+02  0.690295E+02 -0.748521E+01  0.223284E+02 -0.103684E-02***********  -1600.003    -19.023     490
   491.00000  0.107290E+02  0.692556E+02 -0.748521E+01  0.223284E+02 -0.103720E-02***********  -1600.003    -19.024     491
   492.00000  0.107290E+02  0.695579E+02 -0.748521E+01  0.223284E+02 -0.103755E-02***********  -1600.003    -19.026     492
   493.00000  0.107290E+02  0.696874E+02 -0.748521E+01  0.223284E+02 -0.103791E-02***********  -1600.003    -19.027     493
   494.00000  0.107290E+02  0.697331E+02 -0.748521E+01  0.223284E+02 -0.103827E-02***********  -1600.003    -19.028     494
   495.00000  0.107290E+02  0.699998E+02 -0.748521E+01  0.223284E+02 -0.103863E-02***********  -1600.003    -19.030     495
   496.00000  0.107290E+02  0.703986E+02 -0.748521E+01  0.223284E+02 -0.103898E-02***********  -1600.003    -19.031     496
   497.00000  0.107290E+02  0.708278E+02 -0.748521E+01  0.223284E+02 -0.103934E-02***********  -1600.003    -19.032     497
   498.00000  0.107290E+02  0.712520E+02 -0.748521E+01  0.223284E+02 -0.103970E-02***********  -1600.003    -19.034     498
   499.00000  0.107290E+02  0.716330E+02 -0.748521E+01  0.223284E+02 -0.104006E-02***********  -1600.003    -19.035     499
   500.00000  0.107290E+02  0.718515E+02 -0.748521E+01  0.223284E+02 -0.104041E-02***********  -1600.003    -19.036     500
   501.00000  0.107290E+02  0.722096E+02 -0.748521E+01  0.223284E+02 -0.104077E-02***********  -1600.003    -19.037     501
   502.00000  0.107290E+02  0.726897E+02 -0.748521E+01  0.223284E+02 -0.104113E-02***********  -1600.003    -19.039     502
   503.00000  0.107290E+02  0.730503E+02 -0.748521E+01  0.223284E+02 -0.104149E-02***********  -1600.003    -19.040     503
   504.00000  0.107290E+02  0.734034E+02 -0.748521E+01  0.223284E+02 -0.104184E-02***********  -1600.003    -19.041     504
   505.00000  0.107290E+02  0.736523E+02 -0.748521E+01  0.223284E+02 -0.104220E-02***********  -1600.003    -19.043     505
   506.00000  0.107290E+02  0.739495E+02 -0.748521E+01  0.223284E+02 -0.104256E-02***********  -1600.003    -19.044     506
   507.00000  0.107290E+02  0.742391E+02 -0.748521E+01  0.223284E+02 -0.104292E-02***********  -1600.003    -19.045     507
   508.00000  0.107290E+02  0.744727E+02 -0.748521E+01  0.223284E+02 -0.104327E-02***********  -1600.003    -19.047     508
   509.00000  0.107290E+02  0.747293E+02 -0.748521E+01  0.223284E+02 -0.104363E-02***********  -1600.003    -19.048     509
   510.00000  0.107290E+02  0.751281E+02 -0.748521E+01  0.223284E+02 -0.104399E-02***********  -1600.003    -19.049     510
   511.00000  0.107290E+02  0.754430E+02 -0.748521E+01  0.223284E+02 -0.104435E-02***********  -1600.003    -19.051     511
   512.00000  0.107290E+02  0.758647E+02 -0.748521E+01  0.223284E+02 -0.104471E-02***********  -1600.003    -19.052     512
   513.00000  0.107290E+02  0.762761E+02 -0.748521E+01  0.223284E+02 -0.104506E-02***********  -1600.003    -19.053     513
   514.00000  0.107290E+02  0.767460E+02 -0.748521E+01  0.223284E+02 -0.104542E-02***********  -1600.003    -19.054     514
   515.00000  0.107290E+02  0.771575E+02 -0.748521E+01  0.223284E+02 -0.104578E-02***********  -1600.003    -19.056     515
   516.00000  0.107290E+02  0.775233E+02 -0.748521E+01  0.223284E+02 -0.104614E-02***********  -1600.003    -19.057     516
   517.00000  0.107290E+02  0.779246E+02 -0.748521E+01  0.223284E+02 -0.104649E-02***********  -1600.003    -19.058     517
   518.00000  0.107290E+02  0.782929E+02 -0.748521E+01  0.223284E+02 -0.104685E-02***********  -1600.357    -19.060     518
   519.00000  0.107290E+02  0.787044E+02 -0.748521E+01  0.223284E+02 -0.104721E-02***********  -1600.357    -19.061     519
   520.00000  0.107290E+02  0.791692E+02 -0.748521E+01  0.223284E+02 -0.104757E-02***********  -1600.357    -19.062     520
   521.00000  0.107290E+02  0.796467E+02 -0.748521E+01  0.223284E+02 -0.104792E-02***********  -1600.357    -19.064     521
   522.00000  0.107290E+02  0.800912E+02 -0.748521E+01  0.223284E+02 -0.104828E-02***********  -1600.357    -19.065     522
   523.00000  0.107290E+02  0.805332E+02 -0.748521E+01  0.223284E+02 -0.104864E-02***********  -1600.357    -19.066     523
   524.00000  0.107290E+02  0.809599E+02 -0.748521E+01  0.223284E+02 -0.104900E-02***********  -1600.357    -19.068     524
   525.00000  0.107290E+02  0.813765E+02 -0.748521E+01  0.223284E+02 -0.104935E-02***********  -1600.357    -19.069     525
   526.00000  0.107290E+02  0.817752E+02 -0.748521E+01  0.223284E+02 -0.104971E-02***********  -1600.357    -19.070     526
   527.00000  0.107290E+02  0.822350E+02 -0.748521E+01  0.223284E+02 -0.105007E-02***********  -1600.357    -19.071     527
   528.00000  0.107290E+02  0.827862E+02 -0.748521E+01  0.223284E+02 -0.105043E-02***********  -1600.357    -19.073     528
   529.00000  0.920502E+01  0.833070E+02 -0.854523E+01  0.223937E+02 -0.105043E-02      0.000  -1366.722    -19.073     529
   530.00000  0.768103E+01  0.837616E+02 -0.910547E+01  0.224886E+02 -0.105043E-02      0.000  -1231.724    -19.073     530
   531.00000  0.615703E+01  0.841782E+02 -0.961102E+01  0.225784E+02 -0.105043E-02      0.000  -1122.608    -19.073     531
   532.00000  0.450723E+01  0.845058E+02 -0.101037E+02  0.226451E+02 -0.105043E-02      0.000  -1010.239    -19.073     532
   533.00000  0.292203E+01  0.849376E+02 -0.105887E+02  0.227259E+02 -0.105043E-02      0.000   -904.477    -19.073     533
   534.00000 -0.671272E+00  0.850340E+02 -0.110718E+02  0.227419E+02 -0.105043E-02      0.000   -782.825    -19.073     534
   535.00000 -0.671272E+00  0.852677E+02 -0.110718E+02  0.229167E+02 -0.105077E-02    -14.098   -795.434    -19.074     535
   536.00000 -0.671272E+00  0.856436E+02 -0.110718E+02  0.231987E+02 -0.105113E-02    -15.962   -811.102    -19.075     536
   537.00000 -0.671272E+00  0.860627E+02 -0.110718E+02  0.235130E+02 -0.105149E-02    -17.488   -831.381    -19.077     537
   538.00000 -0.671272E+00  0.863980E+02 -0.110718E+02  0.237644E+02 -0.105184E-02    -18.488   -853.948    -19.078     538
   539.00000 -0.671272E+00  0.868247E+02 -0.110718E+02  0.240842E+02 -0.105220E-02    -18.851   -883.678    -19.079     539
   540.00000 -0.671272E+00  0.873810E+02 -0.110718E+02  0.244965E+02 -0.105256E-02    -19.210   -935.605    -19.081     540
   541.00000 -0.671272E+00  0.878712E+02 -0.110718E+02  0.248530E+02 -0.105292E-02    -19.756  -1020.053    -19.082     541
   542.00000 -0.671272E+00  0.882827E+02 -0.110718E+02  0.251231E+02 -0.105327E-02    -20.477  -1131.947    -19.083     542
   543.00000 -0.671272E+00  0.887247E+02 -0.110718E+02  0.253383E+02 -0.105363E-02    -21.272  -1262.103    -19.084     543
   544.00000 -0.671272E+00  0.890472E+02 -0.110718E+02  0.254531E+02 -0.105399E-02    -21.994  -1372.259    -19.086     544
   545.00000 -0.671272E+00  0.892657E+02 -0.110718E+02  0.255129E+02 -0.105435E-02    -22.532  -1435.161    -19.087     545
   546.00000 -0.671272E+00  0.896416E+02 -0.110718E+02  0.255755E+02 -0.105470E-02    -22.917  -1488.170    -19.088     546
   547.00000 -0.671272E+00  0.899108E+02 -0.110718E+02  0.256060E+02 -0.105506E-02    -23.174  -1528.695    -19.090     547
   548.00000 -0.671272E+00  0.902817E+02 -0.110718E+02  0.256293E+02 -0.105542E-02    -23.349  -1557.122    -19.091     548
   549.00000 -0.206827E+01  0.907085E+02 -0.120262E+02  0.257070E+02 -0.105542E-02      0.000  -1318.720    -19.091     549
   550.00000 -0.206827E+01  0.909549E+02 -0.120262E+02  0.257841E+02 -0.105578E-02    -14.343  -1334.001    -19.092     550
   551.00000 -0.487417E+01  0.913130E+02 -0.126067E+02  0.258661E+02 -0.105578E-02      0.000  -1219.671    -19.092     551
   552.00000 -0.487417E+01  0.916889E+02 -0.126067E+02  0.260186E+02 -0.105613E-02    -14.410  -1236.611    -19.094     552
   553.00000 -0.783648E+01  0.920369E+02 -0.131640E+02  0.261034E+02 -0.105613E-02      0.000  -1158.260    -19.094     553
   554.00000 -0.783648E+01  0.924814E+02 -0.131640E+02  0.263044E+02 -0.105649E-02    -14.934  -1172.591    -19.095     554
   555.00000 -0.106305E+02  0.929436E+02 -0.137236E+02  0.264216E+02 -0.105649E-02      0.000  -1093.158    -19.095     555
   556.00000 -0.106305E+02  0.934008E+02 -0.137236E+02  0.266575E+02 -0.105685E-02    -14.875  -1110.243    -19.096     556
   557.00000 -0.134245E+02  0.938784E+02 -0.142837E+02  0.267911E+02 -0.105685E-02      0.000  -1049.926    -19.096     557
   558.00000 -0.148658E+02  0.943102E+02 -0.147705E+02  0.268736E+02 -0.105685E-02      0.000   -940.426    -19.096     558
   559.00000 -0.148658E+02  0.947471E+02 -0.147705E+02  0.271513E+02 -0.105719E-02    -14.913   -958.569    -19.097     559
   560.00000 -0.148658E+02  0.951966E+02 -0.147705E+02  0.274372E+02 -0.105755E-02    -16.828   -975.578    -19.099     560
   561.00000 -0.148658E+02  0.956234E+02 -0.147705E+02  0.277084E+02 -0.105791E-02    -18.221   -995.731    -19.100     561
   562.00000 -0.148658E+02  0.961060E+02 -0.147705E+02  0.280152E+02 -0.105827E-02    -18.820  -1023.486    -19.101     562
   563.00000 -0.148658E+02  0.965683E+02 -0.147705E+02  0.283091E+02 -0.105862E-02    -19.198  -1065.039    -19.103     563
   564.00000 -0.148658E+02  0.970204E+02 -0.147705E+02  0.285965E+02 -0.105898E-02    -19.714  -1126.561    -19.104     564
   565.00000 -0.148658E+02  0.973963E+02 -0.147705E+02  0.288210E+02 -0.105934E-02    -20.399  -1216.512    -19.105     565
   566.00000 -0.148658E+02  0.978052E+02 -0.147705E+02  0.290028E+02 -0.105970E-02    -21.170  -1329.355    -19.107     566
   567.00000 -0.148658E+02  0.982192E+02 -0.147705E+02  0.291157E+02 -0.106005E-02    -21.894  -1439.589    -19.108     567
   568.00000 -0.148658E+02  0.985901E+02 -0.147705E+02  0.291723E+02 -0.106041E-02    -22.464  -1513.079    -19.109     568
   569.00000 -0.148658E+02  0.989762E+02 -0.147705E+02  0.292015E+02 -0.106077E-02    -22.870  -1557.737    -19.111     569
   570.00000 -0.148658E+02  0.994588E+02 -0.147705E+02  0.292157E+02 -0.106113E-02    -23.146  -1582.746    -19.112     570
   571.00000 -0.148658E+02  0.100015E+03 -0.147705E+02  0.292215E+02 -0.106148E-02    -23.331  -1594.268    -19.113     571
   572.00000 -0.148658E+02  0.100604E+03 -0.147705E+02  0.292232E+02 -0.106184E-02    -23.453  -1598.964    -19.114     572
   573.00000 -0.148658E+02  0.101077E+03 -0.147705E+02  0.292235E+02 -0.106220E-02    -23.534  -1600.031    -19.116     573
   574.00000 -0.148658E+02  0.101483E+03 -0.147705E+02  0.292235E+02 -0.106256E-02    -23.587  -1600.254    -19.117     574
   575.00000 -0.148658E+02  0.101826E+03 -0.147705E+02  0.292236E+02 -0.106291E-02    -23.623  -1600.315    -19.118     575
   576.00000 -0.148658E+02  0.102268E+03 -0.147705E+02  0.292236E+02 -0.106327E-02    -23.646  -1600.340    -19.120     576
   577.00000 -0.148658E+02  0.102649E+03 -0.147705E+02  0.292236E+02 -0.106363E-02    -23.667  -1600.348    -19.121     577
   578.00000 -0.148658E+02  0.103119E+03 -0.147705E+02  0.292236E+02 -0.106399E-02    -23.687  -1600.351    -19.122     578
   579.00000 -0.148658E+02  0.103533E+03 -0.147705E+02  0.292236E+02 -0.106435E-02    -23.707  -1600.352    -19.124     579
   580.00000 -0.148658E+02  0.103962E+03 -0.147705E+02  0.292236E+02 -0.106470E-02    -23.727  -1600.352    -19.125     580
   581.00000 -0.148658E+02  0.104325E+03 -0.147705E+02  0.292236E+02 -0.106506E-02    -23.747  -1600.352    -19.126     581
   582.00000 -0.148658E+02  0.104457E+03 -0.147705E+02  0.292236E+02 -0.106542E-02    -23.766  -1600.349    -19.128     582
   583.00000 -0.148658E+02  0.104790E+03 -0.147705E+02  0.292236E+02 -0.106578E-02    -23.786  -1600.349    -19.129     583
   584.00000 -0.148658E+02  0.105136E+03 -0.147705E+02  0.292236E+02 -0.106613E-02    -23.806  -1600.351    -19.130     584
   585.00000 -0.148658E+02  0.105255E+03 -0.147705E+02  0.292236E+02 -0.106649E-02    -23.826  -1600.348    -19.131     585
   586.00000 -0.148658E+02  0.105506E+03 -0.147705E+02  0.292237E+02 -0.106685E-02    -23.845  -1600.348    -19.133     586
   587.00000 -0.148658E+02  0.105819E+03 -0.147705E+02  0.292237E+02 -0.106721E-02    -23.865  -1600.349    -19.134     587
   588.00000 -0.148658E+02  0.106134E+03 -0.147705E+02  0.292237E+02 -0.106756E-02    -23.884  -1600.350    -19.135     588
   589.00000 -0.148658E+02  0.106500E+03 -0.147705E+02  0.292237E+02 -0.106792E-02    -23.903  -1600.351    -19.137     589
   590.00000 -0.148658E+02  0.106878E+03 -0.147705E+02  0.292237E+02 -0.106828E-02    -23.923  -1600.352    -19.138     590
   591.00000 -0.148658E+02  0.107203E+03 -0.147705E+02  0.292237E+02 -0.106864E-02    -23.942  -1600.351    -19.139     591
   592.00000 -0.148658E+02  0.107526E+03 -0.147705E+02  0.292237E+02 -0.106899E-02    -23.961  -1600.351    -19.141     592
   593.00000 -0.148658E+02  0.107930E+03 -0.147705E+02  0.292237E+02 -0.106935E-02    -23.980  -1600.352    -19.142     593
   594.00000 -0.148658E+02  0.108311E+03 -0.147705E+02  0.292237E+02 -0.106971E-02    -23.999  -1600.352    -19.143     594
   595.00000 -0.148658E+02  0.108669E+03 -0.147705E+02  0.292237E+02 -0.107007E-02    -24.018  -1600.352    -19.145     595
   596.00000 -0.148658E+02  0.109045E+03 -0.147705E+02  0.292237E+02 -0.107042E-02    -24.037  -1600.352    -19.146     596
   597.00000 -0.148658E+02  0.109479E+03 -0.147705E+02  0.292237E+02 -0.107078E-02    -24.056  -1600.352    -19.147     597
   598.00000 -0.148658E+02  0.109822E+03 -0.147705E+02  0.292237E+02 -0.107114E-02    -24.075  -1600.352    -19.148     598
   599.00000 -0.148658E+02  0.110112E+03 -0.147705E+02  0.292237E+02 -0.107150E-02    -24.094  -1600.351    -19.150     599
   600.00000 -0.148658E+02  0.110426E+03 -0.147705E+02  0.292237E+02 -0.107186E-02    -24.113  -1600.351    -19.151     600
   601.00000 -0.148658E+02  0.110805E+03 -0.147705E+02  0.292237E+02 -0.107221E-02    -24.131  -1600.352    -19.152     601
   602.00000 -0.148658E+02  0.111148E+03 -0.147705E+02  0.292237E+02 -0.107257E-02    -24.150  -1600.352    -19.154     602
   603.00000 -0.148658E+02  0.111519E+03 -0.147705E+02  0.292237E+02 -0.107293E-02    -24.168  -1600.352    -19.155     603
   604.00000 -0.148658E+02  0.111867E+03 -0.147705E+02  0.292238E+02 -0.107329E-02    -24.187  -1600.352    -19.156     604
   605.00000 -0.148658E+02  0.112329E+03 -0.147705E+02  0.292238E+02 -0.107364E-02    -24.205  -1600.353    -19.158     605
   606.00000 -0.148658E+02  0.112593E+03 -0.147705E+02  0.292238E+02 -0.107400E-02    -24.223  -1600.352    -19.159     606
   607.00000 -0.148658E+02  0.112989E+03 -0.147705E+02  0.292238E+02 -0.107436E-02    -24.242  -1600.352    -19.160     607
   608.00000 -0.148658E+02  0.113355E+03 -0.147705E+02  0.292238E+02 -0.107472E-02    -24.260  -1600.352    -19.162     608
   609.00000 -0.148658E+02  0.113660E+03 -0.147705E+02  0.292238E+02 -0.107507E-02    -24.278  -1600.352    -19.163     609
   610.00000 -0.148658E+02  0.113949E+03 -0.147705E+02  0.292238E+02 -0.107543E-02    -24.296   -795.529    -19.164     610
   611.00000 -0.148658E+02  0.114252E+03 -0.147705E+02  0.292238E+02 -0.107579E-02    -24.314   -795.543    -19.165     611
   612.00000 -0.148658E+02  0.114549E+03 -0.147705E+02  0.292238E+02 -0.107615E-02    -24.332   -795.541    -19.167     612
   613.00000 -0.148658E+02  0.114844E+03 -0.147705E+02  0.292238E+02 -0.107650E-02    -24.350   -795.539    -19.168     613
   614.00000 -0.148658E+02  0.115133E+03 -0.147705E+02  0.292238E+02 -0.107686E-02    -24.368   -795.537    -19.169     614
   615.00000 -0.148658E+02  0.115435E+03 -0.147705E+02  0.292238E+02 -0.107722E-02    -24.386   -795.536    -19.171     615
   616.00000 -0.148658E+02  0.115727E+03 -0.147705E+02  0.292238E+02 -0.107758E-02    -24.404   -795.534    -19.172     616
   617.00000 -0.148658E+02  0.116012E+03 -0.147705E+02  0.292238E+02 -0.107794E-02    -24.421   -795.533    -19.173     617
   618.00000 -0.148658E+02  0.116408E+03 -0.147705E+02  0.292238E+02 -0.107829E-02    -24.439   -795.531    -19.175     618
   619.00000 -0.148658E+02  0.116591E+03 -0.147705E+02  0.292238E+02 -0.107865E-02    -24.456   -795.530    -19.176     619
   620.00000 -0.148658E+02  0.116743E+03 -0.147705E+02  0.292238E+02 -0.107901E-02    -24.474   -795.530    -19.177     620
   621.00000 -0.148658E+02  0.116807E+03 -0.147705E+02  0.292238E+02 -0.107937E-02    -24.491   -795.531    -19.179     621
   622.00000 -0.148658E+02  0.117046E+03 -0.147705E+02  0.292238E+02 -0.107972E-02    -24.509   -795.531    -19.180     622
   623.00000 -0.148658E+02  0.117404E+03 -0.147705E+02  0.292239E+02 -0.108008E-02    -24.526   -795.535    -19.181     623
   624.00000 -0.148658E+02  0.117577E+03 -0.147705E+02  0.292239E+02 -0.108044E-02    -24.544   -795.533    -19.182     624
   625.00000 -0.148658E+02  0.117775E+03 -0.147705E+02  0.292239E+02 -0.108080E-02    -24.561   -795.531    -19.184     625
   626.00000 -0.148658E+02  0.117942E+03 -0.147705E+02  0.292239E+02 -0.108115E-02    -24.578   -795.530    -19.185     626
   627.00000 -0.148658E+02  0.118031E+03 -0.147705E+02  0.292239E+02 -0.108151E-02    -24.595   -795.531    -19.186     627
   628.00000 -0.148658E+02  0.118275E+03 -0.147705E+02  0.292239E+02 -0.108187E-02    -24.612   -795.530    -19.188     628
   629.00000 -0.148658E+02  0.118620E+03 -0.147705E+02  0.292239E+02 -0.108223E-02    -24.629   -795.532    -19.189     629
   630.00000 -0.148658E+02  0.118816E+03 -0.147705E+02  0.292239E+02 -0.108258E-02    -24.646   -795.531    -19.190     630
   631.00000 -0.148658E+02  0.119139E+03 -0.147705E+02  0.292239E+02 -0.108294E-02    -24.663   -795.534    -19.192     631
   632.00000 -0.148658E+02  0.119405E+03 -0.147705E+02  0.292239E+02 -0.108330E-02    -24.680   -795.532    -19.193     632
   633.00000 -0.148658E+02  0.119847E+03 -0.147705E+02  0.292239E+02 -0.108366E-02    -24.697   -795.531    -19.194     633
   634.00000 -0.148658E+02  0.120244E+03 -0.147705E+02  0.292239E+02 -0.108401E-02    -24.713   -795.535    -19.196     634
   635.00000 -0.148658E+02  0.120561E+03 -0.147705E+02  0.292239E+02 -0.108437E-02    -24.730   -795.533    -19.197     635
   636.00000 -0.148658E+02  0.120970E+03 -0.147705E+02  0.292239E+02 -0.108473E-02    -24.747   -795.532    -19.198     636
   637.00000 -0.148658E+02  0.121204E+03 -0.147705E+02  0.292239E+02 -0.108509E-02    -24.763   -795.530    -19.199     637
   638.00000 -0.148658E+02  0.121521E+03 -0.147705E+02  0.292239E+02 -0.108545E-02    -24.780   -795.531    -19.201     638
   639.00000 -0.148658E+02  0.121729E+03 -0.147705E+02  0.292239E+02 -0.108580E-02    -24.796   -795.530    -19.202     639
   640.00000 -0.143248E+02  0.121729E+03 -0.146265E+02  0.292239E+02 -0.108616E-02***********   -795.534    -19.203     640
   641.00000 -0.141317E+02  0.121729E+03 -0.146265E+02  0.292239E+02 -0.108652E-02***********   -795.534    -19.205     641
   642.00000 -0.139565E+02  0.121729E+03 -0.146265E+02  0.292239E+02 -0.108688E-02***********   -795.534    -19.206     642
   643.00000 -0.134942E+02  0.121729E+03 -0.146265E+02  0.292239E+02 -0.108723E-02***********   -795.534    -19.207     643
   644.00000 -0.132402E+02  0.121729E+03 -0.146265E+02  0.292239E+02 -0.108759E-02***********   -795.534    -19.209     644
   645.00000 -0.130167E+02  0.121729E+03 -0.146265E+02  0.292239E+02 -0.108795E-02***********   -795.534    -19.210     645
   646.00000 -0.126814E+02  0.121729E+03 -0.146265E+02  0.292239E+02 -0.108831E-02***********   -795.534    -19.211     646
   647.00000 -0.123283E+02  0.121729E+03 -0.146265E+02  0.292239E+02 -0.108866E-02***********   -795.535    -19.212     647
   648.00000 -0.120489E+02  0.121729E+03 -0.146265E+02  0.292239E+02 -0.108902E-02***********   -795.535    -19.214     648
   649.00000 -0.118737E+02  0.121729E+03 -0.146265E+02  0.292239E+02 -0.108938E-02***********   -795.535    -19.215     649
   650.00000 -0.117441E+02  0.121729E+03 -0.146265E+02  0.292239E+02 -0.108974E-02***********   -795.535    -19.216     650
   651.00000 -0.115968E+02  0.121729E+03 -0.146265E+02  0.292239E+02 -0.109009E-02***********   -795.535    -19.218     651
   652.00000 -0.114419E+02  0.121729E+03 -0.146265E+02  0.292239E+02 -0.109045E-02***********   -795.535    -19.219     652
   653.00000 -0.111371E+02  0.121729E+03 -0.146265E+02  0.292239E+02 -0.109081E-02***********   -795.535    -19.220     653
   654.00000 -0.109034E+02  0.121729E+03 -0.146265E+02  0.292239E+02 -0.109117E-02***********   -795.535    -19.222     654
   655.00000 -0.106443E+02  0.121729E+03 -0.146265E+02  0.292239E+02 -0.109152E-02***********   -795.535    -19.223     655
   656.00000 -0.105071E+02  0.121729E+03 -0.146265E+02  0.292239E+02 -0.109188E-02***********   -795.535    -19.224     656
   657.00000 -0.102506E+02  0.121729E+03 -0.146265E+02  0.292239E+02 -0.109224E-02***********   -795.535    -19.226     657
   658.00000 -0.976292E+01  0.121729E+03 -0.146265E+02  0.292239E+02 -0.109260E-02***********   -795.535    -19.227     658
   659.00000 -0.935652E+01  0.121729E+03 -0.146265E+02  0.292239E+02 -0.109296E-02***********   -795.535    -19.228     659
   660.00000 -0.915586E+01  0.121729E+03 -0.146265E+02  0.292239E+02 -0.109331E-02***********   -795.535    -19.229     660
   661.00000 -0.898314E+01  0.121729E+03 -0.146265E+02  0.292239E+02 -0.109367E-02***********   -795.535    -19.231     661
   662.00000 -0.872914E+01  0.121729E+03 -0.146265E+02  0.292239E+02 -0.109403E-02***********   -795.535    -19.232     662
   663.00000 -0.856404E+01  0.121729E+03 -0.146265E+02  0.292239E+02 -0.109439E-02***********   -795.535    -19.233     663
   664.00000 -0.845736E+01  0.121729E+03 -0.146265E+02  0.292239E+02 -0.109474E-02***********   -795.535    -19.235     664
   665.00000 -0.818050E+01  0.121729E+03 -0.146265E+02  0.292239E+02 -0.109510E-02***********   -795.535    -19.236     665
   666.00000 -0.785284E+01  0.121729E+03 -0.146265E+02  0.292239E+02 -0.109546E-02***********   -795.535    -19.237     666
   667.00000 -0.763948E+01  0.121729E+03 -0.146265E+02  0.292239E+02 -0.109582E-02***********   -795.535    -19.239     667
   668.00000 -0.755820E+01  0.121729E+03 -0.146265E+02  0.292239E+02 -0.109617E-02***********   -795.535    -19.240     668
   669.00000 -0.738294E+01  0.121729E+03 -0.146265E+02  0.292239E+02 -0.109653E-02***********   -795.535    -19.241     669
   670.00000 -0.723562E+01  0.121729E+03 -0.146265E+02  0.292239E+02 -0.109689E-02***********   -795.535    -19.243     670
   671.00000 -0.706544E+01  0.121729E+03 -0.146265E+02  0.292239E+02 -0.109725E-02***********   -795.535    -19.244     671
   672.00000 -0.685462E+01  0.121729E+03 -0.146265E+02  0.292239E+02 -0.109760E-02***********   -795.535    -19.245     672
   673.00000 -0.675302E+01  0.121729E+03 -0.146265E+02  0.292239E+02 -0.109796E-02***********   -795.535    -19.246     673
   674.00000 -0.653458E+01  0.121729E+03 -0.146265E+02  0.292239E+02 -0.109832E-02***********   -795.535    -19.248     674
   675.00000 -0.645584E+01  0.121729E+03 -0.146265E+02  0.292239E+02 -0.109868E-02***********   -795.535    -19.249     675
   676.00000 -0.630344E+01  0.121729E+03 -0.146265E+02  0.292239E+02 -0.109904E-02***********   -795.535    -19.250     676
   677.00000 -0.601642E+01  0.121729E+03 -0.146265E+02  0.292239E+02 -0.109939E-02***********   -795.535    -19.252     677
   678.00000 -0.576496E+01  0.121729E+03 -0.146265E+02  0.292239E+02 -0.109975E-02***********   -795.535    -19.253     678
   679.00000 -0.565320E+01  0.121729E+03 -0.146265E+02  0.292239E+02 -0.110011E-02***********   -795.535    -19.254     679
   680.00000 -0.554906E+01  0.121729E+03 -0.146265E+02  0.292239E+02 -0.110047E-02***********   -795.535    -19.256     680
   681.00000 -0.536364E+01  0.121729E+03 -0.146265E+02  0.292239E+02 -0.110082E-02***********   -795.535    -19.257     681
   682.00000 -0.518076E+01  0.121729E+03 -0.146265E+02  0.292239E+02 -0.110118E-02***********   -795.535    -19.258     682
   683.00000 -0.490136E+01  0.121729E+03 -0.146265E+02  0.292239E+02 -0.110154E-02***********   -795.535    -19.260     683
   684.00000 -0.466006E+01  0.121729E+03 -0.146265E+02  0.292239E+02 -0.110190E-02***********   -795.535    -19.261     684
   685.00000 -0.459148E+01  0.121729E+03 -0.146265E+02  0.292239E+02 -0.110225E-02***********   -795.535    -19.262     685
   686.00000 -0.444162E+01  0.121729E+03 -0.146265E+02  0.292239E+02 -0.110261E-02***********   -795.535    -19.263     686
   687.00000 -0.412412E+01  0.121729E+03 -0.146265E+02  0.292239E+02 -0.110297E-02***********   -795.535    -19.265     687
   688.00000 -0.398950E+01  0.121729E+03 -0.146265E+02  0.292239E+02 -0.110333E-02***********   -795.535    -19.266     688
   689.00000 -0.394886E+01  0.121729E+03 -0.146265E+02  0.292239E+02 -0.110368E-02***********   -795.535    -19.267     689
   690.00000 -0.391838E+01  0.121729E+03 -0.146265E+02  0.292239E+02 -0.110404E-02***********   -795.535    -19.269     690
   691.00000 -0.387774E+01  0.121729E+03 -0.146265E+02  0.292239E+02 -0.110440E-02***********   -795.535    -19.270     691
   692.00000 -0.386504E+01  0.121729E+03 -0.146265E+02  0.292239E+02 -0.110476E-02***********   -795.535    -19.271     692
   693.00000 -0.384472E+01  0.121729E+03 -0.146265E+02  0.292239E+02 -0.110511E-02***********   -795.535    -19.273     693
   694.00000 -0.382694E+01  0.121729E+03 -0.146265E+02  0.292239E+02 -0.110547E-02***********   -795.535    -19.274     694
   695.00000 -0.380916E+01  0.121729E+03 -0.146265E+02  0.292239E+02 -0.110583E-02***********   -795.535    -19.275     695
   696.00000 -0.373296E+01  0.121729E+03 -0.146265E+02  0.292239E+02 -0.110619E-02***********   -795.535    -19.277     696
   697.00000 -0.371010E+01  0.121729E+03 -0.146265E+02  0.292239E+02 -0.110655E-02***********   -795.535    -19.278     697
   698.00000 -0.366946E+01  0.121729E+03 -0.146265E+02  0.292239E+02 -0.110690E-02***********   -795.535    -19.279     698
   699.00000 -0.365168E+01  0.121729E+03 -0.146265E+02  0.292239E+02 -0.110726E-02***********   -795.535    -19.280     699
   700.00000 -0.353230E+01  0.121729E+03 -0.146265E+02  0.292239E+02 -0.110762E-02***********   -795.535    -19.282     700
   701.00000 -0.349928E+01  0.121729E+03 -0.146265E+02  0.292239E+02 -0.110798E-02***********   -795.535    -19.283     701
   702.00000 -0.341800E+01  0.121729E+03 -0.146265E+02  0.292239E+02 -0.110833E-02***********   -795.535    -19.284     702
   703.00000 -0.326052E+01  0.121729E+03 -0.146265E+02  0.292239E+02 -0.110869E-02***********   -795.535    -19.286     703
   704.00000 -0.321226E+01  0.121729E+03 -0.146265E+02  0.292239E+02 -0.110905E-02***********   -795.535    -19.287     704
   705.00000 -0.303192E+01  0.121729E+03 -0.146265E+02  0.292239E+02 -0.110941E-02***********   -795.535    -19.288     705
   706.00000 -0.274236E+01  0.121729E+03 -0.146265E+02  0.292239E+02 -0.110976E-02***********   -795.535    -19.290     706
   707.00000 -0.237660E+01  0.121729E+03 -0.146265E+02  0.292239E+02 -0.111012E-02***********   -795.535    -19.291     707
   708.00000 -0.224706E+01  0.121729E+03 -0.146265E+02  0.292239E+02 -0.111048E-02***********   -795.535    -19.292     708
   709.00000 -0.218864E+01  0.121729E+03 -0.146265E+02  0.292239E+02 -0.111084E-02***********   -795.535    -19.294     709
   710.00000 -0.212006E+01  0.121729E+03 -0.146265E+02  0.292239E+02 -0.111119E-02***********   -795.535    -19.295     710
   711.00000 -0.201338E+01  0.121729E+03 -0.146265E+02  0.292239E+02 -0.111155E-02***********   -795.535    -19.296     711
   712.00000 -0.195750E+01  0.121729E+03 -0.146265E+02  0.292239E+02 -0.111191E-02***********   -795.535    -19.297     712
   713.00000 -0.182288E+01  0.121729E+03 -0.146265E+02  0.292239E+02 -0.111227E-02***********   -795.535    -19.299     713
   714.00000 -0.163746E+01  0.121729E+03 -0.146265E+02  0.292239E+02 -0.111263E-02***********   -795.535    -19.300     714
   715.00000 -0.152824E+01  0.121729E+03 -0.146265E+02  0.292239E+02 -0.111298E-02***********   -795.535    -19.301     715
   716.00000 -0.146982E+01  0.121729E+03 -0.146265E+02  0.292239E+02 -0.111334E-02***********   -795.535    -19.303     716
   717.00000 -0.144950E+01  0.121729E+03 -0.146265E+02  0.292239E+02 -0.111370E-02***********   -795.535    -19.304     717
   718.00000 -0.127678E+01  0.121729E+03 -0.146265E+02  0.292239E+02 -0.111406E-02***********   -795.535    -19.305     718
   719.00000 -0.115486E+01  0.121729E+03 -0.146265E+02  0.292239E+02 -0.111441E-02***********   -795.535    -19.307     719
   720.00000 -0.936421E+00  0.121729E+03 -0.146265E+02  0.292239E+02 -0.111477E-02***********   -795.535    -19.308     720
   721.00000 -0.684961E+00  0.121729E+03 -0.146265E+02  0.292239E+02 -0.111513E-02***********   -795.535    -19.309     721
   722.00000 -0.512241E+00  0.121729E+03 -0.146265E+02  0.292239E+02 -0.111549E-02***********   -795.535    -19.311     722
   723.00000 -0.314121E+00  0.121729E+03 -0.146265E+02  0.292239E+02 -0.111584E-02***********   -795.535    -19.312     723
   724.00000 -0.126161E+00  0.121729E+03 -0.146265E+02  0.292239E+02 -0.111620E-02***********   -795.535    -19.313     724
   725.00000  0.770385E-01  0.121729E+03 -0.146265E+02  0.292239E+02 -0.111656E-02***********   -795.535    -19.314     725
   726.00000  0.295479E+00  0.121729E+03 -0.146265E+02  0.292239E+02 -0.111692E-02***********   -795.535    -19.316     726
   727.00000  0.470739E+00  0.121729E+03 -0.146265E+02  0.292239E+02 -0.111727E-02***********   -795.535    -19.317     727
   728.00000  0.676479E+00  0.121729E+03 -0.146265E+02  0.292239E+02 -0.111763E-02***********   -795.535    -19.318     728
   729.00000  0.755219E+00  0.121729E+03 -0.146265E+02  0.292239E+02 -0.111799E-02***********   -795.535    -19.320     729
   730.00000  0.770458E+00  0.121729E+03 -0.146265E+02  0.292239E+02 -0.111835E-02***********   -795.535    -19.321     730
   731.00000  0.770458E+00  0.121729E+03 -0.146265E+02  0.292239E+02 -0.111870E-02***********   -795.535    -19.322     731
   732.00000  0.783158E+00  0.121729E+03 -0.146265E+02  0.292239E+02 -0.111906E-02***********   -795.535    -19.324     732
   733.00000  0.795858E+00  0.121729E+03 -0.146265E+02  0.292239E+02 -0.111942E-02***********   -795.535    -19.325     733
   734.00000  0.808558E+00  0.121729E+03 -0.146265E+02  0.292239E+02 -0.111978E-02***********   -795.535    -19.326     734
   735.00000  0.818718E+00  0.121729E+03 -0.146265E+02  0.292239E+02 -0.112014E-02***********   -795.535    -19.327     735
   736.00000  0.823798E+00  0.121729E+03 -0.146265E+02  0.292239E+02 -0.112049E-02***********   -795.535    -19.329     736
   737.00000  0.839038E+00  0.121729E+03 -0.146265E+02  0.292239E+02 -0.112085E-02***********   -795.535    -19.330     737
   738.00000  0.910158E+00  0.121729E+03 -0.146265E+02  0.292239E+02 -0.112121E-02***********   -795.535    -19.331     738
   739.00000  0.101684E+01  0.121729E+03 -0.146265E+02  0.292239E+02 -0.112157E-02***********   -795.535    -19.333     739
   740.00000  0.108288E+01  0.121729E+03 -0.146265E+02  0.292239E+02 -0.112192E-02***********   -795.535    -19.334     740
   741.00000  0.127338E+01  0.121729E+03 -0.146265E+02  0.292239E+02 -0.112228E-02***********   -795.535    -19.335     741
   742.00000  0.131910E+01  0.121729E+03 -0.146265E+02  0.292239E+02 -0.112264E-02***********   -795.535    -19.337     742
   743.00000  0.134196E+01  0.121729E+03 -0.146265E+02  0.292239E+02 -0.112300E-02***********   -795.535    -19.338     743
   744.00000  0.139784E+01  0.121729E+03 -0.146265E+02  0.292239E+02 -0.112335E-02***********   -795.535    -19.339     744
   745.00000  0.150452E+01  0.121729E+03 -0.146265E+02  0.292239E+02 -0.112371E-02***********   -795.535    -19.341     745
   746.00000  0.163152E+01  0.121729E+03 -0.146265E+02  0.292239E+02 -0.112407E-02***********   -795.535    -19.342     746
   747.00000  0.183726E+01  0.121729E+03 -0.146265E+02  0.292239E+02 -0.112443E-02***********   -795.535    -19.343     747
   748.00000  0.187790E+01  0.121729E+03 -0.146265E+02  0.292239E+02 -0.112478E-02***********   -795.535    -19.345     748
   749.00000  0.189822E+01  0.121729E+03 -0.146265E+02  0.292239E+02 -0.112514E-02***********   -795.535    -19.346     749
   750.00000  0.191600E+01  0.121729E+03 -0.146265E+02  0.292239E+02 -0.112550E-02***********   -795.535    -19.347     750
   751.00000  0.197188E+01  0.121729E+03 -0.146265E+02  0.292239E+02 -0.112586E-02***********   -795.535    -19.348     751
   752.00000  0.212174E+01  0.121729E+03 -0.146265E+02  0.292239E+02 -0.112621E-02***********   -795.535    -19.350     752
   753.00000  0.216746E+01  0.121729E+03 -0.146265E+02  0.292239E+02 -0.112657E-02***********   -795.535    -19.351     753
   754.00000  0.232240E+01  0.121729E+03 -0.146265E+02  0.292239E+02 -0.112693E-02***********   -795.535    -19.352     754
   755.00000  0.235034E+01  0.121729E+03 -0.146265E+02  0.292239E+02 -0.112729E-02***********   -795.536    -19.354     755
   756.00000  0.238336E+01  0.121729E+03 -0.146265E+02  0.292239E+02 -0.112765E-02***********   -795.536    -19.355     756
end
