 ******* Program HYDRUS
 ******* 
 None                                                                    
 Date:  16. 1.    Time:  15:17:10
 Units: L = mm   , T = days , M = mmol 
 
 CosAlf,MaxIt,TolTh,  TolH
 1.000   10   0.001 1.00000
 
 TopInF,BotInF,AtmBC,SinkF,WLayer,qGWLF,FreeD,SeepF,lWat,lChem,lTemp,lRoot,lWDep
     T     F     T     T     F     F     T     F     T     F     F     T     F

Nodal point information

node      x         hOld    MatN LayN  Beta      Ah       AK      ATh     Temp    Conc(1...NS)         Sorb(1...NS)

   1      0.000    -15.000    1    1   0.000    1.000    1.000    1.000
   2     -1.000    -15.000    1    1   0.000    1.000    1.000    1.000
   3     -2.000    -15.000    1    1   0.000    1.000    1.000    1.000
   4     -3.000    -15.000    1    1   0.000    1.000    1.000    1.000
   5     -4.000    -15.000    1    1   0.000    1.000    1.000    1.000
   6     -5.000    -15.000    1    1   0.000    1.000    1.000    1.000
   7     -6.000    -15.000    1    1   0.000    1.000    1.000    1.000
   8     -7.000    -15.000    1    1   0.000    1.000    1.000    1.000
   9     -8.000    -15.000    1    1   0.000    1.000    1.000    1.000
  10     -9.000    -15.000    1    1   0.000    1.000    1.000    1.000
  11    -10.000    -15.000    1    1   0.000    1.000    1.000    1.000
  12    -11.000    -15.000    1    1   0.000    1.000    1.000    1.000
  13    -12.000    -15.000    1    1   0.000    1.000    1.000    1.000
  14    -13.000    -15.000    1    1   0.000    1.000    1.000    1.000
  15    -14.000    -15.000    1    1   0.000    1.000    1.000    1.000
  16    -15.000    -15.000    1    1   0.000    1.000    1.000    1.000
  17    -16.000    -15.000    1    1   0.000    1.000    1.000    1.000
  18    -17.000    -15.000    1    1   0.000    1.000    1.000    1.000
  19    -18.000    -15.000    1    1   0.000    1.000    1.000    1.000
  20    -19.000    -15.000    1    1   0.000    1.000    1.000    1.000
  21    -20.000    -15.000    1    1   0.000    1.000    1.000    1.000
  22    -21.000    -15.000    1    1   0.000    1.000    1.000    1.000
  23    -22.000    -15.000    1    1   0.000    1.000    1.000    1.000
  24    -23.000    -15.000    1    1   0.000    1.000    1.000    1.000
  25    -24.000    -15.000    1    1   0.000    1.000    1.000    1.000
  26    -25.000    -15.000    1    1   0.000    1.000    1.000    1.000
  27    -26.000    -15.000    1    1   0.000    1.000    1.000    1.000
  28    -27.000    -15.000    1    1   0.000    1.000    1.000    1.000
  29    -28.000    -15.000    1    1   0.000    1.000    1.000    1.000
  30    -29.000    -15.000    1    1   0.000    1.000    1.000    1.000
  31    -30.000    -15.000    1    1   0.000    1.000    1.000    1.000
  32    -31.000    -15.000    1    1   0.000    1.000    1.000    1.000
  33    -32.000    -15.000    1    1   0.000    1.000    1.000    1.000
  34    -33.000    -15.000    1    1   0.000    1.000    1.000    1.000
  35    -34.000    -15.000    1    1   0.000    1.000    1.000    1.000
  36    -35.000    -15.000    1    1   0.000    1.000    1.000    1.000
  37    -36.000    -15.000    1    1   0.000    1.000    1.000    1.000
  38    -37.000    -15.000    1    1   0.000    1.000    1.000    1.000
  39    -38.000    -15.000    1    1   0.000    1.000    1.000    1.000
  40    -39.000    -15.000    1    1   0.000    1.000    1.000    1.000
  41    -40.000    -15.000    1    1   0.000    1.000    1.000    1.000
  42    -41.000    -15.000    1    1   0.000    1.000    1.000    1.000
  43    -42.000    -15.000    1    1   0.000    1.000    1.000    1.000
  44    -43.000    -15.000    1    1   0.000    1.000    1.000    1.000
  45    -44.000    -15.000    1    1   0.000    1.000    1.000    1.000
  46    -45.000    -15.000    1    1   0.000    1.000    1.000    1.000
  47    -46.000    -15.000    1    1   0.000    1.000    1.000    1.000
  48    -47.000    -15.000    1    1   0.000    1.000    1.000    1.000
  49    -48.000    -15.000    1    1   0.000    1.000    1.000    1.000
  50    -49.000    -15.000    1    1   0.000    1.000    1.000    1.000
  51    -50.000    -15.000    1    1   0.000    1.000    1.000    1.000
  52    -51.000    -15.000    1    1   0.000    1.000    1.000    1.000
  53    -52.000    -15.000    1    1   0.000    1.000    1.000    1.000
  54    -53.000    -15.000    1    1   0.000    1.000    1.000    1.000
  55    -54.000    -15.000    1    1   0.000    1.000    1.000    1.000
  56    -55.000    -15.000    1    1   0.000    1.000    1.000    1.000
  57    -56.000    -15.000    1    1   0.000    1.000    1.000    1.000
  58    -57.000    -15.000    1    1   0.000    1.000    1.000    1.000
  59    -58.000    -15.000    1    1   0.000    1.000    1.000    1.000
  60    -59.000    -15.000    1    1   0.000    1.000    1.000    1.000
  61    -60.000    -15.000    1    1   0.000    1.000    1.000    1.000
  62    -61.000    -15.000    1    1   0.000    1.000    1.000    1.000
  63    -62.000    -15.000    1    1   0.000    1.000    1.000    1.000
  64    -63.000    -15.000    1    1   0.000    1.000    1.000    1.000
  65    -64.000    -15.000    1    1   0.000    1.000    1.000    1.000
  66    -65.000    -15.000    1    1   0.000    1.000    1.000    1.000
  67    -66.000    -15.000    1    1   0.000    1.000    1.000    1.000
  68    -67.000    -15.000    1    1   0.000    1.000    1.000    1.000
  69    -68.000    -15.000    1    1   0.000    1.000    1.000    1.000
  70    -69.000    -15.000    1    1   0.000    1.000    1.000    1.000
  71    -70.000    -15.000    1    1   0.000    1.000    1.000    1.000
  72    -71.000    -15.000    1    1   0.000    1.000    1.000    1.000
  73    -72.000    -15.000    1    1   0.000    1.000    1.000    1.000
  74    -73.000    -15.000    1    1   0.000    1.000    1.000    1.000
  75    -74.000    -15.000    2    1   0.000    1.000    1.000    1.000
  76    -75.000    -15.000    2    1   0.000    1.000    1.000    1.000
  77    -76.000    -15.000    2    1   0.000    1.000    1.000    1.000
  78    -77.000    -15.000    2    1   0.000    1.000    1.000    1.000
  79    -78.000    -15.000    2    1   0.000    1.000    1.000    1.000
  80    -79.000    -15.000    2    1   0.000    1.000    1.000    1.000
  81    -80.000    -15.000    2    1   0.000    1.000    1.000    1.000
  82    -81.000    -15.000    2    1   0.000    1.000    1.000    1.000
  83    -82.000    -15.000    2    1   0.000    1.000    1.000    1.000
  84    -83.000    -15.000    2    1   0.000    1.000    1.000    1.000
  85    -84.000    -15.000    2    1   0.000    1.000    1.000    1.000
  86    -85.000    -15.000    2    1   0.000    1.000    1.000    1.000
  87    -86.000    -15.000    2    1   0.000    1.000    1.000    1.000
  88    -87.000    -15.000    2    1   0.000    1.000    1.000    1.000
  89    -88.000    -15.000    2    1   0.000    1.000    1.000    1.000
  90    -89.000    -15.000    2    1   0.000    1.000    1.000    1.000
  91    -90.000    -15.000    2    1   0.000    1.000    1.000    1.000
  92    -91.000    -15.000    2    1   0.000    1.000    1.000    1.000
  93    -92.000    -15.000    2    1   0.000    1.000    1.000    1.000
  94    -93.000    -15.000    2    1   0.000    1.000    1.000    1.000
  95    -94.000    -15.000    2    1   0.000    1.000    1.000    1.000
  96    -95.000    -15.000    2    1   0.000    1.000    1.000    1.000
  97    -96.000    -15.000    2    1   0.000    1.000    1.000    1.000
  98    -97.000    -15.000    2    1   0.000    1.000    1.000    1.000
  99    -98.000    -15.000    2    1   0.000    1.000    1.000    1.000
 100    -99.000    -15.000    2    1   0.000    1.000    1.000    1.000
 101   -100.000    -15.000    3    1   0.000    1.000    1.000    1.000
 102   -101.000    -15.000    3    1   0.000    1.000    1.000    1.000
 103   -102.000    -15.000    3    1   0.000    1.000    1.000    1.000
 104   -103.000    -15.000    3    1   0.000    1.000    1.000    1.000
 105   -104.000    -15.000    3    1   0.000    1.000    1.000    1.000
 106   -105.000    -15.000    3    1   0.000    1.000    1.000    1.000
 107   -106.000    -15.000    3    1   0.000    1.000    1.000    1.000
 108   -107.000    -15.000    3    1   0.000    1.000    1.000    1.000
 109   -108.000    -15.000    3    1   0.000    1.000    1.000    1.000
 110   -109.000    -15.000    3    1   0.000    1.000    1.000    1.000
 111   -110.000    -15.000    3    1   0.000    1.000    1.000    1.000
 112   -111.000    -15.000    3    1   0.000    1.000    1.000    1.000
 113   -112.000    -15.000    3    1   0.000    1.000    1.000    1.000
 114   -113.000    -15.000    3    1   0.000    1.000    1.000    1.000
 115   -114.000    -15.000    3    1   0.000    1.000    1.000    1.000
 116   -115.000    -15.000    3    1   0.000    1.000    1.000    1.000
 117   -116.000    -15.000    3    1   0.000    1.000    1.000    1.000
 118   -117.000    -15.000    3    1   0.000    1.000    1.000    1.000
 119   -118.000    -15.000    3    1   0.000    1.000    1.000    1.000
 120   -119.000    -15.000    3    1   0.000    1.000    1.000    1.000
 121   -120.000    -15.000    3    1   0.000    1.000    1.000    1.000
 122   -121.000    -15.000    3    1   0.000    1.000    1.000    1.000
 123   -122.000    -15.000    3    1   0.000    1.000    1.000    1.000
 124   -123.000    -15.000    3    1   0.000    1.000    1.000    1.000
 125   -124.000    -15.000    3    1   0.000    1.000    1.000    1.000
 126   -125.000    -15.000    3    1   0.000    1.000    1.000    1.000
 127   -126.000    -15.000    3    1   0.000    1.000    1.000    1.000
 128   -127.000    -15.000    3    1   0.000    1.000    1.000    1.000
 129   -128.000    -15.000    3    1   0.000    1.000    1.000    1.000
 130   -129.000    -15.000    3    1   0.000    1.000    1.000    1.000
 131   -130.000    -15.000    3    1   0.000    1.000    1.000    1.000
 132   -131.000    -15.000    3    1   0.000    1.000    1.000    1.000
 133   -132.000    -15.000    3    1   0.000    1.000    1.000    1.000
 134   -133.000    -15.000    3    1   0.000    1.000    1.000    1.000
 135   -134.000    -15.000    3    1   0.000    1.000    1.000    1.000
 136   -135.000    -15.000    3    1   0.000    1.000    1.000    1.000
 137   -136.000    -15.000    3    1   0.000    1.000    1.000    1.000
 138   -137.000    -15.000    3    1   0.000    1.000    1.000    1.000
 139   -138.000    -15.000    3    1   0.000    1.000    1.000    1.000
 140   -139.000    -15.000    3    1   0.000    1.000    1.000    1.000
 141   -140.000    -15.000    3    1   0.000    1.000    1.000    1.000
 142   -141.000    -15.000    3    1   0.000    1.000    1.000    1.000
 143   -142.000    -15.000    3    1   0.000    1.000    1.000    1.000
 144   -143.000    -15.000    3    1   0.000    1.000    1.000    1.000
 145   -144.000    -15.000    3    1   0.000    1.000    1.000    1.000
 146   -145.000    -15.000    3    1   0.000    1.000    1.000    1.000
 147   -146.000    -15.000    3    1   0.000    1.000    1.000    1.000
 148   -147.000    -15.000    3    1   0.000    1.000    1.000    1.000
 149   -148.000    -15.000    3    1   0.000    1.000    1.000    1.000
 150   -149.000    -15.000    3    1   0.000    1.000    1.000    1.000
 151   -150.000    -15.000    1    1   0.000    1.000    1.000    1.000
end

 Number of species in the chain :   0


MatNum, Param. array:

   Mat     Qr     Qs        Alfa         n          Ks      l

    1    0.052  0.357   0.948E-02   0.143E+01   0.500E+00496.237

       Table of Hydraulic Properties which are interpolated in simulation
       =================================================================

  theta         h        log h        C             K        log K          S          Kv
 
  0.3572  -0.100E-05 -0.6000E+01  0.4772E-06  0.4996E+00 -0.3014E+00    1.0000  0.0000E+00
  0.3572  -0.126E-05 -0.5899E+01  0.5267E-06  0.4996E+00 -0.3014E+00    1.0000  0.0000E+00
  0.3572  -0.159E-05 -0.5798E+01  0.5815E-06  0.4995E+00 -0.3014E+00    1.0000  0.0000E+00
  0.3572  -0.201E-05 -0.5697E+01  0.6419E-06  0.4995E+00 -0.3015E+00    1.0000  0.0000E+00
  0.3572  -0.254E-05 -0.5596E+01  0.7086E-06  0.4994E+00 -0.3015E+00    1.0000  0.0000E+00
  0.3572  -0.320E-05 -0.5495E+01  0.7823E-06  0.4994E+00 -0.3016E+00    1.0000  0.0000E+00
  0.3572  -0.404E-05 -0.5394E+01  0.8636E-06  0.4993E+00 -0.3016E+00    1.0000  0.0000E+00
  0.3572  -0.509E-05 -0.5293E+01  0.9533E-06  0.4992E+00 -0.3017E+00    1.0000  0.0000E+00
  0.3572  -0.643E-05 -0.5192E+01  0.1052E-05  0.4991E+00 -0.3018E+00    1.0000  0.0000E+00
  0.3572  -0.811E-05 -0.5091E+01  0.1162E-05  0.4991E+00 -0.3019E+00    1.0000  0.0000E+00
  0.3572  -0.102E-04 -0.4990E+01  0.1283E-05  0.4990E+00 -0.3019E+00    1.0000  0.0000E+00
  0.3572  -0.129E-04 -0.4889E+01  0.1416E-05  0.4988E+00 -0.3020E+00    1.0000  0.0000E+00
  0.3572  -0.163E-04 -0.4788E+01  0.1563E-05  0.4987E+00 -0.3021E+00    1.0000  0.0000E+00
  0.3572  -0.206E-04 -0.4687E+01  0.1725E-05  0.4986E+00 -0.3023E+00    1.0000  0.0000E+00
  0.3572  -0.260E-04 -0.4586E+01  0.1905E-05  0.4985E+00 -0.3024E+00    1.0000  0.0000E+00
  0.3572  -0.327E-04 -0.4485E+01  0.2103E-05  0.4983E+00 -0.3025E+00    1.0000  0.0000E+00
  0.3572  -0.413E-04 -0.4384E+01  0.2321E-05  0.4981E+00 -0.3027E+00    1.0000  0.0000E+00
  0.3572  -0.521E-04 -0.4283E+01  0.2562E-05  0.4979E+00 -0.3028E+00    1.0000  0.0000E+00
  0.3572  -0.658E-04 -0.4182E+01  0.2829E-05  0.4977E+00 -0.3030E+00    1.0000  0.0000E+00
  0.3572  -0.830E-04 -0.4081E+01  0.3123E-05  0.4975E+00 -0.3032E+00    1.0000  0.0000E+00
  0.3572  -0.105E-03 -0.3980E+01  0.3447E-05  0.4972E+00 -0.3035E+00    1.0000  0.0000E+00
  0.3572  -0.132E-03 -0.3879E+01  0.3806E-05  0.4969E+00 -0.3037E+00    1.0000  0.0000E+00
  0.3572  -0.167E-03 -0.3778E+01  0.4201E-05  0.4966E+00 -0.3040E+00    1.0000  0.0000E+00
  0.3572  -0.210E-03 -0.3677E+01  0.4638E-05  0.4962E+00 -0.3043E+00    1.0000  0.0000E+00
  0.3572  -0.266E-03 -0.3576E+01  0.5120E-05  0.4958E+00 -0.3047E+00    1.0000  0.0000E+00
  0.3572  -0.335E-03 -0.3475E+01  0.5652E-05  0.4954E+00 -0.3050E+00    1.0000  0.0000E+00
  0.3572  -0.423E-03 -0.3374E+01  0.6239E-05  0.4949E+00 -0.3055E+00    1.0000  0.0000E+00
  0.3572  -0.534E-03 -0.3273E+01  0.6887E-05  0.4944E+00 -0.3059E+00    1.0000  0.0000E+00
  0.3572  -0.673E-03 -0.3172E+01  0.7603E-05  0.4938E+00 -0.3064E+00    1.0000  0.0000E+00
  0.3572  -0.850E-03 -0.3071E+01  0.8393E-05  0.4932E+00 -0.3070E+00    1.0000  0.0000E+00
  0.3572  -0.107E-02 -0.2970E+01  0.9266E-05  0.4925E+00 -0.3076E+00    1.0000  0.0000E+00
  0.3572  -0.135E-02 -0.2869E+01  0.1023E-04  0.4917E+00 -0.3083E+00    1.0000  0.0000E+00
  0.3572  -0.171E-02 -0.2768E+01  0.1129E-04  0.4908E+00 -0.3091E+00    1.0000  0.0000E+00
  0.3572  -0.215E-02 -0.2667E+01  0.1247E-04  0.4899E+00 -0.3099E+00    1.0000  0.1704E-29
  0.3572  -0.272E-02 -0.2566E+01  0.1376E-04  0.4888E+00 -0.3108E+00    1.0000  0.1704E-29
  0.3572  -0.343E-02 -0.2465E+01  0.1519E-04  0.4877E+00 -0.3119E+00    1.0000  0.1704E-29
  0.3572  -0.433E-02 -0.2364E+01  0.1677E-04  0.4864E+00 -0.3130E+00    1.0000  0.1718E-28
  0.3572  -0.546E-02 -0.2263E+01  0.1851E-04  0.4850E+00 -0.3143E+00    1.0000  0.1718E-28
  0.3572  -0.689E-02 -0.2162E+01  0.2044E-04  0.4834E+00 -0.3157E+00    1.0000  0.6636E-28
  0.3572  -0.870E-02 -0.2061E+01  0.2256E-04  0.4817E+00 -0.3172E+00    1.0000  0.3643E-27
  0.3572  -0.110E-01 -0.1960E+01  0.2490E-04  0.4798E+00 -0.3190E+00    1.0000  0.6689E-27
  0.3572  -0.138E-01 -0.1859E+01  0.2749E-04  0.4777E+00 -0.3209E+00    1.0000  0.2584E-26
  0.3572  -0.175E-01 -0.1758E+01  0.3035E-04  0.4753E+00 -0.3230E+00    1.0000  0.6742E-26
  0.3572  -0.221E-01 -0.1657E+01  0.3350E-04  0.4727E+00 -0.3254E+00    1.0000  0.2153E-25
  0.3572  -0.278E-01 -0.1556E+01  0.3699E-04  0.4698E+00 -0.3281E+00    1.0000  0.6796E-25
  0.3572  -0.351E-01 -0.1455E+01  0.4083E-04  0.4666E+00 -0.3311E+00    1.0000  0.2170E-24
  0.3572  -0.443E-01 -0.1354E+01  0.4507E-04  0.4629E+00 -0.3345E+00    1.0000  0.6385E-24
  0.3572  -0.559E-01 -0.1253E+01  0.4976E-04  0.4589E+00 -0.3383E+00    1.0000  0.1882E-23
  0.3572  -0.705E-01 -0.1152E+01  0.5493E-04  0.4543E+00 -0.3427E+00    1.0000  0.5776E-23
  0.3572  -0.890E-01 -0.1051E+01  0.6063E-04  0.4491E+00 -0.3477E+00    1.0000  0.1755E-22
  0.3572  -0.112E+00 -0.9495E+00  0.6693E-04  0.4432E+00 -0.3534E+00    1.0000  0.5306E-22
  0.3572  -0.142E+00 -0.8485E+00  0.7389E-04  0.4364E+00 -0.3601E+00    1.0000  0.1611E-21
  0.3572  -0.179E+00 -0.7475E+00  0.8156E-04  0.4286E+00 -0.3679E+00    1.0000  0.4861E-21
  0.3571  -0.226E+00 -0.6465E+00  0.9004E-04  0.4196E+00 -0.3772E+00    1.0000  0.1465E-20
  0.3571  -0.285E+00 -0.5455E+00  0.9939E-04  0.4089E+00 -0.3883E+00    0.9999  0.4419E-20
  0.3571  -0.359E+00 -0.4444E+00  0.1097E-03  0.3964E+00 -0.4018E+00    0.9999  0.1328E-19
  0.3571  -0.453E+00 -0.3434E+00  0.1211E-03  0.3816E+00 -0.4184E+00    0.9999  0.4013E-19
  0.3571  -0.572E+00 -0.2424E+00  0.1336E-03  0.3639E+00 -0.4390E+00    0.9998  0.1211E-18
  0.3571  -0.722E+00 -0.1414E+00  0.1475E-03  0.3428E+00 -0.4650E+00    0.9998  0.3658E-18
  0.3571  -0.911E+00 -0.4040E-01  0.1627E-03  0.3176E+00 -0.4982E+00    0.9997  0.1103E-17
  0.3570  -0.115E+01  0.6061E-01  0.1796E-03  0.2878E+00 -0.5409E+00    0.9995  0.3327E-17
  0.3570  -0.145E+01  0.1616E+00  0.1981E-03  0.2531E+00 -0.5968E+00    0.9993  0.1003E-16
  0.3569  -0.183E+01  0.2626E+00  0.2184E-03  0.2137E+00 -0.6703E+00    0.9991  0.3021E-16
  0.3568  -0.231E+01  0.3636E+00  0.2407E-03  0.1706E+00 -0.7679E+00    0.9987  0.9098E-16
  0.3566  -0.292E+01  0.4646E+00  0.2651E-03  0.1263E+00 -0.8986E+00    0.9982  0.2737E-15
  0.3564  -0.368E+01  0.5657E+00  0.2918E-03  0.8424E-01 -0.1074E+01    0.9975  0.8220E-15
  0.3561  -0.464E+01  0.6667E+00  0.3208E-03  0.4871E-01 -0.1312E+01    0.9965  0.2464E-14
  0.3557  -0.586E+01  0.7677E+00  0.3520E-03  0.2316E-01 -0.1635E+01    0.9952  0.7365E-14
  0.3551  -0.739E+01  0.8687E+00  0.3855E-03  0.8417E-02 -0.2075E+01    0.9934  0.2194E-13
  0.3544  -0.933E+01  0.9697E+00  0.4208E-03  0.2120E-02 -0.2674E+01    0.9908  0.6498E-13
  0.3533  -0.118E+02  0.1071E+01  0.4574E-03  0.3239E-03 -0.3490E+01    0.9873  0.1912E-12
  0.3518  -0.148E+02  0.1172E+01  0.4943E-03  0.2516E-04 -0.4599E+01    0.9825  0.5568E-12
  0.3498  -0.187E+02  0.1273E+01  0.5300E-03  0.7880E-06 -0.6103E+01    0.9759  0.1601E-11
  0.3471  -0.236E+02  0.1374E+01  0.5625E-03  0.7392E-08 -0.8131E+01    0.9671  0.4522E-11
  0.3436  -0.298E+02  0.1475E+01  0.5889E-03  0.1436E-10 -0.1084E+02    0.9554  0.1248E-10
  0.3389  -0.376E+02  0.1576E+01  0.6059E-03  0.3716E-14 -0.1443E+02    0.9401  0.3342E-10
  0.3329  -0.475E+02  0.1677E+01  0.6100E-03  0.7811E-19 -0.1911E+02    0.9204  0.8615E-10
  0.3253  -0.599E+02  0.1778E+01  0.5982E-03  0.7964E-25 -0.2510E+02    0.8957  0.2119E-09
  0.3162  -0.756E+02  0.1879E+01  0.5692E-03  0.2443E-32 -0.3261E+02    0.8656  0.4932E-09
  0.3053  -0.955E+02  0.1980E+01  0.5236E-03  0.1000E-36 -0.3700E+02    0.8301  0.1078E-08
  0.2930  -0.120E+03  0.2081E+01  0.4650E-03  0.1000E-36 -0.3700E+02    0.7896  0.2197E-08
  0.2794  -0.152E+03  0.2182E+01  0.3986E-03  0.1000E-36 -0.3700E+02    0.7451  0.4168E-08
  0.2649  -0.192E+03  0.2283E+01  0.3306E-03  0.1000E-36 -0.3700E+02    0.6977  0.7358E-08
  0.2500  -0.242E+03  0.2384E+01  0.2661E-03  0.1000E-36 -0.3700E+02    0.6488  0.1212E-07
  0.2351  -0.305E+03  0.2485E+01  0.2088E-03  0.1000E-36 -0.3700E+02    0.5999  0.1873E-07
  0.2205  -0.385E+03  0.2586E+01  0.1604E-03  0.1000E-36 -0.3700E+02    0.5519  0.2731E-07
  0.2064  -0.486E+03  0.2687E+01  0.1212E-03  0.1000E-36 -0.3700E+02    0.5059  0.3785E-07
  0.1931  -0.614E+03  0.2788E+01  0.9034E-04  0.1000E-36 -0.3700E+02    0.4622  0.5017E-07
  0.1807  -0.774E+03  0.2889E+01  0.6668E-04  0.1000E-36 -0.3700E+02    0.4214  0.6403E-07
  0.1691  -0.977E+03  0.2990E+01  0.4886E-04  0.1000E-36 -0.3700E+02    0.3835  0.7911E-07
  0.1585  -0.123E+04  0.3091E+01  0.3560E-04  0.1000E-36 -0.3700E+02    0.3486  0.9505E-07
  0.1487  -0.156E+04  0.3192E+01  0.2583E-04  0.1000E-36 -0.3700E+02    0.3166  0.1115E-06
  0.1398  -0.196E+04  0.3293E+01  0.1869E-04  0.1000E-36 -0.3700E+02    0.2873  0.1283E-06
  0.1316  -0.248E+04  0.3394E+01  0.1349E-04  0.1000E-36 -0.3700E+02    0.2606  0.1450E-06
  0.1242  -0.313E+04  0.3495E+01  0.9724E-05  0.1000E-36 -0.3700E+02    0.2363  0.1615E-06
  0.1175  -0.394E+04  0.3596E+01  0.7001E-05  0.1000E-36 -0.3700E+02    0.2142  0.1776E-06
  0.1113  -0.498E+04  0.3697E+01  0.5036E-05  0.1000E-36 -0.3700E+02    0.1941  0.1932E-06
  0.1058  -0.628E+04  0.3798E+01  0.3621E-05  0.1000E-36 -0.3700E+02    0.1759  0.2081E-06
  0.1007  -0.792E+04  0.3899E+01  0.2602E-05  0.1000E-36 -0.3700E+02    0.1594  0.2223E-06
  0.0962  -0.100E+05  0.4000E+01  0.1869E-05  0.1000E-36 -0.3700E+02    0.1444  0.2358E-06
end
