 ******* Program HYDRUS
 ******* 
 None                                                                    
 Date:  16. 1.    Time:  15:17:10
 Units: L = mm   , T = days , M = mmol 


    TLevel      Time          dt      Iter    ItCum  KodT  KodB  Convergency

       22  0.1000000E+01  0.19550E+00    2       44    -4    -5     T
       26  0.2000000E+01  0.25000E+00    2       54    -4    -5     T
       32  0.3000000E+01  0.12500E+00    4       91    -4    -5     T
       38  0.4000000E+01  0.20000E+00    2      112     4    -5     T
       41  0.5000000E+01  0.33333E+00    2      118     4    -5     T
       43  0.6000000E+01  0.50000E+00    2      122     4    -5     T
       45  0.7000000E+01  0.50000E+00    2      126     4    -5     T
       47  0.8000000E+01  0.50000E+00    2      130     4    -5     T
       49  0.9000000E+01  0.50000E+00    2      134     4    -5     T
       51  0.1000000E+02  0.50000E+00    2      138     4    -5     T
       53  0.1100000E+02  0.50000E+00    2      142     4    -5     T
       55  0.1200000E+02  0.50000E+00    2      146     4    -5     T
       57  0.1300000E+02  0.50000E+00    2      150     4    -5     T
       59  0.1400000E+02  0.50000E+00    2      154     4    -5     T
       61  0.1500000E+02  0.50000E+00    2      158     4    -5     T
       63  0.1600000E+02  0.50000E+00    2      162     4    -5     T
       65  0.1700000E+02  0.50000E+00    2      166     4    -5     T
       67  0.1800000E+02  0.50000E+00    2      170     4    -5     T
       69  0.1900000E+02  0.50000E+00    2      174     4    -5     T
       71  0.2000000E+02  0.50000E+00    2      178     4    -5     T
       73  0.2100000E+02  0.50000E+00    2      182     4    -5     T
       75  0.2200000E+02  0.50000E+00    2      186     4    -5     T
       77  0.2300000E+02  0.50000E+00    2      190     4    -5     T
       79  0.2400000E+02  0.50000E+00    2      194     4    -5     T
       81  0.2500000E+02  0.50000E+00    2      198     4    -5     T
       83  0.2600000E+02  0.50000E+00    2      202     4    -5     T
       85  0.2700000E+02  0.50000E+00    2      206     4    -5     T
       87  0.2800000E+02  0.50000E+00    2      210     4    -5     T
       89  0.2900000E+02  0.50000E+00    2      214     4    -5     T
       91  0.3000000E+02  0.50000E+00    2      218     4    -5     T
       93  0.3100000E+02  0.50000E+00    2      222     4    -5     T
       95  0.3200000E+02  0.50000E+00    2      226     4    -5     T
       97  0.3300000E+02  0.50000E+00    2      230     4    -5     T
       99  0.3400000E+02  0.50000E+00    2      234     4    -5     T
      101  0.3500000E+02  0.50000E+00    2      238     4    -5     T
      103  0.3600000E+02  0.50000E+00    2      242     4    -5     T
      105  0.3700000E+02  0.50000E+00    2      246     4    -5     T
      107  0.3800000E+02  0.50000E+00    2      250     4    -5     T
      109  0.3900000E+02  0.50000E+00    2      254     4    -5     T
      111  0.4000000E+02  0.50000E+00    2      258     4    -5     T
      113  0.4100000E+02  0.50000E+00    2      262     4    -5     T
      115  0.4200000E+02  0.50000E+00    2      266     4    -5     T
      117  0.4300000E+02  0.50000E+00    2      270     4    -5     T
      119  0.4400000E+02  0.50000E+00    2      274     4    -5     T
      121  0.4500000E+02  0.50000E+00    2      278     4    -5     T
      123  0.4600000E+02  0.50000E+00    2      282     4    -5     T
      125  0.4700000E+02  0.50000E+00    2      286     4    -5     T
      127  0.4800000E+02  0.50000E+00    2      290     4    -5     T
      129  0.4900000E+02  0.50000E+00    2      294     4    -5     T
      131  0.5000000E+02  0.50000E+00    2      298     4    -5     T
      133  0.5100000E+02  0.50000E+00    2      302     4    -5     T
      135  0.5200000E+02  0.50000E+00    2      306     4    -5     T
      137  0.5300000E+02  0.50000E+00    2      310     4    -5     T
      139  0.5400000E+02  0.50000E+00    2      314     4    -5     T
      141  0.5500000E+02  0.50000E+00    2      318     4    -5     T
      143  0.5600000E+02  0.50000E+00    2      322     4    -5     T
      145  0.5700000E+02  0.50000E+00    2      326     4    -5     T
      147  0.5800000E+02  0.50000E+00    2      330     4    -5     T
      149  0.5900000E+02  0.50000E+00    2      334     4    -5     T
      151  0.6000000E+02  0.50000E+00    2      338     4    -5     T
      153  0.6100000E+02  0.50000E+00    2      342     4    -5     T
      155  0.6200000E+02  0.50000E+00    2      346     4    -5     T
      157  0.6300000E+02  0.50000E+00    2      350     4    -5     T
      159  0.6400000E+02  0.50000E+00    2      354     4    -5     T
      161  0.6500000E+02  0.50000E+00    2      358     4    -5     T
      163  0.6600000E+02  0.50000E+00    2      362     4    -5     T
      165  0.6700000E+02  0.50000E+00    2      366     4    -5     T
      167  0.6800000E+02  0.50000E+00    2      370     4    -5     T
      169  0.6900000E+02  0.50000E+00    2      374     4    -5     T
      171  0.7000000E+02  0.50000E+00    2      378     4    -5     T
      173  0.7100000E+02  0.50000E+00    2      382     4    -5     T
      175  0.7200000E+02  0.50000E+00    2      386     4    -5     T
      177  0.7300000E+02  0.50000E+00    2      390     4    -5     T
      179  0.7400000E+02  0.50000E+00    2      394     4    -5     T
      181  0.7500000E+02  0.50000E+00    2      398     4    -5     T
      183  0.7600000E+02  0.50000E+00    2      402     4    -5     T
      185  0.7700000E+02  0.50000E+00    2      406     4    -5     T
      187  0.7800000E+02  0.50000E+00    2      410     4    -5     T
      189  0.7900000E+02  0.50000E+00    2      414     4    -5     T
      191  0.8000000E+02  0.50000E+00    2      418     4    -5     T
      193  0.8100000E+02  0.50000E+00    2      422     4    -5     T
      195  0.8200000E+02  0.50000E+00    2      426     4    -5     T
      197  0.8300000E+02  0.50000E+00    2      430     4    -5     T
      199  0.8400000E+02  0.50000E+00    2      434     4    -5     T
      201  0.8500000E+02  0.50000E+00    2      438     4    -5     T
      203  0.8600000E+02  0.50000E+00    2      442     4    -5     T
      205  0.8700000E+02  0.50000E+00    2      446     4    -5     T
      207  0.8800000E+02  0.50000E+00    2      450     4    -5     T
      209  0.8900000E+02  0.50000E+00    2      454     4    -5     T
      211  0.9000000E+02  0.50000E+00    2      458     4    -5     T
      213  0.9100000E+02  0.50000E+00    6      466    -4    -5     T
      215  0.9200000E+02  0.50000E+00    3      473    -4    -5     T
      217  0.9300000E+02  0.50000E+00    4      481    -4    -5     T
      219  0.9400000E+02  0.50000E+00    3      486    -4    -5     T
      221  0.9500000E+02  0.50000E+00    4      492    -4    -5     T
      223  0.9600000E+02  0.50000E+00    5      500    -4    -5     T
      225  0.9700000E+02  0.50000E+00    4      508    -4    -5     T
      227  0.9800000E+02  0.50000E+00    4      516    -4    -5     T
      229  0.9900000E+02  0.50000E+00    4      523    -4    -5     T
      231  0.1000000E+03  0.50000E+00    4      530    -4    -5     T
      233  0.1010000E+03  0.50000E+00    3      536    -4    -5     T
      235  0.1020000E+03  0.50000E+00    4      543    -4    -5     T
      237  0.1030000E+03  0.50000E+00    2      547    -4    -5     T
      239  0.1040000E+03  0.50000E+00    2      551    -4    -5     T
      241  0.1050000E+03  0.50000E+00    3      556    -4    -5     T
      243  0.1060000E+03  0.50000E+00    2      560    -4    -5     T
      245  0.1070000E+03  0.50000E+00    2      564    -4    -5     T
      247  0.1080000E+03  0.50000E+00    2      568    -4    -5     T
      249  0.1090000E+03  0.50000E+00    2      572    -4    -5     T
      251  0.1100000E+03  0.50000E+00    2      576    -4    -5     T
      253  0.1110000E+03  0.50000E+00    2      580    -4    -5     T
      255  0.1120000E+03  0.50000E+00    2      584    -4    -5     T
      257  0.1130000E+03  0.50000E+00    2      588    -4    -5     T
      259  0.1140000E+03  0.50000E+00    2      592    -4    -5     T
      261  0.1150000E+03  0.50000E+00    2      596    -4    -5     T
      263  0.1160000E+03  0.50000E+00    2      600    -4    -5     T
      265  0.1170000E+03  0.50000E+00    2      604    -4    -5     T
      267  0.1180000E+03  0.50000E+00    2      608    -4    -5     T
      269  0.1190000E+03  0.50000E+00    2      612    -4    -5     T
      271  0.1200000E+03  0.50000E+00    2      616    -4    -5     T
      273  0.1210000E+03  0.50000E+00    4      622    -4    -5     T
      275  0.1220000E+03  0.50000E+00    2      628    -4    -5     T
      277  0.1230000E+03  0.50000E+00    2      632    -4    -5     T
      279  0.1240000E+03  0.50000E+00    2      636    -4    -5     T
      281  0.1250000E+03  0.50000E+00    3      641    -4    -5     T
      283  0.1260000E+03  0.50000E+00    4      647    -4    -5     T
      285  0.1270000E+03  0.50000E+00    4      653    -4    -5     T
      287  0.1280000E+03  0.50000E+00    4      659    -4    -5     T
      289  0.1290000E+03  0.50000E+00    2      663    -4    -5     T
      291  0.1300000E+03  0.50000E+00    2      667    -4    -5     T
      293  0.1310000E+03  0.50000E+00    2      671    -4    -5     T
      295  0.1320000E+03  0.50000E+00    3      676    -4    -5     T
      297  0.1330000E+03  0.50000E+00    3      681    -4    -5     T
      299  0.1340000E+03  0.50000E+00    2      685    -4    -5     T
      301  0.1350000E+03  0.50000E+00    4      691    -4    -5     T
      303  0.1360000E+03  0.50000E+00    3      696    -4    -5     T
      305  0.1370000E+03  0.50000E+00    3      701    -4    -5     T
      307  0.1380000E+03  0.50000E+00    2      705    -4    -5     T
      309  0.1390000E+03  0.50000E+00    3      710    -4    -5     T
      311  0.1400000E+03  0.50000E+00    2      714    -4    -5     T
      313  0.1410000E+03  0.50000E+00    2      718    -4    -5     T
      315  0.1420000E+03  0.50000E+00    2      722    -4    -5     T
      317  0.1430000E+03  0.50000E+00    2      726    -4    -5     T
      319  0.1440000E+03  0.50000E+00    2      730    -4    -5     T
      321  0.1450000E+03  0.50000E+00    2      734    -4    -5     T
      323  0.1460000E+03  0.50000E+00    2      738    -4    -5     T
      325  0.1470000E+03  0.50000E+00    2      742    -4    -5     T
      327  0.1480000E+03  0.50000E+00    3      747    -4    -5     T
      329  0.1490000E+03  0.50000E+00    2      751    -4    -5     T
      331  0.1500000E+03  0.50000E+00    2      755    -4    -5     T
      333  0.1510000E+03  0.50000E+00    2      759    -4    -5     T
      335  0.1520000E+03  0.50000E+00    2      763    -4    -5     T
      337  0.1530000E+03  0.50000E+00    2      767    -4    -5     T
      339  0.1540000E+03  0.50000E+00    2      771    -4    -5     T
      341  0.1550000E+03  0.50000E+00    3      776    -4    -5     T
      343  0.1560000E+03  0.50000E+00    2      780    -4    -5     T
      345  0.1570000E+03  0.50000E+00    2      784    -4    -5     T
      347  0.1580000E+03  0.50000E+00    2      788    -4    -5     T
      349  0.1590000E+03  0.50000E+00    2      792    -4    -5     T
      351  0.1600000E+03  0.50000E+00    2      796    -4    -5     T
      353  0.1610000E+03  0.50000E+00    2      800    -4    -5     T
      355  0.1620000E+03  0.50000E+00    3      805    -4    -5     T
      357  0.1630000E+03  0.50000E+00    2      809    -4    -5     T
      359  0.1640000E+03  0.50000E+00    3      814    -4    -5     T
      361  0.1650000E+03  0.50000E+00    2      818    -4    -5     T
      363  0.1660000E+03  0.50000E+00    2      822    -4    -5     T
      365  0.1670000E+03  0.50000E+00    3      827    -4    -5     T
      367  0.1680000E+03  0.50000E+00    2      831    -4    -5     T
      369  0.1690000E+03  0.50000E+00    2      835    -4    -5     T
      371  0.1700000E+03  0.50000E+00    3      840    -4    -5     T
      373  0.1710000E+03  0.50000E+00    2      844    -4    -5     T
      375  0.1720000E+03  0.50000E+00    2      848    -4    -5     T
      377  0.1730000E+03  0.50000E+00    2      852    -4    -5     T
      379  0.1740000E+03  0.50000E+00    2      856    -4    -5     T
      381  0.1750000E+03  0.50000E+00    2      860    -4    -5     T
     1748  0.1760000E+03  0.13679E-02    2     7009     4    -5     T
     2126  0.1770000E+03  0.31101E-02    2     8687     4    -5     T
     2476  0.1780000E+03  0.47955E-02    2    10248     4    -5     T
     2497  0.1790000E+03  0.15820E+00    2    10303    -4    -5     T
     2815  0.1800000E+03  0.28239E-02    3    11758     4    -5     T
     2833  0.1810000E+03  0.20455E+00    2    11798    -4    -5     T
     3110  0.1820000E+03  0.82701E-02    2    13043     4    -5     T
     3127  0.1830000E+03  0.15873E+00    2    13086    -4    -5     T
     3465  0.1840000E+03  0.64935E-02    2    14613     4    -5     T
     3489  0.1850000E+03  0.28300E+00    4    14687    -4    -5     T
     3493  0.1860000E+03  0.26667E+00    2    14695    -4    -5     T
     3495  0.1870000E+03  0.50000E+00    2    14699    -4    -5     T
     3497  0.1880000E+03  0.50000E+00    2    14703    -4    -5     T
     3499  0.1890000E+03  0.50000E+00    3    14708    -4    -5     T
     3501  0.1900000E+03  0.50000E+00    4    14714    -4    -5     T
     3503  0.1910000E+03  0.50000E+00    2    14719    -4    -5     T
     3505  0.1920000E+03  0.50000E+00    2    14724    -4    -5     T
     3507  0.1930000E+03  0.50000E+00    3    14729    -4    -5     T
     4903  0.1940000E+03  0.11889E-02    2    20979     4    -5     T
     5249  0.1950000E+03  0.75342E-02    3    22505     4    -5     T
     5569  0.1960000E+03  0.11638E-01    2    23930     4    -5     T
     5882  0.1970000E+03  0.10163E-01    6    25336     4    -5     T
     6236  0.1980000E+03  0.23094E-02    2    26925     4    -5     T
     6568  0.1990000E+03  0.31625E-02    3    28400     4    -5     T
     6589  0.2000000E+03  0.16553E+00    2    28455    -4    -5     T
     6864  0.2010000E+03  0.16027E-02    2    29732     4    -5     T
     6884  0.2020000E+03  0.20282E+00    2    29777    -4    -5     T
     6887  0.2030000E+03  0.37500E+00    2    29783    -4    -5     T
     6890  0.2040000E+03  0.33333E+00    2    29789    -4    -5     T
     6892  0.2050000E+03  0.50000E+00    2    29793    -4    -5     T
     6894  0.2060000E+03  0.50000E+00    2    29797    -4    -5     T
     6896  0.2070000E+03  0.50000E+00    3    29803    -4    -5     T
     6898  0.2080000E+03  0.50000E+00    2    29808    -4    -5     T
     6900  0.2090000E+03  0.50000E+00    2    29812    -4    -5     T
     6902  0.2100000E+03  0.50000E+00    2    29816    -4    -5     T
     6904  0.2110000E+03  0.50000E+00    2    29820    -4    -5     T
     6906  0.2120000E+03  0.50000E+00    2    29824    -4    -5     T
     6908  0.2130000E+03  0.50000E+00    2    29828    -4    -5     T
     6910  0.2140000E+03  0.50000E+00    2    29832    -4    -5     T
     6912  0.2150000E+03  0.50000E+00    2    29836    -4    -5     T
     6914  0.2160000E+03  0.50000E+00    2    29840    -4    -5     T
     6916  0.2170000E+03  0.50000E+00    2    29844    -4    -5     T
     6918  0.2180000E+03  0.50000E+00    2    29848    -4    -5     T
     6920  0.2190000E+03  0.50000E+00    2    29852    -4    -5     T
     6922  0.2200000E+03  0.50000E+00    2    29856    -4    -5     T
     6924  0.2210000E+03  0.50000E+00    2    29860    -4    -5     T
     6926  0.2220000E+03  0.50000E+00    2    29864    -4    -5     T
     6928  0.2230000E+03  0.50000E+00    2    29868    -4    -5     T
     6930  0.2240000E+03  0.50000E+00    2    29872    -4    -5     T
     6932  0.2250000E+03  0.50000E+00    2    29876    -4    -5     T
     6934  0.2260000E+03  0.50000E+00    2    29880    -4    -5     T
     6936  0.2270000E+03  0.50000E+00    2    29884    -4    -5     T
     6938  0.2280000E+03  0.50000E+00    2    29888    -4    -5     T
     6940  0.2290000E+03  0.50000E+00    2    29892    -4    -5     T
     6942  0.2300000E+03  0.50000E+00    2    29896    -4    -5     T
     6944  0.2310000E+03  0.50000E+00    2    29900    -4    -5     T
     6946  0.2320000E+03  0.50000E+00    2    29904    -4    -5     T
     6948  0.2330000E+03  0.50000E+00    2    29908    -4    -5     T
     6950  0.2340000E+03  0.50000E+00    2    29912    -4    -5     T
     6952  0.2350000E+03  0.50000E+00    2    29916    -4    -5     T
     6954  0.2360000E+03  0.50000E+00    2    29920    -4    -5     T
     6956  0.2370000E+03  0.50000E+00    2    29924    -4    -5     T
     6958  0.2380000E+03  0.50000E+00    2    29928    -4    -5     T
     6960  0.2390000E+03  0.50000E+00    2    29932    -4    -5     T
     6962  0.2400000E+03  0.50000E+00    2    29936    -4    -5     T
     6964  0.2410000E+03  0.50000E+00    2    29940    -4    -5     T
     6966  0.2420000E+03  0.50000E+00    2    29944    -4    -5     T
     6968  0.2430000E+03  0.50000E+00    2    29948    -4    -5     T
     6970  0.2440000E+03  0.50000E+00    2    29952    -4    -5     T
     6972  0.2450000E+03  0.50000E+00    4    29962    -4    -5     T
     6974  0.2460000E+03  0.50000E+00    2    29966    -4    -5     T
     6976  0.2470000E+03  0.50000E+00    2    29970    -4    -5     T
     6978  0.2480000E+03  0.50000E+00    2    29974    -4    -5     T
     6980  0.2490000E+03  0.50000E+00    2    29978    -4    -5     T
     6982  0.2500000E+03  0.50000E+00    2    29982    -4    -5     T
     6984  0.2510000E+03  0.50000E+00    2    29986    -4    -5     T
     6986  0.2520000E+03  0.50000E+00    2    29990    -4    -5     T
     6988  0.2530000E+03  0.50000E+00    2    29994    -4    -5     T
     6990  0.2540000E+03  0.50000E+00    2    29998    -4    -5     T
     6992  0.2550000E+03  0.50000E+00    2    30002    -4    -5     T
     6994  0.2560000E+03  0.50000E+00    2    30006    -4    -5     T
     6996  0.2570000E+03  0.50000E+00    2    30010    -4    -5     T
     6998  0.2580000E+03  0.50000E+00    2    30014    -4    -5     T
     7000  0.2590000E+03  0.50000E+00    2    30018    -4    -5     T
     7002  0.2600000E+03  0.50000E+00    2    30022    -4    -5     T
     7004  0.2610000E+03  0.50000E+00    2    30026    -4    -5     T
     7006  0.2620000E+03  0.50000E+00    2    30030    -4    -5     T
     7008  0.2630000E+03  0.50000E+00    2    30034    -4    -5     T
     7010  0.2640000E+03  0.50000E+00    2    30038    -4    -5     T
     7012  0.2650000E+03  0.50000E+00    2    30042    -4    -5     T
     7014  0.2660000E+03  0.50000E+00    2    30046    -4    -5     T
     7016  0.2670000E+03  0.50000E+00    2    30050    -4    -5     T
     7018  0.2680000E+03  0.50000E+00    2    30054    -4    -5     T
     7020  0.2690000E+03  0.50000E+00    2    30058    -4    -5     T
     7022  0.2700000E+03  0.50000E+00    2    30062    -4    -5     T
     7024  0.2710000E+03  0.50000E+00    2    30066    -4    -5     T
     7026  0.2720000E+03  0.50000E+00    2    30070    -4    -5     T
     7028  0.2730000E+03  0.50000E+00    2    30074    -4    -5     T
     7030  0.2740000E+03  0.50000E+00    2    30081    -4    -5     T
     7032  0.2750000E+03  0.50000E+00    2    30091     4    -5     T
     7034  0.2760000E+03  0.50000E+00    2    30095     4    -5     T
     7036  0.2770000E+03  0.50000E+00    2    30099     4    -5     T
     7038  0.2780000E+03  0.50000E+00    2    30103     4    -5     T
     7040  0.2790000E+03  0.50000E+00    2    30107     4    -5     T
     7042  0.2800000E+03  0.50000E+00    2    30111     4    -5     T
     7044  0.2810000E+03  0.50000E+00    2    30115     4    -5     T
     7046  0.2820000E+03  0.50000E+00    2    30119     4    -5     T
     7048  0.2830000E+03  0.50000E+00    2    30123     4    -5     T
     7050  0.2840000E+03  0.50000E+00    2    30127     4    -5     T
     7052  0.2850000E+03  0.50000E+00    2    30131     4    -5     T
     7054  0.2860000E+03  0.50000E+00    2    30135     4    -5     T
     7056  0.2870000E+03  0.50000E+00    2    30139     4    -5     T
     7058  0.2880000E+03  0.50000E+00    2    30143     4    -5     T
     7060  0.2890000E+03  0.50000E+00    2    30147     4    -5     T
     7062  0.2900000E+03  0.50000E+00    2    30151     4    -5     T
     7064  0.2910000E+03  0.50000E+00    2    30155     4    -5     T
     7066  0.2920000E+03  0.50000E+00    2    30159     4    -5     T
     7068  0.2930000E+03  0.50000E+00    2    30163     4    -5     T
     7070  0.2940000E+03  0.50000E+00    2    30167     4    -5     T
     7072  0.2950000E+03  0.50000E+00    2    30171     4    -5     T
     7074  0.2960000E+03  0.50000E+00    2    30175     4    -5     T
     7076  0.2970000E+03  0.50000E+00    2    30179     4    -5     T
     7078  0.2980000E+03  0.50000E+00    2    30183     4    -5     T
     7080  0.2990000E+03  0.50000E+00    2    30187     4    -5     T
     7082  0.3000000E+03  0.50000E+00    2    30191     4    -5     T
     7084  0.3010000E+03  0.50000E+00    2    30195     4    -5     T
     7086  0.3020000E+03  0.50000E+00    2    30199     4    -5     T
     7088  0.3030000E+03  0.50000E+00    2    30203     4    -5     T
     7090  0.3040000E+03  0.50000E+00    2    30207     4    -5     T
     7092  0.3050000E+03  0.50000E+00    2    30211     4    -5     T
     7094  0.3060000E+03  0.50000E+00    2    30215     4    -5     T
     7096  0.3070000E+03  0.50000E+00    2    30219     4    -5     T
     7098  0.3080000E+03  0.50000E+00    2    30223     4    -5     T
     7100  0.3090000E+03  0.50000E+00    2    30227     4    -5     T
     7102  0.3100000E+03  0.50000E+00    2    30231     4    -5     T
     7104  0.3110000E+03  0.50000E+00    2    30235     4    -5     T
     7106  0.3120000E+03  0.50000E+00    2    30239     4    -5     T
     7108  0.3130000E+03  0.50000E+00    2    30243     4    -5     T
     7110  0.3140000E+03  0.50000E+00    2    30247     4    -5     T
     7112  0.3150000E+03  0.50000E+00    2    30251     4    -5     T
     7114  0.3160000E+03  0.50000E+00    2    30255     4    -5     T
     7116  0.3170000E+03  0.50000E+00    2    30259     4    -5     T
     7118  0.3180000E+03  0.50000E+00    2    30263     4    -5     T
     7120  0.3190000E+03  0.50000E+00    2    30267     4    -5     T
     7122  0.3200000E+03  0.50000E+00    2    30271     4    -5     T
     7124  0.3210000E+03  0.50000E+00    2    30275     4    -5     T
     7126  0.3220000E+03  0.50000E+00    2    30279     4    -5     T
     7128  0.3230000E+03  0.50000E+00    2    30283     4    -5     T
     7130  0.3240000E+03  0.50000E+00    2    30287     4    -5     T
     7132  0.3250000E+03  0.50000E+00    2    30291     4    -5     T
     7134  0.3260000E+03  0.50000E+00    2    30295     4    -5     T
     7136  0.3270000E+03  0.50000E+00    2    30299     4    -5     T
     7138  0.3280000E+03  0.50000E+00    2    30303     4    -5     T
     7140  0.3290000E+03  0.50000E+00    2    30307     4    -5     T
     7142  0.3300000E+03  0.50000E+00    2    30311     4    -5     T
     7144  0.3310000E+03  0.50000E+00    2    30315     4    -5     T
     7146  0.3320000E+03  0.50000E+00    2    30319     4    -5     T
     7148  0.3330000E+03  0.50000E+00    2    30323     4    -5     T
     7150  0.3340000E+03  0.50000E+00    2    30327     4    -5     T
     7152  0.3350000E+03  0.50000E+00    2    30331     4    -5     T
     7154  0.3360000E+03  0.50000E+00    2    30335     4    -5     T
     7156  0.3370000E+03  0.50000E+00    2    30339     4    -5     T
     7158  0.3380000E+03  0.50000E+00    2    30343     4    -5     T
     7160  0.3390000E+03  0.50000E+00    2    30347     4    -5     T
     7162  0.3400000E+03  0.50000E+00    2    30351     4    -5     T
     7164  0.3410000E+03  0.50000E+00    2    30355     4    -5     T
     7166  0.3420000E+03  0.50000E+00    2    30359     4    -5     T
     7168  0.3430000E+03  0.50000E+00    2    30363     4    -5     T
     7170  0.3440000E+03  0.50000E+00    2    30367     4    -5     T
     7172  0.3450000E+03  0.50000E+00    2    30371     4    -5     T
     7174  0.3460000E+03  0.50000E+00    2    30375     4    -5     T
     7176  0.3470000E+03  0.50000E+00    2    30379     4    -5     T
     7178  0.3480000E+03  0.50000E+00    2    30383     4    -5     T
     7180  0.3490000E+03  0.50000E+00    2    30387     4    -5     T
     7182  0.3500000E+03  0.50000E+00    2    30391     4    -5     T
     7184  0.3510000E+03  0.50000E+00    2    30395     4    -5     T
     7186  0.3520000E+03  0.50000E+00    2    30399     4    -5     T
     7188  0.3530000E+03  0.50000E+00    2    30403     4    -5     T
     7190  0.3540000E+03  0.50000E+00    2    30407     4    -5     T
     7192  0.3550000E+03  0.50000E+00    2    30411     4    -5     T
     7194  0.3560000E+03  0.50000E+00    2    30415     4    -5     T
     7196  0.3570000E+03  0.50000E+00    2    30419     4    -5     T
     7198  0.3580000E+03  0.50000E+00    2    30423     4    -5     T
     7200  0.3590000E+03  0.50000E+00    2    30427     4    -5     T
     7202  0.3600000E+03  0.50000E+00    2    30431     4    -5     T
     7204  0.3610000E+03  0.50000E+00    2    30435     4    -5     T
     7206  0.3620000E+03  0.50000E+00    2    30439     4    -5     T
     7208  0.3630000E+03  0.50000E+00    2    30443     4    -5     T
     7210  0.3640000E+03  0.50000E+00    2    30447     4    -5     T
     7212  0.3650000E+03  0.50000E+00    2    30451     4    -5     T
     7214  0.3660000E+03  0.50000E+00    2    30455     4    -5     T
     7216  0.3670000E+03  0.50000E+00    2    30459     4    -5     T
     7218  0.3680000E+03  0.50000E+00    2    30463     4    -5     T
     7220  0.3690000E+03  0.50000E+00    2    30467     4    -5     T
     7222  0.3700000E+03  0.50000E+00    2    30471     4    -5     T
     7224  0.3710000E+03  0.50000E+00    2    30475     4    -5     T
     7226  0.3720000E+03  0.50000E+00    2    30479     4    -5     T
     7228  0.3730000E+03  0.50000E+00    2    30483     4    -5     T
     7230  0.3740000E+03  0.50000E+00    2    30487     4    -5     T
     7232  0.3750000E+03  0.50000E+00    2    30491     4    -5     T
     7234  0.3760000E+03  0.50000E+00    2    30495     4    -5     T
     7236  0.3770000E+03  0.50000E+00    2    30499     4    -5     T
     7238  0.3780000E+03  0.50000E+00    2    30503     4    -5     T
     7240  0.3790000E+03  0.50000E+00    2    30507     4    -5     T
     7242  0.3800000E+03  0.50000E+00    2    30511     4    -5     T
     7244  0.3810000E+03  0.50000E+00    2    30515     4    -5     T
     7246  0.3820000E+03  0.50000E+00    2    30519     4    -5     T
     7248  0.3830000E+03  0.50000E+00    2    30523     4    -5     T
     7250  0.3840000E+03  0.50000E+00    2    30527     4    -5     T
     7252  0.3850000E+03  0.50000E+00    2    30531     4    -5     T
     7254  0.3860000E+03  0.50000E+00    2    30535     4    -5     T
     7256  0.3870000E+03  0.50000E+00    2    30539     4    -5     T
     7258  0.3880000E+03  0.50000E+00    2    30543     4    -5     T
     7260  0.3890000E+03  0.50000E+00    2    30547     4    -5     T
     7262  0.3900000E+03  0.50000E+00    2    30551     4    -5     T
     7264  0.3910000E+03  0.50000E+00    2    30555     4    -5     T
     7266  0.3920000E+03  0.50000E+00    2    30559     4    -5     T
     7268  0.3930000E+03  0.50000E+00    2    30563     4    -5     T
     7270  0.3940000E+03  0.50000E+00    2    30567     4    -5     T
     7272  0.3950000E+03  0.50000E+00    2    30571     4    -5     T
     7274  0.3960000E+03  0.50000E+00    2    30575     4    -5     T
     7276  0.3970000E+03  0.50000E+00    2    30579     4    -5     T
     7278  0.3980000E+03  0.50000E+00    2    30583     4    -5     T
     7280  0.3990000E+03  0.50000E+00    2    30587     4    -5     T
     7282  0.4000000E+03  0.50000E+00    2    30591     4    -5     T
     7284  0.4010000E+03  0.50000E+00    2    30595     4    -5     T
     7286  0.4020000E+03  0.50000E+00    2    30599     4    -5     T
     7288  0.4030000E+03  0.50000E+00    2    30603     4    -5     T
     7290  0.4040000E+03  0.50000E+00    2    30607     4    -5     T
     7292  0.4050000E+03  0.50000E+00    2    30611     4    -5     T
     7294  0.4060000E+03  0.50000E+00    2    30615     4    -5     T
     7296  0.4070000E+03  0.50000E+00    2    30619     4    -5     T
     7298  0.4080000E+03  0.50000E+00    2    30623     4    -5     T
     7300  0.4090000E+03  0.50000E+00    2    30627     4    -5     T
     7302  0.4100000E+03  0.50000E+00    2    30631     4    -5     T
     7304  0.4110000E+03  0.50000E+00    2    30635     4    -5     T
     7306  0.4120000E+03  0.50000E+00    2    30639     4    -5     T
     7308  0.4130000E+03  0.50000E+00    2    30643     4    -5     T
     7310  0.4140000E+03  0.50000E+00    2    30647     4    -5     T
     7312  0.4150000E+03  0.50000E+00    2    30651     4    -5     T
     7314  0.4160000E+03  0.50000E+00    2    30655     4    -5     T
     7316  0.4170000E+03  0.50000E+00    2    30659     4    -5     T
     7318  0.4180000E+03  0.50000E+00    2    30663     4    -5     T
     7320  0.4190000E+03  0.50000E+00    2    30667     4    -5     T
     7322  0.4200000E+03  0.50000E+00    2    30671     4    -5     T
     7324  0.4210000E+03  0.50000E+00    2    30675     4    -5     T
     7326  0.4220000E+03  0.50000E+00    2    30679     4    -5     T
     7328  0.4230000E+03  0.50000E+00    2    30683     4    -5     T
     7330  0.4240000E+03  0.50000E+00    2    30687     4    -5     T
     7332  0.4250000E+03  0.50000E+00    2    30691     4    -5     T
     7334  0.4260000E+03  0.50000E+00    2    30695     4    -5     T
     7336  0.4270000E+03  0.50000E+00    2    30699     4    -5     T
     7338  0.4280000E+03  0.50000E+00    2    30703     4    -5     T
     7340  0.4290000E+03  0.50000E+00    2    30707     4    -5     T
     7342  0.4300000E+03  0.50000E+00    2    30711     4    -5     T
     7344  0.4310000E+03  0.50000E+00    2    30715     4    -5     T
     7346  0.4320000E+03  0.50000E+00    2    30719     4    -5     T
     7348  0.4330000E+03  0.50000E+00    2    30723     4    -5     T
     7350  0.4340000E+03  0.50000E+00    2    30727     4    -5     T
     7352  0.4350000E+03  0.50000E+00    2    30731     4    -5     T
     7354  0.4360000E+03  0.50000E+00    2    30735     4    -5     T
     7356  0.4370000E+03  0.50000E+00    2    30739     4    -5     T
     7358  0.4380000E+03  0.50000E+00    2    30743     4    -5     T
     7360  0.4390000E+03  0.50000E+00    2    30747     4    -5     T
     7362  0.4400000E+03  0.50000E+00    2    30751     4    -5     T
     7364  0.4410000E+03  0.50000E+00    2    30755     4    -5     T
     7366  0.4420000E+03  0.50000E+00    2    30759     4    -5     T
     7368  0.4430000E+03  0.50000E+00    2    30763     4    -5     T
     7370  0.4440000E+03  0.50000E+00    2    30767     4    -5     T
     7372  0.4450000E+03  0.50000E+00    2    30771     4    -5     T
     7374  0.4460000E+03  0.50000E+00    2    30775     4    -5     T
     7376  0.4470000E+03  0.50000E+00    2    30779     4    -5     T
     7378  0.4480000E+03  0.50000E+00    2    30783     4    -5     T
     7380  0.4490000E+03  0.50000E+00    2    30787     4    -5     T
     7382  0.4500000E+03  0.50000E+00    2    30791     4    -5     T
     7384  0.4510000E+03  0.50000E+00    2    30795     4    -5     T
     7386  0.4520000E+03  0.50000E+00    2    30799     4    -5     T
     7388  0.4530000E+03  0.50000E+00    2    30803     4    -5     T
     7390  0.4540000E+03  0.50000E+00    2    30807     4    -5     T
     7392  0.4550000E+03  0.50000E+00    2    30811     4    -5     T
     7394  0.4560000E+03  0.50000E+00    2    30815     4    -5     T
     7396  0.4570000E+03  0.50000E+00    2    30819     4    -5     T
     7398  0.4580000E+03  0.50000E+00    2    30823     4    -5     T
     7400  0.4590000E+03  0.50000E+00    2    30827     4    -5     T
     7402  0.4600000E+03  0.50000E+00    2    30831     4    -5     T
     7404  0.4610000E+03  0.50000E+00    2    30835     4    -5     T
     7406  0.4620000E+03  0.50000E+00    2    30839     4    -5     T
     7408  0.4630000E+03  0.50000E+00    2    30843     4    -5     T
     7410  0.4640000E+03  0.50000E+00    2    30847     4    -5     T
     7412  0.4650000E+03  0.50000E+00    2    30851     4    -5     T
     7414  0.4660000E+03  0.50000E+00    2    30855     4    -5     T
     7416  0.4670000E+03  0.50000E+00    2    30859     4    -5     T
     7418  0.4680000E+03  0.50000E+00    2    30863     4    -5     T
     7420  0.4690000E+03  0.50000E+00    2    30867     4    -5     T
     7422  0.4700000E+03  0.50000E+00    2    30871     4    -5     T
     7424  0.4710000E+03  0.50000E+00    2    30875     4    -5     T
     7426  0.4720000E+03  0.50000E+00    2    30879     4    -5     T
     7428  0.4730000E+03  0.50000E+00    2    30883     4    -5     T
     7430  0.4740000E+03  0.50000E+00    2    30887     4    -5     T
     7432  0.4750000E+03  0.50000E+00    2    30891     4    -5     T
     7434  0.4760000E+03  0.50000E+00    2    30895     4    -5     T
     7436  0.4770000E+03  0.50000E+00    2    30899     4    -5     T
     7438  0.4780000E+03  0.50000E+00    2    30903     4    -5     T
     7440  0.4790000E+03  0.50000E+00    2    30907     4    -5     T
     7442  0.4800000E+03  0.50000E+00    2    30911     4    -5     T
     7444  0.4810000E+03  0.50000E+00    2    30915     4    -5     T
     7446  0.4820000E+03  0.50000E+00    2    30919     4    -5     T
     7448  0.4830000E+03  0.50000E+00    2    30923     4    -5     T
     7450  0.4840000E+03  0.50000E+00    2    30927     4    -5     T
     7452  0.4850000E+03  0.50000E+00    2    30931     4    -5     T
     7454  0.4860000E+03  0.50000E+00    2    30935     4    -5     T
     7456  0.4870000E+03  0.50000E+00    2    30939     4    -5     T
     7458  0.4880000E+03  0.50000E+00    2    30943     4    -5     T
     7460  0.4890000E+03  0.50000E+00    2    30947     4    -5     T
     7462  0.4900000E+03  0.50000E+00    2    30951     4    -5     T
     7464  0.4910000E+03  0.50000E+00    2    30955     4    -5     T
     7466  0.4920000E+03  0.50000E+00    2    30959     4    -5     T
     7468  0.4930000E+03  0.50000E+00    2    30963     4    -5     T
     7470  0.4940000E+03  0.50000E+00    2    30967     4    -5     T
     7472  0.4950000E+03  0.50000E+00    2    30971     4    -5     T
     7474  0.4960000E+03  0.50000E+00    2    30975     4    -5     T
     7476  0.4970000E+03  0.50000E+00    2    30979     4    -5     T
     7478  0.4980000E+03  0.50000E+00    2    30983     4    -5     T
     7480  0.4990000E+03  0.50000E+00    2    30987     4    -5     T
     7482  0.5000000E+03  0.50000E+00    2    30991     4    -5     T
     7484  0.5010000E+03  0.50000E+00    2    30995     4    -5     T
     7486  0.5020000E+03  0.50000E+00    2    30999     4    -5     T
     7488  0.5030000E+03  0.50000E+00    2    31003     4    -5     T
     7490  0.5040000E+03  0.50000E+00    2    31007     4    -5     T
     7492  0.5050000E+03  0.50000E+00    2    31011     4    -5     T
     7494  0.5060000E+03  0.50000E+00    2    31015     4    -5     T
     7496  0.5070000E+03  0.50000E+00    2    31019     4    -5     T
     7498  0.5080000E+03  0.50000E+00    2    31023     4    -5     T
     7500  0.5090000E+03  0.50000E+00    2    31027     4    -5     T
     7502  0.5100000E+03  0.50000E+00    2    31031     4    -5     T
     7504  0.5110000E+03  0.50000E+00    2    31035     4    -5     T
     7506  0.5120000E+03  0.50000E+00    2    31039     4    -5     T
     7508  0.5130000E+03  0.50000E+00    2    31043     4    -5     T
     7510  0.5140000E+03  0.50000E+00    2    31047     4    -5     T
     7512  0.5150000E+03  0.50000E+00    2    31051     4    -5     T
     7514  0.5160000E+03  0.50000E+00    2    31055     4    -5     T
     7516  0.5170000E+03  0.50000E+00    2    31059     4    -5     T
     7518  0.5180000E+03  0.50000E+00    2    31063     4    -5     T
     7520  0.5190000E+03  0.50000E+00    2    31067     4    -5     T
     7522  0.5200000E+03  0.50000E+00    2    31071     4    -5     T
     7524  0.5210000E+03  0.50000E+00    2    31075     4    -5     T
     7526  0.5220000E+03  0.50000E+00    2    31079     4    -5     T
     7528  0.5230000E+03  0.50000E+00    2    31083     4    -5     T
     7530  0.5240000E+03  0.50000E+00    2    31087     4    -5     T
     7532  0.5250000E+03  0.50000E+00    2    31091     4    -5     T
     7534  0.5260000E+03  0.50000E+00    2    31095     4    -5     T
     7536  0.5270000E+03  0.50000E+00    2    31099     4    -5     T
     7538  0.5280000E+03  0.50000E+00    2    31103     4    -5     T
     9038  0.5290000E+03  0.20470E-02    4    37901     4    -5     T
     9404  0.5300000E+03  0.11530E-01    3    39525     4    -5     T
     9736  0.5310000E+03  0.90675E-02    2    41006     4    -5     T
    10079  0.5320000E+03  0.42075E-02    2    42550     4    -5     T
    10419  0.5330000E+03  0.85218E-02    9    44083     4    -5     T
    10806  0.5340000E+03  0.10049E-02    2    45806     4    -5     T
    10835  0.5350000E+03  0.19628E+00    2    45887    -4    -5     T
    10838  0.5360000E+03  0.50000E+00    2    45893    -4    -5     T
    10840  0.5370000E+03  0.50000E+00    2    45897    -4    -5     T
    10842  0.5380000E+03  0.50000E+00    2    45901    -4    -5     T
    10844  0.5390000E+03  0.50000E+00    4    45907    -4    -5     T
    10846  0.5400000E+03  0.50000E+00    4    45914    -4    -5     T
    10848  0.5410000E+03  0.50000E+00    2    45919    -4    -5     T
    10850  0.5420000E+03  0.50000E+00    2    45924    -4    -5     T
    10852  0.5430000E+03  0.50000E+00    2    45928    -4    -5     T
    10854  0.5440000E+03  0.50000E+00    3    45933    -4    -5     T
    10856  0.5450000E+03  0.50000E+00    2    45937    -4    -5     T
    10858  0.5460000E+03  0.50000E+00    3    45942    -4    -5     T
    10860  0.5470000E+03  0.50000E+00    2    45946    -4    -5     T
    10862  0.5480000E+03  0.50000E+00    2    45950    -4    -5     T
    12326  0.5490000E+03  0.36732E-02    2    52498     4    -5     T
    12344  0.5500000E+03  0.28875E+00    2    52542    -4    -5     T
    12750  0.5510000E+03  0.15022E-02    2    54362     4    -5     T
    12769  0.5520000E+03  0.28884E+00    3    54404    -4    -5     T
    13159  0.5530000E+03  0.68677E-02    2    56125     4    -5     T
    13174  0.5540000E+03  0.19847E+00    2    56160    -4    -5     T
    13514  0.5550000E+03  0.13406E-02    2    57709     4    -5     T
    13536  0.5560000E+03  0.20348E+00    2    57761    -4    -5     T
    13868  0.5570000E+03  0.11391E-01    8    59242     4    -5     T
    14218  0.5580000E+03  0.85110E-02    2    60781     4    -5     T
    14234  0.5590000E+03  0.16671E+00    2    60821    -4    -5     T
    14237  0.5600000E+03  0.37500E+00    2    60827    -4    -5     T
    14239  0.5610000E+03  0.50000E+00    2    60831    -4    -5     T
    14241  0.5620000E+03  0.50000E+00    3    60836    -4    -5     T
    14243  0.5630000E+03  0.50000E+00    2    60841    -4    -5     T
    14245  0.5640000E+03  0.50000E+00    3    60847    -4    -5     T
    14247  0.5650000E+03  0.50000E+00    2    60852    -4    -5     T
    14249  0.5660000E+03  0.50000E+00    2    60856    -4    -5     T
    14251  0.5670000E+03  0.50000E+00    2    60860    -4    -5     T
    14253  0.5680000E+03  0.50000E+00    2    60864    -4    -5     T
    14255  0.5690000E+03  0.50000E+00    2    60868    -4    -5     T
    14257  0.5700000E+03  0.50000E+00    2    60872    -4    -5     T
    14259  0.5710000E+03  0.50000E+00    2    60876    -4    -5     T
    14261  0.5720000E+03  0.50000E+00    2    60880    -4    -5     T
    14263  0.5730000E+03  0.50000E+00    2    60884    -4    -5     T
    14265  0.5740000E+03  0.50000E+00    2    60888    -4    -5     T
    14267  0.5750000E+03  0.50000E+00    2    60892    -4    -5     T
    14269  0.5760000E+03  0.50000E+00    2    60896    -4    -5     T
    14271  0.5770000E+03  0.50000E+00    2    60900    -4    -5     T
    14273  0.5780000E+03  0.50000E+00    2    60904    -4    -5     T
    14275  0.5790000E+03  0.50000E+00    2    60908    -4    -5     T
    14277  0.5800000E+03  0.50000E+00    2    60912    -4    -5     T
    14279  0.5810000E+03  0.50000E+00    2    60916    -4    -5     T
    14281  0.5820000E+03  0.50000E+00    2    60920    -4    -5     T
    14283  0.5830000E+03  0.50000E+00    2    60924    -4    -5     T
    14285  0.5840000E+03  0.50000E+00    2    60928    -4    -5     T
    14287  0.5850000E+03  0.50000E+00    2    60932    -4    -5     T
    14289  0.5860000E+03  0.50000E+00    2    60936    -4    -5     T
    14291  0.5870000E+03  0.50000E+00    2    60940    -4    -5     T
    14293  0.5880000E+03  0.50000E+00    2    60944    -4    -5     T
    14295  0.5890000E+03  0.50000E+00    2    60948    -4    -5     T
    14297  0.5900000E+03  0.50000E+00    2    60952    -4    -5     T
    14299  0.5910000E+03  0.50000E+00    2    60956    -4    -5     T
    14301  0.5920000E+03  0.50000E+00    2    60960    -4    -5     T
    14303  0.5930000E+03  0.50000E+00    2    60964    -4    -5     T
    14305  0.5940000E+03  0.50000E+00    2    60968    -4    -5     T
    14307  0.5950000E+03  0.50000E+00    2    60972    -4    -5     T
    14309  0.5960000E+03  0.50000E+00    2    60976    -4    -5     T
    14311  0.5970000E+03  0.50000E+00    2    60980    -4    -5     T
    14313  0.5980000E+03  0.50000E+00    2    60984    -4    -5     T
    14315  0.5990000E+03  0.50000E+00    2    60988    -4    -5     T
    14317  0.6000000E+03  0.50000E+00    2    60992    -4    -5     T
    14319  0.6010000E+03  0.50000E+00    2    60996    -4    -5     T
    14321  0.6020000E+03  0.50000E+00    2    61000    -4    -5     T
    14323  0.6030000E+03  0.50000E+00    2    61004    -4    -5     T
    14325  0.6040000E+03  0.50000E+00    2    61008    -4    -5     T
    14327  0.6050000E+03  0.50000E+00    2    61012    -4    -5     T
    14329  0.6060000E+03  0.50000E+00    2    61016    -4    -5     T
    14331  0.6070000E+03  0.50000E+00    2    61020    -4    -5     T
    14333  0.6080000E+03  0.50000E+00    2    61024    -4    -5     T
    14335  0.6090000E+03  0.50000E+00    2    61028    -4    -5     T
    14337  0.6100000E+03  0.50000E+00    2    61032    -4    -5     T
    14339  0.6110000E+03  0.50000E+00    2    61036    -4    -5     T
    14341  0.6120000E+03  0.50000E+00    2    61040    -4    -5     T
    14343  0.6130000E+03  0.50000E+00    2    61044    -4    -5     T
    14345  0.6140000E+03  0.50000E+00    2    61048    -4    -5     T
    14347  0.6150000E+03  0.50000E+00    2    61052    -4    -5     T
    14349  0.6160000E+03  0.50000E+00    2    61056    -4    -5     T
    14351  0.6170000E+03  0.50000E+00    2    61060    -4    -5     T
    14353  0.6180000E+03  0.50000E+00    2    61064    -4    -5     T
    14355  0.6190000E+03  0.50000E+00    2    61068    -4    -5     T
    14357  0.6200000E+03  0.50000E+00    2    61072    -4    -5     T
    14359  0.6210000E+03  0.50000E+00    2    61076    -4    -5     T
    14361  0.6220000E+03  0.50000E+00    2    61080    -4    -5     T
    14363  0.6230000E+03  0.50000E+00    2    61084    -4    -5     T
    14365  0.6240000E+03  0.50000E+00    2    61088    -4    -5     T
    14367  0.6250000E+03  0.50000E+00    2    61092    -4    -5     T
    14369  0.6260000E+03  0.50000E+00    2    61096    -4    -5     T
    14371  0.6270000E+03  0.50000E+00    2    61100    -4    -5     T
    14373  0.6280000E+03  0.50000E+00    2    61104    -4    -5     T
    14375  0.6290000E+03  0.50000E+00    2    61108    -4    -5     T
    14377  0.6300000E+03  0.50000E+00    2    61112    -4    -5     T
    14379  0.6310000E+03  0.50000E+00    2    61116    -4    -5     T
    14381  0.6320000E+03  0.50000E+00    2    61120    -4    -5     T
    14383  0.6330000E+03  0.50000E+00    2    61124    -4    -5     T
    14385  0.6340000E+03  0.50000E+00    2    61128    -4    -5     T
    14387  0.6350000E+03  0.50000E+00    2    61132    -4    -5     T
    14389  0.6360000E+03  0.50000E+00    2    61136    -4    -5     T
    14391  0.6370000E+03  0.50000E+00    2    61140    -4    -5     T
    14393  0.6380000E+03  0.50000E+00    2    61144    -4    -5     T
    14395  0.6390000E+03  0.50000E+00    2    61148    -4    -5     T
    14397  0.6400000E+03  0.50000E+00    2    61155     4    -5     T
    14399  0.6410000E+03  0.50000E+00    2    61159     4    -5     T
    14401  0.6420000E+03  0.50000E+00    2    61163     4    -5     T
    14403  0.6430000E+03  0.50000E+00    2    61167     4    -5     T
    14405  0.6440000E+03  0.50000E+00    2    61171     4    -5     T
    14407  0.6450000E+03  0.50000E+00    2    61175     4    -5     T
    14409  0.6460000E+03  0.50000E+00    2    61179     4    -5     T
    14411  0.6470000E+03  0.50000E+00    2    61183     4    -5     T
    14413  0.6480000E+03  0.50000E+00    2    61187     4    -5     T
    14415  0.6490000E+03  0.50000E+00    2    61191     4    -5     T
    14417  0.6500000E+03  0.50000E+00    2    61195     4    -5     T
    14419  0.6510000E+03  0.50000E+00    2    61199     4    -5     T
    14421  0.6520000E+03  0.50000E+00    2    61203     4    -5     T
    14423  0.6530000E+03  0.50000E+00    2    61207     4    -5     T
    14425  0.6540000E+03  0.50000E+00    2    61211     4    -5     T
    14427  0.6550000E+03  0.50000E+00    2    61215     4    -5     T
    14429  0.6560000E+03  0.50000E+00    2    61219     4    -5     T
    14431  0.6570000E+03  0.50000E+00    2    61223     4    -5     T
    14433  0.6580000E+03  0.50000E+00    2    61227     4    -5     T
    14435  0.6590000E+03  0.50000E+00    2    61231     4    -5     T
    14437  0.6600000E+03  0.50000E+00    2    61235     4    -5     T
    14439  0.6610000E+03  0.50000E+00    2    61239     4    -5     T
    14441  0.6620000E+03  0.50000E+00    2    61243     4    -5     T
    14443  0.6630000E+03  0.50000E+00    2    61247     4    -5     T
    14445  0.6640000E+03  0.50000E+00    2    61251     4    -5     T
    14447  0.6650000E+03  0.50000E+00    2    61255     4    -5     T
    14449  0.6660000E+03  0.50000E+00    2    61259     4    -5     T
    14451  0.6670000E+03  0.50000E+00    2    61263     4    -5     T
    14453  0.6680000E+03  0.50000E+00    2    61267     4    -5     T
    14455  0.6690000E+03  0.50000E+00    2    61271     4    -5     T
    14457  0.6700000E+03  0.50000E+00    2    61275     4    -5     T
    14459  0.6710000E+03  0.50000E+00    2    61279     4    -5     T
    14461  0.6720000E+03  0.50000E+00    2    61283     4    -5     T
    14463  0.6730000E+03  0.50000E+00    2    61287     4    -5     T
    14465  0.6740000E+03  0.50000E+00    2    61291     4    -5     T
    14467  0.6750000E+03  0.50000E+00    2    61295     4    -5     T
    14469  0.6760000E+03  0.50000E+00    2    61299     4    -5     T
    14471  0.6770000E+03  0.50000E+00    2    61303     4    -5     T
    14473  0.6780000E+03  0.50000E+00    2    61307     4    -5     T
    14475  0.6790000E+03  0.50000E+00    2    61311     4    -5     T
    14477  0.6800000E+03  0.50000E+00    2    61315     4    -5     T
    14479  0.6810000E+03  0.50000E+00    2    61319     4    -5     T
    14481  0.6820000E+03  0.50000E+00    2    61323     4    -5     T
    14483  0.6830000E+03  0.50000E+00    2    61327     4    -5     T
    14485  0.6840000E+03  0.50000E+00    2    61331     4    -5     T
    14487  0.6850000E+03  0.50000E+00    2    61335     4    -5     T
    14489  0.6860000E+03  0.50000E+00    2    61339     4    -5     T
    14491  0.6870000E+03  0.50000E+00    2    61343     4    -5     T
    14493  0.6880000E+03  0.50000E+00    2    61347     4    -5     T
    14495  0.6890000E+03  0.50000E+00    2    61351     4    -5     T
    14497  0.6900000E+03  0.50000E+00    2    61355     4    -5     T
    14499  0.6910000E+03  0.50000E+00    2    61359     4    -5     T
    14501  0.6920000E+03  0.50000E+00    2    61363     4    -5     T
    14503  0.6930000E+03  0.50000E+00    2    61367     4    -5     T
    14505  0.6940000E+03  0.50000E+00    2    61371     4    -5     T
    14507  0.6950000E+03  0.50000E+00    2    61375     4    -5     T
    14509  0.6960000E+03  0.50000E+00    2    61379     4    -5     T
    14511  0.6970000E+03  0.50000E+00    2    61383     4    -5     T
    14513  0.6980000E+03  0.50000E+00    2    61387     4    -5     T
    14515  0.6990000E+03  0.50000E+00    2    61391     4    -5     T
    14517  0.7000000E+03  0.50000E+00    2    61395     4    -5     T
    14519  0.7010000E+03  0.50000E+00    2    61399     4    -5     T
    14521  0.7020000E+03  0.50000E+00    2    61403     4    -5     T
    14523  0.7030000E+03  0.50000E+00    2    61407     4    -5     T
    14525  0.7040000E+03  0.50000E+00    2    61411     4    -5     T
    14527  0.7050000E+03  0.50000E+00    2    61415     4    -5     T
    14529  0.7060000E+03  0.50000E+00    2    61419     4    -5     T
    14531  0.7070000E+03  0.50000E+00    2    61423     4    -5     T
    14533  0.7080000E+03  0.50000E+00    2    61427     4    -5     T
    14535  0.7090000E+03  0.50000E+00    2    61431     4    -5     T
    14537  0.7100000E+03  0.50000E+00    2    61435     4    -5     T
    14539  0.7110000E+03  0.50000E+00    2    61439     4    -5     T
    14541  0.7120000E+03  0.50000E+00    2    61443     4    -5     T
    14543  0.7130000E+03  0.50000E+00    2    61447     4    -5     T
    14545  0.7140000E+03  0.50000E+00    2    61451     4    -5     T
    14547  0.7150000E+03  0.50000E+00    2    61455     4    -5     T
    14549  0.7160000E+03  0.50000E+00    2    61459     4    -5     T
    14551  0.7170000E+03  0.50000E+00    2    61463     4    -5     T
    14553  0.7180000E+03  0.50000E+00    2    61467     4    -5     T
    14555  0.7190000E+03  0.50000E+00    2    61471     4    -5     T
    14557  0.7200000E+03  0.50000E+00    2    61475     4    -5     T
    14559  0.7210000E+03  0.50000E+00    2    61479     4    -5     T
    14561  0.7220000E+03  0.50000E+00    2    61483     4    -5     T
    14563  0.7230000E+03  0.50000E+00    2    61487     4    -5     T
    14565  0.7240000E+03  0.50000E+00    2    61491     4    -5     T
    14567  0.7250000E+03  0.50000E+00    2    61495     4    -5     T
    14569  0.7260000E+03  0.50000E+00    2    61499     4    -5     T
    14571  0.7270000E+03  0.50000E+00    2    61503     4    -5     T
    14573  0.7280000E+03  0.50000E+00    2    61507     4    -5     T
    14575  0.7290000E+03  0.50000E+00    2    61511     4    -5     T
    14577  0.7300000E+03  0.50000E+00    2    61515     4    -5     T
    14579  0.7310000E+03  0.50000E+00    2    61519     4    -5     T
    14581  0.7320000E+03  0.50000E+00    2    61523     4    -5     T
    14583  0.7330000E+03  0.50000E+00    2    61527     4    -5     T
    14585  0.7340000E+03  0.50000E+00    2    61531     4    -5     T
    14587  0.7350000E+03  0.50000E+00    2    61535     4    -5     T
    14589  0.7360000E+03  0.50000E+00    2    61539     4    -5     T
    14591  0.7370000E+03  0.50000E+00    2    61543     4    -5     T
    14593  0.7380000E+03  0.50000E+00    2    61547     4    -5     T
    14595  0.7390000E+03  0.50000E+00    2    61551     4    -5     T
    14597  0.7400000E+03  0.50000E+00    2    61555     4    -5     T
    14599  0.7410000E+03  0.50000E+00    2    61559     4    -5     T
    14601  0.7420000E+03  0.50000E+00    2    61563     4    -5     T
    14603  0.7430000E+03  0.50000E+00    2    61567     4    -5     T
    14605  0.7440000E+03  0.50000E+00    2    61571     4    -5     T
    14607  0.7450000E+03  0.50000E+00    2    61575     4    -5     T
    14609  0.7460000E+03  0.50000E+00    2    61579     4    -5     T
    14611  0.7470000E+03  0.50000E+00    2    61583     4    -5     T
    14613  0.7480000E+03  0.50000E+00    2    61587     4    -5     T
    14615  0.7490000E+03  0.50000E+00    2    61591     4    -5     T
    14617  0.7500000E+03  0.50000E+00    2    61595     4    -5     T
    14619  0.7510000E+03  0.50000E+00    2    61599     4    -5     T
    14621  0.7520000E+03  0.50000E+00    2    61603     4    -5     T
    14623  0.7530000E+03  0.50000E+00    2    61607     4    -5     T
    14625  0.7540000E+03  0.50000E+00    2    61611     4    -5     T
    14627  0.7550000E+03  0.50000E+00    2    61615     4    -5     T
    14629  0.7560000E+03  0.50000E+00    2    61619     4    -5     T
end
