

   Time         sum(rTop)     sum(rRoot)    sum(vTop)     sum(vRoot)     sum(vBot)    hTop       hRoot      hBot      A-level
    [T]           [L]           [L]           [L]           [L]            [L]        [L]         [L]       [L] 

     1.00000  0.000000E+00  0.000000E+00  0.674240E-07  0.000000E+00 -0.579448E-01    -43.220     -4.339   -151.994       1
     2.00000  0.355600E-01  0.000000E+00  0.355605E-01  0.000000E+00 -0.684093E-01    -45.366     -4.897   -202.423       2
     3.00000  0.142240E+00  0.000000E+00  0.142240E+00  0.000000E+00 -0.743636E-01    -49.264     -6.122   -237.921       3
     4.00000  0.218440E+00  0.000000E+00  0.218441E+00  0.000000E+00 -0.785405E-01    -50.383     -7.106   -268.694       4
     5.00000  0.251460E+00  0.000000E+00  0.251460E+00  0.000000E+00 -0.817424E-01    -50.019     -7.653   -293.420       5
     6.00000  0.299720E+00  0.000000E+00  0.299720E+00  0.000000E+00 -0.842481E-01    -51.256     -8.244   -315.656       6
     7.00000  0.426720E+00  0.000000E+00  0.426720E+00  0.000000E+00 -0.863777E-01    -56.029     -9.446   -337.452       7
     8.00000  0.612140E+00  0.000000E+00  0.612140E+00  0.000000E+00 -0.882043E-01    -62.276    -11.103   -356.303       8
     9.00000  0.789940E+00  0.000000E+00  0.789940E+00  0.000000E+00 -0.897712E-01    -66.355    -12.687   -372.492       9
    10.00000  0.886460E+00  0.000000E+00  0.886460E+00  0.000000E+00 -0.911182E-01    -65.173    -13.642   -386.847      10
    11.00000  0.932180E+00  0.000000E+00  0.932179E+00  0.000000E+00 -0.923357E-01    -63.503    -14.183   -403.743      11
    12.00000  0.112522E+01  0.000000E+00  0.112522E+01  0.000000E+00 -0.934514E-01    -73.488    -15.666   -419.279      12
    13.00000  0.135636E+01  0.000000E+00  0.135636E+01  0.000000E+00 -0.944743E-01    -82.231    -17.439   -433.516      13
    14.00000  0.152908E+01  0.000000E+00  0.152908E+01  0.000000E+00 -0.954124E-01    -83.409    -18.799   -446.565      14
    15.00000  0.156210E+01  0.000000E+00  0.156210E+01  0.000000E+00 -0.962726E-01    -75.152    -19.158   -458.533      15
    16.00000  0.158242E+01  0.000000E+00  0.158242E+01  0.000000E+00 -0.970613E-01    -72.931    -19.397   -469.513      16
    17.00000  0.162560E+01  0.000000E+00  0.162560E+01  0.000000E+00 -0.977844E-01    -74.041    -19.762   -479.578      17
    18.00000  0.178562E+01  0.000000E+00  0.178562E+01  0.000000E+00 -0.984512E-01    -84.224    -20.916   -489.860      18
    19.00000  0.189230E+01  0.000000E+00  0.189230E+01  0.000000E+00 -0.990838E-01    -84.469    -21.721   -501.758      19
    20.00000  0.201930E+01  0.000000E+00  0.201930E+01  0.000000E+00 -0.996863E-01    -88.104    -22.651   -513.146      20
    21.00000  0.220218E+01  0.000000E+00  0.220218E+01  0.000000E+00 -0.100260E+00    -96.991    -23.974   -523.996      21
    22.00000  0.228092E+01  0.000000E+00  0.228092E+01  0.000000E+00 -0.100808E+00    -91.066    -24.531   -534.335      22
    23.00000  0.236982E+01  0.000000E+00  0.236982E+01  0.000000E+00 -0.101329E+00    -91.763    -25.167   -544.187      23
    24.00000  0.245364E+01  0.000000E+00  0.245364E+01  0.000000E+00 -0.101825E+00    -92.362    -25.772   -553.573      24
    25.00000  0.251460E+01  0.000000E+00  0.251460E+01  0.000000E+00 -0.102299E+00    -91.166    -26.213   -562.517      25
    26.00000  0.266700E+01  0.000000E+00  0.266700E+01  0.000000E+00 -0.102750E+00   -101.644    -27.333   -571.037      26
    27.00000  0.271272E+01  0.000000E+00  0.271272E+01  0.000000E+00 -0.103179E+00    -94.519    -27.640   -579.156      27
    28.00000  0.274701E+01  0.000000E+00  0.274701E+01  0.000000E+00 -0.103589E+00    -92.230    -27.877   -586.895      28
    29.00000  0.276987E+01  0.000000E+00  0.276987E+01  0.000000E+00 -0.103979E+00    -90.514    -28.045   -594.268      29
    30.00000  0.282575E+01  0.000000E+00  0.282575E+01  0.000000E+00 -0.104350E+00    -93.235    -28.463   -601.292      30
    31.00000  0.292989E+01  0.000000E+00  0.292989E+01  0.000000E+00 -0.104704E+00    -99.939    -29.244   -607.985      31
    32.00000  0.304165E+01  0.000000E+00  0.304165E+01  0.000000E+00 -0.105042E+00   -104.632    -30.086   -614.680      32
    33.00000  0.318643E+01  0.000000E+00  0.318643E+01  0.000000E+00 -0.105370E+00   -112.686    -31.198   -623.123      33
    34.00000  0.344805E+01  0.000000E+00  0.344805E+01  0.000000E+00 -0.105689E+00   -140.550    -33.332   -631.368      34
    35.00000  0.364109E+01  0.000000E+00  0.364109E+01  0.000000E+00 -0.105999E+00   -143.150    -34.843   -639.387      35
    36.00000  0.384175E+01  0.000000E+00  0.384175E+01  0.000000E+00 -0.106302E+00   -153.168    -36.443   -647.197      36
    37.00000  0.399415E+01  0.000000E+00  0.399415E+01  0.000000E+00 -0.106596E+00   -150.070    -37.584   -654.800      37
    38.00000  0.420751E+01  0.000000E+00  0.420751E+01  0.000000E+00 -0.106883E+00   -171.167    -39.399   -662.204      38
    39.00000  0.431165E+01  0.000000E+00  0.431165E+01  0.000000E+00 -0.107162E+00   -152.371    -40.057   -669.416      39
    40.00000  0.454787E+01  0.000000E+00  0.454787E+01  0.000000E+00 -0.107434E+00   -191.622    -42.243   -676.435      40
    41.00000  0.481965E+01  0.000000E+00  0.481965E+01  0.000000E+00 -0.107698E+00   -241.952    -44.982   -683.266      41
    42.00000  0.499745E+01  0.000000E+00  0.499745E+01  0.000000E+00 -0.107956E+00   -224.659    -46.503   -689.923      42
    43.00000  0.531495E+01  0.000000E+00  0.531495E+01  0.000000E+00 -0.108207E+00   -375.490    -50.276   -696.398      43
    44.00000  0.555117E+01  0.000000E+00  0.555117E+01  0.000000E+00 -0.108451E+00   -388.056    -52.886   -702.710      44
    45.00000  0.561721E+01  0.000000E+00  0.561721E+01  0.000000E+00 -0.108689E+00   -240.497    -52.542   -708.851      45
    46.00000  0.574929E+01  0.000000E+00  0.574929E+01  0.000000E+00 -0.108920E+00   -250.607    -53.585   -714.827      46
    47.00000  0.603631E+01  0.000000E+00  0.603631E+01  0.000000E+00 -0.109146E+00   -466.214    -57.569   -720.649      47
    48.00000  0.627761E+01  0.000000E+00  0.627761E+01  0.000000E+00 -0.109365E+00   -604.550    -61.006   -726.323      48
    49.00000  0.642239E+01  0.000000E+00  0.642239E+01  0.000000E+00 -0.109579E+00   -444.215    -62.221   -731.843      49
    50.00000  0.658749E+01  0.000000E+00  0.658749E+01  0.000000E+00 -0.109787E+00   -480.133    -64.101   -737.213      50
    51.00000  0.666369E+01  0.000000E+00  0.666369E+01  0.000000E+00 -0.109990E+00   -335.773    -64.031   -742.450      51
    52.00000  0.672973E+01  0.000000E+00  0.672973E+01  0.000000E+00 -0.110187E+00   -290.885    -64.042   -747.544      52
    53.00000  0.675259E+01  0.000000E+00  0.675259E+01  0.000000E+00 -0.110379E+00   -240.385    -63.473   -752.505      53
    54.00000  0.677037E+01  0.000000E+00  0.677037E+01  0.000000E+00 -0.110566E+00   -217.446    -63.082   -757.332      54
    55.00000  0.682625E+01  0.000000E+00  0.682625E+01  0.000000E+00 -0.110748E+00   -221.760    -63.449   -762.033      55
    56.00000  0.701167E+01  0.000000E+00  0.701167E+01  0.000000E+00 -0.110925E+00   -318.980    -66.125   -766.616      56
    57.00000  0.721233E+01  0.000000E+00  0.721233E+01  0.000000E+00 -0.111098E+00   -438.128    -69.401   -771.070      57
    58.00000  0.735965E+01  0.000000E+00  0.735965E+01  0.000000E+00 -0.111266E+00   -440.036    -71.572   -775.863      58
    59.00000  0.741553E+01  0.000000E+00  0.741553E+01  0.000000E+00 -0.111432E+00   -321.871    -71.635   -781.726      59
    60.00000  0.753999E+01  0.000000E+00  0.753999E+01  0.000000E+00 -0.111595E+00   -380.781    -73.396   -787.513      60
    61.00000  0.775843E+01  0.000000E+00  0.775843E+01  0.000000E+00 -0.111756E+00   -787.286    -77.853   -793.217      61
    62.00000  0.791337E+01  0.000000E+00  0.791337E+01  0.000000E+00 -0.111914E+00   -826.280    -80.833   -798.837      62
    63.00000  0.808863E+01  0.000000E+00  0.808863E+01  0.000000E+00 -0.112071E+00  -1395.031    -84.852   -804.376      63
    64.00000  0.812419E+01  0.000000E+00  0.812419E+01  0.000000E+00 -0.112225E+00   -515.117    -83.479   -809.834      64
    65.00000  0.817499E+01  0.000000E+00  0.817499E+01  0.000000E+00 -0.112376E+00   -435.330    -83.196   -815.218      65
    66.00000  0.823595E+01  0.000000E+00  0.823595E+01  0.000000E+00 -0.112526E+00   -414.189    -83.511   -820.517      66
    67.00000  0.827913E+01  0.000000E+00  0.827913E+01  0.000000E+00 -0.112673E+00   -368.114    -83.508   -825.740      67
    68.00000  0.834263E+01  0.000000E+00  0.834263E+01  0.000000E+00 -0.112818E+00   -374.583    -84.134   -830.886      68
    69.00000  0.837057E+01  0.000000E+00  0.837057E+01  0.000000E+00 -0.112961E+00   -325.768    -83.941   -835.958      69
    70.00000  0.842137E+01  0.000000E+00  0.842137E+01  0.000000E+00 -0.113102E+00   -330.831    -84.408   -840.955      70
    71.00000  0.848741E+01  0.000000E+00  0.848741E+01  0.000000E+00 -0.113241E+00   -346.763    -85.314   -845.880      71
    72.00000  0.866013E+01  0.000000E+00  0.866013E+01  0.000000E+00 -0.113378E+00   -633.104    -89.210   -850.733      72
    73.00000  0.888111E+01  0.000000E+00  0.888111E+01  0.000000E+00 -0.113513E+00  -2282.935    -96.115   -855.518      73
    74.00000  0.897509E+01  0.000000E+00  0.897509E+01  0.000000E+00 -0.113646E+00  -1166.646    -97.706   -860.231      74
    75.00000  0.908431E+01  0.000000E+00  0.908431E+01  0.000000E+00 -0.113777E+00  -1342.746   -100.126   -864.880      75
    76.00000  0.921639E+01  0.000000E+00  0.921639E+01  0.000000E+00 -0.113906E+00  -2388.563   -104.233   -869.455      76
    77.00000  0.940943E+01  0.000000E+00  0.940943E+01  0.000000E+00 -0.114033E+00 -26960.982   -117.924   -873.967      77
    78.00000  0.956437E+01  0.000000E+00  0.956437E+01  0.000000E+00 -0.114159E+00-148526.812   -136.393   -878.416      78
    79.00000  0.965073E+01  0.000000E+00  0.965073E+01  0.000000E+00 -0.114282E+00 -42362.051   -131.947   -882.803      79
    80.00000  0.978027E+01  0.000000E+00  0.978027E+01  0.000000E+00 -0.114404E+00-339682.969   -154.328   -887.124      80
    81.00000  0.991997E+01  0.000000E+00  0.990010E+01  0.000000E+00 -0.114524E+00***********   -181.662   -891.386      81
    82.00000  0.101232E+02  0.000000E+00  0.999259E+01  0.000000E+00 -0.114643E+00***********   -186.596   -895.592      82
    83.00000  0.102781E+02  0.000000E+00  0.100779E+02  0.000000E+00 -0.114760E+00***********   -189.034   -899.724      83
    84.00000  0.103899E+02  0.000000E+00  0.101598E+02  0.000000E+00 -0.114875E+00***********   -192.503   -903.806      84
    85.00000  0.104991E+02  0.000000E+00  0.102380E+02  0.000000E+00 -0.114988E+00***********   -195.004   -907.823      85
    86.00000  0.106693E+02  0.000000E+00  0.103136E+02  0.000000E+00 -0.115100E+00***********   -197.496   -911.785      86
    87.00000  0.107912E+02  0.000000E+00  0.103871E+02  0.000000E+00 -0.115210E+00***********   -199.946   -915.688      87
    88.00000  0.109131E+02  0.000000E+00  0.104580E+02  0.000000E+00 -0.115318E+00***********   -202.158   -919.530      88
    89.00000  0.109944E+02  0.000000E+00  0.105259E+02  0.000000E+00 -0.115425E+00***********   -203.439   -923.310      89
    90.00000  0.111900E+02  0.000000E+00  0.105940E+02  0.000000E+00 -0.115530E+00***********   -206.084   -927.040      90
    91.00000  0.111900E+02  0.254000E+00  0.105940E+02  0.760827E-01 -0.115634E+00 -11917.894  -1151.031   -930.716      91
    92.00000  0.111900E+02  0.485140E+00  0.105940E+02  0.181970E+00 -0.115736E+00  -4265.435  -1146.512   -934.340      92
    93.00000  0.111900E+02  0.594360E+00  0.105940E+02  0.229741E+00 -0.115836E+00  -2710.567  -1117.050   -937.905      93
    94.00000  0.111900E+02  0.660400E+00  0.105940E+02  0.261983E+00 -0.115935E+00  -2069.473  -1029.302   -941.418      94
    95.00000  0.111900E+02  0.822960E+00  0.105940E+02  0.342906E+00 -0.116033E+00  -1721.498  -1004.953   -944.880      95
    96.00000  0.111900E+02  0.115570E+01  0.105940E+02  0.453620E+00 -0.116129E+00  -1575.624  -1064.838   -948.291      96
    97.00000  0.111900E+02  0.152908E+01  0.105940E+02  0.548243E+00 -0.116224E+00  -1552.442  -1136.236   -951.652      97
    98.00000  0.111900E+02  0.190754E+01  0.105940E+02  0.629941E+00 -0.116318E+00  -1556.821  -1180.096   -954.964      98
    99.00000  0.111900E+02  0.236474E+01  0.105940E+02  0.708189E+00 -0.116410E+00  -1566.289  -1212.301   -958.229      99
   100.00000  0.111900E+02  0.291338E+01  0.105940E+02  0.785249E+00 -0.116500E+00  -1574.077  -1242.983   -961.446     100
   101.00000  0.111900E+02  0.338582E+01  0.105940E+02  0.850727E+00 -0.116590E+00  -1580.187  -1260.567   -964.617     101
   102.00000  0.111900E+02  0.356870E+01  0.105940E+02  0.893000E+00 -0.116678E+00  -1583.314  -1244.966   -967.742     102
   103.00000  0.111900E+02  0.366522E+01  0.105940E+02  0.922633E+00 -0.116765E+00  -1579.262  -1199.095   -970.819     103
   104.00000  0.111900E+02  0.384556E+01  0.105940E+02  0.978099E+00 -0.116850E+00  -1570.929  -1184.698   -973.854     104
   105.00000  0.111900E+02  0.413766E+01  0.105940E+02  0.104594E+01 -0.116935E+00  -1569.965  -1212.792   -976.843     105
   106.00000  0.111900E+02  0.454406E+01  0.105940E+02  0.111343E+01 -0.117018E+00  -1574.470  -1249.154   -980.858     106
   107.00000  0.111900E+02  0.489458E+01  0.105940E+02  0.117077E+01 -0.117101E+00  -1580.302  -1270.304   -984.901     107
   108.00000  0.111900E+02  0.501904E+01  0.105940E+02  0.120220E+01 -0.117183E+00  -1583.320  -1250.503   -988.912     108
   109.00000  0.111900E+02  0.514350E+01  0.105940E+02  0.123866E+01 -0.117264E+00  -1579.931  -1219.571   -992.892     109
   110.00000  0.111900E+02  0.528066E+01  0.105940E+02  0.128093E+01 -0.117345E+00  -1574.795  -1206.900   -996.839     110
   111.00000  0.111900E+02  0.539496E+01  0.105940E+02  0.131871E+01 -0.117425E+00  -1570.722  -1195.670  -1000.755     111
   112.00000  0.111900E+02  0.561086E+01  0.105940E+02  0.137779E+01 -0.117505E+00  -1568.530  -1214.039  -1004.640     112
   113.00000  0.111900E+02  0.586994E+01  0.105940E+02  0.143475E+01 -0.117584E+00  -1572.789  -1246.796  -1008.493     113
   114.00000  0.111900E+02  0.615188E+01  0.105940E+02  0.148841E+01 -0.117662E+00  -1578.794  -1271.436  -1012.316     114
   115.00000  0.111900E+02  0.651256E+01  0.105940E+02  0.154234E+01 -0.117740E+00  -1583.808  -1293.787  -1016.108     115
   116.00000  0.111900E+02  0.688086E+01  0.105940E+02  0.159236E+01 -0.117817E+00  -1587.629  -1311.302  -1019.870     116
   117.00000  0.111900E+02  0.711708E+01  0.105940E+02  0.163192E+01 -0.117893E+00  -1590.235  -1311.941  -1023.601     117
   118.00000  0.111900E+02  0.749554E+01  0.105940E+02  0.168106E+01 -0.117969E+00  -1591.235  -1320.104  -1027.304     118
   119.00000  0.111900E+02  0.785876E+01  0.105940E+02  0.172636E+01 -0.118044E+00  -1592.419  -1331.681  -1030.976     119
   120.00000  0.111900E+02  0.827024E+01  0.105940E+02  0.177189E+01 -0.118119E+00  -1593.662  -1341.901  -1034.618     120
   121.00000  0.111900E+02  0.866648E+01  0.105940E+02  0.191107E+01 -0.118193E+00  -1595.125   -943.208  -1038.232     121
   122.00000  0.111900E+02  0.901954E+01  0.105940E+02  0.204047E+01 -0.118266E+00  -1596.482  -1025.652  -1041.816     122
   123.00000  0.111900E+02  0.938276E+01  0.105940E+02  0.215002E+01 -0.118339E+00  -1598.415  -1091.634  -1045.372     123
   124.00000  0.111900E+02  0.978154E+01  0.105940E+02  0.224776E+01 -0.118411E+00  -1599.986  -1144.703  -1048.900     124
   125.00000  0.111900E+02  0.100203E+02  0.105940E+02  0.230651E+01 -0.118483E+00  -1600.723  -1170.427  -1052.399     125
   126.00000  0.111900E+02  0.101143E+02  0.105940E+02  0.233248E+01 -0.118554E+00  -1600.736  -1162.924  -1055.870     126
   127.00000  0.111900E+02  0.104038E+02  0.105940E+02  0.240433E+01 -0.118624E+00  -1600.542  -1170.096  -1059.314     127
   128.00000  0.111900E+02  0.107747E+02  0.105940E+02  0.248088E+01 -0.118694E+00  -1600.933  -1201.798  -1062.730     128
   129.00000  0.111900E+02  0.110490E+02  0.105940E+02  0.253603E+01 -0.118764E+00  -1601.313  -1222.971  -1066.118     129
   130.00000  0.111900E+02  0.113741E+02  0.105940E+02  0.259512E+01 -0.118832E+00  -1601.590  -1238.651  -1069.480     130
   131.00000  0.111900E+02  0.116027E+02  0.105940E+02  0.263832E+01 -0.118901E+00  -1601.807  -1245.774  -1072.815     131
   132.00000  0.111900E+02  0.119024E+02  0.105940E+02  0.269066E+01 -0.118969E+00  -1601.928  -1254.055  -1076.123     132
   133.00000  0.111900E+02  0.120853E+02  0.105940E+02  0.272531E+01 -0.119036E+00  -1602.030  -1255.380  -1079.405     133
   134.00000  0.111900E+02  0.122987E+02  0.105940E+02  0.276560E+01 -0.119102E+00  -1602.025  -1254.531  -1082.660     134
   135.00000  0.111900E+02  0.127279E+02  0.105940E+02  0.282866E+01 -0.119168E+00  -1602.054  -1273.127  -1085.890     135
   136.00000  0.111900E+02  0.132461E+02  0.105940E+02  0.289018E+01 -0.119234E+00  -1602.264  -1300.110  -1089.093     136
   137.00000  0.111900E+02  0.134315E+02  0.105940E+02  0.291787E+01 -0.119299E+00  -1602.518  -1304.113  -1092.271     137
   138.00000  0.111900E+02  0.137668E+02  0.105940E+02  0.296286E+01 -0.119364E+00  -1602.683  -1304.777  -1095.423     138
   139.00000  0.111900E+02  0.141935E+02  0.105940E+02  0.301219E+01 -0.119428E+00  -1602.820  -1317.515  -1098.550     139
   140.00000  0.111900E+02  0.145999E+02  0.105940E+02  0.305642E+01 -0.119491E+00  -1602.979  -1329.635  -1101.652     140
   141.00000  0.111900E+02  0.150444E+02  0.105940E+02  0.310041E+01 -0.119554E+00  -1603.150  -1339.784  -1104.730     141
   142.00000  0.111900E+02  0.153949E+02  0.105940E+02  0.313695E+01 -0.119617E+00  -1603.318  -1344.604  -1107.782     142
   143.00000  0.111900E+02  0.158039E+02  0.105940E+02  0.317652E+01 -0.119679E+00  -1603.465  -1349.475  -1110.810     143
   144.00000  0.111900E+02  0.160833E+02  0.105940E+02  0.320699E+01 -0.119740E+00  -1603.592  -1349.568  -1113.815     144
   145.00000  0.111900E+02  0.162306E+02  0.105940E+02  0.322653E+01 -0.119801E+00  -1603.678  -1339.243  -1116.795     145
   146.00000  0.111900E+02  0.163500E+02  0.105940E+02  0.324466E+01 -0.119862E+00  -1603.669  -1323.836  -1119.751     146
   147.00000  0.111900E+02  0.164592E+02  0.105940E+02  0.326314E+01 -0.119922E+00  -1603.511  -1309.436  -1122.683     147
   148.00000  0.111900E+02  0.168377E+02  0.105940E+02  0.331194E+01 -0.119981E+00  -1603.258  -1319.268  -1125.592     148
   149.00000  0.111900E+02  0.172796E+02  0.105940E+02  0.335837E+01 -0.120040E+00  -1603.173  -1341.233  -1128.478     149
   150.00000  0.111900E+02  0.177292E+02  0.105940E+02  0.339967E+01 -0.120099E+00  -1603.233  -1358.016  -1131.340     150
   151.00000  0.111900E+02  0.180645E+02  0.105940E+02  0.343179E+01 -0.120157E+00  -1603.364  -1365.421  -1134.180     151
   152.00000  0.111900E+02  0.183261E+02  0.105940E+02  0.349715E+01 -0.120215E+00  -1603.497  -1082.546  -1136.997     152
   153.00000  0.111900E+02  0.184302E+02  0.105940E+02  0.353060E+01 -0.120272E+00  -1603.578  -1091.235  -1139.792     153
   154.00000  0.111900E+02  0.186207E+02  0.105940E+02  0.358943E+01 -0.120329E+00  -1603.543  -1100.201  -1142.564     154
   155.00000  0.111900E+02  0.190373E+02  0.105940E+02  0.369169E+01 -0.120385E+00  -1603.428  -1132.607  -1145.313     155
   156.00000  0.111900E+02  0.194132E+02  0.105940E+02  0.377453E+01 -0.120441E+00  -1603.375  -1170.330  -1148.042     156
   157.00000  0.111900E+02  0.197358E+02  0.105940E+02  0.384052E+01 -0.120496E+00  -1603.407  -1198.641  -1150.748     157
   158.00000  0.111900E+02  0.201549E+02  0.105940E+02  0.391166E+01 -0.120551E+00  -1603.499  -1225.101  -1153.432     158
   159.00000  0.111900E+02  0.204394E+02  0.105940E+02  0.396082E+01 -0.120606E+00  -1603.630  -1243.592  -1156.095     159
   160.00000  0.111900E+02  0.206324E+02  0.105940E+02  0.399544E+01 -0.120660E+00  -1603.781  -1250.780  -1158.737     160
   161.00000  0.111900E+02  0.208788E+02  0.105940E+02  0.403703E+01 -0.120714E+00  -1603.934  -1256.810  -1161.358     161
   162.00000  0.111900E+02  0.212903E+02  0.105940E+02  0.409385E+01 -0.120767E+00  -1604.082  -1271.443  -1163.957     162
   163.00000  0.111900E+02  0.217043E+02  0.105940E+02  0.414589E+01 -0.120820E+00  -1604.229  -1288.778  -1166.536     163
   164.00000  0.111900E+02  0.221691E+02  0.105940E+02  0.419691E+01 -0.120872E+00  -1604.383  -1304.999  -1169.094     164
   165.00000  0.111900E+02  0.226187E+02  0.105940E+02  0.424297E+01 -0.120924E+00  -1604.544  -1318.847  -1171.632     165
   166.00000  0.111900E+02  0.228879E+02  0.105940E+02  0.427419E+01 -0.120976E+00  -1604.709  -1325.005  -1174.149     166
   167.00000  0.111900E+02  0.233197E+02  0.105940E+02  0.431599E+01 -0.121027E+00  -1604.877  -1331.912  -1176.646     167
   168.00000  0.111900E+02  0.237134E+02  0.105940E+02  0.435350E+01 -0.121077E+00  -1605.042  -1340.146  -1179.124     168
   169.00000  0.111900E+02  0.240538E+02  0.105940E+02  0.438650E+01 -0.121128E+00  -1605.204  -1345.559  -1181.581     169
   170.00000  0.111900E+02  0.245237E+02  0.105940E+02  0.442532E+01 -0.121178E+00  -1605.362  -1352.777  -1184.019     170
   171.00000  0.111900E+02  0.249682E+02  0.105940E+02  0.446097E+01 -0.121227E+00  -1605.516  -1360.578  -1186.437     171
   172.00000  0.111900E+02  0.253162E+02  0.105940E+02  0.449063E+01 -0.121276E+00  -1605.666  -1364.983  -1188.836     172
   173.00000  0.111900E+02  0.257226E+02  0.105940E+02  0.452266E+01 -0.121325E+00  -1605.812  -1369.076  -1191.215     173
   174.00000  0.111900E+02  0.260426E+02  0.105940E+02  0.454962E+01 -0.121373E+00  -1605.955  -1371.782  -1193.576     174
   175.00000  0.111900E+02  0.264439E+02  0.105940E+02  0.458035E+01 -0.121421E+00  -1606.094  -1375.177  -1195.917     175
   176.00000  0.902888E+01  0.267843E+02  0.843295E+01  0.474709E+01 -0.121469E+00    -47.274   -753.026  -1198.247     176
   177.00000  0.736767E+01  0.272237E+02  0.677175E+01  0.512956E+01 -0.121516E+00    -42.842   -392.654  -1200.555     177
   178.00000  0.539717E+01  0.275641E+02  0.480125E+01  0.546671E+01 -0.121563E+00    -28.846   -135.486  -1202.846     178
   179.00000  0.539717E+01  0.279146E+02  0.480125E+01  0.581723E+01 -0.121610E+00   -103.740   -123.880  -1205.117     179
   180.00000  0.209007E+01  0.283845E+02  0.149415E+01  0.628713E+01 -0.121656E+00    -11.824    -33.501  -1207.369     180
   181.00000  0.209007E+01  0.288493E+02  0.149415E+01  0.675195E+01 -0.121701E+00    -80.108    -75.469  -1209.604     181
   182.00000 -0.121193E+01  0.294386E+02 -0.180785E+01  0.734123E+01 -0.121747E+00    -10.144    -20.768  -1211.821     182
   183.00000 -0.121193E+01  0.298882E+02 -0.180785E+01  0.779081E+01 -0.121792E+00    -70.050    -60.658  -1214.020     183
   184.00000 -0.368923E+01  0.302641E+02 -0.428515E+01  0.816673E+01 -0.121836E+00    -14.972    -23.982  -1216.201     184
   185.00000 -0.368923E+01  0.305638E+02 -0.428515E+01  0.846645E+01 -0.121881E+00    -64.831    -55.131  -1218.363     185
   186.00000 -0.368923E+01  0.309575E+02 -0.428515E+01  0.886015E+01 -0.121925E+00    -90.020    -76.208  -1220.509     186
   187.00000 -0.368923E+01  0.313512E+02 -0.428515E+01  0.925385E+01 -0.121968E+00   -114.212    -95.361  -1222.635     187
   188.00000 -0.368923E+01  0.317627E+02 -0.428515E+01  0.966533E+01 -0.122011E+00   -140.285   -114.345  -1224.744     188
   189.00000 -0.368923E+01  0.321894E+02 -0.428515E+01  0.100921E+02 -0.122054E+00   -170.708   -134.575  -1226.836     189
   190.00000 -0.368923E+01  0.326542E+02 -0.428515E+01  0.105569E+02 -0.122097E+00   -209.680   -158.186  -1228.912     190
   191.00000 -0.368923E+01  0.330733E+02 -0.428515E+01  0.109760E+02 -0.122139E+00   -257.201   -184.140  -1230.971     191
   192.00000 -0.368923E+01  0.334035E+02 -0.428515E+01  0.113062E+02 -0.122181E+00   -303.249   -207.674  -1233.080     192
   193.00000 -0.368923E+01  0.338379E+02 -0.428515E+01  0.117405E+02 -0.122222E+00   -364.874   -236.739  -1235.884     193
   194.00000 -0.504943E+01  0.342316E+02 -0.564535E+01  0.121342E+02 -0.122264E+00    -61.044   -142.958  -1238.682     194
   195.00000 -0.631943E+01  0.345846E+02 -0.691535E+01  0.124873E+02 -0.122305E+00    -45.997    -89.432  -1241.465     195
   196.00000 -0.758943E+01  0.349986E+02 -0.818535E+01  0.129013E+02 -0.122346E+00    -38.377    -61.942  -1244.237     196
   197.00000 -0.885943E+01  0.354304E+02 -0.945535E+01  0.133331E+02 -0.122387E+00    -34.141    -48.484  -1246.995     197
   198.00000 -0.101396E+02  0.358978E+02 -0.107356E+02  0.138005E+02 -0.122428E+00    -31.667    -41.250  -1249.741     198
   199.00000 -0.126796E+02  0.363423E+02 -0.132756E+02  0.142450E+02 -0.122468E+00    -13.223    -18.220  -1252.475     199
   200.00000 -0.126796E+02  0.367614E+02 -0.132756E+02  0.146641E+02 -0.122509E+00    -60.111    -46.964  -1255.198     200
   201.00000 -0.139496E+02  0.372008E+02 -0.145456E+02  0.151035E+02 -0.122549E+00    -28.768    -31.454  -1257.909     201
   202.00000 -0.139496E+02  0.376733E+02 -0.145456E+02  0.155759E+02 -0.122589E+00    -63.921    -47.276  -1260.607     202
   203.00000 -0.139496E+02  0.381406E+02 -0.145456E+02  0.160433E+02 -0.122629E+00    -78.415    -57.744  -1263.293     203
   204.00000 -0.139496E+02  0.386004E+02 -0.145456E+02  0.165030E+02 -0.122668E+00    -90.942    -67.236  -1265.968     204
   205.00000 -0.139496E+02  0.390703E+02 -0.145456E+02  0.169729E+02 -0.122708E+00   -103.902    -76.854  -1268.630     205
   206.00000 -0.139496E+02  0.395351E+02 -0.145456E+02  0.174377E+02 -0.122747E+00   -117.874    -86.952  -1271.280     206
   207.00000 -0.139496E+02  0.399847E+02 -0.145456E+02  0.178873E+02 -0.122786E+00   -133.031    -97.359  -1273.919     207
   208.00000 -0.139496E+02  0.403250E+02 -0.145456E+02  0.182277E+02 -0.122825E+00   -144.370   -105.750  -1276.547     208
   209.00000 -0.139496E+02  0.406857E+02 -0.145456E+02  0.185884E+02 -0.122864E+00   -153.897   -113.178  -1279.163     209
   210.00000 -0.139496E+02  0.410794E+02 -0.145456E+02  0.189821E+02 -0.122903E+00   -169.197   -123.189  -1281.767     210
   211.00000 -0.139496E+02  0.414706E+02 -0.145456E+02  0.193732E+02 -0.122941E+00   -188.059   -135.014  -1284.361     211
   212.00000 -0.139496E+02  0.418846E+02 -0.145456E+02  0.197872E+02 -0.122979E+00   -213.067   -149.223  -1286.942     212
   213.00000 -0.139496E+02  0.423240E+02 -0.145456E+02  0.202267E+02 -0.123018E+00   -245.898   -167.076  -1289.513     213
   214.00000 -0.139496E+02  0.427609E+02 -0.145456E+02  0.206635E+02 -0.123056E+00   -291.704   -189.129  -1292.072     214
   215.00000 -0.139496E+02  0.431571E+02 -0.145456E+02  0.210598E+02 -0.123093E+00   -346.360   -212.899  -1294.620     215
   216.00000 -0.139496E+02  0.435153E+02 -0.145456E+02  0.214179E+02 -0.123131E+00   -403.873   -236.440  -1297.157     216
   217.00000 -0.139496E+02  0.437108E+02 -0.145456E+02  0.216135E+02 -0.123168E+00   -442.131   -249.972  -1299.683     217
   218.00000 -0.139496E+02  0.438607E+02 -0.145456E+02  0.217633E+02 -0.123206E+00   -439.323   -250.172  -1302.197     218
   219.00000 -0.139496E+02  0.442011E+02 -0.145456E+02  0.221037E+02 -0.123243E+00   -460.815   -263.914  -1304.701     219
   220.00000 -0.139496E+02  0.445567E+02 -0.145456E+02  0.224593E+02 -0.123280E+00   -545.076   -297.516  -1307.194     220
   221.00000 -0.139496E+02  0.449631E+02 -0.145456E+02  0.228617E+02 -0.123317E+00   -682.532   -347.341  -1309.675     221
   222.00000 -0.139496E+02  0.454253E+02 -0.145456E+02  0.232832E+02 -0.123353E+00   -887.248   -422.862  -1312.146     222
   223.00000 -0.139496E+02  0.458241E+02 -0.145456E+02  0.236162E+02 -0.123390E+00  -1113.619   -506.514  -1314.606     223
   224.00000 -0.139496E+02  0.460934E+02 -0.145456E+02  0.238293E+02 -0.123426E+00  -1284.536   -562.714  -1317.056     224
   225.00000 -0.139496E+02  0.464490E+02 -0.145456E+02  0.240825E+02 -0.123462E+00  -1404.641   -607.920  -1319.494     225
   226.00000 -0.139496E+02  0.468604E+02 -0.145456E+02  0.243443E+02 -0.123498E+00  -1485.607   -661.536  -1321.922     226
   227.00000 -0.139496E+02  0.472973E+02 -0.145456E+02  0.245936E+02 -0.123534E+00  -1536.222   -714.544  -1324.339     227
   228.00000 -0.139496E+02  0.476199E+02 -0.145456E+02  0.247708E+02 -0.123570E+00  -1569.111   -751.376  -1326.746     228
   229.00000 -0.139496E+02  0.480695E+02 -0.145456E+02  0.249918E+02 -0.123605E+00  -1586.033   -785.684  -1329.142     229
   230.00000 -0.139496E+02  0.486232E+02 -0.145456E+02  0.252330E+02 -0.123641E+00  -1594.975   -835.185  -1331.528     230
   231.00000 -0.139496E+02  0.489229E+02 -0.145456E+02  0.253636E+02 -0.123676E+00  -1598.653   -864.767  -1333.903     231
   232.00000 -0.139496E+02  0.491744E+02 -0.145456E+02  0.254741E+02 -0.123711E+00  -1599.699   -868.848  -1336.268     232
   233.00000 -0.139496E+02  0.492938E+02 -0.145456E+02  0.255305E+02 -0.123746E+00  -1599.781   -857.484  -1338.623     233
   234.00000 -0.139496E+02  0.496544E+02 -0.145456E+02  0.256892E+02 -0.123781E+00  -1599.587   -860.813  -1340.967     234
   235.00000 -0.139496E+02  0.500583E+02 -0.145456E+02  0.258541E+02 -0.123815E+00  -1600.065   -889.908  -1343.300     235
   236.00000 -0.139496E+02  0.504215E+02 -0.145456E+02  0.259957E+02 -0.123850E+00  -1600.571   -917.280  -1345.624     236
   237.00000 -0.139496E+02  0.507035E+02 -0.145456E+02  0.261051E+02 -0.123884E+00  -1600.880   -933.052  -1347.938     237
   238.00000 -0.139496E+02  0.510718E+02 -0.145456E+02  0.262380E+02 -0.123918E+00  -1601.069   -950.248  -1350.242     238
   239.00000 -0.139496E+02  0.513918E+02 -0.145456E+02  0.263510E+02 -0.123952E+00  -1601.310   -967.931  -1352.535     239
   240.00000 -0.139496E+02  0.516915E+02 -0.145456E+02  0.264547E+02 -0.123986E+00  -1601.533   -980.397  -1354.818     240
   241.00000 -0.139496E+02  0.520700E+02 -0.145456E+02  0.265764E+02 -0.124020E+00  -1601.733   -997.292  -1357.091     241
   242.00000 -0.139496E+02  0.525348E+02 -0.145456E+02  0.267101E+02 -0.124053E+00  -1601.956  -1022.719  -1359.354     242
   243.00000 -0.139496E+02  0.529107E+02 -0.145456E+02  0.268165E+02 -0.124087E+00  -1602.215  -1044.210  -1361.608     243
   244.00000 -0.139496E+02  0.531927E+02 -0.145456E+02  0.268760E+02 -0.124120E+00  -1602.471   -268.389  -1363.852     244
   245.00000 -0.139496E+02  0.536219E+02 -0.145456E+02  0.315656E+02 -0.124153E+00  -1602.753   -385.958  -1366.085     245
   246.00000 -0.139496E+02  0.539928E+02 -0.145456E+02  0.327378E+02 -0.124186E+00  -1603.222   -632.908  -1368.309     246
   247.00000 -0.139496E+02  0.541655E+02 -0.145456E+02  0.330307E+02 -0.124219E+00  -1603.681   -753.187  -1370.524     247
   248.00000 -0.139496E+02  0.544398E+02 -0.145456E+02  0.331036E+02 -0.124252E+00  -1604.082   -790.786  -1372.728     248
   249.00000 -0.139496E+02  0.547827E+02 -0.145456E+02  0.331210E+02 -0.124284E+00  -1604.437   -802.626  -1374.923     249
   250.00000 -0.139496E+02  0.550520E+02 -0.145456E+02  0.331211E+02 -0.124316E+00  -1604.759   -804.587  -1377.108     250
   251.00000 -0.139496E+02  0.553060E+02 -0.145456E+02  0.331211E+02 -0.124349E+00  -1605.057   -804.691  -1379.283     251
   252.00000 -0.139496E+02  0.555193E+02 -0.145456E+02  0.331212E+02 -0.124381E+00  -1605.339   -804.705  -1381.449     252
   253.00000 -0.139496E+02  0.557555E+02 -0.145456E+02  0.331212E+02 -0.124413E+00  -1605.607   -804.724  -1383.607     253
   254.00000 -0.139496E+02  0.560070E+02 -0.145456E+02  0.331212E+02 -0.124445E+00  -1605.862   -804.755  -1385.754     254
   255.00000 -0.139496E+02  0.562991E+02 -0.145456E+02  0.331213E+02 -0.124476E+00  -1606.106   -804.792  -1387.892     255
   256.00000 -0.139496E+02  0.565455E+02 -0.145456E+02  0.331213E+02 -0.124508E+00  -1606.341   -804.798  -1390.020     256
   257.00000 -0.139496E+02  0.567639E+02 -0.145456E+02  0.331213E+02 -0.124539E+00  -1606.566   -804.824  -1392.139     257
   258.00000 -0.139496E+02  0.570560E+02 -0.145456E+02  0.331214E+02 -0.124571E+00  -1606.784   -804.844  -1394.249     258
   259.00000 -0.139496E+02  0.573786E+02 -0.145456E+02  0.331214E+02 -0.124602E+00  -1606.996   -804.883  -1396.350     259
   260.00000 -0.139496E+02  0.578409E+02 -0.145456E+02  0.331214E+02 -0.124633E+00  -1607.200   -804.902  -1398.442     260
   261.00000 -0.139496E+02  0.582168E+02 -0.145456E+02  0.331215E+02 -0.124664E+00  -1607.399   -804.954  -1400.523     261
   262.00000 -0.139496E+02  0.584175E+02 -0.145456E+02  0.331215E+02 -0.124694E+00  -1607.591   -804.956  -1402.597     262
   263.00000 -0.139496E+02  0.586003E+02 -0.145456E+02  0.331215E+02 -0.124725E+00  -1607.779   -804.988  -1404.661     263
   264.00000 -0.139496E+02  0.586486E+02 -0.145456E+02  0.331216E+02 -0.124755E+00  -1607.962   -804.995  -1406.716     264
   265.00000 -0.139496E+02  0.586943E+02 -0.145456E+02  0.331216E+02 -0.124786E+00  -1608.140   -805.016  -1408.762     265
   266.00000 -0.139496E+02  0.589305E+02 -0.145456E+02  0.331217E+02 -0.124816E+00  -1608.315   -805.068  -1410.799     266
   267.00000 -0.139496E+02  0.591591E+02 -0.145456E+02  0.331217E+02 -0.124846E+00  -1608.484   -805.071  -1412.827     267
   268.00000 -0.139496E+02  0.593852E+02 -0.145456E+02  0.331217E+02 -0.124876E+00  -1608.651   -805.090  -1414.847     268
   269.00000 -0.139496E+02  0.596748E+02 -0.145456E+02  0.331217E+02 -0.124906E+00  -1608.814   -805.124  -1416.858     269
   270.00000 -0.139496E+02  0.598957E+02 -0.145456E+02  0.331218E+02 -0.124936E+00  -1608.974   -805.153  -1418.859     270
   271.00000 -0.139496E+02  0.601828E+02 -0.145456E+02  0.331218E+02 -0.124965E+00  -1609.130   -805.185  -1420.852     271
   272.00000 -0.139496E+02  0.604139E+02 -0.145456E+02  0.331219E+02 -0.124995E+00  -1609.284   -805.191  -1422.836     272
   273.00000 -0.139496E+02  0.604799E+02 -0.145456E+02  0.331219E+02 -0.125024E+00  -1609.435   -805.212  -1424.811     273
   274.00000 -0.139268E+02  0.604799E+02 -0.145227E+02  0.331219E+02 -0.125053E+00  -2985.418   -809.127  -1426.778     274
   275.00000 -0.137083E+02  0.604799E+02 -0.144096E+02  0.331219E+02 -0.125082E+00***********   -898.545  -1428.738     275
   276.00000 -0.135737E+02  0.604799E+02 -0.143881E+02  0.331219E+02 -0.125111E+00***********   -924.306  -1430.689     276
   277.00000 -0.133832E+02  0.604799E+02 -0.143731E+02  0.331219E+02 -0.125140E+00***********   -942.552  -1432.630     277
   278.00000 -0.132638E+02  0.604799E+02 -0.143613E+02  0.331219E+02 -0.125168E+00***********   -954.775  -1434.562     278
   279.00000 -0.130682E+02  0.604799E+02 -0.143511E+02  0.331219E+02 -0.125197E+00***********   -965.823  -1436.486     279
   280.00000 -0.128803E+02  0.604799E+02 -0.143419E+02  0.331219E+02 -0.125225E+00***********   -976.018  -1438.402     280
   281.00000 -0.126466E+02  0.604799E+02 -0.143336E+02  0.331219E+02 -0.125254E+00***********   -984.332  -1440.309     281
   282.00000 -0.124053E+02  0.604799E+02 -0.143260E+02  0.331219E+02 -0.125282E+00***********   -991.939  -1442.208     282
   283.00000 -0.121945E+02  0.604799E+02 -0.143188E+02  0.331219E+02 -0.125310E+00***********   -999.009  -1444.099     283
   284.00000 -0.120395E+02  0.604799E+02 -0.143122E+02  0.331219E+02 -0.125338E+00***********  -1005.479  -1445.982     284
   285.00000 -0.120192E+02  0.604799E+02 -0.143058E+02  0.331219E+02 -0.125366E+00***********  -1011.478  -1447.856     285
   286.00000 -0.119456E+02  0.604799E+02 -0.142999E+02  0.331219E+02 -0.125393E+00***********  -1017.133  -1449.721     286
   287.00000 -0.118084E+02  0.604799E+02 -0.142942E+02  0.331219E+02 -0.125421E+00***********  -1022.526  -1451.579     287
   288.00000 -0.116306E+02  0.604799E+02 -0.142887E+02  0.331219E+02 -0.125448E+00***********  -1027.668  -1453.430     288
   289.00000 -0.114477E+02  0.604799E+02 -0.142835E+02  0.331219E+02 -0.125476E+00***********  -1032.317  -1455.272     289
   290.00000 -0.111988E+02  0.604799E+02 -0.142785E+02  0.331219E+02 -0.125503E+00***********  -1036.851  -1457.105     290
   291.00000 -0.108356E+02  0.604799E+02 -0.142736E+02  0.331219E+02 -0.125530E+00***********  -1041.331  -1458.931     291
   292.00000 -0.104139E+02  0.604799E+02 -0.142688E+02  0.331219E+02 -0.125557E+00***********  -1045.753  -1460.749     292
   293.00000 -0.101447E+02  0.604799E+02 -0.142642E+02  0.331219E+02 -0.125584E+00***********  -1050.017  -1462.558     293
   294.00000 -0.100355E+02  0.604799E+02 -0.142598E+02  0.331219E+02 -0.125610E+00***********  -1054.055  -1464.360     294
   295.00000 -0.996691E+01  0.604799E+02 -0.142554E+02  0.331219E+02 -0.125637E+00***********  -1057.937  -1466.154     295
   296.00000 -0.993389E+01  0.604799E+02 -0.142512E+02  0.331219E+02 -0.125663E+00***********  -1061.699  -1467.940     296
   297.00000 -0.991103E+01  0.604799E+02 -0.142470E+02  0.331219E+02 -0.125690E+00***********  -1065.326  -1469.718     297
   298.00000 -0.988309E+01  0.604799E+02 -0.142430E+02  0.331219E+02 -0.125716E+00***********  -1068.813  -1471.488     298
   299.00000 -0.985769E+01  0.604799E+02 -0.142390E+02  0.331219E+02 -0.125742E+00***********  -1072.177  -1473.251     299
   300.00000 -0.983483E+01  0.604799E+02 -0.142351E+02  0.331219E+02 -0.125768E+00***********  -1075.445  -1475.006     300
   301.00000 -0.979419E+01  0.604799E+02 -0.142313E+02  0.331219E+02 -0.125794E+00***********  -1078.660  -1476.752     301
   302.00000 -0.972815E+01  0.604799E+02 -0.142276E+02  0.331219E+02 -0.125820E+00***********  -1081.792  -1478.492     302
   303.00000 -0.962655E+01  0.604799E+02 -0.142240E+02  0.331219E+02 -0.125846E+00***********  -1084.857  -1480.224     303
   304.00000 -0.949193E+01  0.604799E+02 -0.142204E+02  0.331219E+02 -0.125871E+00***********  -1087.873  -1481.948     304
   305.00000 -0.933445E+01  0.604799E+02 -0.142169E+02  0.331219E+02 -0.125897E+00***********  -1090.825  -1483.665     305
   306.00000 -0.922269E+01  0.604799E+02 -0.142134E+02  0.331219E+02 -0.125922E+00***********  -1093.716  -1485.374     306
   307.00000 -0.907791E+01  0.604799E+02 -0.142100E+02  0.331219E+02 -0.125947E+00***********  -1096.550  -1487.075     307
   308.00000 -0.888741E+01  0.604799E+02 -0.142067E+02  0.331219E+02 -0.125972E+00***********  -1099.331  -1488.769     308
   309.00000 -0.864865E+01  0.604799E+02 -0.142034E+02  0.331219E+02 -0.125997E+00***********  -1102.061  -1490.456     309
   310.00000 -0.853435E+01  0.604799E+02 -0.142002E+02  0.331219E+02 -0.126022E+00***********  -1104.743  -1492.135     310
   311.00000 -0.833115E+01  0.604799E+02 -0.141970E+02  0.331219E+02 -0.126047E+00***********  -1107.400  -1493.807     311
   312.00000 -0.820161E+01  0.604799E+02 -0.141939E+02  0.331219E+02 -0.126072E+00***********  -1109.976  -1495.472     312
   313.00000 -0.807715E+01  0.604799E+02 -0.141908E+02  0.331219E+02 -0.126096E+00***********  -1112.432  -1497.129     313
   314.00000 -0.792221E+01  0.604799E+02 -0.141878E+02  0.331219E+02 -0.126121E+00***********  -1114.861  -1498.780     314
   315.00000 -0.763265E+01  0.604799E+02 -0.141848E+02  0.331219E+02 -0.126145E+00***********  -1117.283  -1500.423     315
   316.00000 -0.749803E+01  0.604799E+02 -0.141818E+02  0.331219E+02 -0.126169E+00***********  -1119.701  -1502.059     316
   317.00000 -0.724911E+01  0.604799E+02 -0.141789E+02  0.331219E+02 -0.126194E+00***********  -1122.117  -1503.687     317
   318.00000 -0.706369E+01  0.604799E+02 -0.141760E+02  0.331219E+02 -0.126218E+00***********  -1124.563  -1505.309     318
   319.00000 -0.687573E+01  0.604799E+02 -0.141731E+02  0.331219E+02 -0.126242E+00***********  -1127.011  -1506.923     319
   320.00000 -0.677667E+01  0.604799E+02 -0.141703E+02  0.331219E+02 -0.126265E+00***********  -1129.447  -1508.530     320
   321.00000 -0.650235E+01  0.604799E+02 -0.141675E+02  0.331219E+02 -0.126289E+00***********  -1131.863  -1510.131     321
   322.00000 -0.630931E+01  0.604799E+02 -0.141647E+02  0.331219E+02 -0.126313E+00***********  -1134.265  -1511.724     322
   323.00000 -0.612135E+01  0.604799E+02 -0.141620E+02  0.331219E+02 -0.126336E+00***********  -1136.588  -1513.310     323
   324.00000 -0.595625E+01  0.604799E+02 -0.141593E+02  0.331219E+02 -0.126360E+00***********  -1138.833  -1514.889     324
   325.00000 -0.562351E+01  0.604799E+02 -0.141566E+02  0.331219E+02 -0.126383E+00***********  -1141.012  -1516.462     325
   326.00000 -0.547111E+01  0.604799E+02 -0.141540E+02  0.331219E+02 -0.126406E+00***********  -1143.141  -1518.027     326
   327.00000 -0.546095E+01  0.604799E+02 -0.141514E+02  0.331219E+02 -0.126429E+00***********  -1145.229  -1519.586     327
   328.00000 -0.544317E+01  0.604799E+02 -0.141488E+02  0.331219E+02 -0.126452E+00***********  -1147.292  -1521.138     328
   329.00000 -0.538221E+01  0.604799E+02 -0.141462E+02  0.331219E+02 -0.126475E+00***********  -1149.334  -1522.682     329
   330.00000 -0.532379E+01  0.604799E+02 -0.141436E+02  0.331219E+02 -0.126498E+00***********  -1151.353  -1524.221     330
   331.00000 -0.514091E+01  0.604799E+02 -0.141411E+02  0.331219E+02 -0.126521E+00***********  -1153.391  -1525.752     331
   332.00000 -0.485897E+01  0.604799E+02 -0.141386E+02  0.331219E+02 -0.126543E+00***********  -1155.409  -1527.277     332
   333.00000 -0.475229E+01  0.604799E+02 -0.141361E+02  0.331219E+02 -0.126566E+00***********  -1157.392  -1528.795     333
   334.00000 -0.472689E+01  0.604799E+02 -0.141337E+02  0.331219E+02 -0.126588E+00***********  -1159.339  -1530.307     334
   335.00000 -0.461259E+01  0.604799E+02 -0.141312E+02  0.331219E+02 -0.126611E+00***********  -1161.254  -1531.811     335
   336.00000 -0.444749E+01  0.604799E+02 -0.141288E+02  0.331219E+02 -0.126633E+00***********  -1163.136  -1533.310     336
   337.00000 -0.427731E+01  0.604799E+02 -0.141264E+02  0.331219E+02 -0.126655E+00***********  -1164.991  -1534.801     337
   338.00000 -0.411475E+01  0.604799E+02 -0.141240E+02  0.331219E+02 -0.126677E+00***********  -1166.827  -1536.287     338
   339.00000 -0.377693E+01  0.604799E+02 -0.141216E+02  0.331219E+02 -0.126699E+00***********  -1168.644  -1537.765     339
   340.00000 -0.352547E+01  0.604799E+02 -0.141193E+02  0.331219E+02 -0.126721E+00***********  -1170.440  -1539.238     340
   341.00000 -0.343403E+01  0.604799E+02 -0.141169E+02  0.331219E+02 -0.126742E+00***********  -1172.217  -1540.703     341
   342.00000 -0.340101E+01  0.604799E+02 -0.141146E+02  0.331219E+02 -0.126764E+00***********  -1173.976  -1542.163     342
   343.00000 -0.326131E+01  0.604799E+02 -0.141123E+02  0.331219E+02 -0.126786E+00***********  -1175.720  -1543.616     343
   344.00000 -0.305049E+01  0.604799E+02 -0.141100E+02  0.331219E+02 -0.126807E+00***********  -1177.449  -1545.062     344
   345.00000 -0.300477E+01  0.604799E+02 -0.141078E+02  0.331219E+02 -0.126828E+00***********  -1179.164  -1546.502     345
   346.00000 -0.296413E+01  0.604799E+02 -0.141055E+02  0.331219E+02 -0.126850E+00***********  -1180.867  -1547.937     346
   347.00000 -0.282697E+01  0.604799E+02 -0.141033E+02  0.331219E+02 -0.126871E+00***********  -1182.557  -1549.364     347
   348.00000 -0.271013E+01  0.604799E+02 -0.141011E+02  0.331219E+02 -0.126892E+00***********  -1184.236  -1550.785     348
   349.00000 -0.260345E+01  0.604799E+02 -0.140989E+02  0.331219E+02 -0.126913E+00***********  -1185.932  -1552.201     349
   350.00000 -0.227325E+01  0.604799E+02 -0.140967E+02  0.331219E+02 -0.126934E+00***********  -1187.619  -1553.610     350
   351.00000 -0.220721E+01  0.604799E+02 -0.140945E+02  0.331219E+02 -0.126954E+00***********  -1189.310  -1555.013     351
   352.00000 -0.197861E+01  0.604799E+02 -0.140923E+02  0.331219E+02 -0.126975E+00***********  -1190.991  -1556.705     352
   353.00000 -0.178557E+01  0.604799E+02 -0.140902E+02  0.331219E+02 -0.126996E+00***********  -1192.659  -1558.621     353
   354.00000 -0.157983E+01  0.604799E+02 -0.140880E+02  0.331219E+02 -0.127017E+00***********  -1194.315  -1560.544     354
   355.00000 -0.141473E+01  0.604799E+02 -0.140859E+02  0.331219E+02 -0.127037E+00***********  -1195.958  -1562.464     355
   356.00000 -0.121153E+01  0.604799E+02 -0.140838E+02  0.331219E+02 -0.127058E+00***********  -1197.586  -1564.378     356
   357.00000 -0.113787E+01  0.604799E+02 -0.140817E+02  0.331219E+02 -0.127078E+00***********  -1199.202  -1566.288     357
   358.00000 -0.106167E+01  0.604799E+02 -0.140797E+02  0.331219E+02 -0.127099E+00***********  -1200.804  -1568.194     358
   359.00000 -0.932127E+00  0.604799E+02 -0.140776E+02  0.331219E+02 -0.127119E+00***********  -1202.392  -1570.095     359
   360.00000 -0.767027E+00  0.604799E+02 -0.140756E+02  0.331219E+02 -0.127139E+00***********  -1203.968  -1571.991     360
   361.00000 -0.675587E+00  0.604799E+02 -0.140735E+02  0.331219E+02 -0.127159E+00***********  -1205.538  -1573.883     361
   362.00000 -0.485087E+00  0.604799E+02 -0.140715E+02  0.331219E+02 -0.127180E+00***********  -1207.096  -1575.771     362
   363.00000 -0.406347E+00  0.604799E+02 -0.140695E+02  0.331219E+02 -0.127200E+00***********  -1208.640  -1577.653     363
   364.00000 -0.373327E+00  0.604799E+02 -0.140675E+02  0.331219E+02 -0.127220E+00***********  -1210.172  -1579.531     364
   365.00000 -0.266647E+00  0.604799E+02 -0.140655E+02  0.331219E+02 -0.127240E+00***********  -1211.692  -1581.405     365
   366.00000 -0.139647E+00  0.604799E+02 -0.140635E+02  0.331219E+02 -0.127260E+00***********  -1213.199  -1583.274     366
   367.00000 -0.228068E-01  0.604799E+02 -0.140616E+02  0.331219E+02 -0.127280E+00***********  -1214.696  -1585.139     367
   368.00000  0.178332E-01  0.604799E+02 -0.140596E+02  0.331219E+02 -0.127300E+00***********  -1216.181  -1586.999     368
   369.00000  0.129593E+00  0.604799E+02 -0.140577E+02  0.331219E+02 -0.127320E+00***********  -1217.654  -1588.855     369
   370.00000  0.221033E+00  0.604799E+02 -0.140558E+02  0.331219E+02 -0.127340E+00***********  -1219.118  -1590.707     370
   371.00000  0.373433E+00  0.604799E+02 -0.140539E+02  0.331219E+02 -0.127360E+00***********  -1220.570  -1592.554     371
   372.00000  0.401373E+00  0.604799E+02 -0.140520E+02  0.331219E+02 -0.127379E+00***********  -1222.013  -1594.396     372
   373.00000  0.485193E+00  0.604799E+02 -0.140501E+02  0.331219E+02 -0.127399E+00***********  -1223.461  -1596.234     373
   374.00000  0.675693E+00  0.604799E+02 -0.140482E+02  0.331219E+02 -0.127419E+00***********  -1224.902  -1598.068     374
   375.00000  0.713793E+00  0.604799E+02 -0.140463E+02  0.331219E+02 -0.127438E+00***********  -1226.334  -1599.898     375
   376.00000  0.729033E+00  0.604799E+02 -0.140445E+02  0.331219E+02 -0.127458E+00***********  -1227.756  -1601.723     376
   377.00000  0.734113E+00  0.604799E+02 -0.140426E+02  0.331219E+02 -0.127477E+00***********  -1229.168  -1603.544     377
   378.00000  0.741733E+00  0.604799E+02 -0.140408E+02  0.331219E+02 -0.127497E+00***********  -1230.571  -1605.360     378
   379.00000  0.746813E+00  0.604799E+02 -0.140390E+02  0.331219E+02 -0.127516E+00***********  -1231.965  -1607.172     379
   380.00000  0.767133E+00  0.604799E+02 -0.140372E+02  0.331219E+02 -0.127536E+00***********  -1233.351  -1608.980     380
   381.00000  0.845873E+00  0.604799E+02 -0.140354E+02  0.331219E+02 -0.127555E+00***********  -1234.711  -1610.784     381
   382.00000  0.863653E+00  0.604799E+02 -0.140336E+02  0.331219E+02 -0.127574E+00***********  -1236.049  -1612.583     382
   383.00000  0.880163E+00  0.604799E+02 -0.140318E+02  0.331219E+02 -0.127594E+00***********  -1237.375  -1614.378     383
   384.00000  0.895403E+00  0.604799E+02 -0.140300E+02  0.331219E+02 -0.127613E+00***********  -1238.694  -1616.168     384
   385.00000  0.100970E+01  0.604799E+02 -0.140283E+02  0.331219E+02 -0.127632E+00***********  -1240.009  -1617.954     385
   386.00000  0.113924E+01  0.604799E+02 -0.140265E+02  0.331219E+02 -0.127651E+00***********  -1241.325  -1619.736     386
   387.00000  0.117734E+01  0.604799E+02 -0.140248E+02  0.331219E+02 -0.127670E+00***********  -1242.641  -1621.514     387
   388.00000  0.133228E+01  0.604799E+02 -0.140230E+02  0.331219E+02 -0.127689E+00***********  -1243.956  -1623.287     388
   389.00000  0.147960E+01  0.604799E+02 -0.140213E+02  0.331219E+02 -0.127708E+00***********  -1245.276  -1625.057     389
   390.00000  0.164470E+01  0.604799E+02 -0.140196E+02  0.331219E+02 -0.127727E+00***********  -1246.598  -1626.821     390
   391.00000  0.183774E+01  0.604799E+02 -0.140178E+02  0.331219E+02 -0.127746E+00***********  -1247.916  -1628.582     391
   392.00000  0.204348E+01  0.604799E+02 -0.140161E+02  0.331219E+02 -0.127765E+00***********  -1249.231  -1630.338     392
   393.00000  0.230510E+01  0.604799E+02 -0.140144E+02  0.331219E+02 -0.127783E+00***********  -1250.552  -1632.090     393
   394.00000  0.252862E+01  0.604799E+02 -0.140128E+02  0.331219E+02 -0.127802E+00***********  -1251.872  -1633.838     394
   395.00000  0.277754E+01  0.604799E+02 -0.140111E+02  0.331219E+02 -0.127821E+00***********  -1253.186  -1635.582     395
   396.00000  0.301884E+01  0.604799E+02 -0.140094E+02  0.331219E+02 -0.127840E+00***********  -1254.493  -1637.321     396
   397.00000  0.321442E+01  0.604799E+02 -0.140077E+02  0.331219E+02 -0.127858E+00***********  -1255.791  -1639.057     397
   398.00000  0.329570E+01  0.604799E+02 -0.140061E+02  0.331219E+02 -0.127877E+00***********  -1257.080  -1640.788     398
   399.00000  0.332618E+01  0.604799E+02 -0.140044E+02  0.331219E+02 -0.127895E+00***********  -1258.369  -1642.515     399
   400.00000  0.336428E+01  0.604799E+02 -0.140028E+02  0.331219E+02 -0.127914E+00***********  -1259.648  -1644.238     400
   401.00000  0.341000E+01  0.604799E+02 -0.140011E+02  0.331219E+02 -0.127932E+00***********  -1260.922  -1645.956     401
   402.00000  0.343794E+01  0.604799E+02 -0.139995E+02  0.331219E+02 -0.127950E+00***********  -1262.185  -1647.672     402
   403.00000  0.347096E+01  0.604799E+02 -0.139979E+02  0.331219E+02 -0.127969E+00***********  -1263.437  -1649.383     403
   404.00000  0.350906E+01  0.604799E+02 -0.139963E+02  0.331219E+02 -0.127987E+00***********  -1264.679  -1651.090     404
   405.00000  0.354716E+01  0.604799E+02 -0.139947E+02  0.331219E+02 -0.128005E+00***********  -1265.919  -1652.793     405
   406.00000  0.361574E+01  0.604799E+02 -0.139931E+02  0.331219E+02 -0.128024E+00***********  -1267.146  -1654.491     406
   407.00000  0.369194E+01  0.604799E+02 -0.139915E+02  0.331219E+02 -0.128042E+00***********  -1268.347  -1656.186     407
   408.00000  0.376306E+01  0.604799E+02 -0.139899E+02  0.331219E+02 -0.128060E+00***********  -1269.526  -1657.876     408
   409.00000  0.379862E+01  0.604799E+02 -0.139883E+02  0.331219E+02 -0.128078E+00***********  -1270.685  -1659.562     409
   410.00000  0.383037E+01  0.604799E+02 -0.139868E+02  0.331219E+02 -0.128096E+00***********  -1271.827  -1661.245     410
   411.00000  0.385831E+01  0.604799E+02 -0.139852E+02  0.331219E+02 -0.128114E+00***********  -1272.956  -1662.924     411
   412.00000  0.389133E+01  0.604799E+02 -0.139836E+02  0.331219E+02 -0.128132E+00***********  -1274.073  -1664.598     412
   413.00000  0.398023E+01  0.604799E+02 -0.139821E+02  0.331219E+02 -0.128150E+00***********  -1275.180  -1666.268     413
   414.00000  0.413263E+01  0.604799E+02 -0.139805E+02  0.331219E+02 -0.128168E+00***********  -1276.279  -1667.935     414
   415.00000  0.423423E+01  0.604799E+02 -0.139790E+02  0.331219E+02 -0.128186E+00***********  -1277.372  -1669.598     415
   416.00000  0.440949E+01  0.604799E+02 -0.139774E+02  0.331219E+02 -0.128203E+00***********  -1278.464  -1671.256     416
   417.00000  0.454411E+01  0.604799E+02 -0.139759E+02  0.331219E+02 -0.128221E+00***********  -1279.552  -1672.910     417
   418.00000  0.467111E+01  0.604799E+02 -0.139744E+02  0.331219E+02 -0.128239E+00***********  -1280.635  -1674.561     418
   419.00000  0.487177E+01  0.604799E+02 -0.139728E+02  0.331219E+02 -0.128256E+00***********  -1281.714  -1676.207     419
   420.00000  0.504195E+01  0.604799E+02 -0.139713E+02  0.331219E+02 -0.128274E+00***********  -1282.789  -1677.849     420
   421.00000  0.530357E+01  0.604799E+02 -0.139698E+02  0.331219E+02 -0.128292E+00***********  -1283.862  -1679.488     421
   422.00000  0.539755E+01  0.604799E+02 -0.139683E+02  0.331219E+02 -0.128309E+00***********  -1284.931  -1681.123     422
   423.00000  0.544835E+01  0.604799E+02 -0.139668E+02  0.331219E+02 -0.128327E+00***********  -1285.998  -1682.754     423
   424.00000  0.567187E+01  0.604799E+02 -0.139653E+02  0.331219E+02 -0.128344E+00***********  -1287.062  -1684.381     424
   425.00000  0.600207E+01  0.604799E+02 -0.139638E+02  0.331219E+02 -0.128361E+00***********  -1288.124  -1686.004     425
   426.00000  0.619765E+01  0.604799E+02 -0.139623E+02  0.331219E+02 -0.128379E+00***********  -1289.183  -1687.623     426
   427.00000  0.623829E+01  0.604799E+02 -0.139608E+02  0.331219E+02 -0.128396E+00***********  -1290.241  -1689.239     427
   428.00000  0.628147E+01  0.604799E+02 -0.139593E+02  0.331219E+02 -0.128413E+00***********  -1291.304  -1690.850     428
   429.00000  0.633481E+01  0.604799E+02 -0.139578E+02  0.331219E+02 -0.128431E+00***********  -1292.364  -1692.458     429
   430.00000  0.642625E+01  0.604799E+02 -0.139563E+02  0.331219E+02 -0.128448E+00***********  -1293.429  -1694.062     430
   431.00000  0.650245E+01  0.604799E+02 -0.139549E+02  0.331219E+02 -0.128465E+00***********  -1294.498  -1695.662     431
   432.00000  0.661929E+01  0.604799E+02 -0.139534E+02  0.331219E+02 -0.128482E+00***********  -1295.565  -1697.258     432
   433.00000  0.693679E+01  0.604799E+02 -0.139519E+02  0.331219E+02 -0.128499E+00***********  -1296.625  -1698.850     433
   434.00000  0.735335E+01  0.604799E+02 -0.139505E+02  0.331219E+02 -0.128516E+00***********  -1297.676  -1700.439     434
   435.00000  0.766577E+01  0.604799E+02 -0.139490E+02  0.331219E+02 -0.128533E+00***********  -1298.720  -1702.024     435
   436.00000  0.788167E+01  0.604799E+02 -0.139475E+02  0.331219E+02 -0.128550E+00***********  -1299.756  -1703.605     436
   437.00000  0.812043E+01  0.604799E+02 -0.139461E+02  0.331219E+02 -0.128567E+00***********  -1300.785  -1705.182     437
   438.00000  0.825759E+01  0.604799E+02 -0.139447E+02  0.331219E+02 -0.128584E+00***********  -1301.807  -1706.755     438
   439.00000  0.839475E+01  0.604799E+02 -0.139432E+02  0.331219E+02 -0.128601E+00***********  -1302.823  -1708.325     439
   440.00000  0.861573E+01  0.604799E+02 -0.139418E+02  0.331219E+02 -0.128618E+00***********  -1303.843  -1709.891     440
   441.00000  0.878083E+01  0.604799E+02 -0.139403E+02  0.331219E+02 -0.128634E+00***********  -1304.857  -1711.453     441
   442.00000  0.896371E+01  0.604799E+02 -0.139389E+02  0.331219E+02 -0.128651E+00***********  -1305.866  -1713.011     442
   443.00000  0.925581E+01  0.604799E+02 -0.139375E+02  0.331219E+02 -0.128668E+00***********  -1306.870  -1714.565     443
   444.00000  0.947679E+01  0.604799E+02 -0.139361E+02  0.331219E+02 -0.128684E+00***********  -1307.870  -1716.116     444
   445.00000  0.954283E+01  0.604799E+02 -0.139346E+02  0.331219E+02 -0.128701E+00***********  -1308.867  -1717.663     445
   446.00000  0.965713E+01  0.604799E+02 -0.139332E+02  0.331219E+02 -0.128717E+00***********  -1309.859  -1719.207     446
   447.00000  0.972571E+01  0.604799E+02 -0.139318E+02  0.331219E+02 -0.128734E+00***********  -1310.849  -1720.747     447
   448.00000  0.976381E+01  0.604799E+02 -0.139304E+02  0.331219E+02 -0.128750E+00***********  -1311.836  -1722.284     448
   449.00000  0.984255E+01  0.604799E+02 -0.139290E+02  0.331219E+02 -0.128767E+00***********  -1312.823  -1723.816     449
   450.00000  0.996193E+01  0.604799E+02 -0.139276E+02  0.331219E+02 -0.128783E+00***********  -1313.808  -1725.345     450
   451.00000  0.101016E+02  0.604799E+02 -0.139262E+02  0.331219E+02 -0.128800E+00***********  -1314.790  -1726.870     451
   452.00000  0.103480E+02  0.604799E+02 -0.139248E+02  0.331219E+02 -0.128816E+00***********  -1315.769  -1728.391     452
   453.00000  0.104801E+02  0.604799E+02 -0.139234E+02  0.331219E+02 -0.128832E+00***********  -1316.745  -1729.910     453
   454.00000  0.105741E+02  0.604799E+02 -0.139220E+02  0.331219E+02 -0.128848E+00***********  -1317.719  -1731.424     454
   455.00000  0.106884E+02  0.604799E+02 -0.139207E+02  0.331219E+02 -0.128865E+00***********  -1318.690  -1732.934     455
   456.00000  0.107290E+02  0.604799E+02 -0.139193E+02  0.331219E+02 -0.128881E+00***********  -1319.659  -1734.441     456
   457.00000  0.107290E+02  0.607288E+02 -0.139193E+02  0.331219E+02 -0.128897E+00-542633.750  -8480.191  -1735.945     457
   458.00000  0.107290E+02  0.611124E+02 -0.139193E+02  0.331219E+02 -0.128913E+00-385648.250  -8287.479  -1737.445     458
   459.00000  0.107290E+02  0.614451E+02 -0.139193E+02  0.331219E+02 -0.128929E+00-292762.406  -8090.768  -1738.941     459
   460.00000  0.107290E+02  0.614985E+02 -0.139193E+02  0.331219E+02 -0.128945E+00-233554.109  -7903.287  -1740.433     460
   461.00000  0.107290E+02  0.615391E+02 -0.139193E+02  0.331219E+02 -0.128961E+00-192492.422  -7728.521  -1741.922     461
   462.00000  0.107290E+02  0.615924E+02 -0.139193E+02  0.331219E+02 -0.128977E+00-162308.500  -7566.637  -1743.408     462
   463.00000  0.107290E+02  0.616915E+02 -0.139193E+02  0.331219E+02 -0.128993E+00-139200.906  -7416.759  -1744.890     463
   464.00000  0.107290E+02  0.619480E+02 -0.139193E+02  0.331219E+02 -0.129009E+00-120975.891  -7277.760  -1746.369     464
   465.00000  0.107290E+02  0.623113E+02 -0.139193E+02  0.331219E+02 -0.129025E+00-106270.219  -7148.519  -1747.844     465
   466.00000  0.107290E+02  0.625399E+02 -0.139193E+02  0.331219E+02 -0.129040E+00 -94187.672  -7028.014  -1749.315     466
   467.00000  0.107290E+02  0.628472E+02 -0.139193E+02  0.331219E+02 -0.129056E+00 -84112.938  -6915.336  -1750.783     467
   468.00000  0.107290E+02  0.631520E+02 -0.139193E+02  0.331219E+02 -0.129072E+00 -75608.648  -6809.690  -1752.246     468
   469.00000  0.107290E+02  0.635330E+02 -0.139193E+02  0.331219E+02 -0.129087E+00 -68348.703  -6711.403  -1753.708     469
   470.00000  0.107290E+02  0.638429E+02 -0.139193E+02  0.331219E+02 -0.129103E+00 -62089.637  -6618.214  -1755.165     470
   471.00000  0.107290E+02  0.641350E+02 -0.139193E+02  0.331219E+02 -0.129119E+00 -56648.832  -6529.809  -1756.619     471
   472.00000  0.107290E+02  0.643966E+02 -0.139193E+02  0.331219E+02 -0.129134E+00 -51887.242  -6445.944  -1758.069     472
   473.00000  0.107290E+02  0.645160E+02 -0.139193E+02  0.331219E+02 -0.129150E+00 -47696.336  -6366.338  -1759.516     473
   474.00000  0.107290E+02  0.646557E+02 -0.139193E+02  0.331219E+02 -0.129165E+00 -43989.281  -6290.691  -1760.960     474
   475.00000  0.107290E+02  0.647598E+02 -0.139193E+02  0.331219E+02 -0.129181E+00 -40695.715  -6218.713  -1762.400     475
   476.00000  0.107290E+02  0.649961E+02 -0.139193E+02  0.331219E+02 -0.129196E+00 -37757.992  -6150.113  -1763.837     476
   477.00000  0.107290E+02  0.654304E+02 -0.139193E+02  0.331219E+02 -0.129211E+00 -35128.168  -6084.626  -1765.270     477
   478.00000  0.107290E+02  0.657809E+02 -0.139193E+02  0.331219E+02 -0.129227E+00 -32766.150  -6022.005  -1766.700     478
   479.00000  0.107290E+02  0.661060E+02 -0.139193E+02  0.331219E+02 -0.129242E+00 -30638.186  -5962.021  -1768.126     479
   480.00000  0.107290E+02  0.665531E+02 -0.139193E+02  0.331219E+02 -0.129257E+00 -28715.654  -5904.464  -1769.549     480
   481.00000  0.107290E+02  0.668274E+02 -0.139193E+02  0.331219E+02 -0.129273E+00 -26974.096  -5849.145  -1770.968     481
   482.00000  0.107290E+02  0.670814E+02 -0.139193E+02  0.331219E+02 -0.129288E+00 -25392.582  -5795.885  -1772.385     482
   483.00000  0.107290E+02  0.672109E+02 -0.139193E+02  0.331219E+02 -0.129303E+00 -23953.084  -5744.525  -1773.797     483
   484.00000  0.107290E+02  0.675640E+02 -0.139193E+02  0.331219E+02 -0.129318E+00 -22640.062  -5695.044  -1775.206     484
   485.00000  0.107290E+02  0.678840E+02 -0.139193E+02  0.331219E+02 -0.129333E+00 -21439.951  -5647.916  -1776.612     485
   486.00000  0.107290E+02  0.681787E+02 -0.139193E+02  0.331219E+02 -0.129348E+00 -20340.945  -5602.236  -1778.015     486
   487.00000  0.107290E+02  0.683743E+02 -0.139193E+02  0.331219E+02 -0.129363E+00 -19332.625  -3931.377  -1779.414     487
   488.00000  0.107290E+02  0.685064E+02 -0.139193E+02  0.331219E+02 -0.129378E+00 -18405.938  -3912.073  -1780.810     488
   489.00000  0.107290E+02  0.687019E+02 -0.139193E+02  0.331219E+02 -0.129393E+00 -17552.865  -3893.295  -1782.203     489
   490.00000  0.107290E+02  0.690296E+02 -0.139193E+02  0.331219E+02 -0.129408E+00 -16766.348  -3875.006  -1783.592     490
   491.00000  0.107290E+02  0.692557E+02 -0.139193E+02  0.331219E+02 -0.129423E+00 -16039.869  -3858.125  -1784.978     491
   492.00000  0.107290E+02  0.695579E+02 -0.139193E+02  0.331219E+02 -0.129438E+00 -15367.435  -3841.769  -1786.361     492
   493.00000  0.107290E+02  0.696875E+02 -0.139193E+02  0.331219E+02 -0.129452E+00 -14743.758  -3825.740  -1787.740     493
   494.00000  0.107290E+02  0.697332E+02 -0.139193E+02  0.331219E+02 -0.129467E+00 -14164.382  -3810.031  -1789.116     494
   495.00000  0.107290E+02  0.699999E+02 -0.139193E+02  0.331219E+02 -0.129482E+00 -13625.444  -3794.679  -1790.488     495
   496.00000  0.107290E+02  0.703987E+02 -0.139193E+02  0.331219E+02 -0.129497E+00 -13123.591  -3779.638  -1791.858     496
   497.00000  0.107290E+02  0.708279E+02 -0.139193E+02  0.331219E+02 -0.129511E+00 -12655.596  -3765.235  -1793.224     497
   498.00000  0.107290E+02  0.712521E+02 -0.139193E+02  0.331219E+02 -0.129526E+00 -12217.647  -3752.090  -1794.587     498
   499.00000  0.107290E+02  0.716331E+02 -0.139193E+02  0.331219E+02 -0.129540E+00 -11807.955  -3739.069  -1795.947     499
   500.00000  0.107290E+02  0.718515E+02 -0.139193E+02  0.331219E+02 -0.129555E+00 -11425.097  -3726.020  -1797.303     500
   501.00000  0.107290E+02  0.722097E+02 -0.139193E+02  0.331219E+02 -0.129569E+00 -11067.392  -3712.951  -1798.656     501
   502.00000  0.107290E+02  0.726897E+02 -0.139193E+02  0.331219E+02 -0.129584E+00 -10733.079  -3699.877  -1800.006     502
   503.00000  0.107290E+02  0.730504E+02 -0.139193E+02  0.331219E+02 -0.129598E+00 -10420.379  -3686.811  -1801.353     503
   504.00000  0.107290E+02  0.734035E+02 -0.139193E+02  0.331219E+02 -0.129613E+00 -10127.563  -3673.770  -1802.696     504
   505.00000  0.107290E+02  0.736524E+02 -0.139193E+02  0.331219E+02 -0.129627E+00  -9872.746  -3660.844  -1804.036     505
   506.00000  0.107290E+02  0.739496E+02 -0.139193E+02  0.331219E+02 -0.129641E+00  -9633.954  -3648.124  -1805.373     506
   507.00000  0.107290E+02  0.742391E+02 -0.139193E+02  0.331219E+02 -0.129656E+00  -9398.994  -3635.548  -1806.707     507
   508.00000  0.107290E+02  0.744728E+02 -0.139193E+02  0.331219E+02 -0.129670E+00  -9169.023  -3623.077  -1808.037     508
   509.00000  0.107290E+02  0.747294E+02 -0.139193E+02  0.331219E+02 -0.129684E+00  -8945.681  -3610.655  -1809.365     509
   510.00000  0.107290E+02  0.751281E+02 -0.139193E+02  0.331219E+02 -0.129698E+00  -8731.067  -3598.975  -1810.689     510
   511.00000  0.107290E+02  0.754431E+02 -0.139193E+02  0.331219E+02 -0.129713E+00  -8528.490  -3588.418  -1812.010     511
   512.00000  0.107290E+02  0.758647E+02 -0.139193E+02  0.331219E+02 -0.129727E+00  -8337.401  -3577.823  -1813.328     512
   513.00000  0.107290E+02  0.762762E+02 -0.139193E+02  0.331219E+02 -0.129741E+00  -8156.825  -3567.141  -1814.643     513
   514.00000  0.107290E+02  0.767461E+02 -0.139193E+02  0.331219E+02 -0.129755E+00  -7985.758  -3556.387  -1815.954     514
   515.00000  0.107290E+02  0.771576E+02 -0.139193E+02  0.331219E+02 -0.129769E+00  -7849.131  -3545.697  -1817.263     515
   516.00000  0.107290E+02  0.775234E+02 -0.139193E+02  0.331219E+02 -0.129783E+00  -7723.771  -3535.442  -1818.569     516
   517.00000  0.107290E+02  0.779247E+02 -0.139193E+02  0.331219E+02 -0.129797E+00  -7598.589  -3525.898  -1819.871     517
   518.00000  0.107290E+02  0.782930E+02 -0.139193E+02  0.331219E+02 -0.129811E+00  -7474.094  -2996.430  -1821.170     518
   519.00000  0.107290E+02  0.787045E+02 -0.139193E+02  0.331219E+02 -0.129825E+00  -7351.332  -2990.756  -1822.466     519
   520.00000  0.107290E+02  0.791693E+02 -0.139193E+02  0.331219E+02 -0.129839E+00  -7231.064  -2985.101  -1823.759     520
   521.00000  0.107290E+02  0.796468E+02 -0.139193E+02  0.331219E+02 -0.129852E+00  -7113.804  -2979.460  -1825.049     521
   522.00000  0.107290E+02  0.800913E+02 -0.139193E+02  0.331219E+02 -0.129866E+00  -6999.850  -2973.828  -1826.336     522
   523.00000  0.107290E+02  0.805333E+02 -0.139193E+02  0.331219E+02 -0.129880E+00  -6889.374  -2968.204  -1827.619     523
   524.00000  0.107290E+02  0.809600E+02 -0.139193E+02  0.331219E+02 -0.129894E+00  -6782.432  -2962.589  -1828.900     524
   525.00000  0.107290E+02  0.813765E+02 -0.139193E+02  0.331219E+02 -0.129907E+00  -6679.013  -2956.995  -1830.178     525
   526.00000  0.107290E+02  0.817753E+02 -0.139193E+02  0.331219E+02 -0.129921E+00  -6579.068  -2951.419  -1831.452     526
   527.00000  0.107290E+02  0.822351E+02 -0.139193E+02  0.331219E+02 -0.129935E+00  -6484.225  -2946.281  -1832.723     527
   528.00000  0.107290E+02  0.827862E+02 -0.139193E+02  0.331219E+02 -0.129948E+00  -6396.282  -2941.398  -1833.991     528
   529.00000  0.920502E+01  0.833069E+02 -0.154433E+02  0.332503E+02 -0.129962E+00    -81.384  -1680.395  -1835.258     529
   530.00000  0.768101E+01  0.837616E+02 -0.169673E+02  0.335278E+02 -0.129976E+00    -56.255  -1116.388  -1836.520     530
   531.00000  0.615701E+01  0.841781E+02 -0.184913E+02  0.338723E+02 -0.129989E+00    -45.347   -688.435  -1837.780     531
   532.00000  0.450721E+01  0.845057E+02 -0.201411E+02  0.341842E+02 -0.130003E+00    -35.315   -298.443  -1839.040     532
   533.00000  0.292201E+01  0.849375E+02 -0.217263E+02  0.346149E+02 -0.130016E+00    -33.161    -86.691  -1840.293     533
   534.00000 -0.671290E+00  0.850340E+02 -0.253196E+02  0.347114E+02 -0.130030E+00     -7.116    -16.972  -1841.545     534
   535.00000 -0.671290E+00  0.852677E+02 -0.253196E+02  0.349451E+02 -0.130043E+00    -67.218    -61.901  -1842.794     535
   536.00000 -0.671290E+00  0.856436E+02 -0.253196E+02  0.353210E+02 -0.130056E+00    -99.846    -90.978  -1844.038     536
   537.00000 -0.671290E+00  0.860627E+02 -0.253196E+02  0.357401E+02 -0.130070E+00   -134.486   -119.818  -1845.280     537
   538.00000 -0.671290E+00  0.863980E+02 -0.253196E+02  0.360754E+02 -0.130083E+00   -166.162   -145.988  -1846.519     538
   539.00000 -0.671290E+00  0.868247E+02 -0.253196E+02  0.365021E+02 -0.130096E+00   -209.644   -178.016  -1847.755     539
   540.00000 -0.671290E+00  0.873810E+02 -0.253196E+02  0.370584E+02 -0.130109E+00   -286.397   -228.202  -1848.988     540
   541.00000 -0.671290E+00  0.878712E+02 -0.253196E+02  0.375486E+02 -0.130122E+00   -404.433   -295.336  -1850.217     541
   542.00000 -0.671290E+00  0.882827E+02 -0.253196E+02  0.379601E+02 -0.130136E+00   -563.188   -375.398  -1851.444     542
   543.00000 -0.671290E+00  0.887247E+02 -0.253196E+02  0.383727E+02 -0.130149E+00   -774.903   -480.420  -1852.667     543
   544.00000 -0.671290E+00  0.890472E+02 -0.253196E+02  0.386496E+02 -0.130162E+00  -1012.198   -593.368  -1853.889     544
   545.00000 -0.671290E+00  0.892657E+02 -0.253196E+02  0.388219E+02 -0.130175E+00  -1189.495   -675.155  -1855.107     545
   546.00000 -0.671290E+00  0.896416E+02 -0.253196E+02  0.390595E+02 -0.130188E+00  -1351.054   -764.923  -1856.322     546
   547.00000 -0.671290E+00  0.899108E+02 -0.253196E+02  0.392105E+02 -0.130201E+00  -1458.179   -843.078  -1857.535     547
   548.00000 -0.671290E+00  0.902817E+02 -0.253196E+02  0.393808E+02 -0.130214E+00  -1520.023   -911.426  -1858.744     548
   549.00000 -0.206829E+01  0.907084E+02 -0.267166E+02  0.396795E+02 -0.130227E+00    -80.234   -541.980  -1859.948     549
   550.00000 -0.206829E+01  0.909548E+02 -0.267166E+02  0.399182E+02 -0.130240E+00   -246.224   -484.136  -1861.152     550
   551.00000 -0.487419E+01  0.913130E+02 -0.295225E+02  0.402719E+02 -0.130253E+00    -24.774   -216.358  -1862.355     551
   552.00000 -0.487419E+01  0.916889E+02 -0.295225E+02  0.406478E+02 -0.130266E+00   -118.514   -167.345  -1863.552     552
   553.00000 -0.783649E+01  0.920369E+02 -0.324848E+02  0.409958E+02 -0.130278E+00    -15.730    -51.281  -1864.746     553
   554.00000 -0.783649E+01  0.924814E+02 -0.324848E+02  0.414403E+02 -0.130291E+00    -86.780    -86.232  -1865.939     554
   555.00000 -0.106305E+02  0.929436E+02 -0.352788E+02  0.419026E+02 -0.130304E+00    -14.523    -31.112  -1867.129     555
   556.00000 -0.106305E+02  0.934008E+02 -0.352788E+02  0.423598E+02 -0.130317E+00    -76.059    -68.728  -1868.315     556
   557.00000 -0.134245E+02  0.938783E+02 -0.380728E+02  0.428373E+02 -0.130329E+00    -13.061    -23.809  -1869.499     557
   558.00000 -0.148658E+02  0.943101E+02 -0.395141E+02  0.432691E+02 -0.130342E+00    -24.795    -30.326  -1870.679     558
   559.00000 -0.148658E+02  0.947470E+02 -0.395141E+02  0.437060E+02 -0.130354E+00    -71.283    -60.272  -1871.858     559
   560.00000 -0.148658E+02  0.951966E+02 -0.395141E+02  0.441556E+02 -0.130367E+00    -99.086    -83.304  -1873.033     560
   561.00000 -0.148658E+02  0.956233E+02 -0.395141E+02  0.445823E+02 -0.130380E+00   -126.300   -104.405  -1874.205     561
   562.00000 -0.148658E+02  0.961059E+02 -0.395141E+02  0.450649E+02 -0.130392E+00   -158.391   -127.066  -1875.375     562
   563.00000 -0.148658E+02  0.965682E+02 -0.395141E+02  0.455272E+02 -0.130405E+00   -198.261   -152.305  -1876.542     563
   564.00000 -0.148658E+02  0.970203E+02 -0.395141E+02  0.459793E+02 -0.130417E+00   -246.354   -179.968  -1877.706     564
   565.00000 -0.148658E+02  0.973962E+02 -0.395141E+02  0.463552E+02 -0.130430E+00   -300.042   -207.704  -1878.868     565
   566.00000 -0.148658E+02  0.978052E+02 -0.395141E+02  0.467642E+02 -0.130442E+00   -366.557   -239.126  -1880.026     566
   567.00000 -0.148658E+02  0.982192E+02 -0.395141E+02  0.471782E+02 -0.130454E+00   -461.720   -279.777  -1881.182     567
   568.00000 -0.148658E+02  0.985900E+02 -0.395141E+02  0.475490E+02 -0.130467E+00   -588.800   -327.834  -1882.335     568
   569.00000 -0.148658E+02  0.989761E+02 -0.395141E+02  0.479248E+02 -0.130479E+00   -757.505   -388.025  -1883.485     569
   570.00000 -0.148658E+02  0.994587E+02 -0.395141E+02  0.483393E+02 -0.130491E+00   -979.610   -473.688  -1884.633     570
   571.00000 -0.148658E+02  0.100015E+03 -0.395141E+02  0.487437E+02 -0.130504E+00  -1228.895   -587.522  -1885.777     571
   572.00000 -0.148658E+02  0.100604E+03 -0.395141E+02  0.490899E+02 -0.130516E+00  -1425.852   -697.074  -1886.919     572
   573.00000 -0.148658E+02  0.101077E+03 -0.395141E+02  0.493289E+02 -0.130528E+00  -1521.262   -767.514  -1888.058     573
   574.00000 -0.148658E+02  0.101483E+03 -0.395141E+02  0.495215E+02 -0.130540E+00  -1566.404   -805.407  -1889.195     574
   575.00000 -0.148658E+02  0.101826E+03 -0.395141E+02  0.496793E+02 -0.130553E+00  -1587.650   -826.886  -1890.328     575
   576.00000 -0.148658E+02  0.102268E+03 -0.395141E+02  0.498668E+02 -0.130565E+00  -1595.787   -849.920  -1891.458     576
   577.00000 -0.148658E+02  0.102649E+03 -0.395141E+02  0.500244E+02 -0.130577E+00  -1599.052   -872.672  -1892.587     577
   578.00000 -0.148658E+02  0.103119E+03 -0.395141E+02  0.502023E+02 -0.130589E+00  -1600.380   -897.759  -1893.713     578
   579.00000 -0.148658E+02  0.103533E+03 -0.395141E+02  0.503540E+02 -0.130601E+00  -1601.007   -921.854  -1894.835     579
   580.00000 -0.148658E+02  0.103962E+03 -0.395141E+02  0.505029E+02 -0.130613E+00  -1601.383   -942.992  -1895.954     580
   581.00000 -0.148658E+02  0.104325E+03 -0.395141E+02  0.506275E+02 -0.130625E+00  -1601.682   -959.032  -1897.071     581
   582.00000 -0.148658E+02  0.104457E+03 -0.395141E+02  0.506779E+02 -0.130637E+00  -1601.865   -953.207  -1898.185     582
   583.00000 -0.148658E+02  0.104790E+03 -0.395141E+02  0.507984E+02 -0.130649E+00  -1601.861   -950.222  -1899.297     583
   584.00000 -0.148658E+02  0.105136E+03 -0.395141E+02  0.509189E+02 -0.130661E+00  -1601.881   -965.451  -1900.407     584
   585.00000 -0.148658E+02  0.105255E+03 -0.395141E+02  0.509649E+02 -0.130673E+00  -1601.906   -962.632  -1901.515     585
   586.00000 -0.148658E+02  0.105506E+03 -0.395141E+02  0.510596E+02 -0.130684E+00  -1601.774   -957.332  -1902.619     586
   587.00000 -0.148658E+02  0.105819E+03 -0.395141E+02  0.511717E+02 -0.130696E+00  -1601.676   -970.175  -1903.721     587
   588.00000 -0.148658E+02  0.106134E+03 -0.395141E+02  0.512802E+02 -0.130708E+00  -1601.700   -987.120  -1904.820     588
   589.00000 -0.148658E+02  0.106500E+03 -0.395141E+02  0.513972E+02 -0.130720E+00  -1601.807  -1007.859  -1905.915     589
   590.00000 -0.148658E+02  0.106878E+03 -0.395141E+02  0.515103E+02 -0.130732E+00  -1601.976  -1030.014  -1907.009     590
   591.00000 -0.148658E+02  0.107203E+03 -0.395141E+02  0.516053E+02 -0.130743E+00  -1602.183  -1047.493  -1908.099     591
   592.00000 -0.148658E+02  0.107526E+03 -0.395141E+02  0.516961E+02 -0.130755E+00  -1602.390  -1060.733  -1909.187     592
   593.00000 -0.148658E+02  0.107930E+03 -0.395141E+02  0.518001E+02 -0.130767E+00  -1602.587  -1077.552  -1910.273     593
   594.00000 -0.148658E+02  0.108311E+03 -0.395141E+02  0.518941E+02 -0.130778E+00  -1602.786  -1095.406  -1911.356     594
   595.00000 -0.148658E+02  0.108669E+03 -0.395141E+02  0.519796E+02 -0.130790E+00  -1602.989  -1109.493  -1912.437     595
   596.00000 -0.148658E+02  0.109045E+03 -0.395141E+02  0.520650E+02 -0.130801E+00  -1603.187  -1122.268  -1913.515     596
   597.00000 -0.148658E+02  0.109479E+03 -0.395141E+02  0.521556E+02 -0.130813E+00  -1603.376  -1137.857  -1914.590     597
   598.00000 -0.148658E+02  0.109822E+03 -0.395141E+02  0.522281E+02 -0.130824E+00  -1603.562  -1149.559  -1915.663     598
   599.00000 -0.148658E+02  0.110111E+03 -0.395141E+02  0.522904E+02 -0.130836E+00  -1603.741  -1154.697  -1916.733     599
   600.00000 -0.148658E+02  0.110426E+03 -0.395141E+02  0.523565E+02 -0.130847E+00  -1603.907  -1159.415  -1917.800     600
   601.00000 -0.148658E+02  0.110805E+03 -0.395141E+02  0.524308E+02 -0.130859E+00  -1604.058  -1168.536  -1918.866     601
   602.00000 -0.148658E+02  0.111148E+03 -0.395141E+02  0.524974E+02 -0.130870E+00  -1604.199  -1178.160  -1919.929     602
   603.00000 -0.148658E+02  0.111519E+03 -0.395141E+02  0.525658E+02 -0.130881E+00  -1604.333  -1187.609  -1920.988     603
   604.00000 -0.148658E+02  0.111867E+03 -0.395141E+02  0.526290E+02 -0.130893E+00  -1604.463  -1196.209  -1922.046     604
   605.00000 -0.148658E+02  0.112329E+03 -0.395141E+02  0.527031E+02 -0.130904E+00  -1604.591  -1208.199  -1923.100     605
   606.00000 -0.148658E+02  0.112593E+03 -0.395141E+02  0.527505E+02 -0.130915E+00  -1604.717  -1213.965  -1924.153     606
   607.00000 -0.148658E+02  0.112989E+03 -0.395141E+02  0.528143E+02 -0.130927E+00  -1604.842  -1220.092  -1925.203     607
   608.00000 -0.148658E+02  0.113355E+03 -0.395141E+02  0.528725E+02 -0.130938E+00  -1604.962  -1228.548  -1926.250     608
   609.00000 -0.148658E+02  0.113660E+03 -0.395141E+02  0.529222E+02 -0.130949E+00  -1605.079  -1233.486  -1927.295     609
   610.00000 -0.148658E+02  0.113949E+03 -0.395141E+02  0.553437E+02 -0.130960E+00  -1605.191   -331.859  -1928.337     610
   611.00000 -0.148658E+02  0.114252E+03 -0.395141E+02  0.571592E+02 -0.130971E+00  -1605.316   -573.416  -1929.378     611
   612.00000 -0.148658E+02  0.114549E+03 -0.395141E+02  0.576129E+02 -0.130983E+00  -1605.479   -731.587  -1930.415     612
   613.00000 -0.148658E+02  0.114843E+03 -0.395141E+02  0.577261E+02 -0.130994E+00  -1605.672   -786.461  -1931.450     613
   614.00000 -0.148658E+02  0.115133E+03 -0.395141E+02  0.577539E+02 -0.131005E+00  -1605.880   -804.113  -1932.483     614
   615.00000 -0.148658E+02  0.115435E+03 -0.395141E+02  0.577579E+02 -0.131016E+00  -1606.090   -808.530  -1933.513     615
   616.00000 -0.148658E+02  0.115727E+03 -0.395141E+02  0.577579E+02 -0.131027E+00  -1606.297   -808.636  -1934.541     616
   617.00000 -0.148658E+02  0.116012E+03 -0.395141E+02  0.577579E+02 -0.131038E+00  -1606.500   -808.656  -1935.567     617
   618.00000 -0.148658E+02  0.116408E+03 -0.395141E+02  0.577579E+02 -0.131049E+00  -1606.698   -808.655  -1936.589     618
   619.00000 -0.148658E+02  0.116591E+03 -0.395141E+02  0.577579E+02 -0.131060E+00  -1606.891   -808.672  -1937.608     619
   620.00000 -0.148658E+02  0.116743E+03 -0.395141E+02  0.577579E+02 -0.131071E+00  -1607.080   -808.685  -1938.626     620
   621.00000 -0.148658E+02  0.116807E+03 -0.395141E+02  0.577580E+02 -0.131081E+00  -1607.264   -808.697  -1939.642     621
   622.00000 -0.148658E+02  0.117046E+03 -0.395141E+02  0.577580E+02 -0.131092E+00  -1607.445   -808.728  -1940.655     622
   623.00000 -0.148658E+02  0.117404E+03 -0.395141E+02  0.577581E+02 -0.131103E+00  -1607.622   -808.726  -1941.665     623
   624.00000 -0.148658E+02  0.117577E+03 -0.395141E+02  0.577581E+02 -0.131114E+00  -1607.796   -808.750  -1942.674     624
   625.00000 -0.148658E+02  0.117775E+03 -0.395141E+02  0.577581E+02 -0.131125E+00  -1607.966   -808.766  -1943.679     625
   626.00000 -0.148658E+02  0.117942E+03 -0.395141E+02  0.577581E+02 -0.131136E+00  -1608.134   -808.789  -1944.683     626
   627.00000 -0.148658E+02  0.118031E+03 -0.395141E+02  0.577582E+02 -0.131146E+00  -1608.299   -808.792  -1945.683     627
   628.00000 -0.148658E+02  0.118275E+03 -0.395141E+02  0.577582E+02 -0.131157E+00  -1608.461   -808.821  -1946.682     628
   629.00000 -0.148658E+02  0.118620E+03 -0.395141E+02  0.577582E+02 -0.131168E+00  -1608.620   -808.829  -1947.679     629
   630.00000 -0.148658E+02  0.118816E+03 -0.395141E+02  0.577583E+02 -0.131178E+00  -1608.776   -808.857  -1948.672     630
   631.00000 -0.148658E+02  0.119139E+03 -0.395141E+02  0.577583E+02 -0.131189E+00  -1608.930   -808.854  -1949.664     631
   632.00000 -0.148658E+02  0.119405E+03 -0.395141E+02  0.577583E+02 -0.131200E+00  -1609.082   -808.877  -1950.653     632
   633.00000 -0.148658E+02  0.119847E+03 -0.395141E+02  0.577584E+02 -0.131210E+00  -1609.231   -808.914  -1951.640     633
   634.00000 -0.148658E+02  0.120244E+03 -0.395141E+02  0.577584E+02 -0.131221E+00  -1609.377   -808.910  -1952.623     634
   635.00000 -0.148658E+02  0.120561E+03 -0.395141E+02  0.577584E+02 -0.131231E+00  -1609.521   -808.930  -1953.605     635
   636.00000 -0.148658E+02  0.120970E+03 -0.395141E+02  0.577585E+02 -0.131242E+00  -1609.664   -808.968  -1954.585     636
   637.00000 -0.148658E+02  0.121204E+03 -0.395141E+02  0.577585E+02 -0.131252E+00  -1609.804   -808.963  -1955.561     637
   638.00000 -0.148658E+02  0.121521E+03 -0.395141E+02  0.577586E+02 -0.131263E+00  -1609.942   -809.000  -1956.537     638
   639.00000 -0.148658E+02  0.121729E+03 -0.395141E+02  0.577586E+02 -0.131273E+00  -1610.078   -808.996  -1957.509     639
   640.00000 -0.143248E+02  0.121729E+03 -0.393772E+02  0.577586E+02 -0.131284E+00***********   -904.704  -1958.479     640
   641.00000 -0.141317E+02  0.121729E+03 -0.393566E+02  0.577586E+02 -0.131294E+00***********   -928.945  -1959.447     641
   642.00000 -0.139565E+02  0.121729E+03 -0.393421E+02  0.577586E+02 -0.131304E+00***********   -945.123  -1960.413     642
   643.00000 -0.134942E+02  0.121729E+03 -0.393302E+02  0.577586E+02 -0.131315E+00***********   -958.092  -1961.376     643
   644.00000 -0.132402E+02  0.121729E+03 -0.393199E+02  0.577586E+02 -0.131325E+00***********   -969.320  -1962.337     644
   645.00000 -0.130167E+02  0.121729E+03 -0.393107E+02  0.577586E+02 -0.131335E+00***********   -979.571  -1963.400     645
   646.00000 -0.126814E+02  0.121729E+03 -0.393024E+02  0.577586E+02 -0.131345E+00***********   -987.900  -1964.721     646
   647.00000 -0.123283E+02  0.121729E+03 -0.392948E+02  0.577586E+02 -0.131356E+00***********   -995.503  -1966.045     647
   648.00000 -0.120489E+02  0.121729E+03 -0.392877E+02  0.577586E+02 -0.131366E+00***********  -1002.574  -1967.369     648
   649.00000 -0.118737E+02  0.121729E+03 -0.392810E+02  0.577586E+02 -0.131376E+00***********  -1009.046  -1968.689     649
   650.00000 -0.117441E+02  0.121729E+03 -0.392746E+02  0.577586E+02 -0.131386E+00***********  -1015.044  -1970.008     650
   651.00000 -0.115968E+02  0.121729E+03 -0.392687E+02  0.577586E+02 -0.131397E+00***********  -1020.695  -1971.326     651
   652.00000 -0.114419E+02  0.121729E+03 -0.392630E+02  0.577586E+02 -0.131407E+00***********  -1026.087  -1972.641     652
   653.00000 -0.111371E+02  0.121729E+03 -0.392575E+02  0.577586E+02 -0.131417E+00***********  -1031.232  -1973.955     653
   654.00000 -0.109034E+02  0.121729E+03 -0.392523E+02  0.577586E+02 -0.131427E+00***********  -1035.879  -1975.268     654
   655.00000 -0.106443E+02  0.121729E+03 -0.392472E+02  0.577586E+02 -0.131437E+00***********  -1040.408  -1976.578     655
   656.00000 -0.105071E+02  0.121729E+03 -0.392423E+02  0.577586E+02 -0.131447E+00***********  -1044.884  -1977.887     656
   657.00000 -0.102506E+02  0.121729E+03 -0.392376E+02  0.577586E+02 -0.131457E+00***********  -1049.304  -1979.194     657
   658.00000 -0.976293E+01  0.121729E+03 -0.392330E+02  0.577586E+02 -0.131468E+00***********  -1053.567  -1980.499     658
   659.00000 -0.935653E+01  0.121729E+03 -0.392285E+02  0.577586E+02 -0.131478E+00***********  -1057.606  -1981.803     659
   660.00000 -0.915586E+01  0.121729E+03 -0.392242E+02  0.577586E+02 -0.131488E+00***********  -1061.485  -1983.106     660
   661.00000 -0.898314E+01  0.121729E+03 -0.392199E+02  0.577586E+02 -0.131498E+00***********  -1065.247  -1984.406     661
   662.00000 -0.872915E+01  0.121729E+03 -0.392158E+02  0.577586E+02 -0.131508E+00***********  -1068.873  -1985.705     662
   663.00000 -0.856404E+01  0.121729E+03 -0.392117E+02  0.577586E+02 -0.131518E+00***********  -1072.360  -1987.001     663
   664.00000 -0.845737E+01  0.121729E+03 -0.392078E+02  0.577586E+02 -0.131528E+00***********  -1075.723  -1988.296     664
   665.00000 -0.818051E+01  0.121729E+03 -0.392039E+02  0.577586E+02 -0.131538E+00***********  -1078.988  -1989.589     665
   666.00000 -0.785285E+01  0.121729E+03 -0.392001E+02  0.577586E+02 -0.131548E+00***********  -1082.201  -1990.881     666
   667.00000 -0.763949E+01  0.121729E+03 -0.391964E+02  0.577586E+02 -0.131558E+00***********  -1085.332  -1992.171     667
   668.00000 -0.755821E+01  0.121729E+03 -0.391927E+02  0.577586E+02 -0.131568E+00***********  -1088.395  -1993.460     668
   669.00000 -0.738295E+01  0.121729E+03 -0.391891E+02  0.577586E+02 -0.131578E+00***********  -1091.409  -1994.748     669
   670.00000 -0.723563E+01  0.121729E+03 -0.391856E+02  0.577586E+02 -0.131588E+00***********  -1094.359  -1996.033     670
   671.00000 -0.706545E+01  0.121729E+03 -0.391822E+02  0.577586E+02 -0.131598E+00***********  -1097.248  -1997.316     671
   672.00000 -0.685463E+01  0.121729E+03 -0.391788E+02  0.577586E+02 -0.131608E+00***********  -1100.080  -1998.598     672
   673.00000 -0.675303E+01  0.121729E+03 -0.391754E+02  0.577586E+02 -0.131618E+00***********  -1102.859  -1999.878     673
   674.00000 -0.653459E+01  0.121729E+03 -0.391721E+02  0.577586E+02 -0.131627E+00***********  -1105.588  -2001.157     674
   675.00000 -0.645585E+01  0.121729E+03 -0.391689E+02  0.577586E+02 -0.131637E+00***********  -1108.269  -2002.433     675
   676.00000 -0.630345E+01  0.121729E+03 -0.391658E+02  0.577586E+02 -0.131647E+00***********  -1110.923  -2003.709     676
   677.00000 -0.601643E+01  0.121729E+03 -0.391626E+02  0.577586E+02 -0.131657E+00***********  -1113.499  -2004.983     677
   678.00000 -0.576497E+01  0.121729E+03 -0.391596E+02  0.577586E+02 -0.131667E+00***********  -1115.954  -2006.254     678
   679.00000 -0.565321E+01  0.121729E+03 -0.391565E+02  0.577586E+02 -0.131677E+00***********  -1118.381  -2007.524     679
   680.00000 -0.554907E+01  0.121729E+03 -0.391535E+02  0.577586E+02 -0.131687E+00***********  -1120.801  -2008.792     680
   681.00000 -0.536365E+01  0.121729E+03 -0.391505E+02  0.577586E+02 -0.131696E+00***********  -1123.216  -2010.059     681
   682.00000 -0.518077E+01  0.121729E+03 -0.391476E+02  0.577586E+02 -0.131706E+00***********  -1125.630  -2011.324     682
   683.00000 -0.490137E+01  0.121729E+03 -0.391447E+02  0.577586E+02 -0.131716E+00***********  -1128.073  -2012.589     683
   684.00000 -0.466007E+01  0.121729E+03 -0.391418E+02  0.577586E+02 -0.131726E+00***********  -1130.517  -2013.851     684
   685.00000 -0.459149E+01  0.121729E+03 -0.391390E+02  0.577586E+02 -0.131735E+00***********  -1132.951  -2015.110     685
   686.00000 -0.444163E+01  0.121729E+03 -0.391362E+02  0.577586E+02 -0.131745E+00***********  -1135.366  -2016.369     686
   687.00000 -0.412413E+01  0.121729E+03 -0.391334E+02  0.577586E+02 -0.131755E+00***********  -1137.766  -2017.626     687
   688.00000 -0.398951E+01  0.121729E+03 -0.391307E+02  0.577586E+02 -0.131765E+00***********  -1140.090  -2018.881     688
   689.00000 -0.394887E+01  0.121729E+03 -0.391280E+02  0.577586E+02 -0.131774E+00***********  -1142.334  -2020.134     689
   690.00000 -0.391839E+01  0.121729E+03 -0.391253E+02  0.577586E+02 -0.131784E+00***********  -1144.513  -2021.387     690
   691.00000 -0.387775E+01  0.121729E+03 -0.391227E+02  0.577586E+02 -0.131794E+00***********  -1146.641  -2022.638     691
   692.00000 -0.386505E+01  0.121729E+03 -0.391201E+02  0.577586E+02 -0.131803E+00***********  -1148.727  -2023.886     692
   693.00000 -0.384473E+01  0.121729E+03 -0.391175E+02  0.577586E+02 -0.131813E+00***********  -1150.789  -2025.134     693
   694.00000 -0.382695E+01  0.121729E+03 -0.391149E+02  0.577586E+02 -0.131823E+00***********  -1152.829  -2026.379     694
   695.00000 -0.380917E+01  0.121729E+03 -0.391124E+02  0.577586E+02 -0.131832E+00***********  -1154.847  -2027.623     695
   696.00000 -0.373297E+01  0.121729E+03 -0.391098E+02  0.577586E+02 -0.131842E+00***********  -1156.883  -2028.866     696
   697.00000 -0.371011E+01  0.121729E+03 -0.391073E+02  0.577586E+02 -0.131852E+00***********  -1158.900  -2030.107     697
   698.00000 -0.366947E+01  0.121729E+03 -0.391048E+02  0.577586E+02 -0.131861E+00***********  -1160.881  -2031.346     698
   699.00000 -0.365169E+01  0.121729E+03 -0.391024E+02  0.577586E+02 -0.131871E+00***********  -1162.828  -2032.583     699
   700.00000 -0.353231E+01  0.121729E+03 -0.390999E+02  0.577586E+02 -0.131880E+00***********  -1164.741  -2033.819     700
   701.00000 -0.349929E+01  0.121729E+03 -0.390975E+02  0.577586E+02 -0.131890E+00***********  -1166.623  -2035.053     701
   702.00000 -0.341801E+01  0.121729E+03 -0.390951E+02  0.577586E+02 -0.131899E+00***********  -1168.477  -2036.286     702
   703.00000 -0.326053E+01  0.121729E+03 -0.390927E+02  0.577586E+02 -0.131909E+00***********  -1170.311  -2037.518     703
   704.00000 -0.321227E+01  0.121729E+03 -0.390903E+02  0.577586E+02 -0.131918E+00***********  -1172.128  -2038.747     704
   705.00000 -0.303193E+01  0.121729E+03 -0.390880E+02  0.577586E+02 -0.131928E+00***********  -1173.923  -2039.974     705
   706.00000 -0.274237E+01  0.121729E+03 -0.390857E+02  0.577586E+02 -0.131937E+00***********  -1175.698  -2041.201     706
   707.00000 -0.237661E+01  0.121729E+03 -0.390833E+02  0.577586E+02 -0.131947E+00***********  -1177.457  -2042.425     707
   708.00000 -0.224707E+01  0.121729E+03 -0.390810E+02  0.577586E+02 -0.131956E+00***********  -1179.200  -2043.649     708
   709.00000 -0.218865E+01  0.121729E+03 -0.390788E+02  0.577586E+02 -0.131966E+00***********  -1180.928  -2044.870     709
   710.00000 -0.212007E+01  0.121729E+03 -0.390765E+02  0.577586E+02 -0.131975E+00***********  -1182.642  -2046.090     710
   711.00000 -0.201339E+01  0.121729E+03 -0.390742E+02  0.577586E+02 -0.131985E+00***********  -1184.343  -2047.308     711
   712.00000 -0.195751E+01  0.121729E+03 -0.390720E+02  0.577586E+02 -0.131994E+00***********  -1186.033  -2048.524     712
   713.00000 -0.182289E+01  0.121729E+03 -0.390698E+02  0.577586E+02 -0.132004E+00***********  -1187.711  -2049.740     713
   714.00000 -0.163747E+01  0.121729E+03 -0.390676E+02  0.577586E+02 -0.132013E+00***********  -1189.405  -2050.954     714
   715.00000 -0.152825E+01  0.121729E+03 -0.390654E+02  0.577586E+02 -0.132022E+00***********  -1191.091  -2052.166     715
   716.00000 -0.146983E+01  0.121729E+03 -0.390632E+02  0.577586E+02 -0.132032E+00***********  -1192.781  -2053.375     716
   717.00000 -0.144951E+01  0.121729E+03 -0.390610E+02  0.577586E+02 -0.132041E+00***********  -1194.458  -2054.584     717
   718.00000 -0.127679E+01  0.121729E+03 -0.390589E+02  0.577586E+02 -0.132050E+00***********  -1196.122  -2055.791     718
   719.00000 -0.115487E+01  0.121729E+03 -0.390567E+02  0.577586E+02 -0.132060E+00***********  -1197.774  -2056.997     719
   720.00000 -0.936427E+00  0.121729E+03 -0.390546E+02  0.577586E+02 -0.132069E+00***********  -1199.412  -2058.202     720
   721.00000 -0.684967E+00  0.121729E+03 -0.390525E+02  0.577586E+02 -0.132078E+00***********  -1201.036  -2059.404     721
   722.00000 -0.512247E+00  0.121729E+03 -0.390504E+02  0.577586E+02 -0.132088E+00***********  -1202.647  -2060.605     722
   723.00000 -0.314127E+00  0.121729E+03 -0.390484E+02  0.577586E+02 -0.132097E+00***********  -1204.245  -2061.804     723
   724.00000 -0.126167E+00  0.121729E+03 -0.390463E+02  0.577586E+02 -0.132106E+00***********  -1205.829  -2063.002     724
   725.00000  0.770328E-01  0.121729E+03 -0.390442E+02  0.577586E+02 -0.132116E+00***********  -1207.400  -2064.198     725
   726.00000  0.295473E+00  0.121729E+03 -0.390422E+02  0.577586E+02 -0.132125E+00***********  -1208.967  -2065.394     726
   727.00000  0.470733E+00  0.121729E+03 -0.390402E+02  0.577586E+02 -0.132134E+00***********  -1210.520  -2066.586     727
   728.00000  0.676473E+00  0.121729E+03 -0.390382E+02  0.577586E+02 -0.132143E+00***********  -1212.061  -2067.777     728
   729.00000  0.755213E+00  0.121729E+03 -0.390362E+02  0.577586E+02 -0.132152E+00***********  -1213.588  -2068.968     729
   730.00000  0.770453E+00  0.121729E+03 -0.390342E+02  0.577586E+02 -0.132162E+00***********  -1215.104  -2070.155     730
   731.00000  0.770453E+00  0.121729E+03 -0.390342E+02  0.577586E+02 -0.132171E+00-472234.219  -1203.438  -2071.342     731
   732.00000  0.783153E+00  0.121729E+03 -0.390309E+02  0.577586E+02 -0.132180E+00***********  -1209.210  -2072.527     732
   733.00000  0.795853E+00  0.121729E+03 -0.390287E+02  0.577586E+02 -0.132189E+00***********  -1214.058  -2073.710     733
   734.00000  0.808553E+00  0.121729E+03 -0.390267E+02  0.577586E+02 -0.132198E+00***********  -1217.393  -2074.893     734
   735.00000  0.818713E+00  0.121729E+03 -0.390247E+02  0.577586E+02 -0.132207E+00***********  -1219.926  -2076.073     735
   736.00000  0.823793E+00  0.121729E+03 -0.390228E+02  0.577586E+02 -0.132217E+00***********  -1222.040  -2077.252     736
   737.00000  0.839033E+00  0.121729E+03 -0.390208E+02  0.577586E+02 -0.132226E+00***********  -1223.919  -2078.430     737
   738.00000  0.910153E+00  0.121729E+03 -0.390189E+02  0.577586E+02 -0.132235E+00***********  -1225.670  -2079.606     738
   739.00000  0.101683E+01  0.121729E+03 -0.390170E+02  0.577586E+02 -0.132244E+00***********  -1227.331  -2080.781     739
   740.00000  0.108287E+01  0.121729E+03 -0.390151E+02  0.577586E+02 -0.132253E+00***********  -1228.926  -2081.953     740
   741.00000  0.127337E+01  0.121729E+03 -0.390133E+02  0.577586E+02 -0.132262E+00***********  -1230.473  -2083.125     741
   742.00000  0.131909E+01  0.121729E+03 -0.390114E+02  0.577586E+02 -0.132271E+00***********  -1231.983  -2084.294     742
   743.00000  0.134195E+01  0.121729E+03 -0.390096E+02  0.577586E+02 -0.132280E+00***********  -1233.463  -2085.462     743
   744.00000  0.139783E+01  0.121729E+03 -0.390078E+02  0.577586E+02 -0.132289E+00***********  -1234.918  -2086.629     744
   745.00000  0.150451E+01  0.121729E+03 -0.390059E+02  0.577586E+02 -0.132298E+00***********  -1236.353  -2087.795     745
   746.00000  0.163151E+01  0.121729E+03 -0.390041E+02  0.577586E+02 -0.132307E+00***********  -1237.764  -2088.959     746
   747.00000  0.183725E+01  0.121729E+03 -0.390023E+02  0.577586E+02 -0.132316E+00***********  -1239.139  -2090.121     747
   748.00000  0.187789E+01  0.121729E+03 -0.390005E+02  0.577586E+02 -0.132325E+00***********  -1240.490  -2091.282     748
   749.00000  0.189821E+01  0.121729E+03 -0.389988E+02  0.577586E+02 -0.132334E+00***********  -1241.829  -2092.442     749
   750.00000  0.191599E+01  0.121729E+03 -0.389970E+02  0.577586E+02 -0.132343E+00***********  -1243.159  -2093.600     750
   751.00000  0.197187E+01  0.121729E+03 -0.389952E+02  0.577586E+02 -0.132352E+00***********  -1244.486  -2094.756     751
   752.00000  0.212173E+01  0.121729E+03 -0.389935E+02  0.577586E+02 -0.132361E+00***********  -1245.812  -2095.911     752
   753.00000  0.216745E+01  0.121729E+03 -0.389917E+02  0.577586E+02 -0.132370E+00***********  -1247.135  -2097.064     753
   754.00000  0.232239E+01  0.121729E+03 -0.389900E+02  0.577586E+02 -0.132379E+00***********  -1248.460  -2098.216     754
   755.00000  0.235033E+01  0.121729E+03 -0.389883E+02  0.577586E+02 -0.132388E+00***********  -1249.787  -2099.366     755
   756.00000  0.238335E+01  0.121729E+03 -0.389866E+02  0.577586E+02 -0.132397E+00***********  -1251.110  -2100.514     756
end
