 ******* Program HYDRUS
 ******* 
 None                                                                    
 Date:  16. 1.    Time:  15: 6:43
 Units: L = mm   , T = days , M = mmol 


    TLevel      Time          dt      Iter    ItCum  KodT  KodB  Convergency

       11  0.1000000E+01  0.20015E+00    2       41    -4    -5     T
       14  0.2000000E+01  0.37500E+00    2       48    -4    -5     T
       16  0.3000000E+01  0.50000E+00    3       53    -4    -5     T
       18  0.4000000E+01  0.50000E+00    2       57    -4    -5     T
       20  0.5000000E+01  0.50000E+00    2       61    -4    -5     T
       22  0.6000000E+01  0.50000E+00    2       65    -4    -5     T
       24  0.7000000E+01  0.50000E+00    2       69    -4    -5     T
       26  0.8000000E+01  0.50000E+00    2       73    -4    -5     T
       28  0.9000000E+01  0.50000E+00    2       77    -4    -5     T
       30  0.1000000E+02  0.50000E+00    2       81    -4    -5     T
       32  0.1100000E+02  0.50000E+00    2       85    -4    -5     T
       34  0.1200000E+02  0.50000E+00    2       90    -4    -5     T
       36  0.1300000E+02  0.50000E+00    2       94    -4    -5     T
       38  0.1400000E+02  0.50000E+00    2       99    -4    -5     T
       40  0.1500000E+02  0.50000E+00    2      104    -4    -5     T
       42  0.1600000E+02  0.50000E+00    2      108    -4    -5     T
       44  0.1700000E+02  0.50000E+00    2      112    -4    -5     T
       46  0.1800000E+02  0.50000E+00    2      117    -4    -5     T
       48  0.1900000E+02  0.50000E+00    2      121    -4    -5     T
       50  0.2000000E+02  0.50000E+00    2      125    -4    -5     T
       52  0.2100000E+02  0.50000E+00    2      130    -4    -5     T
       54  0.2200000E+02  0.50000E+00    2      135    -4    -5     T
       56  0.2300000E+02  0.50000E+00    2      139    -4    -5     T
       58  0.2400000E+02  0.50000E+00    2      143    -4    -5     T
       60  0.2500000E+02  0.50000E+00    2      147    -4    -5     T
       62  0.2600000E+02  0.50000E+00    2      152    -4    -5     T
       64  0.2700000E+02  0.50000E+00    2      157    -4    -5     T
       66  0.2800000E+02  0.50000E+00    2      161    -4    -5     T
       68  0.2900000E+02  0.50000E+00    2      165    -4    -5     T
       70  0.3000000E+02  0.50000E+00    2      169    -4    -5     T
       72  0.3100000E+02  0.50000E+00    2      173    -4    -5     T
       74  0.3200000E+02  0.50000E+00    2      177    -4    -5     T
       76  0.3300000E+02  0.50000E+00    2      181    -4    -5     T
       78  0.3400000E+02  0.50000E+00    3      187    -4    -5     T
       80  0.3500000E+02  0.50000E+00    2      192    -4    -5     T
       82  0.3600000E+02  0.50000E+00    2      196    -4    -5     T
       84  0.3700000E+02  0.50000E+00    2      201    -4    -5     T
       86  0.3800000E+02  0.50000E+00    2      206    -4    -5     T
       88  0.3900000E+02  0.50000E+00    3      212    -4    -5     T
       90  0.4000000E+02  0.50000E+00    3      219    -4    -5     T
       92  0.4100000E+02  0.50000E+00    2      224    -4    -5     T
       94  0.4200000E+02  0.50000E+00    3      231    -4    -5     T
       96  0.4300000E+02  0.50000E+00    2      238    -4    -5     T
       98  0.4400000E+02  0.50000E+00    3      246    -4    -5     T
      100  0.4500000E+02  0.50000E+00    3      254    -4    -5     T
      102  0.4600000E+02  0.50000E+00    2      260    -4    -5     T
      104  0.4700000E+02  0.50000E+00    2      267    -4    -5     T
      106  0.4800000E+02  0.50000E+00    4      275    -4    -5     T
      108  0.4900000E+02  0.50000E+00    4      284    -4    -5     T
      110  0.5000000E+02  0.50000E+00    2      290    -4    -5     T
      112  0.5100000E+02  0.50000E+00    3      297    -4    -5     T
      114  0.5200000E+02  0.50000E+00    3      302    -4    -5     T
      116  0.5300000E+02  0.50000E+00    3      308    -4    -5     T
      118  0.5400000E+02  0.50000E+00    2      312    -4    -5     T
      120  0.5500000E+02  0.50000E+00    2      317    -4    -5     T
      122  0.5600000E+02  0.50000E+00    3      324    -4    -5     T
      124  0.5700000E+02  0.50000E+00    2      329    -4    -5     T
      126  0.5800000E+02  0.50000E+00    3      336    -4    -5     T
      128  0.5900000E+02  0.50000E+00    3      343    -4    -5     T
      130  0.6000000E+02  0.50000E+00    3      350    -4    -5     T
      132  0.6100000E+02  0.50000E+00    4      359    -4    -5     T
      134  0.6200000E+02  0.50000E+00    3      367    -4    -5     T
      136  0.6300000E+02  0.50000E+00    4      375    -4    -5     T
      138  0.6400000E+02  0.50000E+00    7      388    -4    -5     T
      141  0.6500000E+02  0.33333E+00    2      395    -4    -5     T
      143  0.6600000E+02  0.50000E+00    2      400    -4    -5     T
      145  0.6700000E+02  0.50000E+00    2      405    -4    -5     T
      147  0.6800000E+02  0.50000E+00    2      410    -4    -5     T
      149  0.6900000E+02  0.50000E+00    2      415    -4    -5     T
      151  0.7000000E+02  0.50000E+00    2      420    -4    -5     T
      153  0.7100000E+02  0.50000E+00    2      425    -4    -5     T
      155  0.7200000E+02  0.50000E+00    2      432    -4    -5     T
      157  0.7300000E+02  0.50000E+00    5      443    -4    -5     T
      159  0.7400000E+02  0.50000E+00    5      455    -4    -5     T
      162  0.7500000E+02  0.33333E+00    2      463    -4    -5     T
      164  0.7600000E+02  0.50000E+00    2      469    -4    -5     T
      166  0.7700000E+02  0.50000E+00    7      483    -4    -5     T
      169  0.7800000E+02  0.37500E+00    4      494    -4    -5     T
      173  0.7900000E+02  0.22222E+00    2      510    -4    -5     T
      176  0.8000000E+02  0.33333E+00    3      521    -4    -5     T
      182  0.8100000E+02  0.14815E+00    2      549     4    -5     T
      187  0.8200000E+02  0.12500E+00    2      570     4    -5     T
      194  0.8300000E+02  0.19756E+00    6      600     4    -5     T
      202  0.8400000E+02  0.58594E-01    2      644     4    -5     T
      215  0.8500000E+02  0.88594E-01    2      700     4    -5     T
      225  0.8600000E+02  0.12085E+00    2      740     4    -5     T
      230  0.8700000E+02  0.22857E+00    2      752     4    -5     T
      233  0.8800000E+02  0.33333E+00    3      759     4    -5     T
      235  0.8900000E+02  0.50000E+00    4      770     4    -5     T
      238  0.9000000E+02  0.33333E+00    2      776     4    -5     T
      242  0.9100000E+02  0.16667E+00    3      805    -4    -5     T
      246  0.9200000E+02  0.26667E+00    3      817    -4    -5     T
      248  0.9300000E+02  0.50000E+00    4      824    -4    -5     T
      250  0.9400000E+02  0.50000E+00    3      830    -4    -5     T
      252  0.9500000E+02  0.50000E+00    3      835    -4    -5     T
      254  0.9600000E+02  0.50000E+00    4      841    -4    -5     T
      256  0.9700000E+02  0.50000E+00    2      845    -4    -5     T
      258  0.9800000E+02  0.50000E+00    2      849    -4    -5     T
      260  0.9900000E+02  0.50000E+00    2      853    -4    -5     T
      262  0.1000000E+03  0.50000E+00    2      857    -4    -5     T
      264  0.1010000E+03  0.50000E+00    2      861    -4    -5     T
      266  0.1020000E+03  0.50000E+00    3      866    -4    -5     T
      268  0.1030000E+03  0.50000E+00    2      871    -4    -5     T
      270  0.1040000E+03  0.50000E+00    3      876    -4    -5     T
      272  0.1050000E+03  0.50000E+00    3      881    -4    -5     T
      274  0.1060000E+03  0.50000E+00    2      885    -4    -5     T
      276  0.1070000E+03  0.50000E+00    2      889    -4    -5     T
      278  0.1080000E+03  0.50000E+00    3      894    -4    -5     T
      280  0.1090000E+03  0.50000E+00    2      898    -4    -5     T
      282  0.1100000E+03  0.50000E+00    2      902    -4    -5     T
      284  0.1110000E+03  0.50000E+00    2      906    -4    -5     T
      286  0.1120000E+03  0.50000E+00    3      911    -4    -5     T
      288  0.1130000E+03  0.50000E+00    2      915    -4    -5     T
      290  0.1140000E+03  0.50000E+00    2      919    -4    -5     T
      292  0.1150000E+03  0.50000E+00    2      923    -4    -5     T
      294  0.1160000E+03  0.50000E+00    2      927    -4    -5     T
      296  0.1170000E+03  0.50000E+00    2      931    -4    -5     T
      298  0.1180000E+03  0.50000E+00    2      935    -4    -5     T
      300  0.1190000E+03  0.50000E+00    2      939    -4    -5     T
      302  0.1200000E+03  0.50000E+00    2      943    -4    -5     T
      304  0.1210000E+03  0.50000E+00    4      949    -4    -5     T
      306  0.1220000E+03  0.50000E+00    2      954    -4    -5     T
      308  0.1230000E+03  0.50000E+00    2      958    -4    -5     T
      310  0.1240000E+03  0.50000E+00    2      962    -4    -5     T
      312  0.1250000E+03  0.50000E+00    2      966    -4    -5     T
      314  0.1260000E+03  0.50000E+00    2      970    -4    -5     T
      316  0.1270000E+03  0.50000E+00    3      975    -4    -5     T
      318  0.1280000E+03  0.50000E+00    2      979    -4    -5     T
      320  0.1290000E+03  0.50000E+00    2      983    -4    -5     T
      322  0.1300000E+03  0.50000E+00    2      987    -4    -5     T
      324  0.1310000E+03  0.50000E+00    2      991    -4    -5     T
      326  0.1320000E+03  0.50000E+00    2      995    -4    -5     T
      328  0.1330000E+03  0.50000E+00    2      999    -4    -5     T
      330  0.1340000E+03  0.50000E+00    2     1003    -4    -5     T
      332  0.1350000E+03  0.50000E+00    2     1007    -4    -5     T
      334  0.1360000E+03  0.50000E+00    2     1011    -4    -5     T
      336  0.1370000E+03  0.50000E+00    3     1016    -4    -5     T
      338  0.1380000E+03  0.50000E+00    2     1020    -4    -5     T
      340  0.1390000E+03  0.50000E+00    2     1024    -4    -5     T
      342  0.1400000E+03  0.50000E+00    2     1028    -4    -5     T
      344  0.1410000E+03  0.50000E+00    2     1032    -4    -5     T
      346  0.1420000E+03  0.50000E+00    2     1036    -4    -5     T
      348  0.1430000E+03  0.50000E+00    2     1040    -4    -5     T
      350  0.1440000E+03  0.50000E+00    2     1044    -4    -5     T
      352  0.1450000E+03  0.50000E+00    2     1048    -4    -5     T
      354  0.1460000E+03  0.50000E+00    2     1052    -4    -5     T
      356  0.1470000E+03  0.50000E+00    2     1056    -4    -5     T
      358  0.1480000E+03  0.50000E+00    2     1060    -4    -5     T
      360  0.1490000E+03  0.50000E+00    2     1064    -4    -5     T
      362  0.1500000E+03  0.50000E+00    2     1068    -4    -5     T
      364  0.1510000E+03  0.50000E+00    2     1072    -4    -5     T
      366  0.1520000E+03  0.50000E+00    2     1076    -4    -5     T
      368  0.1530000E+03  0.50000E+00    2     1080    -4    -5     T
      370  0.1540000E+03  0.50000E+00    2     1084    -4    -5     T
      372  0.1550000E+03  0.50000E+00    2     1088    -4    -5     T
      374  0.1560000E+03  0.50000E+00    2     1092    -4    -5     T
      376  0.1570000E+03  0.50000E+00    2     1096    -4    -5     T
      378  0.1580000E+03  0.50000E+00    2     1100    -4    -5     T
      380  0.1590000E+03  0.50000E+00    2     1104    -4    -5     T
      382  0.1600000E+03  0.50000E+00    2     1108    -4    -5     T
      384  0.1610000E+03  0.50000E+00    2     1112    -4    -5     T
      386  0.1620000E+03  0.50000E+00    2     1116    -4    -5     T
      388  0.1630000E+03  0.50000E+00    2     1120    -4    -5     T
      390  0.1640000E+03  0.50000E+00    2     1124    -4    -5     T
      392  0.1650000E+03  0.50000E+00    2     1128    -4    -5     T
      394  0.1660000E+03  0.50000E+00    2     1132    -4    -5     T
      396  0.1670000E+03  0.50000E+00    2     1136    -4    -5     T
      398  0.1680000E+03  0.50000E+00    2     1140    -4    -5     T
      400  0.1690000E+03  0.50000E+00    2     1144    -4    -5     T
      402  0.1700000E+03  0.50000E+00    2     1148    -4    -5     T
      404  0.1710000E+03  0.50000E+00    2     1152    -4    -5     T
      406  0.1720000E+03  0.50000E+00    2     1156    -4    -5     T
      408  0.1730000E+03  0.50000E+00    2     1160    -4    -5     T
      410  0.1740000E+03  0.50000E+00    2     1164    -4    -5     T
      412  0.1750000E+03  0.50000E+00    2     1168    -4    -5     T
      463  0.1760000E+03  0.29515E-01    4     1412    -4    -5     T
      484  0.1770000E+03  0.70856E-01    5     1497    -4    -5     T
      500  0.1780000E+03  0.61510E-01    4     1561    -4    -5     T
      510  0.1790000E+03  0.13947E+00    3     1596    -4    -5     T
      522  0.1800000E+03  0.83346E-01    4     1653    -4    -5     T
      531  0.1810000E+03  0.14564E+00    3     1688    -4    -5     T
      541  0.1820000E+03  0.12000E+00    4     1735    -4    -5     T
      548  0.1830000E+03  0.16667E+00    3     1762    -4    -5     T
      555  0.1840000E+03  0.17929E+00    4     1795    -4    -5     T
      561  0.1850000E+03  0.19048E+00    2     1814    -4    -5     T
      564  0.1860000E+03  0.33333E+00    3     1823    -4    -5     T
      566  0.1870000E+03  0.50000E+00    3     1829    -4    -5     T
      568  0.1880000E+03  0.50000E+00    2     1833    -4    -5     T
      570  0.1890000E+03  0.50000E+00    2     1837    -4    -5     T
      572  0.1900000E+03  0.50000E+00    2     1841    -4    -5     T
      574  0.1910000E+03  0.50000E+00    2     1845    -4    -5     T
      576  0.1920000E+03  0.50000E+00    3     1850    -4    -5     T
      578  0.1930000E+03  0.50000E+00    3     1855    -4    -5     T
      589  0.1940000E+03  0.12167E+00    4     1920    -4    -5     T
      595  0.1950000E+03  0.25000E+00    4     1942    -4    -5     T
      599  0.1960000E+03  0.26667E+00    3     1955    -4    -5     T
      602  0.1970000E+03  0.33333E+00    3     1964    -4    -5     T
      604  0.1980000E+03  0.50000E+00    4     1971    -4    -5     T
      607  0.1990000E+03  0.33333E+00    5     1988    -4    -5     T
      611  0.2000000E+03  0.25000E+00    2     2002    -4    -5     T
      615  0.2010000E+03  0.25000E+00    3     2017    -4    -5     T
      618  0.2020000E+03  0.33333E+00    2     2025    -4    -5     T
      620  0.2030000E+03  0.50000E+00    2     2029    -4    -5     T
      622  0.2040000E+03  0.50000E+00    2     2033    -4    -5     T
      624  0.2050000E+03  0.50000E+00    2     2037    -4    -5     T
      626  0.2060000E+03  0.50000E+00    2     2041    -4    -5     T
      628  0.2070000E+03  0.50000E+00    2     2045    -4    -5     T
      630  0.2080000E+03  0.50000E+00    3     2050    -4    -5     T
      632  0.2090000E+03  0.50000E+00    2     2054    -4    -5     T
      634  0.2100000E+03  0.50000E+00    2     2058    -4    -5     T
      636  0.2110000E+03  0.50000E+00    2     2062    -4    -5     T
      638  0.2120000E+03  0.50000E+00    2     2066    -4    -5     T
      640  0.2130000E+03  0.50000E+00    2     2070    -4    -5     T
      642  0.2140000E+03  0.50000E+00    2     2074    -4    -5     T
      644  0.2150000E+03  0.50000E+00    2     2078    -4    -5     T
      646  0.2160000E+03  0.50000E+00    2     2082    -4    -5     T
      648  0.2170000E+03  0.50000E+00    3     2087    -4    -5     T
      650  0.2180000E+03  0.50000E+00    2     2091    -4    -5     T
      652  0.2190000E+03  0.50000E+00    3     2096    -4    -5     T
      654  0.2200000E+03  0.50000E+00    2     2100    -4    -5     T
      656  0.2210000E+03  0.50000E+00    3     2105    -4    -5     T
      658  0.2220000E+03  0.50000E+00    3     2110    -4    -5     T
      660  0.2230000E+03  0.50000E+00    2     2114    -4    -5     T
      662  0.2240000E+03  0.50000E+00    3     2119    -4    -5     T
      664  0.2250000E+03  0.50000E+00    3     2124    -4    -5     T
      666  0.2260000E+03  0.50000E+00    2     2128    -4    -5     T
      668  0.2270000E+03  0.50000E+00    2     2132    -4    -5     T
      670  0.2280000E+03  0.50000E+00    3     2137    -4    -5     T
      672  0.2290000E+03  0.50000E+00    3     2142    -4    -5     T
      674  0.2300000E+03  0.50000E+00    3     2147    -4    -5     T
      676  0.2310000E+03  0.50000E+00    3     2152    -4    -5     T
      678  0.2320000E+03  0.50000E+00    2     2156    -4    -5     T
      680  0.2330000E+03  0.50000E+00    3     2161    -4    -5     T
      682  0.2340000E+03  0.50000E+00    3     2166    -4    -5     T
      684  0.2350000E+03  0.50000E+00    2     2170    -4    -5     T
      686  0.2360000E+03  0.50000E+00    2     2174    -4    -5     T
      688  0.2370000E+03  0.50000E+00    2     2178    -4    -5     T
      690  0.2380000E+03  0.50000E+00    2     2182    -4    -5     T
      692  0.2390000E+03  0.50000E+00    2     2186    -4    -5     T
      694  0.2400000E+03  0.50000E+00    2     2190    -4    -5     T
      696  0.2410000E+03  0.50000E+00    2     2194    -4    -5     T
      698  0.2420000E+03  0.50000E+00    2     2198    -4    -5     T
      700  0.2430000E+03  0.50000E+00    2     2202    -4    -5     T
      702  0.2440000E+03  0.50000E+00    4     2208    -4    -5     T
      704  0.2450000E+03  0.50000E+00    6     2217    -4    -5     T
      706  0.2460000E+03  0.50000E+00    3     2224    -4    -5     T
      708  0.2470000E+03  0.50000E+00    2     2228    -4    -5     T
      710  0.2480000E+03  0.50000E+00    2     2232    -4    -5     T
      712  0.2490000E+03  0.50000E+00    2     2236    -4    -5     T
      714  0.2500000E+03  0.50000E+00    2     2240    -4    -5     T
      716  0.2510000E+03  0.50000E+00    2     2244    -4    -5     T
      718  0.2520000E+03  0.50000E+00    2     2248    -4    -5     T
      720  0.2530000E+03  0.50000E+00    2     2252    -4    -5     T
      722  0.2540000E+03  0.50000E+00    2     2256    -4    -5     T
      724  0.2550000E+03  0.50000E+00    2     2260    -4    -5     T
      726  0.2560000E+03  0.50000E+00    2     2264    -4    -5     T
      728  0.2570000E+03  0.50000E+00    2     2268    -4    -5     T
      730  0.2580000E+03  0.50000E+00    2     2272    -4    -5     T
      732  0.2590000E+03  0.50000E+00    2     2276    -4    -5     T
      734  0.2600000E+03  0.50000E+00    2     2280    -4    -5     T
      736  0.2610000E+03  0.50000E+00    2     2284    -4    -5     T
      738  0.2620000E+03  0.50000E+00    2     2288    -4    -5     T
      740  0.2630000E+03  0.50000E+00    2     2292    -4    -5     T
      742  0.2640000E+03  0.50000E+00    2     2296    -4    -5     T
      744  0.2650000E+03  0.50000E+00    2     2300    -4    -5     T
      746  0.2660000E+03  0.50000E+00    2     2304    -4    -5     T
      748  0.2670000E+03  0.50000E+00    2     2308    -4    -5     T
      750  0.2680000E+03  0.50000E+00    2     2312    -4    -5     T
      752  0.2690000E+03  0.50000E+00    2     2316    -4    -5     T
      754  0.2700000E+03  0.50000E+00    2     2320    -4    -5     T
      756  0.2710000E+03  0.50000E+00    2     2324    -4    -5     T
      758  0.2720000E+03  0.50000E+00    2     2328    -4    -5     T
      760  0.2730000E+03  0.50000E+00    2     2332    -4    -5     T
      762  0.2740000E+03  0.50000E+00    2     2338    -4    -5     T
      774  0.2750000E+03  0.11357E+00    2     2402     4    -5     T
      778  0.2760000E+03  0.26667E+00    2     2410     4    -5     T
      780  0.2770000E+03  0.50000E+00    2     2414     4    -5     T
      782  0.2780000E+03  0.50000E+00    2     2418     4    -5     T
      784  0.2790000E+03  0.50000E+00    2     2422     4    -5     T
      786  0.2800000E+03  0.50000E+00    2     2426     4    -5     T
      788  0.2810000E+03  0.50000E+00    2     2430     4    -5     T
      790  0.2820000E+03  0.50000E+00    2     2434     4    -5     T
      792  0.2830000E+03  0.50000E+00    2     2438     4    -5     T
      794  0.2840000E+03  0.50000E+00    2     2442     4    -5     T
      796  0.2850000E+03  0.50000E+00    2     2446     4    -5     T
      798  0.2860000E+03  0.50000E+00    2     2450     4    -5     T
      800  0.2870000E+03  0.50000E+00    2     2454     4    -5     T
      802  0.2880000E+03  0.50000E+00    2     2458     4    -5     T
      804  0.2890000E+03  0.50000E+00    2     2462     4    -5     T
      806  0.2900000E+03  0.50000E+00    2     2466     4    -5     T
      808  0.2910000E+03  0.50000E+00    2     2470     4    -5     T
      810  0.2920000E+03  0.50000E+00    2     2474     4    -5     T
      812  0.2930000E+03  0.50000E+00    2     2478     4    -5     T
      814  0.2940000E+03  0.50000E+00    2     2482     4    -5     T
      816  0.2950000E+03  0.50000E+00    2     2486     4    -5     T
      818  0.2960000E+03  0.50000E+00    2     2490     4    -5     T
      820  0.2970000E+03  0.50000E+00    2     2494     4    -5     T
      822  0.2980000E+03  0.50000E+00    2     2498     4    -5     T
      824  0.2990000E+03  0.50000E+00    2     2502     4    -5     T
      826  0.3000000E+03  0.50000E+00    2     2506     4    -5     T
      828  0.3010000E+03  0.50000E+00    2     2510     4    -5     T
      830  0.3020000E+03  0.50000E+00    2     2514     4    -5     T
      832  0.3030000E+03  0.50000E+00    2     2518     4    -5     T
      834  0.3040000E+03  0.50000E+00    2     2522     4    -5     T
      836  0.3050000E+03  0.50000E+00    2     2526     4    -5     T
      838  0.3060000E+03  0.50000E+00    2     2530     4    -5     T
      840  0.3070000E+03  0.50000E+00    2     2534     4    -5     T
      842  0.3080000E+03  0.50000E+00    2     2538     4    -5     T
      844  0.3090000E+03  0.50000E+00    2     2542     4    -5     T
      846  0.3100000E+03  0.50000E+00    2     2546     4    -5     T
      848  0.3110000E+03  0.50000E+00    2     2550     4    -5     T
      850  0.3120000E+03  0.50000E+00    2     2554     4    -5     T
      852  0.3130000E+03  0.50000E+00    2     2558     4    -5     T
      854  0.3140000E+03  0.50000E+00    2     2562     4    -5     T
      856  0.3150000E+03  0.50000E+00    2     2566     4    -5     T
      858  0.3160000E+03  0.50000E+00    2     2570     4    -5     T
      860  0.3170000E+03  0.50000E+00    2     2574     4    -5     T
      862  0.3180000E+03  0.50000E+00    2     2578     4    -5     T
      864  0.3190000E+03  0.50000E+00    2     2582     4    -5     T
      866  0.3200000E+03  0.50000E+00    2     2586     4    -5     T
      868  0.3210000E+03  0.50000E+00    2     2590     4    -5     T
      870  0.3220000E+03  0.50000E+00    2     2594     4    -5     T
      872  0.3230000E+03  0.50000E+00    2     2598     4    -5     T
      874  0.3240000E+03  0.50000E+00    2     2602     4    -5     T
      876  0.3250000E+03  0.50000E+00    2     2606     4    -5     T
      878  0.3260000E+03  0.50000E+00    2     2610     4    -5     T
      880  0.3270000E+03  0.50000E+00    2     2614     4    -5     T
      882  0.3280000E+03  0.50000E+00    2     2618     4    -5     T
      884  0.3290000E+03  0.50000E+00    2     2622     4    -5     T
      886  0.3300000E+03  0.50000E+00    2     2626     4    -5     T
      888  0.3310000E+03  0.50000E+00    2     2630     4    -5     T
      890  0.3320000E+03  0.50000E+00    2     2634     4    -5     T
      892  0.3330000E+03  0.50000E+00    2     2638     4    -5     T
      894  0.3340000E+03  0.50000E+00    2     2642     4    -5     T
      896  0.3350000E+03  0.50000E+00    2     2646     4    -5     T
      898  0.3360000E+03  0.50000E+00    2     2650     4    -5     T
      900  0.3370000E+03  0.50000E+00    2     2654     4    -5     T
      902  0.3380000E+03  0.50000E+00    2     2658     4    -5     T
      904  0.3390000E+03  0.50000E+00    2     2662     4    -5     T
      906  0.3400000E+03  0.50000E+00    2     2666     4    -5     T
      908  0.3410000E+03  0.50000E+00    2     2670     4    -5     T
      910  0.3420000E+03  0.50000E+00    2     2674     4    -5     T
      912  0.3430000E+03  0.50000E+00    2     2678     4    -5     T
      914  0.3440000E+03  0.50000E+00    2     2682     4    -5     T
      916  0.3450000E+03  0.50000E+00    2     2686     4    -5     T
      918  0.3460000E+03  0.50000E+00    2     2690     4    -5     T
      920  0.3470000E+03  0.50000E+00    2     2694     4    -5     T
      922  0.3480000E+03  0.50000E+00    2     2698     4    -5     T
      924  0.3490000E+03  0.50000E+00    2     2702     4    -5     T
      926  0.3500000E+03  0.50000E+00    2     2706     4    -5     T
      928  0.3510000E+03  0.50000E+00    2     2710     4    -5     T
      930  0.3520000E+03  0.50000E+00    2     2714     4    -5     T
      932  0.3530000E+03  0.50000E+00    2     2718     4    -5     T
      934  0.3540000E+03  0.50000E+00    2     2722     4    -5     T
      936  0.3550000E+03  0.50000E+00    2     2726     4    -5     T
      938  0.3560000E+03  0.50000E+00    2     2730     4    -5     T
      940  0.3570000E+03  0.50000E+00    2     2734     4    -5     T
      942  0.3580000E+03  0.50000E+00    2     2738     4    -5     T
      944  0.3590000E+03  0.50000E+00    2     2742     4    -5     T
      946  0.3600000E+03  0.50000E+00    2     2746     4    -5     T
      948  0.3610000E+03  0.50000E+00    2     2750     4    -5     T
      950  0.3620000E+03  0.50000E+00    2     2754     4    -5     T
      952  0.3630000E+03  0.50000E+00    2     2758     4    -5     T
      954  0.3640000E+03  0.50000E+00    2     2762     4    -5     T
      956  0.3650000E+03  0.50000E+00    2     2766     4    -5     T
      958  0.3660000E+03  0.50000E+00    2     2770     4    -5     T
      960  0.3670000E+03  0.50000E+00    2     2774     4    -5     T
      962  0.3680000E+03  0.50000E+00    2     2778     4    -5     T
      964  0.3690000E+03  0.50000E+00    2     2782     4    -5     T
      966  0.3700000E+03  0.50000E+00    2     2786     4    -5     T
      968  0.3710000E+03  0.50000E+00    2     2790     4    -5     T
      970  0.3720000E+03  0.50000E+00    2     2794     4    -5     T
      972  0.3730000E+03  0.50000E+00    2     2798     4    -5     T
      974  0.3740000E+03  0.50000E+00    2     2802     4    -5     T
      976  0.3750000E+03  0.50000E+00    2     2806     4    -5     T
      978  0.3760000E+03  0.50000E+00    2     2810     4    -5     T
      980  0.3770000E+03  0.50000E+00    2     2814     4    -5     T
      982  0.3780000E+03  0.50000E+00    2     2818     4    -5     T
      984  0.3790000E+03  0.50000E+00    2     2822     4    -5     T
      986  0.3800000E+03  0.50000E+00    2     2826     4    -5     T
      988  0.3810000E+03  0.50000E+00    2     2830     4    -5     T
      990  0.3820000E+03  0.50000E+00    2     2834     4    -5     T
      992  0.3830000E+03  0.50000E+00    2     2838     4    -5     T
      994  0.3840000E+03  0.50000E+00    2     2842     4    -5     T
      996  0.3850000E+03  0.50000E+00    2     2846     4    -5     T
      998  0.3860000E+03  0.50000E+00    2     2850     4    -5     T
     1000  0.3870000E+03  0.50000E+00    2     2854     4    -5     T
     1002  0.3880000E+03  0.50000E+00    2     2858     4    -5     T
     1004  0.3890000E+03  0.50000E+00    2     2862     4    -5     T
     1006  0.3900000E+03  0.50000E+00    2     2866     4    -5     T
     1008  0.3910000E+03  0.50000E+00    2     2870     4    -5     T
     1010  0.3920000E+03  0.50000E+00    2     2874     4    -5     T
     1012  0.3930000E+03  0.50000E+00    2     2878     4    -5     T
     1014  0.3940000E+03  0.50000E+00    2     2882     4    -5     T
     1016  0.3950000E+03  0.50000E+00    2     2886     4    -5     T
     1018  0.3960000E+03  0.50000E+00    2     2890     4    -5     T
     1020  0.3970000E+03  0.50000E+00    2     2894     4    -5     T
     1022  0.3980000E+03  0.50000E+00    2     2898     4    -5     T
     1024  0.3990000E+03  0.50000E+00    2     2902     4    -5     T
     1026  0.4000000E+03  0.50000E+00    2     2906     4    -5     T
     1028  0.4010000E+03  0.50000E+00    2     2910     4    -5     T
     1030  0.4020000E+03  0.50000E+00    2     2914     4    -5     T
     1032  0.4030000E+03  0.50000E+00    2     2918     4    -5     T
     1034  0.4040000E+03  0.50000E+00    2     2922     4    -5     T
     1036  0.4050000E+03  0.50000E+00    2     2926     4    -5     T
     1038  0.4060000E+03  0.50000E+00    2     2930     4    -5     T
     1040  0.4070000E+03  0.50000E+00    2     2934     4    -5     T
     1042  0.4080000E+03  0.50000E+00    2     2938     4    -5     T
     1044  0.4090000E+03  0.50000E+00    2     2942     4    -5     T
     1046  0.4100000E+03  0.50000E+00    2     2946     4    -5     T
     1048  0.4110000E+03  0.50000E+00    2     2950     4    -5     T
     1050  0.4120000E+03  0.50000E+00    2     2954     4    -5     T
     1052  0.4130000E+03  0.50000E+00    2     2958     4    -5     T
     1054  0.4140000E+03  0.50000E+00    2     2962     4    -5     T
     1056  0.4150000E+03  0.50000E+00    2     2966     4    -5     T
     1058  0.4160000E+03  0.50000E+00    2     2970     4    -5     T
     1060  0.4170000E+03  0.50000E+00    2     2974     4    -5     T
     1062  0.4180000E+03  0.50000E+00    2     2978     4    -5     T
     1064  0.4190000E+03  0.50000E+00    2     2982     4    -5     T
     1066  0.4200000E+03  0.50000E+00    2     2986     4    -5     T
     1068  0.4210000E+03  0.50000E+00    2     2990     4    -5     T
     1070  0.4220000E+03  0.50000E+00    2     2994     4    -5     T
     1072  0.4230000E+03  0.50000E+00    2     2998     4    -5     T
     1074  0.4240000E+03  0.50000E+00    2     3002     4    -5     T
     1076  0.4250000E+03  0.50000E+00    2     3006     4    -5     T
     1078  0.4260000E+03  0.50000E+00    2     3010     4    -5     T
     1080  0.4270000E+03  0.50000E+00    2     3014     4    -5     T
     1082  0.4280000E+03  0.50000E+00    2     3018     4    -5     T
     1084  0.4290000E+03  0.50000E+00    2     3022     4    -5     T
     1086  0.4300000E+03  0.50000E+00    2     3026     4    -5     T
     1088  0.4310000E+03  0.50000E+00    2     3030     4    -5     T
     1090  0.4320000E+03  0.50000E+00    2     3034     4    -5     T
     1092  0.4330000E+03  0.50000E+00    2     3038     4    -5     T
     1094  0.4340000E+03  0.50000E+00    2     3042     4    -5     T
     1096  0.4350000E+03  0.50000E+00    2     3046     4    -5     T
     1098  0.4360000E+03  0.50000E+00    2     3050     4    -5     T
     1100  0.4370000E+03  0.50000E+00    2     3054     4    -5     T
     1102  0.4380000E+03  0.50000E+00    2     3058     4    -5     T
     1104  0.4390000E+03  0.50000E+00    2     3062     4    -5     T
     1106  0.4400000E+03  0.50000E+00    2     3066     4    -5     T
     1108  0.4410000E+03  0.50000E+00    2     3070     4    -5     T
     1110  0.4420000E+03  0.50000E+00    2     3074     4    -5     T
     1112  0.4430000E+03  0.50000E+00    2     3078     4    -5     T
     1114  0.4440000E+03  0.50000E+00    2     3082     4    -5     T
     1116  0.4450000E+03  0.50000E+00    2     3086     4    -5     T
     1118  0.4460000E+03  0.50000E+00    2     3090     4    -5     T
     1120  0.4470000E+03  0.50000E+00    2     3094     4    -5     T
     1122  0.4480000E+03  0.50000E+00    2     3098     4    -5     T
     1124  0.4490000E+03  0.50000E+00    2     3102     4    -5     T
     1126  0.4500000E+03  0.50000E+00    2     3106     4    -5     T
     1128  0.4510000E+03  0.50000E+00    2     3110     4    -5     T
     1130  0.4520000E+03  0.50000E+00    2     3114     4    -5     T
     1132  0.4530000E+03  0.50000E+00    2     3118     4    -5     T
     1134  0.4540000E+03  0.50000E+00    2     3122     4    -5     T
     1136  0.4550000E+03  0.50000E+00    2     3126     4    -5     T
     1138  0.4560000E+03  0.50000E+00    2     3130     4    -5     T
     1140  0.4570000E+03  0.50000E+00    2     3134    -4    -5     T
     1142  0.4580000E+03  0.50000E+00    2     3138    -4    -5     T
     1144  0.4590000E+03  0.50000E+00    2     3142    -4    -5     T
     1146  0.4600000E+03  0.50000E+00    2     3146    -4    -5     T
     1148  0.4610000E+03  0.50000E+00    2     3150    -4    -5     T
     1150  0.4620000E+03  0.50000E+00    2     3154    -4    -5     T
     1152  0.4630000E+03  0.50000E+00    2     3158    -4    -5     T
     1154  0.4640000E+03  0.50000E+00    2     3162    -4    -5     T
     1156  0.4650000E+03  0.50000E+00    2     3166    -4    -5     T
     1158  0.4660000E+03  0.50000E+00    2     3170    -4    -5     T
     1160  0.4670000E+03  0.50000E+00    2     3174    -4    -5     T
     1162  0.4680000E+03  0.50000E+00    2     3178    -4    -5     T
     1164  0.4690000E+03  0.50000E+00    2     3182    -4    -5     T
     1166  0.4700000E+03  0.50000E+00    2     3186    -4    -5     T
     1168  0.4710000E+03  0.50000E+00    2     3190    -4    -5     T
     1170  0.4720000E+03  0.50000E+00    2     3194    -4    -5     T
     1172  0.4730000E+03  0.50000E+00    2     3198    -4    -5     T
     1174  0.4740000E+03  0.50000E+00    2     3202    -4    -5     T
     1176  0.4750000E+03  0.50000E+00    2     3206    -4    -5     T
     1178  0.4760000E+03  0.50000E+00    2     3210    -4    -5     T
     1180  0.4770000E+03  0.50000E+00    2     3214    -4    -5     T
     1182  0.4780000E+03  0.50000E+00    2     3218    -4    -5     T
     1184  0.4790000E+03  0.50000E+00    2     3222    -4    -5     T
     1186  0.4800000E+03  0.50000E+00    2     3226    -4    -5     T
     1188  0.4810000E+03  0.50000E+00    2     3230    -4    -5     T
     1190  0.4820000E+03  0.50000E+00    2     3234    -4    -5     T
     1192  0.4830000E+03  0.50000E+00    2     3238    -4    -5     T
     1194  0.4840000E+03  0.50000E+00    2     3242    -4    -5     T
     1196  0.4850000E+03  0.50000E+00    2     3246    -4    -5     T
     1198  0.4860000E+03  0.50000E+00    2     3250    -4    -5     T
     1200  0.4870000E+03  0.50000E+00    2     3254    -4    -5     T
     1202  0.4880000E+03  0.50000E+00    2     3258    -4    -5     T
     1204  0.4890000E+03  0.50000E+00    2     3262    -4    -5     T
     1206  0.4900000E+03  0.50000E+00    2     3266    -4    -5     T
     1208  0.4910000E+03  0.50000E+00    2     3270    -4    -5     T
     1210  0.4920000E+03  0.50000E+00    2     3274    -4    -5     T
     1212  0.4930000E+03  0.50000E+00    2     3278    -4    -5     T
     1214  0.4940000E+03  0.50000E+00    2     3282    -4    -5     T
     1216  0.4950000E+03  0.50000E+00    2     3286    -4    -5     T
     1218  0.4960000E+03  0.50000E+00    2     3290    -4    -5     T
     1220  0.4970000E+03  0.50000E+00    2     3294    -4    -5     T
     1222  0.4980000E+03  0.50000E+00    2     3298    -4    -5     T
     1224  0.4990000E+03  0.50000E+00    2     3302    -4    -5     T
     1226  0.5000000E+03  0.50000E+00    2     3306    -4    -5     T
     1228  0.5010000E+03  0.50000E+00    2     3310    -4    -5     T
     1230  0.5020000E+03  0.50000E+00    2     3314    -4    -5     T
     1232  0.5030000E+03  0.50000E+00    2     3318    -4    -5     T
     1234  0.5040000E+03  0.50000E+00    2     3322    -4    -5     T
     1236  0.5050000E+03  0.50000E+00    2     3326    -4    -5     T
     1238  0.5060000E+03  0.50000E+00    2     3330    -4    -5     T
     1240  0.5070000E+03  0.50000E+00    2     3334    -4    -5     T
     1242  0.5080000E+03  0.50000E+00    2     3338    -4    -5     T
     1244  0.5090000E+03  0.50000E+00    2     3342    -4    -5     T
     1246  0.5100000E+03  0.50000E+00    2     3346    -4    -5     T
     1248  0.5110000E+03  0.50000E+00    2     3350    -4    -5     T
     1250  0.5120000E+03  0.50000E+00    2     3354    -4    -5     T
     1252  0.5130000E+03  0.50000E+00    2     3358    -4    -5     T
     1254  0.5140000E+03  0.50000E+00    2     3362    -4    -5     T
     1256  0.5150000E+03  0.50000E+00    2     3366    -4    -5     T
     1258  0.5160000E+03  0.50000E+00    2     3370    -4    -5     T
     1260  0.5170000E+03  0.50000E+00    2     3374    -4    -5     T
     1262  0.5180000E+03  0.50000E+00    2     3378    -4    -5     T
     1264  0.5190000E+03  0.50000E+00    2     3382    -4    -5     T
     1266  0.5200000E+03  0.50000E+00    2     3386    -4    -5     T
     1268  0.5210000E+03  0.50000E+00    2     3390    -4    -5     T
     1270  0.5220000E+03  0.50000E+00    2     3394    -4    -5     T
     1272  0.5230000E+03  0.50000E+00    2     3398    -4    -5     T
     1274  0.5240000E+03  0.50000E+00    2     3402    -4    -5     T
     1276  0.5250000E+03  0.50000E+00    2     3406    -4    -5     T
     1278  0.5260000E+03  0.50000E+00    2     3410    -4    -5     T
     1280  0.5270000E+03  0.50000E+00    2     3414    -4    -5     T
     1282  0.5280000E+03  0.50000E+00    2     3418    -4    -5     T
     1333  0.5290000E+03  0.42730E-01    5     3671    -4    -5     T
     1356  0.5300000E+03  0.43268E-01    4     3764    -4    -5     T
     1374  0.5310000E+03  0.58542E-01    4     3835    -4    -5     T
     1390  0.5320000E+03  0.72819E-01    5     3901    -4    -5     T
     1404  0.5330000E+03  0.70499E-01    4     3958    -4    -5     T
     1423  0.5340000E+03  0.37012E-01    6     4063    -4    -5     T
     1448  0.5350000E+03  0.49930E-01    3     4178    -4    -5     T
     1460  0.5360000E+03  0.10580E+00    4     4224    -4    -5     T
     1467  0.5370000E+03  0.17143E+00    4     4250    -4    -5     T
     1471  0.5380000E+03  0.31250E+00    5     4266    -4    -5     T
     1474  0.5390000E+03  0.33333E+00    4     4278    -4    -5     T
     1477  0.5400000E+03  0.33333E+00    3     4287    -4    -5     T
     1479  0.5410000E+03  0.50000E+00    3     4294    -4    -5     T
     1481  0.5420000E+03  0.50000E+00    3     4300    -4    -5     T
     1483  0.5430000E+03  0.50000E+00    2     4305    -4    -5     T
     1485  0.5440000E+03  0.50000E+00    2     4309    -4    -5     T
     1487  0.5450000E+03  0.50000E+00    2     4313    -4    -5     T
     1489  0.5460000E+03  0.50000E+00    3     4318    -4    -5     T
     1491  0.5470000E+03  0.50000E+00    2     4322    -4    -5     T
     1493  0.5480000E+03  0.50000E+00    2     4326    -4    -5     T
     1525  0.5490000E+03  0.47712E-01    4     4489    -4    -5     T
     1536  0.5500000E+03  0.14506E+00    2     4527    -4    -5     T
     1562  0.5510000E+03  0.41238E-01    4     4656    -4    -5     T
     1575  0.5520000E+03  0.13248E+00    2     4700    -4    -5     T
     1586  0.5530000E+03  0.79915E-01    4     4755    -4    -5     T
     1594  0.5540000E+03  0.18750E+00    3     4787    -4    -5     T
     1603  0.5550000E+03  0.11905E+00    3     4830    -4    -5     T
     1609  0.5560000E+03  0.19048E+00    3     4853    -4    -5     T
     1617  0.5570000E+03  0.12913E+00    3     4892    -4    -5     T
     1623  0.5580000E+03  0.23604E+00    4     4915    -4    -5     T
     1627  0.5590000E+03  0.30000E+00    3     4929    -4    -5     T
     1630  0.5600000E+03  0.33333E+00    3     4938    -4    -5     T
     1632  0.5610000E+03  0.50000E+00    3     4944    -4    -5     T
     1634  0.5620000E+03  0.50000E+00    2     4948    -4    -5     T
     1636  0.5630000E+03  0.50000E+00    2     4952    -4    -5     T
     1638  0.5640000E+03  0.50000E+00    2     4956    -4    -5     T
     1640  0.5650000E+03  0.50000E+00    2     4960    -4    -5     T
     1642  0.5660000E+03  0.50000E+00    2     4964    -4    -5     T
     1644  0.5670000E+03  0.50000E+00    2     4968    -4    -5     T
     1646  0.5680000E+03  0.50000E+00    2     4972    -4    -5     T
     1648  0.5690000E+03  0.50000E+00    2     4976    -4    -5     T
     1650  0.5700000E+03  0.50000E+00    3     4981    -4    -5     T
     1652  0.5710000E+03  0.50000E+00    3     4986    -4    -5     T
     1654  0.5720000E+03  0.50000E+00    2     4990    -4    -5     T
     1656  0.5730000E+03  0.50000E+00    3     4995    -4    -5     T
     1658  0.5740000E+03  0.50000E+00    2     4999    -4    -5     T
     1660  0.5750000E+03  0.50000E+00    2     5003    -4    -5     T
     1662  0.5760000E+03  0.50000E+00    2     5007    -4    -5     T
     1664  0.5770000E+03  0.50000E+00    2     5011    -4    -5     T
     1666  0.5780000E+03  0.50000E+00    2     5015    -4    -5     T
     1668  0.5790000E+03  0.50000E+00    2     5019    -4    -5     T
     1670  0.5800000E+03  0.50000E+00    2     5023    -4    -5     T
     1672  0.5810000E+03  0.50000E+00    2     5027    -4    -5     T
     1674  0.5820000E+03  0.50000E+00    3     5032    -4    -5     T
     1676  0.5830000E+03  0.50000E+00    3     5037    -4    -5     T
     1678  0.5840000E+03  0.50000E+00    2     5041    -4    -5     T
     1680  0.5850000E+03  0.50000E+00    3     5046    -4    -5     T
     1682  0.5860000E+03  0.50000E+00    3     5051    -4    -5     T
     1684  0.5870000E+03  0.50000E+00    2     5055    -4    -5     T
     1686  0.5880000E+03  0.50000E+00    2     5059    -4    -5     T
     1688  0.5890000E+03  0.50000E+00    2     5063    -4    -5     T
     1690  0.5900000E+03  0.50000E+00    2     5067    -4    -5     T
     1692  0.5910000E+03  0.50000E+00    2     5071    -4    -5     T
     1694  0.5920000E+03  0.50000E+00    2     5075    -4    -5     T
     1696  0.5930000E+03  0.50000E+00    2     5079    -4    -5     T
     1698  0.5940000E+03  0.50000E+00    2     5083    -4    -5     T
     1700  0.5950000E+03  0.50000E+00    2     5087    -4    -5     T
     1702  0.5960000E+03  0.50000E+00    2     5091    -4    -5     T
     1704  0.5970000E+03  0.50000E+00    2     5095    -4    -5     T
     1706  0.5980000E+03  0.50000E+00    2     5099    -4    -5     T
     1708  0.5990000E+03  0.50000E+00    2     5103    -4    -5     T
     1710  0.6000000E+03  0.50000E+00    2     5107    -4    -5     T
     1712  0.6010000E+03  0.50000E+00    2     5111    -4    -5     T
     1714  0.6020000E+03  0.50000E+00    2     5115    -4    -5     T
     1716  0.6030000E+03  0.50000E+00    2     5119    -4    -5     T
     1718  0.6040000E+03  0.50000E+00    2     5123    -4    -5     T
     1720  0.6050000E+03  0.50000E+00    2     5127    -4    -5     T
     1722  0.6060000E+03  0.50000E+00    2     5131    -4    -5     T
     1724  0.6070000E+03  0.50000E+00    2     5135    -4    -5     T
     1726  0.6080000E+03  0.50000E+00    2     5139    -4    -5     T
     1728  0.6090000E+03  0.50000E+00    2     5143    -4    -5     T
     1730  0.6100000E+03  0.50000E+00    3     5148    -4    -5     T
     1732  0.6110000E+03  0.50000E+00    3     5157    -4    -5     T
     1734  0.6120000E+03  0.50000E+00    2     5162    -4    -5     T
     1736  0.6130000E+03  0.50000E+00    2     5166    -4    -5     T
     1738  0.6140000E+03  0.50000E+00    2     5170    -4    -5     T
     1740  0.6150000E+03  0.50000E+00    2     5174    -4    -5     T
     1742  0.6160000E+03  0.50000E+00    2     5178    -4    -5     T
     1744  0.6170000E+03  0.50000E+00    2     5182    -4    -5     T
     1746  0.6180000E+03  0.50000E+00    2     5186    -4    -5     T
     1748  0.6190000E+03  0.50000E+00    2     5190    -4    -5     T
     1750  0.6200000E+03  0.50000E+00    2     5194    -4    -5     T
     1752  0.6210000E+03  0.50000E+00    2     5198    -4    -5     T
     1754  0.6220000E+03  0.50000E+00    2     5202    -4    -5     T
     1756  0.6230000E+03  0.50000E+00    2     5206    -4    -5     T
     1758  0.6240000E+03  0.50000E+00    2     5210    -4    -5     T
     1760  0.6250000E+03  0.50000E+00    2     5214    -4    -5     T
     1762  0.6260000E+03  0.50000E+00    2     5218    -4    -5     T
     1764  0.6270000E+03  0.50000E+00    2     5222    -4    -5     T
     1766  0.6280000E+03  0.50000E+00    2     5226    -4    -5     T
     1768  0.6290000E+03  0.50000E+00    2     5230    -4    -5     T
     1770  0.6300000E+03  0.50000E+00    2     5234    -4    -5     T
     1772  0.6310000E+03  0.50000E+00    2     5238    -4    -5     T
     1774  0.6320000E+03  0.50000E+00    2     5242    -4    -5     T
     1776  0.6330000E+03  0.50000E+00    2     5246    -4    -5     T
     1778  0.6340000E+03  0.50000E+00    2     5250    -4    -5     T
     1780  0.6350000E+03  0.50000E+00    2     5254    -4    -5     T
     1782  0.6360000E+03  0.50000E+00    2     5258    -4    -5     T
     1784  0.6370000E+03  0.50000E+00    2     5262    -4    -5     T
     1786  0.6380000E+03  0.50000E+00    2     5266    -4    -5     T
     1788  0.6390000E+03  0.50000E+00    2     5270    -4    -5     T
     1797  0.6400000E+03  0.13481E+00    2     5313     4    -5     T
     1801  0.6410000E+03  0.26667E+00    2     5321     4    -5     T
     1803  0.6420000E+03  0.50000E+00    2     5326     4    -5     T
     1805  0.6430000E+03  0.50000E+00    2     5330     4    -5     T
     1807  0.6440000E+03  0.50000E+00    2     5334     4    -5     T
     1809  0.6450000E+03  0.50000E+00    2     5338     4    -5     T
     1811  0.6460000E+03  0.50000E+00    2     5342     4    -5     T
     1813  0.6470000E+03  0.50000E+00    2     5346     4    -5     T
     1815  0.6480000E+03  0.50000E+00    2     5350     4    -5     T
     1817  0.6490000E+03  0.50000E+00    2     5354     4    -5     T
     1819  0.6500000E+03  0.50000E+00    2     5358     4    -5     T
     1821  0.6510000E+03  0.50000E+00    2     5362     4    -5     T
     1823  0.6520000E+03  0.50000E+00    2     5366     4    -5     T
     1825  0.6530000E+03  0.50000E+00    2     5370     4    -5     T
     1827  0.6540000E+03  0.50000E+00    2     5374     4    -5     T
     1829  0.6550000E+03  0.50000E+00    2     5378     4    -5     T
     1831  0.6560000E+03  0.50000E+00    2     5382     4    -5     T
     1833  0.6570000E+03  0.50000E+00    2     5386     4    -5     T
     1835  0.6580000E+03  0.50000E+00    2     5390     4    -5     T
     1837  0.6590000E+03  0.50000E+00    2     5394     4    -5     T
     1839  0.6600000E+03  0.50000E+00    2     5398     4    -5     T
     1841  0.6610000E+03  0.50000E+00    2     5402     4    -5     T
     1843  0.6620000E+03  0.50000E+00    2     5406     4    -5     T
     1845  0.6630000E+03  0.50000E+00    2     5410     4    -5     T
     1847  0.6640000E+03  0.50000E+00    2     5414     4    -5     T
     1849  0.6650000E+03  0.50000E+00    2     5418     4    -5     T
     1851  0.6660000E+03  0.50000E+00    2     5422     4    -5     T
     1853  0.6670000E+03  0.50000E+00    2     5426     4    -5     T
     1855  0.6680000E+03  0.50000E+00    2     5430     4    -5     T
     1857  0.6690000E+03  0.50000E+00    2     5434     4    -5     T
     1859  0.6700000E+03  0.50000E+00    2     5438     4    -5     T
     1861  0.6710000E+03  0.50000E+00    2     5442     4    -5     T
     1863  0.6720000E+03  0.50000E+00    2     5446     4    -5     T
     1865  0.6730000E+03  0.50000E+00    2     5450     4    -5     T
     1867  0.6740000E+03  0.50000E+00    2     5454     4    -5     T
     1869  0.6750000E+03  0.50000E+00    2     5458     4    -5     T
     1871  0.6760000E+03  0.50000E+00    2     5462     4    -5     T
     1873  0.6770000E+03  0.50000E+00    2     5466     4    -5     T
     1875  0.6780000E+03  0.50000E+00    2     5470     4    -5     T
     1877  0.6790000E+03  0.50000E+00    2     5474     4    -5     T
     1879  0.6800000E+03  0.50000E+00    2     5478     4    -5     T
     1881  0.6810000E+03  0.50000E+00    2     5482     4    -5     T
     1883  0.6820000E+03  0.50000E+00    2     5486     4    -5     T
     1885  0.6830000E+03  0.50000E+00    2     5490     4    -5     T
     1887  0.6840000E+03  0.50000E+00    2     5494     4    -5     T
     1889  0.6850000E+03  0.50000E+00    2     5498     4    -5     T
     1891  0.6860000E+03  0.50000E+00    2     5502     4    -5     T
     1893  0.6870000E+03  0.50000E+00    2     5506     4    -5     T
     1895  0.6880000E+03  0.50000E+00    2     5510     4    -5     T
     1897  0.6890000E+03  0.50000E+00    2     5514     4    -5     T
     1899  0.6900000E+03  0.50000E+00    2     5518     4    -5     T
     1901  0.6910000E+03  0.50000E+00    2     5522     4    -5     T
     1903  0.6920000E+03  0.50000E+00    2     5526     4    -5     T
     1905  0.6930000E+03  0.50000E+00    2     5530     4    -5     T
     1907  0.6940000E+03  0.50000E+00    2     5534     4    -5     T
     1909  0.6950000E+03  0.50000E+00    2     5538     4    -5     T
     1911  0.6960000E+03  0.50000E+00    2     5542     4    -5     T
     1913  0.6970000E+03  0.50000E+00    2     5546     4    -5     T
     1915  0.6980000E+03  0.50000E+00    2     5550     4    -5     T
     1917  0.6990000E+03  0.50000E+00    2     5554     4    -5     T
     1919  0.7000000E+03  0.50000E+00    2     5558     4    -5     T
     1921  0.7010000E+03  0.50000E+00    2     5562     4    -5     T
     1923  0.7020000E+03  0.50000E+00    2     5566     4    -5     T
     1925  0.7030000E+03  0.50000E+00    2     5570     4    -5     T
     1927  0.7040000E+03  0.50000E+00    2     5574     4    -5     T
     1929  0.7050000E+03  0.50000E+00    2     5578     4    -5     T
     1931  0.7060000E+03  0.50000E+00    2     5582     4    -5     T
     1933  0.7070000E+03  0.50000E+00    2     5586     4    -5     T
     1935  0.7080000E+03  0.50000E+00    2     5590     4    -5     T
     1937  0.7090000E+03  0.50000E+00    2     5594     4    -5     T
     1939  0.7100000E+03  0.50000E+00    2     5598     4    -5     T
     1941  0.7110000E+03  0.50000E+00    2     5602     4    -5     T
     1943  0.7120000E+03  0.50000E+00    2     5606     4    -5     T
     1945  0.7130000E+03  0.50000E+00    2     5610     4    -5     T
     1947  0.7140000E+03  0.50000E+00    2     5614     4    -5     T
     1949  0.7150000E+03  0.50000E+00    2     5618     4    -5     T
     1951  0.7160000E+03  0.50000E+00    2     5622     4    -5     T
     1953  0.7170000E+03  0.50000E+00    2     5626     4    -5     T
     1955  0.7180000E+03  0.50000E+00    2     5630     4    -5     T
     1957  0.7190000E+03  0.50000E+00    2     5634     4    -5     T
     1959  0.7200000E+03  0.50000E+00    2     5638     4    -5     T
     1961  0.7210000E+03  0.50000E+00    2     5642     4    -5     T
     1963  0.7220000E+03  0.50000E+00    2     5646     4    -5     T
     1965  0.7230000E+03  0.50000E+00    2     5650     4    -5     T
     1967  0.7240000E+03  0.50000E+00    2     5654     4    -5     T
     1969  0.7250000E+03  0.50000E+00    2     5658     4    -5     T
     1971  0.7260000E+03  0.50000E+00    2     5662     4    -5     T
     1973  0.7270000E+03  0.50000E+00    2     5666     4    -5     T
     1975  0.7280000E+03  0.50000E+00    2     5670     4    -5     T
     1977  0.7290000E+03  0.50000E+00    2     5674     4    -5     T
     1979  0.7300000E+03  0.50000E+00    2     5678     4    -5     T
     1981  0.7310000E+03  0.50000E+00    2     5682    -4    -5     T
     1983  0.7320000E+03  0.50000E+00    2     5686     4    -5     T
     1985  0.7330000E+03  0.50000E+00    2     5690     4    -5     T
     1987  0.7340000E+03  0.50000E+00    2     5694     4    -5     T
     1989  0.7350000E+03  0.50000E+00    2     5698     4    -5     T
     1991  0.7360000E+03  0.50000E+00    2     5702     4    -5     T
     1993  0.7370000E+03  0.50000E+00    2     5706     4    -5     T
     1995  0.7380000E+03  0.50000E+00    2     5710     4    -5     T
     1997  0.7390000E+03  0.50000E+00    2     5714     4    -5     T
     1999  0.7400000E+03  0.50000E+00    2     5718     4    -5     T
     2001  0.7410000E+03  0.50000E+00    2     5722     4    -5     T
     2003  0.7420000E+03  0.50000E+00    2     5726     4    -5     T
     2005  0.7430000E+03  0.50000E+00    2     5730     4    -5     T
     2007  0.7440000E+03  0.50000E+00    2     5734     4    -5     T
     2009  0.7450000E+03  0.50000E+00    2     5738     4    -5     T
     2011  0.7460000E+03  0.50000E+00    2     5742     4    -5     T
     2013  0.7470000E+03  0.50000E+00    2     5746     4    -5     T
     2015  0.7480000E+03  0.50000E+00    2     5750     4    -5     T
     2017  0.7490000E+03  0.50000E+00    2     5754     4    -5     T
     2019  0.7500000E+03  0.50000E+00    2     5758     4    -5     T
     2021  0.7510000E+03  0.50000E+00    2     5762     4    -5     T
     2023  0.7520000E+03  0.50000E+00    2     5766     4    -5     T
     2025  0.7530000E+03  0.50000E+00    2     5770     4    -5     T
     2027  0.7540000E+03  0.50000E+00    2     5774     4    -5     T
     2029  0.7550000E+03  0.50000E+00    2     5778     4    -5     T
     2031  0.7560000E+03  0.50000E+00    2     5782     4    -5     T
end
