 ******* Program HYDRUS
 ******* 
 None                                                                    
 Date:  11. 3.    Time:   9:53:58
 Units: L = mm   , T = days , M = mmol 
 
 CosAlf,MaxIt,TolTh,  TolH
 1.000   10   0.001 1.00000
 
 TopInF,BotInF,AtmBC,SinkF,WLayer,qGWLF,FreeD,SeepF,lWat,lChem,lTemp,lRoot,lWDep
     T     F     T     T     F     F     T     F     T     F     F     T     F

Nodal point information

node      x         hOld    MatN LayN  Beta      Ah       AK      ATh     Temp    Conc(1...NS)         Sorb(1...NS)

   1      0.000    -15.000    1    1   0.000    1.000    1.000    1.000
   2     -1.000    -15.000    1    1   0.000    1.000    1.000    1.000
   3     -2.000    -15.000    1    1   0.000    1.000    1.000    1.000
   4     -3.000    -15.000    1    1   0.000    1.000    1.000    1.000
   5     -4.000    -15.000    1    1   0.000    1.000    1.000    1.000
   6     -5.000    -15.000    1    1   0.000    1.000    1.000    1.000
   7     -6.000    -15.000    1    1   0.000    1.000    1.000    1.000
   8     -7.000    -15.000    1    1   0.000    1.000    1.000    1.000
   9     -8.000    -15.000    1    1   0.000    1.000    1.000    1.000
  10     -9.000    -15.000    1    1   0.000    1.000    1.000    1.000
  11    -10.000    -15.000    1    1   0.000    1.000    1.000    1.000
  12    -11.000    -15.000    1    1   0.000    1.000    1.000    1.000
  13    -12.000    -15.000    1    1   0.000    1.000    1.000    1.000
  14    -13.000    -15.000    1    1   0.000    1.000    1.000    1.000
  15    -14.000    -15.000    1    1   0.000    1.000    1.000    1.000
  16    -15.000    -15.000    1    1   0.000    1.000    1.000    1.000
  17    -16.000    -15.000    1    1   0.000    1.000    1.000    1.000
  18    -17.000    -15.000    1    1   0.000    1.000    1.000    1.000
  19    -18.000    -15.000    1    1   0.000    1.000    1.000    1.000
  20    -19.000    -15.000    1    1   0.000    1.000    1.000    1.000
  21    -20.000    -15.000    1    1   0.000    1.000    1.000    1.000
  22    -21.000    -15.000    1    1   0.000    1.000    1.000    1.000
  23    -22.000    -15.000    1    1   0.000    1.000    1.000    1.000
  24    -23.000    -15.000    1    1   0.000    1.000    1.000    1.000
  25    -24.000    -15.000    1    1   0.000    1.000    1.000    1.000
  26    -25.000    -15.000    1    1   0.000    1.000    1.000    1.000
  27    -26.000    -15.000    1    1   0.000    1.000    1.000    1.000
  28    -27.000    -15.000    1    1   0.000    1.000    1.000    1.000
  29    -28.000    -15.000    1    1   0.000    1.000    1.000    1.000
  30    -29.000    -15.000    1    1   0.000    1.000    1.000    1.000
  31    -30.000    -15.000    1    1   0.000    1.000    1.000    1.000
  32    -31.000    -15.000    1    1   0.000    1.000    1.000    1.000
  33    -32.000    -15.000    1    1   0.000    1.000    1.000    1.000
  34    -33.000    -15.000    1    1   0.000    1.000    1.000    1.000
  35    -34.000    -15.000    1    1   0.000    1.000    1.000    1.000
  36    -35.000    -15.000    1    1   0.000    1.000    1.000    1.000
  37    -36.000    -15.000    1    1   0.000    1.000    1.000    1.000
  38    -37.000    -15.000    1    1   0.000    1.000    1.000    1.000
  39    -38.000    -15.000    1    1   0.000    1.000    1.000    1.000
  40    -39.000    -15.000    1    1   0.000    1.000    1.000    1.000
  41    -40.000    -15.000    1    1   0.000    1.000    1.000    1.000
  42    -41.000    -15.000    1    1   0.000    1.000    1.000    1.000
  43    -42.000    -15.000    1    1   0.000    1.000    1.000    1.000
  44    -43.000    -15.000    1    1   0.000    1.000    1.000    1.000
  45    -44.000    -15.000    1    1   0.000    1.000    1.000    1.000
  46    -45.000    -15.000    1    1   0.000    1.000    1.000    1.000
  47    -46.000    -15.000    1    1   0.000    1.000    1.000    1.000
  48    -47.000    -15.000    1    1   0.000    1.000    1.000    1.000
  49    -48.000    -15.000    1    1   0.000    1.000    1.000    1.000
  50    -49.000    -15.000    1    1   0.000    1.000    1.000    1.000
  51    -50.000    -15.000    1    1   0.000    1.000    1.000    1.000
  52    -51.000    -15.000    1    1   0.000    1.000    1.000    1.000
  53    -52.000    -15.000    1    1   0.000    1.000    1.000    1.000
  54    -53.000    -15.000    1    1   0.000    1.000    1.000    1.000
  55    -54.000    -15.000    1    1   0.000    1.000    1.000    1.000
  56    -55.000    -15.000    1    1   0.000    1.000    1.000    1.000
  57    -56.000    -15.000    1    1   0.000    1.000    1.000    1.000
  58    -57.000    -15.000    1    1   0.000    1.000    1.000    1.000
  59    -58.000    -15.000    1    1   0.000    1.000    1.000    1.000
  60    -59.000    -15.000    1    1   0.000    1.000    1.000    1.000
  61    -60.000    -15.000    1    1   0.000    1.000    1.000    1.000
  62    -61.000    -15.000    1    1   0.000    1.000    1.000    1.000
  63    -62.000    -15.000    1    1   0.000    1.000    1.000    1.000
  64    -63.000    -15.000    1    1   0.000    1.000    1.000    1.000
  65    -64.000    -15.000    1    1   0.000    1.000    1.000    1.000
  66    -65.000    -15.000    1    1   0.000    1.000    1.000    1.000
  67    -66.000    -15.000    1    1   0.000    1.000    1.000    1.000
  68    -67.000    -15.000    1    1   0.000    1.000    1.000    1.000
  69    -68.000    -15.000    1    1   0.000    1.000    1.000    1.000
  70    -69.000    -15.000    1    1   0.000    1.000    1.000    1.000
  71    -70.000    -15.000    1    1   0.000    1.000    1.000    1.000
  72    -71.000    -15.000    1    1   0.000    1.000    1.000    1.000
  73    -72.000    -15.000    1    1   0.000    1.000    1.000    1.000
  74    -73.000    -15.000    1    1   0.000    1.000    1.000    1.000
  75    -74.000    -15.000    1    1   0.000    1.000    1.000    1.000
  76    -75.000    -15.000    1    1   0.000    1.000    1.000    1.000
  77    -76.000    -15.000    1    1   0.000    1.000    1.000    1.000
  78    -77.000    -15.000    1    1   0.000    1.000    1.000    1.000
  79    -78.000    -15.000    1    1   0.000    1.000    1.000    1.000
  80    -79.000    -15.000    1    1   0.000    1.000    1.000    1.000
  81    -80.000    -15.000    1    1   0.000    1.000    1.000    1.000
  82    -81.000    -15.000    1    1   0.000    1.000    1.000    1.000
  83    -82.000    -15.000    1    1   0.000    1.000    1.000    1.000
  84    -83.000    -15.000    1    1   0.000    1.000    1.000    1.000
  85    -84.000    -15.000    1    1   0.000    1.000    1.000    1.000
  86    -85.000    -15.000    1    1   0.000    1.000    1.000    1.000
  87    -86.000    -15.000    1    1   0.000    1.000    1.000    1.000
  88    -87.000    -15.000    1    1   0.000    1.000    1.000    1.000
  89    -88.000    -15.000    1    1   0.000    1.000    1.000    1.000
  90    -89.000    -15.000    1    1   0.000    1.000    1.000    1.000
  91    -90.000    -15.000    1    1   0.000    1.000    1.000    1.000
  92    -91.000    -15.000    1    1   0.000    1.000    1.000    1.000
  93    -92.000    -15.000    1    1   0.000    1.000    1.000    1.000
  94    -93.000    -15.000    1    1   0.000    1.000    1.000    1.000
  95    -94.000    -15.000    1    1   0.000    1.000    1.000    1.000
  96    -95.000    -15.000    1    1   0.000    1.000    1.000    1.000
  97    -96.000    -15.000    1    1   0.000    1.000    1.000    1.000
  98    -97.000    -15.000    1    1   0.000    1.000    1.000    1.000
  99    -98.000    -15.000    1    1   0.000    1.000    1.000    1.000
 100    -99.000    -15.000    1    1   0.000    1.000    1.000    1.000
 101   -100.000    -15.000    1    1   0.000    1.000    1.000    1.000
 102   -101.000    -15.000    1    1   0.000    1.000    1.000    1.000
 103   -102.000    -15.000    1    1   0.000    1.000    1.000    1.000
 104   -103.000    -15.000    1    1   0.000    1.000    1.000    1.000
 105   -104.000    -15.000    1    1   0.000    1.000    1.000    1.000
 106   -105.000    -15.000    1    1   0.000    1.000    1.000    1.000
 107   -106.000    -15.000    1    1   0.000    1.000    1.000    1.000
 108   -107.000    -15.000    1    1   0.000    1.000    1.000    1.000
 109   -108.000    -15.000    1    1   0.000    1.000    1.000    1.000
 110   -109.000    -15.000    1    1   0.000    1.000    1.000    1.000
 111   -110.000    -15.000    1    1   0.000    1.000    1.000    1.000
 112   -111.000    -15.000    1    1   0.000    1.000    1.000    1.000
 113   -112.000    -15.000    1    1   0.000    1.000    1.000    1.000
 114   -113.000    -15.000    1    1   0.000    1.000    1.000    1.000
 115   -114.000    -15.000    1    1   0.000    1.000    1.000    1.000
 116   -115.000    -15.000    1    1   0.000    1.000    1.000    1.000
 117   -116.000    -15.000    1    1   0.000    1.000    1.000    1.000
 118   -117.000    -15.000    1    1   0.000    1.000    1.000    1.000
 119   -118.000    -15.000    1    1   0.000    1.000    1.000    1.000
 120   -119.000    -15.000    1    1   0.000    1.000    1.000    1.000
 121   -120.000    -15.000    1    1   0.000    1.000    1.000    1.000
 122   -121.000    -15.000    1    1   0.000    1.000    1.000    1.000
 123   -122.000    -15.000    1    1   0.000    1.000    1.000    1.000
 124   -123.000    -15.000    1    1   0.000    1.000    1.000    1.000
 125   -124.000    -15.000    1    1   0.000    1.000    1.000    1.000
 126   -125.000    -15.000    1    1   0.000    1.000    1.000    1.000
 127   -126.000    -15.000    1    1   0.000    1.000    1.000    1.000
 128   -127.000    -15.000    1    1   0.000    1.000    1.000    1.000
 129   -128.000    -15.000    1    1   0.000    1.000    1.000    1.000
 130   -129.000    -15.000    1    1   0.000    1.000    1.000    1.000
 131   -130.000    -15.000    1    1   0.000    1.000    1.000    1.000
 132   -131.000    -15.000    1    1   0.000    1.000    1.000    1.000
 133   -132.000    -15.000    1    1   0.000    1.000    1.000    1.000
 134   -133.000    -15.000    1    1   0.000    1.000    1.000    1.000
 135   -134.000    -15.000    1    1   0.000    1.000    1.000    1.000
 136   -135.000    -15.000    1    1   0.000    1.000    1.000    1.000
 137   -136.000    -15.000    1    1   0.000    1.000    1.000    1.000
 138   -137.000    -15.000    1    1   0.000    1.000    1.000    1.000
 139   -138.000    -15.000    1    1   0.000    1.000    1.000    1.000
 140   -139.000    -15.000    1    1   0.000    1.000    1.000    1.000
 141   -140.000    -15.000    1    1   0.000    1.000    1.000    1.000
 142   -141.000    -15.000    1    1   0.000    1.000    1.000    1.000
 143   -142.000    -15.000    1    1   0.000    1.000    1.000    1.000
 144   -143.000    -15.000    1    1   0.000    1.000    1.000    1.000
 145   -144.000    -15.000    1    1   0.000    1.000    1.000    1.000
 146   -145.000    -15.000    1    1   0.000    1.000    1.000    1.000
 147   -146.000    -15.000    1    1   0.000    1.000    1.000    1.000
 148   -147.000    -15.000    1    1   0.000    1.000    1.000    1.000
 149   -148.000    -15.000    1    1   0.000    1.000    1.000    1.000
 150   -149.000    -15.000    1    1   0.000    1.000    1.000    1.000
 151   -150.000    -15.000    1    1   0.000    1.000    1.000    1.000
end

 Number of species in the chain :   0


MatNum, Param. array:

   Mat     Qr     Qs        Alfa         n          Ks      l

    1    0.069  0.423   0.610E-02   0.158E+01   0.146E+02  0.500

       Table of Hydraulic Properties which are interpolated in simulation
       =================================================================

  theta         h        log h        C             K        log K          S          Kv
 
  0.4234  -0.100E-05 -0.6000E+01  0.2220E-07  0.1460E+02  0.1164E+01    1.0000  0.0000E+00
  0.4234  -0.126E-05 -0.5899E+01  0.2539E-07  0.1460E+02  0.1164E+01    1.0000  0.0000E+00
  0.4234  -0.159E-05 -0.5798E+01  0.2905E-07  0.1460E+02  0.1164E+01    1.0000  0.0000E+00
  0.4234  -0.201E-05 -0.5697E+01  0.3323E-07  0.1460E+02  0.1164E+01    1.0000  0.0000E+00
  0.4234  -0.254E-05 -0.5596E+01  0.3802E-07  0.1460E+02  0.1164E+01    1.0000  0.0000E+00
  0.4234  -0.320E-05 -0.5495E+01  0.4349E-07  0.1460E+02  0.1164E+01    1.0000  0.0000E+00
  0.4234  -0.404E-05 -0.5394E+01  0.4975E-07  0.1460E+02  0.1164E+01    1.0000  0.0000E+00
  0.4234  -0.509E-05 -0.5293E+01  0.5691E-07  0.1460E+02  0.1164E+01    1.0000  0.0000E+00
  0.4234  -0.643E-05 -0.5192E+01  0.6511E-07  0.1460E+02  0.1164E+01    1.0000  0.0000E+00
  0.4234  -0.811E-05 -0.5091E+01  0.7448E-07  0.1460E+02  0.1164E+01    1.0000  0.0000E+00
  0.4234  -0.102E-04 -0.4990E+01  0.8520E-07  0.1460E+02  0.1164E+01    1.0000  0.0000E+00
  0.4234  -0.129E-04 -0.4889E+01  0.9747E-07  0.1460E+02  0.1164E+01    1.0000  0.0000E+00
  0.4234  -0.163E-04 -0.4788E+01  0.1115E-06  0.1460E+02  0.1164E+01    1.0000  0.0000E+00
  0.4234  -0.206E-04 -0.4687E+01  0.1276E-06  0.1460E+02  0.1164E+01    1.0000  0.0000E+00
  0.4234  -0.260E-04 -0.4586E+01  0.1459E-06  0.1460E+02  0.1164E+01    1.0000  0.0000E+00
  0.4234  -0.327E-04 -0.4485E+01  0.1669E-06  0.1460E+02  0.1164E+01    1.0000  0.0000E+00
  0.4234  -0.413E-04 -0.4384E+01  0.1910E-06  0.1460E+02  0.1164E+01    1.0000  0.0000E+00
  0.4234  -0.521E-04 -0.4283E+01  0.2184E-06  0.1459E+02  0.1164E+01    1.0000  0.0000E+00
  0.4234  -0.658E-04 -0.4182E+01  0.2499E-06  0.1459E+02  0.1164E+01    1.0000  0.0000E+00
  0.4234  -0.830E-04 -0.4081E+01  0.2859E-06  0.1459E+02  0.1164E+01    1.0000  0.0000E+00
  0.4234  -0.105E-03 -0.3980E+01  0.3270E-06  0.1459E+02  0.1164E+01    1.0000  0.0000E+00
  0.4234  -0.132E-03 -0.3879E+01  0.3741E-06  0.1459E+02  0.1164E+01    1.0000  0.0000E+00
  0.4234  -0.167E-03 -0.3778E+01  0.4280E-06  0.1459E+02  0.1164E+01    1.0000  0.0000E+00
  0.4234  -0.210E-03 -0.3677E+01  0.4896E-06  0.1459E+02  0.1164E+01    1.0000  0.0000E+00
  0.4234  -0.266E-03 -0.3576E+01  0.5601E-06  0.1459E+02  0.1164E+01    1.0000  0.0000E+00
  0.4234  -0.335E-03 -0.3475E+01  0.6407E-06  0.1459E+02  0.1164E+01    1.0000  0.0000E+00
  0.4234  -0.423E-03 -0.3374E+01  0.7330E-06  0.1458E+02  0.1164E+01    1.0000  0.0000E+00
  0.4234  -0.534E-03 -0.3273E+01  0.8385E-06  0.1458E+02  0.1164E+01    1.0000  0.0000E+00
  0.4234  -0.673E-03 -0.3172E+01  0.9592E-06  0.1458E+02  0.1164E+01    1.0000  0.0000E+00
  0.4234  -0.850E-03 -0.3071E+01  0.1097E-05  0.1457E+02  0.1164E+01    1.0000  0.0000E+00
  0.4234  -0.107E-02 -0.2970E+01  0.1255E-05  0.1457E+02  0.1163E+01    1.0000  0.0000E+00
  0.4234  -0.135E-02 -0.2869E+01  0.1436E-05  0.1457E+02  0.1163E+01    1.0000  0.0000E+00
  0.4234  -0.171E-02 -0.2768E+01  0.1643E-05  0.1456E+02  0.1163E+01    1.0000  0.0000E+00
  0.4234  -0.215E-02 -0.2667E+01  0.1879E-05  0.1456E+02  0.1163E+01    1.0000  0.0000E+00
  0.4234  -0.272E-02 -0.2566E+01  0.2150E-05  0.1455E+02  0.1163E+01    1.0000  0.0000E+00
  0.4234  -0.343E-02 -0.2465E+01  0.2459E-05  0.1454E+02  0.1163E+01    1.0000  0.0000E+00
  0.4234  -0.433E-02 -0.2364E+01  0.2813E-05  0.1453E+02  0.1162E+01    1.0000  0.0000E+00
  0.4234  -0.546E-02 -0.2263E+01  0.3218E-05  0.1452E+02  0.1162E+01    1.0000  0.0000E+00
  0.4234  -0.689E-02 -0.2162E+01  0.3682E-05  0.1451E+02  0.1162E+01    1.0000  0.1213E-29
  0.4234  -0.870E-02 -0.2061E+01  0.4212E-05  0.1450E+02  0.1161E+01    1.0000  0.1213E-29
  0.4234  -0.110E-01 -0.1960E+01  0.4818E-05  0.1449E+02  0.1161E+01    1.0000  0.1213E-29
  0.4234  -0.138E-01 -0.1859E+01  0.5512E-05  0.1447E+02  0.1161E+01    1.0000  0.1222E-28
  0.4234  -0.175E-01 -0.1758E+01  0.6305E-05  0.1445E+02  0.1160E+01    1.0000  0.1222E-28
  0.4234  -0.221E-01 -0.1657E+01  0.7213E-05  0.1443E+02  0.1159E+01    1.0000  0.4722E-28
  0.4234  -0.278E-01 -0.1556E+01  0.8251E-05  0.1441E+02  0.1159E+01    1.0000  0.2592E-27
  0.4234  -0.351E-01 -0.1455E+01  0.9439E-05  0.1438E+02  0.1158E+01    1.0000  0.7957E-27
  0.4234  -0.443E-01 -0.1354E+01  0.1080E-04  0.1435E+02  0.1157E+01    1.0000  0.2613E-26
  0.4234  -0.559E-01 -0.1253E+01  0.1235E-04  0.1431E+02  0.1156E+01    1.0000  0.1009E-25
  0.4234  -0.705E-01 -0.1152E+01  0.1413E-04  0.1427E+02  0.1154E+01    1.0000  0.3099E-25
  0.4234  -0.890E-01 -0.1051E+01  0.1617E-04  0.1422E+02  0.1153E+01    1.0000  0.1135E-24
  0.4234  -0.112E+00 -0.9495E+00  0.1849E-04  0.1417E+02  0.1151E+01    1.0000  0.3647E-24
  0.4234  -0.142E+00 -0.8485E+00  0.2116E-04  0.1411E+02  0.1150E+01    1.0000  0.1272E-23
  0.4234  -0.179E+00 -0.7475E+00  0.2420E-04  0.1404E+02  0.1147E+01    1.0000  0.4263E-23
  0.4234  -0.226E+00 -0.6465E+00  0.2768E-04  0.1396E+02  0.1145E+01    1.0000  0.1456E-22
  0.4234  -0.285E+00 -0.5455E+00  0.3167E-04  0.1387E+02  0.1142E+01    1.0000  0.4952E-22
  0.4234  -0.359E+00 -0.4444E+00  0.3623E-04  0.1377E+02  0.1139E+01    1.0000  0.1680E-21
  0.4234  -0.453E+00 -0.3434E+00  0.4144E-04  0.1365E+02  0.1135E+01    1.0000  0.5719E-21
  0.4234  -0.572E+00 -0.2424E+00  0.4741E-04  0.1351E+02  0.1131E+01    1.0000  0.1939E-20
  0.4234  -0.722E+00 -0.1414E+00  0.5423E-04  0.1336E+02  0.1126E+01    0.9999  0.6595E-20
  0.4234  -0.911E+00 -0.4040E-01  0.6203E-04  0.1319E+02  0.1120E+01    0.9999  0.2239E-19
  0.4233  -0.115E+01  0.6061E-01  0.7095E-04  0.1299E+02  0.1114E+01    0.9999  0.7611E-19
  0.4233  -0.145E+01  0.1616E+00  0.8114E-04  0.1276E+02  0.1106E+01    0.9998  0.2585E-18
  0.4233  -0.183E+01  0.2626E+00  0.9279E-04  0.1251E+02  0.1097E+01    0.9997  0.8776E-18
  0.4232  -0.231E+01  0.3636E+00  0.1061E-03  0.1222E+02  0.1087E+01    0.9996  0.2983E-17
  0.4232  -0.292E+01  0.4646E+00  0.1213E-03  0.1190E+02  0.1075E+01    0.9994  0.1013E-16
  0.4231  -0.368E+01  0.5657E+00  0.1386E-03  0.1153E+02  0.1062E+01    0.9991  0.3437E-16
  0.4229  -0.464E+01  0.6667E+00  0.1583E-03  0.1112E+02  0.1046E+01    0.9987  0.1165E-15
  0.4227  -0.586E+01  0.7677E+00  0.1807E-03  0.1065E+02  0.1028E+01    0.9981  0.3947E-15
  0.4224  -0.739E+01  0.8687E+00  0.2061E-03  0.1014E+02  0.1006E+01    0.9973  0.1335E-14
  0.4220  -0.933E+01  0.9697E+00  0.2347E-03  0.9565E+01  0.9807E+00    0.9961  0.4504E-14
  0.4214  -0.118E+02  0.1071E+01  0.2667E-03  0.8931E+01  0.9509E+00    0.9943  0.1515E-13
  0.4205  -0.148E+02  0.1172E+01  0.3023E-03  0.8237E+01  0.9158E+00    0.9918  0.5069E-13
  0.4193  -0.187E+02  0.1273E+01  0.3413E-03  0.7484E+01  0.8741E+00    0.9883  0.1685E-12
  0.4175  -0.236E+02  0.1374E+01  0.3830E-03  0.6677E+01  0.8246E+00    0.9833  0.5550E-12
  0.4150  -0.298E+02  0.1475E+01  0.4265E-03  0.5827E+01  0.7654E+00    0.9762  0.1803E-11
  0.4115  -0.376E+02  0.1576E+01  0.4697E-03  0.4950E+01  0.6946E+00    0.9663  0.5751E-11
  0.4066  -0.475E+02  0.1677E+01  0.5096E-03  0.4072E+01  0.6098E+00    0.9526  0.1787E-10
  0.4001  -0.599E+02  0.1778E+01  0.5418E-03  0.3223E+01  0.5082E+00    0.9341  0.5368E-10
  0.3914  -0.756E+02  0.1879E+01  0.5613E-03  0.2438E+01  0.3870E+00    0.9096  0.1541E-09
  0.3802  -0.955E+02  0.1980E+01  0.5630E-03  0.1751E+01  0.2432E+00    0.8781  0.4177E-09
  0.3663  -0.120E+03  0.2081E+01  0.5433E-03  0.1188E+01  0.7468E-01    0.8390  0.1056E-08
  0.3498  -0.152E+03  0.2182E+01  0.5022E-03  0.7584E+00 -0.1201E+00    0.7923  0.2466E-08
  0.3310  -0.192E+03  0.2283E+01  0.4435E-03  0.4558E+00 -0.3413E+00    0.7392  0.5269E-08
  0.3105  -0.242E+03  0.2384E+01  0.3744E-03  0.2586E+00 -0.5874E+00    0.6814  0.1027E-07
  0.2891  -0.305E+03  0.2485E+01  0.3031E-03  0.1393E+00 -0.8560E+00    0.6210  0.1831E-07
  0.2677  -0.385E+03  0.2586E+01  0.2366E-03  0.7183E-01 -0.1144E+01    0.5606  0.3000E-07
  0.2469  -0.486E+03  0.2687E+01  0.1793E-03  0.3573E-01 -0.1447E+01    0.5019  0.4555E-07
  0.2273  -0.614E+03  0.2788E+01  0.1326E-03  0.1729E-01 -0.1762E+01    0.4465  0.6474E-07
  0.2092  -0.774E+03  0.2889E+01  0.9630E-04  0.8188E-02 -0.2087E+01    0.3953  0.8695E-07
  0.1926  -0.977E+03  0.2990E+01  0.6900E-04  0.3818E-02 -0.2418E+01    0.3487  0.1114E-06
  0.1778  -0.123E+04  0.3091E+01  0.4896E-04  0.1760E-02 -0.2754E+01    0.3068  0.1371E-06
  0.1645  -0.156E+04  0.3192E+01  0.3449E-04  0.8051E-03 -0.3094E+01    0.2694  0.1633E-06
  0.1528  -0.196E+04  0.3293E+01  0.2417E-04  0.3661E-03 -0.3436E+01    0.2362  0.1894E-06
  0.1424  -0.248E+04  0.3394E+01  0.1689E-04  0.1658E-03 -0.3780E+01    0.2069  0.2147E-06
  0.1333  -0.313E+04  0.3495E+01  0.1176E-04  0.7488E-04 -0.4126E+01    0.1812  0.2388E-06
  0.1253  -0.394E+04  0.3596E+01  0.8182E-05  0.3375E-04 -0.4472E+01    0.1585  0.2615E-06
  0.1182  -0.498E+04  0.3697E+01  0.5684E-05  0.1519E-04 -0.4818E+01    0.1387  0.2826E-06
  0.1121  -0.628E+04  0.3798E+01  0.3945E-05  0.6831E-05 -0.5166E+01    0.1213  0.3021E-06
  0.1067  -0.792E+04  0.3899E+01  0.2736E-05  0.3069E-05 -0.5513E+01    0.1061  0.3198E-06
  0.1020  -0.100E+05  0.4000E+01  0.1897E-05  0.1379E-05 -0.5861E+01    0.0927  0.3359E-06
end
