 ******* Program HYDRUS
 ******* 
 None                                                                    
 Date:  16. 1.    Time:  15:27: 0
 Units: L = mm   , T = days , M = mmol 


    TLevel      Time          dt      Iter    ItCum  KodT  KodB  Convergency

        3  0.1000000E+01  0.30000E+00    2        6    -4    -5     T
        5  0.2000000E+01  0.50000E+00    2       13    -4    -5     T
        7  0.3000000E+01  0.50000E+00    5       23    -4    -5     T
       15  0.4000000E+01  0.65104E-01    5       88     4    -5     T
       22  0.5000000E+01  0.23993E+00    2      103     4    -5     T
       25  0.6000000E+01  0.33333E+00    2      109     4    -5     T
       27  0.7000000E+01  0.50000E+00    2      113     4    -5     T
       29  0.8000000E+01  0.50000E+00    2      117     4    -5     T
       31  0.9000000E+01  0.50000E+00    2      121     4    -5     T
       33  0.1000000E+02  0.50000E+00    2      125     4    -5     T
       35  0.1100000E+02  0.50000E+00    2      129     4    -5     T
       37  0.1200000E+02  0.50000E+00    2      133     4    -5     T
       39  0.1300000E+02  0.50000E+00    2      137     4    -5     T
       41  0.1400000E+02  0.50000E+00    2      141     4    -5     T
       43  0.1500000E+02  0.50000E+00    2      145     4    -5     T
       45  0.1600000E+02  0.50000E+00    2      149     4    -5     T
       47  0.1700000E+02  0.50000E+00    2      153     4    -5     T
       49  0.1800000E+02  0.50000E+00    2      157     4    -5     T
       51  0.1900000E+02  0.50000E+00    2      161     4    -5     T
       53  0.2000000E+02  0.50000E+00    2      165     4    -5     T
       55  0.2100000E+02  0.50000E+00    2      169     4    -5     T
       57  0.2200000E+02  0.50000E+00    2      173     4    -5     T
       59  0.2300000E+02  0.50000E+00    2      177     4    -5     T
       61  0.2400000E+02  0.50000E+00    2      181     4    -5     T
       63  0.2500000E+02  0.50000E+00    2      185     4    -5     T
       65  0.2600000E+02  0.50000E+00    2      189     4    -5     T
       67  0.2700000E+02  0.50000E+00    2      193     4    -5     T
       69  0.2800000E+02  0.50000E+00    2      197     4    -5     T
       71  0.2900000E+02  0.50000E+00    2      201     4    -5     T
       73  0.3000000E+02  0.50000E+00    2      205     4    -5     T
       75  0.3100000E+02  0.50000E+00    2      209     4    -5     T
       77  0.3200000E+02  0.50000E+00    2      213     4    -5     T
       79  0.3300000E+02  0.50000E+00    2      217     4    -5     T
       81  0.3400000E+02  0.50000E+00    2      221     4    -5     T
       83  0.3500000E+02  0.50000E+00    2      225     4    -5     T
       85  0.3600000E+02  0.50000E+00    2      229     4    -5     T
       87  0.3700000E+02  0.50000E+00    2      233     4    -5     T
       89  0.3800000E+02  0.50000E+00    2      237     4    -5     T
       91  0.3900000E+02  0.50000E+00    2      241     4    -5     T
       93  0.4000000E+02  0.50000E+00    2      245     4    -5     T
       95  0.4100000E+02  0.50000E+00    2      249     4    -5     T
       97  0.4200000E+02  0.50000E+00    2      253     4    -5     T
       99  0.4300000E+02  0.50000E+00    2      257     4    -5     T
      101  0.4400000E+02  0.50000E+00    2      261     4    -5     T
      103  0.4500000E+02  0.50000E+00    2      265     4    -5     T
      105  0.4600000E+02  0.50000E+00    2      269     4    -5     T
      107  0.4700000E+02  0.50000E+00    2      273     4    -5     T
      109  0.4800000E+02  0.50000E+00    2      277     4    -5     T
      111  0.4900000E+02  0.50000E+00    2      281     4    -5     T
      113  0.5000000E+02  0.50000E+00    2      285     4    -5     T
      115  0.5100000E+02  0.50000E+00    2      289     4    -5     T
      117  0.5200000E+02  0.50000E+00    2      293     4    -5     T
      119  0.5300000E+02  0.50000E+00    2      297     4    -5     T
      121  0.5400000E+02  0.50000E+00    2      301     4    -5     T
      123  0.5500000E+02  0.50000E+00    2      305     4    -5     T
      125  0.5600000E+02  0.50000E+00    2      309     4    -5     T
      127  0.5700000E+02  0.50000E+00    2      313     4    -5     T
      129  0.5800000E+02  0.50000E+00    2      317     4    -5     T
      131  0.5900000E+02  0.50000E+00    2      321     4    -5     T
      133  0.6000000E+02  0.50000E+00    2      325     4    -5     T
      135  0.6100000E+02  0.50000E+00    2      329     4    -5     T
      137  0.6200000E+02  0.50000E+00    2      333     4    -5     T
      139  0.6300000E+02  0.50000E+00    2      337     4    -5     T
      141  0.6400000E+02  0.50000E+00    2      341     4    -5     T
      143  0.6500000E+02  0.50000E+00    2      345     4    -5     T
      145  0.6600000E+02  0.50000E+00    2      349     4    -5     T
      147  0.6700000E+02  0.50000E+00    2      353     4    -5     T
      149  0.6800000E+02  0.50000E+00    2      357     4    -5     T
      151  0.6900000E+02  0.50000E+00    2      361     4    -5     T
      153  0.7000000E+02  0.50000E+00    2      365     4    -5     T
      155  0.7100000E+02  0.50000E+00    2      369     4    -5     T
      157  0.7200000E+02  0.50000E+00    2      373     4    -5     T
      159  0.7300000E+02  0.50000E+00    2      377     4    -5     T
      161  0.7400000E+02  0.50000E+00    2      381     4    -5     T
      163  0.7500000E+02  0.50000E+00    2      385     4    -5     T
      165  0.7600000E+02  0.50000E+00    2      389     4    -5     T
      167  0.7700000E+02  0.50000E+00    2      393     4    -5     T
      169  0.7800000E+02  0.50000E+00    2      397     4    -5     T
      171  0.7900000E+02  0.50000E+00    2      401     4    -5     T
      173  0.8000000E+02  0.50000E+00    2      405     4    -5     T
      175  0.8100000E+02  0.50000E+00    2      409     4    -5     T
      177  0.8200000E+02  0.50000E+00    2      413     4    -5     T
      179  0.8300000E+02  0.50000E+00    2      417     4    -5     T
      181  0.8400000E+02  0.50000E+00    2      421     4    -5     T
      183  0.8500000E+02  0.50000E+00    2      425     4    -5     T
      185  0.8600000E+02  0.50000E+00    2      429     4    -5     T
      187  0.8700000E+02  0.50000E+00    2      433     4    -5     T
      189  0.8800000E+02  0.50000E+00    2      437     4    -5     T
      191  0.8900000E+02  0.50000E+00    2      441     4    -5     T
      193  0.9000000E+02  0.50000E+00    2      445     4    -5     T
      195  0.9100000E+02  0.50000E+00    5      452    -4    -5     T
      197  0.9200000E+02  0.50000E+00    2      458    -4    -5     T
      199  0.9300000E+02  0.50000E+00    4      464    -4    -5     T
      201  0.9400000E+02  0.50000E+00    4      470    -4    -5     T
      203  0.9500000E+02  0.50000E+00    4      476    -4    -5     T
      205  0.9600000E+02  0.50000E+00    4      482    -4    -5     T
      207  0.9700000E+02  0.50000E+00    4      490    -4    -5     T
      209  0.9800000E+02  0.50000E+00    4      498    -4    -5     T
      211  0.9900000E+02  0.50000E+00    5      507    -4    -5     T
      213  0.1000000E+03  0.50000E+00    4      515    -4    -5     T
      215  0.1010000E+03  0.50000E+00    3      522    -4    -5     T
      217  0.1020000E+03  0.50000E+00    2      528    -4    -5     T
      219  0.1030000E+03  0.50000E+00    2      533    -4    -5     T
      221  0.1040000E+03  0.50000E+00    3      538    -4    -5     T
      223  0.1050000E+03  0.50000E+00    3      543    -4    -5     T
      225  0.1060000E+03  0.50000E+00    3      548    -4    -5     T
      227  0.1070000E+03  0.50000E+00    2      553    -4    -5     T
      229  0.1080000E+03  0.50000E+00    2      557    -4    -5     T
      231  0.1090000E+03  0.50000E+00    2      561    -4    -5     T
      233  0.1100000E+03  0.50000E+00    2      565    -4    -5     T
      235  0.1110000E+03  0.50000E+00    2      569    -4    -5     T
      237  0.1120000E+03  0.50000E+00    3      574    -4    -5     T
      239  0.1130000E+03  0.50000E+00    2      578    -4    -5     T
      241  0.1140000E+03  0.50000E+00    2      582    -4    -5     T
      243  0.1150000E+03  0.50000E+00    3      587    -4    -5     T
      245  0.1160000E+03  0.50000E+00    2      591    -4    -5     T
      247  0.1170000E+03  0.50000E+00    2      595    -4    -5     T
      249  0.1180000E+03  0.50000E+00    2      599    -4    -5     T
      251  0.1190000E+03  0.50000E+00    2      603    -4    -5     T
      253  0.1200000E+03  0.50000E+00    2      607    -4    -5     T
      255  0.1210000E+03  0.50000E+00    4      613    -4    -5     T
      257  0.1220000E+03  0.50000E+00    2      619    -4    -5     T
      259  0.1230000E+03  0.50000E+00    2      623    -4    -5     T
      261  0.1240000E+03  0.50000E+00    2      627    -4    -5     T
      263  0.1250000E+03  0.50000E+00    2      631    -4    -5     T
      265  0.1260000E+03  0.50000E+00    4      637    -4    -5     T
      267  0.1270000E+03  0.50000E+00    4      643    -4    -5     T
      269  0.1280000E+03  0.50000E+00    2      647    -4    -5     T
      271  0.1290000E+03  0.50000E+00    2      651    -4    -5     T
      273  0.1300000E+03  0.50000E+00    3      656    -4    -5     T
      275  0.1310000E+03  0.50000E+00    2      660    -4    -5     T
      277  0.1320000E+03  0.50000E+00    2      664    -4    -5     T
      279  0.1330000E+03  0.50000E+00    2      668    -4    -5     T
      281  0.1340000E+03  0.50000E+00    2      672    -4    -5     T
      283  0.1350000E+03  0.50000E+00    4      678    -4    -5     T
      285  0.1360000E+03  0.50000E+00    3      683    -4    -5     T
      287  0.1370000E+03  0.50000E+00    4      690    -4    -5     T
      289  0.1380000E+03  0.50000E+00    3      695    -4    -5     T
      291  0.1390000E+03  0.50000E+00    3      700    -4    -5     T
      293  0.1400000E+03  0.50000E+00    2      704    -4    -5     T
      295  0.1410000E+03  0.50000E+00    3      709    -4    -5     T
      297  0.1420000E+03  0.50000E+00    2      713    -4    -5     T
      299  0.1430000E+03  0.50000E+00    2      717    -4    -5     T
      301  0.1440000E+03  0.50000E+00    2      721    -4    -5     T
      303  0.1450000E+03  0.50000E+00    2      725    -4    -5     T
      305  0.1460000E+03  0.50000E+00    2      729    -4    -5     T
      307  0.1470000E+03  0.50000E+00    2      733    -4    -5     T
      309  0.1480000E+03  0.50000E+00    3      738    -4    -5     T
      311  0.1490000E+03  0.50000E+00    2      742    -4    -5     T
      313  0.1500000E+03  0.50000E+00    2      746    -4    -5     T
      315  0.1510000E+03  0.50000E+00    2      750    -4    -5     T
      317  0.1520000E+03  0.50000E+00    2      754    -4    -5     T
      319  0.1530000E+03  0.50000E+00    2      758    -4    -5     T
      321  0.1540000E+03  0.50000E+00    2      762    -4    -5     T
      323  0.1550000E+03  0.50000E+00    3      767    -4    -5     T
      325  0.1560000E+03  0.50000E+00    2      771    -4    -5     T
      327  0.1570000E+03  0.50000E+00    2      775    -4    -5     T
      329  0.1580000E+03  0.50000E+00    2      779    -4    -5     T
      331  0.1590000E+03  0.50000E+00    2      783    -4    -5     T
      333  0.1600000E+03  0.50000E+00    2      787    -4    -5     T
      335  0.1610000E+03  0.50000E+00    2      791    -4    -5     T
      337  0.1620000E+03  0.50000E+00    3      796    -4    -5     T
      339  0.1630000E+03  0.50000E+00    2      800    -4    -5     T
      341  0.1640000E+03  0.50000E+00    2      804    -4    -5     T
      343  0.1650000E+03  0.50000E+00    2      808    -4    -5     T
      345  0.1660000E+03  0.50000E+00    2      812    -4    -5     T
      347  0.1670000E+03  0.50000E+00    3      817    -4    -5     T
      349  0.1680000E+03  0.50000E+00    2      821    -4    -5     T
      351  0.1690000E+03  0.50000E+00    2      825    -4    -5     T
      353  0.1700000E+03  0.50000E+00    2      829    -4    -5     T
      355  0.1710000E+03  0.50000E+00    2      833    -4    -5     T
      357  0.1720000E+03  0.50000E+00    2      837    -4    -5     T
      359  0.1730000E+03  0.50000E+00    2      841    -4    -5     T
      361  0.1740000E+03  0.50000E+00    2      845    -4    -5     T
      363  0.1750000E+03  0.50000E+00    2      849    -4    -5     T
      950  0.1760000E+03  0.74157E-02    2     3505     4    -5     T
     1061  0.1770000E+03  0.32244E-01    4     3999     4    -5     T
     1165  0.1780000E+03  0.86756E-02    2     4482     4    -5     T
     1183  0.1790000E+03  0.19707E+00    2     4532    -4    -5     T
     1257  0.1800000E+03  0.61864E-02    8     4914     4    -5     T
     1275  0.1810000E+03  0.16446E+00    2     4954    -4    -5     T
     1354  0.1820000E+03  0.43051E-01    5     5353     4    -5     T
     1366  0.1830000E+03  0.16165E+00    2     5387    -4    -5     T
     1457  0.1840000E+03  0.82966E-02    2     5849     4    -5     T
     1472  0.1850000E+03  0.20795E+00    2     5886    -4    -5     T
     1475  0.1860000E+03  0.50000E+00    2     5892    -4    -5     T
     1477  0.1870000E+03  0.50000E+00    2     5896    -4    -5     T
     1479  0.1880000E+03  0.50000E+00    2     5900    -4    -5     T
     1481  0.1890000E+03  0.50000E+00    2     5904    -4    -5     T
     1483  0.1900000E+03  0.50000E+00    2     5908    -4    -5     T
     1485  0.1910000E+03  0.50000E+00    2     5912    -4    -5     T
     1487  0.1920000E+03  0.50000E+00    3     5918    -4    -5     T
     1489  0.1930000E+03  0.50000E+00    3     5923    -4    -5     T
     1677  0.1940000E+03  0.63720E-02    2     6815     4    -5     T
     1768  0.1950000E+03  0.21730E-01    3     7216     4    -5     T
     1842  0.1960000E+03  0.38272E-01    4     7553     4    -5     T
     1924  0.1970000E+03  0.84398E-02    2     7929     4    -5     T
     2002  0.1980000E+03  0.10933E-01    2     8282     4    -5     T
     2101  0.1990000E+03  0.46880E-02    2     8736     4    -5     T
     2118  0.2000000E+03  0.15991E+00    2     8777    -4    -5     T
     2188  0.2010000E+03  0.15277E-01    2     9136     4    -5     T
     2204  0.2020000E+03  0.16750E+00    2     9183    -4    -5     T
     2207  0.2030000E+03  0.37500E+00    2     9189    -4    -5     T
     2209  0.2040000E+03  0.50000E+00    2     9193    -4    -5     T
     2211  0.2050000E+03  0.50000E+00    2     9197    -4    -5     T
     2213  0.2060000E+03  0.50000E+00    2     9201    -4    -5     T
     2215  0.2070000E+03  0.50000E+00    2     9205    -4    -5     T
     2217  0.2080000E+03  0.50000E+00    3     9210    -4    -5     T
     2219  0.2090000E+03  0.50000E+00    2     9214    -4    -5     T
     2221  0.2100000E+03  0.50000E+00    3     9219    -4    -5     T
     2223  0.2110000E+03  0.50000E+00    2     9223    -4    -5     T
     2225  0.2120000E+03  0.50000E+00    3     9228    -4    -5     T
     2227  0.2130000E+03  0.50000E+00    3     9233    -4    -5     T
     2229  0.2140000E+03  0.50000E+00    3     9239    -4    -5     T
     2231  0.2150000E+03  0.50000E+00    2     9243    -4    -5     T
     2233  0.2160000E+03  0.50000E+00    2     9247    -4    -5     T
     2235  0.2170000E+03  0.50000E+00    3     9252    -4    -5     T
     2237  0.2180000E+03  0.50000E+00    2     9256    -4    -5     T
     2239  0.2190000E+03  0.50000E+00    3     9261    -4    -5     T
     2241  0.2200000E+03  0.50000E+00    2     9265    -4    -5     T
     2243  0.2210000E+03  0.50000E+00    2     9269    -4    -5     T
     2245  0.2220000E+03  0.50000E+00    2     9273    -4    -5     T
     2247  0.2230000E+03  0.50000E+00    2     9277    -4    -5     T
     2249  0.2240000E+03  0.50000E+00    2     9281    -4    -5     T
     2251  0.2250000E+03  0.50000E+00    2     9285    -4    -5     T
     2253  0.2260000E+03  0.50000E+00    2     9289    -4    -5     T
     2255  0.2270000E+03  0.50000E+00    2     9293    -4    -5     T
     2257  0.2280000E+03  0.50000E+00    2     9297    -4    -5     T
     2259  0.2290000E+03  0.50000E+00    2     9301    -4    -5     T
     2261  0.2300000E+03  0.50000E+00    2     9305    -4    -5     T
     2263  0.2310000E+03  0.50000E+00    2     9309    -4    -5     T
     2265  0.2320000E+03  0.50000E+00    2     9313    -4    -5     T
     2267  0.2330000E+03  0.50000E+00    2     9317    -4    -5     T
     2269  0.2340000E+03  0.50000E+00    2     9321    -4    -5     T
     2271  0.2350000E+03  0.50000E+00    2     9325    -4    -5     T
     2273  0.2360000E+03  0.50000E+00    2     9329    -4    -5     T
     2275  0.2370000E+03  0.50000E+00    2     9333    -4    -5     T
     2277  0.2380000E+03  0.50000E+00    2     9337    -4    -5     T
     2279  0.2390000E+03  0.50000E+00    2     9341    -4    -5     T
     2281  0.2400000E+03  0.50000E+00    2     9345    -4    -5     T
     2283  0.2410000E+03  0.50000E+00    2     9349    -4    -5     T
     2285  0.2420000E+03  0.50000E+00    2     9353    -4    -5     T
     2287  0.2430000E+03  0.50000E+00    2     9357    -4    -5     T
     2289  0.2440000E+03  0.50000E+00    2     9361    -4    -5     T
     2291  0.2450000E+03  0.50000E+00    5     9372    -4    -5     T
     2293  0.2460000E+03  0.50000E+00    2     9378    -4    -5     T
     2295  0.2470000E+03  0.50000E+00    2     9382    -4    -5     T
     2297  0.2480000E+03  0.50000E+00    2     9386    -4    -5     T
     2299  0.2490000E+03  0.50000E+00    2     9390    -4    -5     T
     2301  0.2500000E+03  0.50000E+00    2     9394    -4    -5     T
     2303  0.2510000E+03  0.50000E+00    2     9398    -4    -5     T
     2305  0.2520000E+03  0.50000E+00    2     9402    -4    -5     T
     2307  0.2530000E+03  0.50000E+00    2     9406    -4    -5     T
     2309  0.2540000E+03  0.50000E+00    2     9410    -4    -5     T
     2311  0.2550000E+03  0.50000E+00    2     9414    -4    -5     T
     2313  0.2560000E+03  0.50000E+00    2     9418    -4    -5     T
     2315  0.2570000E+03  0.50000E+00    2     9422    -4    -5     T
     2317  0.2580000E+03  0.50000E+00    2     9426    -4    -5     T
     2319  0.2590000E+03  0.50000E+00    2     9430    -4    -5     T
     2321  0.2600000E+03  0.50000E+00    2     9434    -4    -5     T
     2323  0.2610000E+03  0.50000E+00    2     9438    -4    -5     T
     2325  0.2620000E+03  0.50000E+00    2     9442    -4    -5     T
     2327  0.2630000E+03  0.50000E+00    2     9446    -4    -5     T
     2329  0.2640000E+03  0.50000E+00    2     9450    -4    -5     T
     2331  0.2650000E+03  0.50000E+00    2     9454    -4    -5     T
     2333  0.2660000E+03  0.50000E+00    2     9458    -4    -5     T
     2335  0.2670000E+03  0.50000E+00    2     9462    -4    -5     T
     2337  0.2680000E+03  0.50000E+00    2     9466    -4    -5     T
     2339  0.2690000E+03  0.50000E+00    2     9470    -4    -5     T
     2341  0.2700000E+03  0.50000E+00    2     9474    -4    -5     T
     2343  0.2710000E+03  0.50000E+00    2     9478    -4    -5     T
     2345  0.2720000E+03  0.50000E+00    2     9482    -4    -5     T
     2347  0.2730000E+03  0.50000E+00    2     9486    -4    -5     T
     2349  0.2740000E+03  0.50000E+00    2     9493    -4    -5     T
     2351  0.2750000E+03  0.50000E+00    4     9502    -4    -5     T
     2353  0.2760000E+03  0.50000E+00    2     9506     4    -5     T
     2355  0.2770000E+03  0.50000E+00    2     9510     4    -5     T
     2357  0.2780000E+03  0.50000E+00    2     9514     4    -5     T
     2359  0.2790000E+03  0.50000E+00    2     9518     4    -5     T
     2361  0.2800000E+03  0.50000E+00    2     9522     4    -5     T
     2363  0.2810000E+03  0.50000E+00    2     9526     4    -5     T
     2365  0.2820000E+03  0.50000E+00    2     9530     4    -5     T
     2367  0.2830000E+03  0.50000E+00    2     9534     4    -5     T
     2369  0.2840000E+03  0.50000E+00    2     9538     4    -5     T
     2371  0.2850000E+03  0.50000E+00    2     9542     4    -5     T
     2373  0.2860000E+03  0.50000E+00    2     9546     4    -5     T
     2375  0.2870000E+03  0.50000E+00    2     9550     4    -5     T
     2377  0.2880000E+03  0.50000E+00    2     9554     4    -5     T
     2379  0.2890000E+03  0.50000E+00    2     9558     4    -5     T
     2381  0.2900000E+03  0.50000E+00    2     9562     4    -5     T
     2383  0.2910000E+03  0.50000E+00    2     9566     4    -5     T
     2385  0.2920000E+03  0.50000E+00    2     9570     4    -5     T
     2387  0.2930000E+03  0.50000E+00    2     9574     4    -5     T
     2389  0.2940000E+03  0.50000E+00    2     9578     4    -5     T
     2391  0.2950000E+03  0.50000E+00    2     9582     4    -5     T
     2393  0.2960000E+03  0.50000E+00    2     9586     4    -5     T
     2395  0.2970000E+03  0.50000E+00    2     9590     4    -5     T
     2397  0.2980000E+03  0.50000E+00    2     9594     4    -5     T
     2399  0.2990000E+03  0.50000E+00    2     9598     4    -5     T
     2401  0.3000000E+03  0.50000E+00    2     9602     4    -5     T
     2403  0.3010000E+03  0.50000E+00    2     9606     4    -5     T
     2405  0.3020000E+03  0.50000E+00    2     9610     4    -5     T
     2407  0.3030000E+03  0.50000E+00    2     9614     4    -5     T
     2409  0.3040000E+03  0.50000E+00    2     9618     4    -5     T
     2411  0.3050000E+03  0.50000E+00    2     9622     4    -5     T
     2413  0.3060000E+03  0.50000E+00    2     9626     4    -5     T
     2415  0.3070000E+03  0.50000E+00    2     9630     4    -5     T
     2417  0.3080000E+03  0.50000E+00    2     9634     4    -5     T
     2419  0.3090000E+03  0.50000E+00    2     9638     4    -5     T
     2421  0.3100000E+03  0.50000E+00    2     9642     4    -5     T
     2423  0.3110000E+03  0.50000E+00    2     9646     4    -5     T
     2425  0.3120000E+03  0.50000E+00    2     9650     4    -5     T
     2427  0.3130000E+03  0.50000E+00    2     9654     4    -5     T
     2429  0.3140000E+03  0.50000E+00    2     9658     4    -5     T
     2431  0.3150000E+03  0.50000E+00    2     9662     4    -5     T
     2433  0.3160000E+03  0.50000E+00    2     9666     4    -5     T
     2435  0.3170000E+03  0.50000E+00    2     9670     4    -5     T
     2437  0.3180000E+03  0.50000E+00    2     9674     4    -5     T
     2439  0.3190000E+03  0.50000E+00    2     9678     4    -5     T
     2441  0.3200000E+03  0.50000E+00    2     9682     4    -5     T
     2443  0.3210000E+03  0.50000E+00    2     9686     4    -5     T
     2445  0.3220000E+03  0.50000E+00    2     9690     4    -5     T
     2447  0.3230000E+03  0.50000E+00    2     9694     4    -5     T
     2449  0.3240000E+03  0.50000E+00    2     9698     4    -5     T
     2451  0.3250000E+03  0.50000E+00    2     9702     4    -5     T
     2453  0.3260000E+03  0.50000E+00    2     9706     4    -5     T
     2455  0.3270000E+03  0.50000E+00    2     9710     4    -5     T
     2457  0.3280000E+03  0.50000E+00    2     9714     4    -5     T
     2459  0.3290000E+03  0.50000E+00    2     9718     4    -5     T
     2461  0.3300000E+03  0.50000E+00    2     9722     4    -5     T
     2463  0.3310000E+03  0.50000E+00    2     9726     4    -5     T
     2465  0.3320000E+03  0.50000E+00    2     9730     4    -5     T
     2467  0.3330000E+03  0.50000E+00    2     9734     4    -5     T
     2469  0.3340000E+03  0.50000E+00    2     9738     4    -5     T
     2471  0.3350000E+03  0.50000E+00    2     9742     4    -5     T
     2473  0.3360000E+03  0.50000E+00    2     9746     4    -5     T
     2475  0.3370000E+03  0.50000E+00    2     9750     4    -5     T
     2477  0.3380000E+03  0.50000E+00    2     9754     4    -5     T
     2479  0.3390000E+03  0.50000E+00    2     9758     4    -5     T
     2481  0.3400000E+03  0.50000E+00    2     9762     4    -5     T
     2483  0.3410000E+03  0.50000E+00    2     9766     4    -5     T
     2485  0.3420000E+03  0.50000E+00    2     9770     4    -5     T
     2487  0.3430000E+03  0.50000E+00    2     9774     4    -5     T
     2489  0.3440000E+03  0.50000E+00    2     9778     4    -5     T
     2491  0.3450000E+03  0.50000E+00    2     9782     4    -5     T
     2493  0.3460000E+03  0.50000E+00    2     9786     4    -5     T
     2495  0.3470000E+03  0.50000E+00    2     9790     4    -5     T
     2497  0.3480000E+03  0.50000E+00    2     9794     4    -5     T
     2499  0.3490000E+03  0.50000E+00    2     9798     4    -5     T
     2501  0.3500000E+03  0.50000E+00    2     9802     4    -5     T
     2503  0.3510000E+03  0.50000E+00    2     9806     4    -5     T
     2505  0.3520000E+03  0.50000E+00    2     9810     4    -5     T
     2507  0.3530000E+03  0.50000E+00    2     9814     4    -5     T
     2509  0.3540000E+03  0.50000E+00    2     9818     4    -5     T
     2511  0.3550000E+03  0.50000E+00    2     9822     4    -5     T
     2513  0.3560000E+03  0.50000E+00    2     9826     4    -5     T
     2515  0.3570000E+03  0.50000E+00    2     9830     4    -5     T
     2517  0.3580000E+03  0.50000E+00    2     9834     4    -5     T
     2519  0.3590000E+03  0.50000E+00    2     9838     4    -5     T
     2521  0.3600000E+03  0.50000E+00    2     9842     4    -5     T
     2523  0.3610000E+03  0.50000E+00    2     9846     4    -5     T
     2525  0.3620000E+03  0.50000E+00    2     9850     4    -5     T
     2527  0.3630000E+03  0.50000E+00    2     9854     4    -5     T
     2529  0.3640000E+03  0.50000E+00    2     9858     4    -5     T
     2531  0.3650000E+03  0.50000E+00    2     9862     4    -5     T
     2533  0.3660000E+03  0.50000E+00    2     9866     4    -5     T
     2535  0.3670000E+03  0.50000E+00    2     9870     4    -5     T
     2537  0.3680000E+03  0.50000E+00    2     9874     4    -5     T
     2539  0.3690000E+03  0.50000E+00    2     9878     4    -5     T
     2541  0.3700000E+03  0.50000E+00    2     9882     4    -5     T
     2543  0.3710000E+03  0.50000E+00    2     9886     4    -5     T
     2545  0.3720000E+03  0.50000E+00    2     9890     4    -5     T
     2547  0.3730000E+03  0.50000E+00    2     9894     4    -5     T
     2549  0.3740000E+03  0.50000E+00    2     9898     4    -5     T
     2551  0.3750000E+03  0.50000E+00    2     9902     4    -5     T
     2553  0.3760000E+03  0.50000E+00    2     9906     4    -5     T
     2555  0.3770000E+03  0.50000E+00    2     9910     4    -5     T
     2557  0.3780000E+03  0.50000E+00    2     9914     4    -5     T
     2559  0.3790000E+03  0.50000E+00    2     9918     4    -5     T
     2561  0.3800000E+03  0.50000E+00    2     9922     4    -5     T
     2563  0.3810000E+03  0.50000E+00    2     9926     4    -5     T
     2565  0.3820000E+03  0.50000E+00    2     9930     4    -5     T
     2567  0.3830000E+03  0.50000E+00    2     9934     4    -5     T
     2569  0.3840000E+03  0.50000E+00    2     9938     4    -5     T
     2571  0.3850000E+03  0.50000E+00    2     9942     4    -5     T
     2573  0.3860000E+03  0.50000E+00    2     9946     4    -5     T
     2575  0.3870000E+03  0.50000E+00    2     9950     4    -5     T
     2577  0.3880000E+03  0.50000E+00    2     9954     4    -5     T
     2579  0.3890000E+03  0.50000E+00    2     9958     4    -5     T
     2581  0.3900000E+03  0.50000E+00    2     9962     4    -5     T
     2583  0.3910000E+03  0.50000E+00    2     9966     4    -5     T
     2585  0.3920000E+03  0.50000E+00    2     9970     4    -5     T
     2587  0.3930000E+03  0.50000E+00    2     9974     4    -5     T
     2589  0.3940000E+03  0.50000E+00    2     9978     4    -5     T
     2591  0.3950000E+03  0.50000E+00    2     9982     4    -5     T
     2593  0.3960000E+03  0.50000E+00    2     9986     4    -5     T
     2595  0.3970000E+03  0.50000E+00    2     9990     4    -5     T
     2597  0.3980000E+03  0.50000E+00    2     9994     4    -5     T
     2599  0.3990000E+03  0.50000E+00    2     9998     4    -5     T
     2601  0.4000000E+03  0.50000E+00    2    10002     4    -5     T
     2603  0.4010000E+03  0.50000E+00    2    10006     4    -5     T
     2605  0.4020000E+03  0.50000E+00    2    10010     4    -5     T
     2607  0.4030000E+03  0.50000E+00    2    10014     4    -5     T
     2609  0.4040000E+03  0.50000E+00    2    10018     4    -5     T
     2611  0.4050000E+03  0.50000E+00    2    10022     4    -5     T
     2613  0.4060000E+03  0.50000E+00    2    10026     4    -5     T
     2615  0.4070000E+03  0.50000E+00    2    10030     4    -5     T
     2617  0.4080000E+03  0.50000E+00    2    10034     4    -5     T
     2619  0.4090000E+03  0.50000E+00    2    10038     4    -5     T
     2621  0.4100000E+03  0.50000E+00    2    10042     4    -5     T
     2623  0.4110000E+03  0.50000E+00    2    10046     4    -5     T
     2625  0.4120000E+03  0.50000E+00    2    10050     4    -5     T
     2627  0.4130000E+03  0.50000E+00    2    10054     4    -5     T
     2629  0.4140000E+03  0.50000E+00    2    10058     4    -5     T
     2631  0.4150000E+03  0.50000E+00    2    10062     4    -5     T
     2633  0.4160000E+03  0.50000E+00    2    10066     4    -5     T
     2635  0.4170000E+03  0.50000E+00    2    10070     4    -5     T
     2637  0.4180000E+03  0.50000E+00    2    10074     4    -5     T
     2639  0.4190000E+03  0.50000E+00    2    10078     4    -5     T
     2641  0.4200000E+03  0.50000E+00    2    10082     4    -5     T
     2643  0.4210000E+03  0.50000E+00    2    10086     4    -5     T
     2645  0.4220000E+03  0.50000E+00    2    10090     4    -5     T
     2647  0.4230000E+03  0.50000E+00    2    10094     4    -5     T
     2649  0.4240000E+03  0.50000E+00    2    10098     4    -5     T
     2651  0.4250000E+03  0.50000E+00    2    10102     4    -5     T
     2653  0.4260000E+03  0.50000E+00    2    10106     4    -5     T
     2655  0.4270000E+03  0.50000E+00    2    10110     4    -5     T
     2657  0.4280000E+03  0.50000E+00    2    10114     4    -5     T
     2659  0.4290000E+03  0.50000E+00    2    10118     4    -5     T
     2661  0.4300000E+03  0.50000E+00    2    10122     4    -5     T
     2663  0.4310000E+03  0.50000E+00    2    10126     4    -5     T
     2665  0.4320000E+03  0.50000E+00    2    10130     4    -5     T
     2667  0.4330000E+03  0.50000E+00    2    10134     4    -5     T
     2669  0.4340000E+03  0.50000E+00    2    10138     4    -5     T
     2671  0.4350000E+03  0.50000E+00    2    10142     4    -5     T
     2673  0.4360000E+03  0.50000E+00    2    10146     4    -5     T
     2675  0.4370000E+03  0.50000E+00    2    10150     4    -5     T
     2677  0.4380000E+03  0.50000E+00    2    10154     4    -5     T
     2679  0.4390000E+03  0.50000E+00    2    10158     4    -5     T
     2681  0.4400000E+03  0.50000E+00    2    10162     4    -5     T
     2683  0.4410000E+03  0.50000E+00    2    10166     4    -5     T
     2685  0.4420000E+03  0.50000E+00    2    10170     4    -5     T
     2687  0.4430000E+03  0.50000E+00    2    10174     4    -5     T
     2689  0.4440000E+03  0.50000E+00    2    10178     4    -5     T
     2691  0.4450000E+03  0.50000E+00    2    10182     4    -5     T
     2693  0.4460000E+03  0.50000E+00    2    10186     4    -5     T
     2695  0.4470000E+03  0.50000E+00    2    10190     4    -5     T
     2697  0.4480000E+03  0.50000E+00    2    10194     4    -5     T
     2699  0.4490000E+03  0.50000E+00    2    10198     4    -5     T
     2701  0.4500000E+03  0.50000E+00    2    10202     4    -5     T
     2703  0.4510000E+03  0.50000E+00    2    10206     4    -5     T
     2705  0.4520000E+03  0.50000E+00    2    10210     4    -5     T
     2707  0.4530000E+03  0.50000E+00    2    10214     4    -5     T
     2709  0.4540000E+03  0.50000E+00    2    10218     4    -5     T
     2711  0.4550000E+03  0.50000E+00    2    10222     4    -5     T
     2713  0.4560000E+03  0.50000E+00    2    10226     4    -5     T
     2715  0.4570000E+03  0.50000E+00    2    10230     4    -5     T
     2717  0.4580000E+03  0.50000E+00    2    10234     4    -5     T
     2719  0.4590000E+03  0.50000E+00    2    10238     4    -5     T
     2721  0.4600000E+03  0.50000E+00    2    10242     4    -5     T
     2723  0.4610000E+03  0.50000E+00    2    10246     4    -5     T
     2725  0.4620000E+03  0.50000E+00    2    10250     4    -5     T
     2727  0.4630000E+03  0.50000E+00    2    10254     4    -5     T
     2729  0.4640000E+03  0.50000E+00    2    10258     4    -5     T
     2731  0.4650000E+03  0.50000E+00    2    10262     4    -5     T
     2733  0.4660000E+03  0.50000E+00    2    10266     4    -5     T
     2735  0.4670000E+03  0.50000E+00    2    10270     4    -5     T
     2737  0.4680000E+03  0.50000E+00    2    10274     4    -5     T
     2739  0.4690000E+03  0.50000E+00    2    10278     4    -5     T
     2741  0.4700000E+03  0.50000E+00    2    10282     4    -5     T
     2743  0.4710000E+03  0.50000E+00    2    10286     4    -5     T
     2745  0.4720000E+03  0.50000E+00    2    10290     4    -5     T
     2747  0.4730000E+03  0.50000E+00    2    10294     4    -5     T
     2749  0.4740000E+03  0.50000E+00    2    10298     4    -5     T
     2751  0.4750000E+03  0.50000E+00    2    10302     4    -5     T
     2753  0.4760000E+03  0.50000E+00    2    10306     4    -5     T
     2755  0.4770000E+03  0.50000E+00    2    10310     4    -5     T
     2757  0.4780000E+03  0.50000E+00    2    10314     4    -5     T
     2759  0.4790000E+03  0.50000E+00    2    10318     4    -5     T
     2761  0.4800000E+03  0.50000E+00    2    10322     4    -5     T
     2763  0.4810000E+03  0.50000E+00    2    10326     4    -5     T
     2765  0.4820000E+03  0.50000E+00    2    10330     4    -5     T
     2767  0.4830000E+03  0.50000E+00    2    10334     4    -5     T
     2769  0.4840000E+03  0.50000E+00    2    10338     4    -5     T
     2771  0.4850000E+03  0.50000E+00    2    10342     4    -5     T
     2773  0.4860000E+03  0.50000E+00    2    10346     4    -5     T
     2775  0.4870000E+03  0.50000E+00    2    10350     4    -5     T
     2777  0.4880000E+03  0.50000E+00    2    10354     4    -5     T
     2779  0.4890000E+03  0.50000E+00    2    10358     4    -5     T
     2781  0.4900000E+03  0.50000E+00    2    10362     4    -5     T
     2783  0.4910000E+03  0.50000E+00    2    10366     4    -5     T
     2785  0.4920000E+03  0.50000E+00    2    10370     4    -5     T
     2787  0.4930000E+03  0.50000E+00    2    10374     4    -5     T
     2789  0.4940000E+03  0.50000E+00    2    10378     4    -5     T
     2791  0.4950000E+03  0.50000E+00    2    10382     4    -5     T
     2793  0.4960000E+03  0.50000E+00    2    10386     4    -5     T
     2795  0.4970000E+03  0.50000E+00    2    10390     4    -5     T
     2797  0.4980000E+03  0.50000E+00    2    10394     4    -5     T
     2799  0.4990000E+03  0.50000E+00    2    10398     4    -5     T
     2801  0.5000000E+03  0.50000E+00    2    10402     4    -5     T
     2803  0.5010000E+03  0.50000E+00    2    10406     4    -5     T
     2805  0.5020000E+03  0.50000E+00    2    10410     4    -5     T
     2807  0.5030000E+03  0.50000E+00    2    10414     4    -5     T
     2809  0.5040000E+03  0.50000E+00    2    10418     4    -5     T
     2811  0.5050000E+03  0.50000E+00    2    10422     4    -5     T
     2813  0.5060000E+03  0.50000E+00    2    10426     4    -5     T
     2815  0.5070000E+03  0.50000E+00    2    10430     4    -5     T
     2817  0.5080000E+03  0.50000E+00    2    10434     4    -5     T
     2819  0.5090000E+03  0.50000E+00    2    10438     4    -5     T
     2821  0.5100000E+03  0.50000E+00    2    10442     4    -5     T
     2823  0.5110000E+03  0.50000E+00    2    10446     4    -5     T
     2825  0.5120000E+03  0.50000E+00    2    10450     4    -5     T
     2827  0.5130000E+03  0.50000E+00    2    10454     4    -5     T
     2829  0.5140000E+03  0.50000E+00    2    10458     4    -5     T
     2831  0.5150000E+03  0.50000E+00    2    10462     4    -5     T
     2833  0.5160000E+03  0.50000E+00    2    10466     4    -5     T
     2835  0.5170000E+03  0.50000E+00    2    10470     4    -5     T
     2837  0.5180000E+03  0.50000E+00    2    10474     4    -5     T
     2839  0.5190000E+03  0.50000E+00    2    10478     4    -5     T
     2841  0.5200000E+03  0.50000E+00    2    10482     4    -5     T
     2843  0.5210000E+03  0.50000E+00    2    10486     4    -5     T
     2845  0.5220000E+03  0.50000E+00    2    10490     4    -5     T
     2847  0.5230000E+03  0.50000E+00    2    10494     4    -5     T
     2849  0.5240000E+03  0.50000E+00    2    10498     4    -5     T
     2851  0.5250000E+03  0.50000E+00    2    10502     4    -5     T
     2853  0.5260000E+03  0.50000E+00    2    10506     4    -5     T
     2855  0.5270000E+03  0.50000E+00    2    10510     4    -5     T
     2857  0.5280000E+03  0.50000E+00    2    10514     4    -5     T
     3433  0.5290000E+03  0.29440E-01    3    13121     4    -5     T
     3569  0.5300000E+03  0.12672E-01    2    13735     4    -5     T
     3667  0.5310000E+03  0.14756E-01    2    14181     4    -5     T
     3775  0.5320000E+03  0.13175E-01    2    14658     4    -5     T
     3850  0.5330000E+03  0.63661E-02    2    15006     4    -5     T
     3944  0.5340000E+03  0.14347E-01    3    15420     4    -5     T
     3960  0.5350000E+03  0.14935E+00    2    15468    -4    -5     T
     3963  0.5360000E+03  0.37500E+00    2    15474    -4    -5     T
     3966  0.5370000E+03  0.33333E+00    2    15480    -4    -5     T
     3968  0.5380000E+03  0.50000E+00    2    15484    -4    -5     T
     3970  0.5390000E+03  0.50000E+00    2    15488    -4    -5     T
     3972  0.5400000E+03  0.50000E+00    4    15494    -4    -5     T
     3974  0.5410000E+03  0.50000E+00    2    15498    -4    -5     T
     3976  0.5420000E+03  0.50000E+00    2    15502    -4    -5     T
     3978  0.5430000E+03  0.50000E+00    3    15507    -4    -5     T
     3980  0.5440000E+03  0.50000E+00    3    15512    -4    -5     T
     3982  0.5450000E+03  0.50000E+00    2    15516    -4    -5     T
     3984  0.5460000E+03  0.50000E+00    4    15522    -4    -5     T
     3986  0.5470000E+03  0.50000E+00    2    15526    -4    -5     T
     3988  0.5480000E+03  0.50000E+00    3    15532    -4    -5     T
     4473  0.5490000E+03  0.21295E-02    2    17732     4    -5     T
     4492  0.5500000E+03  0.20148E+00    2    17775    -4    -5     T
     4601  0.5510000E+03  0.74726E-02    2    18310     4    -5     T
     4619  0.5520000E+03  0.30539E+00    2    18363    -4    -5     T
     4726  0.5530000E+03  0.55277E-02    9    18905     4    -5     T
     4745  0.5540000E+03  0.16312E+00    2    18948    -4    -5     T
     4820  0.5550000E+03  0.13950E-01    2    19328     4    -5     T
     4838  0.5560000E+03  0.15407E+00    2    19380    -4    -5     T
     4922  0.5570000E+03  0.47284E-01    6    19801     4    -5     T
     5006  0.5580000E+03  0.23077E-01    3    20194     4    -5     T
     5018  0.5590000E+03  0.31840E+00    3    20228    -4    -5     T
     5021  0.5600000E+03  0.37500E+00    2    20234    -4    -5     T
     5023  0.5610000E+03  0.50000E+00    2    20238    -4    -5     T
     5025  0.5620000E+03  0.50000E+00    2    20242    -4    -5     T
     5027  0.5630000E+03  0.50000E+00    2    20246    -4    -5     T
     5029  0.5640000E+03  0.50000E+00    2    20250    -4    -5     T
     5031  0.5650000E+03  0.50000E+00    2    20254    -4    -5     T
     5033  0.5660000E+03  0.50000E+00    2    20258    -4    -5     T
     5035  0.5670000E+03  0.50000E+00    3    20263    -4    -5     T
     5037  0.5680000E+03  0.50000E+00    2    20267    -4    -5     T
     5039  0.5690000E+03  0.50000E+00    3    20272    -4    -5     T
     5041  0.5700000E+03  0.50000E+00    4    20278    -4    -5     T
     5043  0.5710000E+03  0.50000E+00    3    20284    -4    -5     T
     5045  0.5720000E+03  0.50000E+00    3    20290    -4    -5     T
     5047  0.5730000E+03  0.50000E+00    2    20294    -4    -5     T
     5049  0.5740000E+03  0.50000E+00    2    20298    -4    -5     T
     5051  0.5750000E+03  0.50000E+00    2    20302    -4    -5     T
     5053  0.5760000E+03  0.50000E+00    2    20306    -4    -5     T
     5055  0.5770000E+03  0.50000E+00    2    20310    -4    -5     T
     5057  0.5780000E+03  0.50000E+00    2    20314    -4    -5     T
     5059  0.5790000E+03  0.50000E+00    2    20318    -4    -5     T
     5061  0.5800000E+03  0.50000E+00    2    20322    -4    -5     T
     5063  0.5810000E+03  0.50000E+00    2    20326    -4    -5     T
     5065  0.5820000E+03  0.50000E+00    2    20330    -4    -5     T
     5067  0.5830000E+03  0.50000E+00    2    20334    -4    -5     T
     5069  0.5840000E+03  0.50000E+00    2    20338    -4    -5     T
     5071  0.5850000E+03  0.50000E+00    2    20342    -4    -5     T
     5073  0.5860000E+03  0.50000E+00    2    20346    -4    -5     T
     5075  0.5870000E+03  0.50000E+00    2    20350    -4    -5     T
     5077  0.5880000E+03  0.50000E+00    2    20354    -4    -5     T
     5079  0.5890000E+03  0.50000E+00    2    20358    -4    -5     T
     5081  0.5900000E+03  0.50000E+00    2    20362    -4    -5     T
     5083  0.5910000E+03  0.50000E+00    2    20366    -4    -5     T
     5085  0.5920000E+03  0.50000E+00    2    20370    -4    -5     T
     5087  0.5930000E+03  0.50000E+00    2    20374    -4    -5     T
     5089  0.5940000E+03  0.50000E+00    2    20378    -4    -5     T
     5091  0.5950000E+03  0.50000E+00    2    20382    -4    -5     T
     5093  0.5960000E+03  0.50000E+00    2    20386    -4    -5     T
     5095  0.5970000E+03  0.50000E+00    2    20390    -4    -5     T
     5097  0.5980000E+03  0.50000E+00    2    20394    -4    -5     T
     5099  0.5990000E+03  0.50000E+00    2    20398    -4    -5     T
     5101  0.6000000E+03  0.50000E+00    2    20402    -4    -5     T
     5103  0.6010000E+03  0.50000E+00    2    20406    -4    -5     T
     5105  0.6020000E+03  0.50000E+00    2    20410    -4    -5     T
     5107  0.6030000E+03  0.50000E+00    2    20414    -4    -5     T
     5109  0.6040000E+03  0.50000E+00    2    20418    -4    -5     T
     5111  0.6050000E+03  0.50000E+00    2    20422    -4    -5     T
     5113  0.6060000E+03  0.50000E+00    2    20426    -4    -5     T
     5115  0.6070000E+03  0.50000E+00    2    20430    -4    -5     T
     5117  0.6080000E+03  0.50000E+00    2    20434    -4    -5     T
     5119  0.6090000E+03  0.50000E+00    2    20438    -4    -5     T
     5121  0.6100000E+03  0.50000E+00    2    20442    -4    -5     T
     5123  0.6110000E+03  0.50000E+00    2    20446    -4    -5     T
     5125  0.6120000E+03  0.50000E+00    2    20450    -4    -5     T
     5127  0.6130000E+03  0.50000E+00    2    20454    -4    -5     T
     5129  0.6140000E+03  0.50000E+00    2    20458    -4    -5     T
     5131  0.6150000E+03  0.50000E+00    2    20462    -4    -5     T
     5133  0.6160000E+03  0.50000E+00    2    20466    -4    -5     T
     5135  0.6170000E+03  0.50000E+00    2    20470    -4    -5     T
     5137  0.6180000E+03  0.50000E+00    2    20474    -4    -5     T
     5139  0.6190000E+03  0.50000E+00    2    20478    -4    -5     T
     5141  0.6200000E+03  0.50000E+00    2    20482    -4    -5     T
     5143  0.6210000E+03  0.50000E+00    2    20486    -4    -5     T
     5145  0.6220000E+03  0.50000E+00    2    20490    -4    -5     T
     5147  0.6230000E+03  0.50000E+00    2    20494    -4    -5     T
     5149  0.6240000E+03  0.50000E+00    2    20498    -4    -5     T
     5151  0.6250000E+03  0.50000E+00    2    20502    -4    -5     T
     5153  0.6260000E+03  0.50000E+00    2    20506    -4    -5     T
     5155  0.6270000E+03  0.50000E+00    2    20510    -4    -5     T
     5157  0.6280000E+03  0.50000E+00    2    20514    -4    -5     T
     5159  0.6290000E+03  0.50000E+00    2    20518    -4    -5     T
     5161  0.6300000E+03  0.50000E+00    2    20522    -4    -5     T
     5163  0.6310000E+03  0.50000E+00    2    20526    -4    -5     T
     5165  0.6320000E+03  0.50000E+00    2    20530    -4    -5     T
     5167  0.6330000E+03  0.50000E+00    2    20534    -4    -5     T
     5169  0.6340000E+03  0.50000E+00    2    20538    -4    -5     T
     5171  0.6350000E+03  0.50000E+00    2    20542    -4    -5     T
     5173  0.6360000E+03  0.50000E+00    2    20546    -4    -5     T
     5175  0.6370000E+03  0.50000E+00    2    20550    -4    -5     T
     5177  0.6380000E+03  0.50000E+00    2    20554    -4    -5     T
     5179  0.6390000E+03  0.50000E+00    2    20558    -4    -5     T
     5181  0.6400000E+03  0.50000E+00    2    20566     4    -5     T
     5183  0.6410000E+03  0.50000E+00    2    20570     4    -5     T
     5185  0.6420000E+03  0.50000E+00    2    20574     4    -5     T
     5187  0.6430000E+03  0.50000E+00    2    20578     4    -5     T
     5189  0.6440000E+03  0.50000E+00    2    20582     4    -5     T
     5191  0.6450000E+03  0.50000E+00    2    20586     4    -5     T
     5193  0.6460000E+03  0.50000E+00    2    20590     4    -5     T
     5195  0.6470000E+03  0.50000E+00    2    20594     4    -5     T
     5197  0.6480000E+03  0.50000E+00    2    20598     4    -5     T
     5199  0.6490000E+03  0.50000E+00    2    20602     4    -5     T
     5201  0.6500000E+03  0.50000E+00    2    20606     4    -5     T
     5203  0.6510000E+03  0.50000E+00    2    20610     4    -5     T
     5205  0.6520000E+03  0.50000E+00    2    20614     4    -5     T
     5207  0.6530000E+03  0.50000E+00    2    20618     4    -5     T
     5209  0.6540000E+03  0.50000E+00    2    20622     4    -5     T
     5211  0.6550000E+03  0.50000E+00    2    20626     4    -5     T
     5213  0.6560000E+03  0.50000E+00    2    20630     4    -5     T
     5215  0.6570000E+03  0.50000E+00    2    20634     4    -5     T
     5217  0.6580000E+03  0.50000E+00    2    20638     4    -5     T
     5219  0.6590000E+03  0.50000E+00    2    20642     4    -5     T
     5221  0.6600000E+03  0.50000E+00    2    20646     4    -5     T
     5223  0.6610000E+03  0.50000E+00    2    20650     4    -5     T
     5225  0.6620000E+03  0.50000E+00    2    20654     4    -5     T
     5227  0.6630000E+03  0.50000E+00    2    20658     4    -5     T
     5229  0.6640000E+03  0.50000E+00    2    20662     4    -5     T
     5231  0.6650000E+03  0.50000E+00    2    20666     4    -5     T
     5233  0.6660000E+03  0.50000E+00    2    20670     4    -5     T
     5235  0.6670000E+03  0.50000E+00    2    20674     4    -5     T
     5237  0.6680000E+03  0.50000E+00    2    20678     4    -5     T
     5239  0.6690000E+03  0.50000E+00    2    20682     4    -5     T
     5241  0.6700000E+03  0.50000E+00    2    20686     4    -5     T
     5243  0.6710000E+03  0.50000E+00    2    20690     4    -5     T
     5245  0.6720000E+03  0.50000E+00    2    20694     4    -5     T
     5247  0.6730000E+03  0.50000E+00    2    20698     4    -5     T
     5249  0.6740000E+03  0.50000E+00    2    20702     4    -5     T
     5251  0.6750000E+03  0.50000E+00    2    20706     4    -5     T
     5253  0.6760000E+03  0.50000E+00    2    20710     4    -5     T
     5255  0.6770000E+03  0.50000E+00    2    20714     4    -5     T
     5257  0.6780000E+03  0.50000E+00    2    20718     4    -5     T
     5259  0.6790000E+03  0.50000E+00    2    20722     4    -5     T
     5261  0.6800000E+03  0.50000E+00    2    20726     4    -5     T
     5263  0.6810000E+03  0.50000E+00    2    20730     4    -5     T
     5265  0.6820000E+03  0.50000E+00    2    20734     4    -5     T
     5267  0.6830000E+03  0.50000E+00    2    20738     4    -5     T
     5269  0.6840000E+03  0.50000E+00    2    20742     4    -5     T
     5271  0.6850000E+03  0.50000E+00    2    20746     4    -5     T
     5273  0.6860000E+03  0.50000E+00    2    20750     4    -5     T
     5275  0.6870000E+03  0.50000E+00    2    20754     4    -5     T
     5277  0.6880000E+03  0.50000E+00    2    20758     4    -5     T
     5279  0.6890000E+03  0.50000E+00    2    20762     4    -5     T
     5281  0.6900000E+03  0.50000E+00    2    20766     4    -5     T
     5283  0.6910000E+03  0.50000E+00    2    20770     4    -5     T
     5285  0.6920000E+03  0.50000E+00    2    20774     4    -5     T
     5287  0.6930000E+03  0.50000E+00    2    20778     4    -5     T
     5289  0.6940000E+03  0.50000E+00    2    20782     4    -5     T
     5291  0.6950000E+03  0.50000E+00    2    20786     4    -5     T
     5293  0.6960000E+03  0.50000E+00    2    20790     4    -5     T
     5295  0.6970000E+03  0.50000E+00    2    20794     4    -5     T
     5297  0.6980000E+03  0.50000E+00    2    20798     4    -5     T
     5299  0.6990000E+03  0.50000E+00    2    20802     4    -5     T
     5301  0.7000000E+03  0.50000E+00    2    20806     4    -5     T
     5303  0.7010000E+03  0.50000E+00    2    20810     4    -5     T
     5305  0.7020000E+03  0.50000E+00    2    20814     4    -5     T
     5307  0.7030000E+03  0.50000E+00    2    20818     4    -5     T
     5309  0.7040000E+03  0.50000E+00    2    20822     4    -5     T
     5311  0.7050000E+03  0.50000E+00    2    20826     4    -5     T
     5313  0.7060000E+03  0.50000E+00    2    20830     4    -5     T
     5315  0.7070000E+03  0.50000E+00    2    20834     4    -5     T
     5317  0.7080000E+03  0.50000E+00    2    20838     4    -5     T
     5319  0.7090000E+03  0.50000E+00    2    20842     4    -5     T
     5321  0.7100000E+03  0.50000E+00    2    20846     4    -5     T
     5323  0.7110000E+03  0.50000E+00    2    20850     4    -5     T
     5325  0.7120000E+03  0.50000E+00    2    20854     4    -5     T
     5327  0.7130000E+03  0.50000E+00    2    20858     4    -5     T
     5329  0.7140000E+03  0.50000E+00    2    20862     4    -5     T
     5331  0.7150000E+03  0.50000E+00    2    20866     4    -5     T
     5333  0.7160000E+03  0.50000E+00    2    20870     4    -5     T
     5335  0.7170000E+03  0.50000E+00    2    20874     4    -5     T
     5337  0.7180000E+03  0.50000E+00    2    20878     4    -5     T
     5339  0.7190000E+03  0.50000E+00    2    20882     4    -5     T
     5341  0.7200000E+03  0.50000E+00    2    20886     4    -5     T
     5343  0.7210000E+03  0.50000E+00    2    20890     4    -5     T
     5345  0.7220000E+03  0.50000E+00    2    20894     4    -5     T
     5347  0.7230000E+03  0.50000E+00    2    20898     4    -5     T
     5349  0.7240000E+03  0.50000E+00    2    20902     4    -5     T
     5351  0.7250000E+03  0.50000E+00    2    20906     4    -5     T
     5353  0.7260000E+03  0.50000E+00    2    20910     4    -5     T
     5355  0.7270000E+03  0.50000E+00    2    20914     4    -5     T
     5357  0.7280000E+03  0.50000E+00    2    20918     4    -5     T
     5359  0.7290000E+03  0.50000E+00    2    20922     4    -5     T
     5361  0.7300000E+03  0.50000E+00    2    20926     4    -5     T
     5363  0.7310000E+03  0.50000E+00    2    20930     4    -5     T
     5365  0.7320000E+03  0.50000E+00    2    20934     4    -5     T
     5367  0.7330000E+03  0.50000E+00    2    20938     4    -5     T
     5369  0.7340000E+03  0.50000E+00    2    20942     4    -5     T
     5371  0.7350000E+03  0.50000E+00    2    20946     4    -5     T
     5373  0.7360000E+03  0.50000E+00    2    20950     4    -5     T
     5375  0.7370000E+03  0.50000E+00    2    20954     4    -5     T
     5377  0.7380000E+03  0.50000E+00    2    20958     4    -5     T
     5379  0.7390000E+03  0.50000E+00    2    20962     4    -5     T
     5381  0.7400000E+03  0.50000E+00    2    20966     4    -5     T
     5383  0.7410000E+03  0.50000E+00    2    20970     4    -5     T
     5385  0.7420000E+03  0.50000E+00    2    20974     4    -5     T
     5387  0.7430000E+03  0.50000E+00    2    20978     4    -5     T
     5389  0.7440000E+03  0.50000E+00    2    20982     4    -5     T
     5391  0.7450000E+03  0.50000E+00    2    20986     4    -5     T
     5393  0.7460000E+03  0.50000E+00    2    20990     4    -5     T
     5395  0.7470000E+03  0.50000E+00    2    20994     4    -5     T
     5397  0.7480000E+03  0.50000E+00    2    20998     4    -5     T
     5399  0.7490000E+03  0.50000E+00    2    21002     4    -5     T
     5401  0.7500000E+03  0.50000E+00    2    21006     4    -5     T
     5403  0.7510000E+03  0.50000E+00    2    21010     4    -5     T
     5405  0.7520000E+03  0.50000E+00    2    21014     4    -5     T
     5407  0.7530000E+03  0.50000E+00    2    21018     4    -5     T
     5409  0.7540000E+03  0.50000E+00    2    21022     4    -5     T
     5411  0.7550000E+03  0.50000E+00    2    21026     4    -5     T
     5413  0.7560000E+03  0.50000E+00    2    21030     4    -5     T
end
