 ******* Program HYDRUS
 ******* 
 None                                                                    
 Date:   5. 1.    Time:  12:37:50
 Units: L = mm   , T = days , M = mmol 


    TLevel      Time          dt      Iter    ItCum  KodT  KodB  Convergency

        3  0.1000000E+01  0.30000E+00    2       12    -4    -5     T
        5  0.2000000E+01  0.50000E+00    2       16    -4    -5     T
        7  0.3000000E+01  0.50000E+00    2       20    -4    -5     T
        9  0.4000000E+01  0.50000E+00    2       24    -4    -5     T
       11  0.5000000E+01  0.50000E+00    2       28    -4    -5     T
       13  0.6000000E+01  0.50000E+00    2       32    -4    -5     T
       15  0.7000000E+01  0.50000E+00    2       37    -4    -5     T
       17  0.8000000E+01  0.50000E+00    2       42    -4    -5     T
       19  0.9000000E+01  0.50000E+00    2       46    -4    -5     T
       21  0.1000000E+02  0.50000E+00    2       51    -4    -5     T
       23  0.1100000E+02  0.50000E+00    2       55    -4    -5     T
       25  0.1200000E+02  0.50000E+00    3       61    -4    -5     T
       27  0.1300000E+02  0.50000E+00    2       66    -4    -5     T
       29  0.1400000E+02  0.50000E+00    3       72    -4    -5     T
       31  0.1500000E+02  0.50000E+00    3       79    -4    -5     T
       33  0.1600000E+02  0.50000E+00    2       83    -4    -5     T
       35  0.1700000E+02  0.50000E+00    2       87    -4    -5     T
       37  0.1800000E+02  0.50000E+00    3       93    -4    -5     T
       39  0.1900000E+02  0.50000E+00    2       98    -4    -5     T
       41  0.2000000E+02  0.50000E+00    2      103    -4    -5     T
       43  0.2100000E+02  0.50000E+00    2      109    -4    -5     T
       45  0.2200000E+02  0.50000E+00    3      116    -4    -5     T
       47  0.2300000E+02  0.50000E+00    2      121    -4    -5     T
       49  0.2400000E+02  0.50000E+00    2      125    -4    -5     T
       51  0.2500000E+02  0.50000E+00    2      130    -4    -5     T
       53  0.2600000E+02  0.50000E+00    3      137    -4    -5     T
       55  0.2700000E+02  0.50000E+00    3      144    -4    -5     T
       57  0.2800000E+02  0.50000E+00    2      148    -4    -5     T
       59  0.2900000E+02  0.50000E+00    2      152    -4    -5     T
       61  0.3000000E+02  0.50000E+00    2      157    -4    -5     T
       63  0.3100000E+02  0.50000E+00    3      163    -4    -5     T
       65  0.3200000E+02  0.50000E+00    2      167    -4    -5     T
       67  0.3300000E+02  0.50000E+00    2      173    -4    -5     T
       69  0.3400000E+02  0.50000E+00    7      187    -4    -5     T
       73  0.3500000E+02  0.25000E+00    4      202    -4    -5     T
       80  0.3600000E+02  0.37037E-01    3      246     4    -5     T
       87  0.3700000E+02  0.19974E+00    2      261     4    -5     T
       90  0.3800000E+02  0.33333E+00    3      268     4    -5     T
       94  0.3900000E+02  0.16667E+00    2      287     4    -5     T
      102  0.4000000E+02  0.83550E-01    2      323     4    -5     T
      109  0.4100000E+02  0.19048E+00    2      347     4    -5     T
      120  0.4200000E+02  0.10289E+00    2      399     4    -5     T
      128  0.4300000E+02  0.18277E+00    2      425     4    -5     T
      131  0.4400000E+02  0.50000E+00    2      431     4    -5     T
      133  0.4500000E+02  0.50000E+00    2      435    -4    -5     T
      141  0.4600000E+02  0.22685E+00    2      473     4    -5     T
      144  0.4700000E+02  0.37500E+00    2      479     4    -5     T
      146  0.4800000E+02  0.50000E+00    2      483     4    -5     T
      148  0.4900000E+02  0.50000E+00    2      487     4    -5     T
      150  0.5000000E+02  0.50000E+00    2      491     4    -5     T
      152  0.5100000E+02  0.50000E+00    2      495     4    -5     T
      154  0.5200000E+02  0.50000E+00    4      502     4    -5     T
      156  0.5300000E+02  0.50000E+00    9      518    -4    -5     T
      159  0.5400000E+02  0.37500E+00    4      530    -4    -5     T
      162  0.5500000E+02  0.33333E+00    2      539    -4    -5     T
      171  0.5600000E+02  0.18056E+00    2      588     4    -5     T
      175  0.5700000E+02  0.26667E+00    2      598     4    -5     T
      178  0.5800000E+02  0.33333E+00    5      612     4    -5     T
      181  0.5900000E+02  0.33333E+00    4      623     4    -5     T
      183  0.6000000E+02  0.50000E+00    2      627     4    -5     T
      185  0.6100000E+02  0.50000E+00    2      631     4    -5     T
      187  0.6200000E+02  0.50000E+00    2      635     4    -5     T
      189  0.6300000E+02  0.50000E+00    2      639     4    -5     T
      191  0.6400000E+02  0.50000E+00    3      645    -4    -5     T
      195  0.6500000E+02  0.16667E+00    2      666     4    -5     T
      198  0.6600000E+02  0.37500E+00    2      672     4    -5     T
      200  0.6700000E+02  0.50000E+00    2      676     4    -5     T
      202  0.6800000E+02  0.50000E+00    2      680     4    -5     T
      204  0.6900000E+02  0.50000E+00    9      693    -4    -5     T
      209  0.7000000E+02  0.11111E+00    2      716     4    -5     T
      213  0.7100000E+02  0.26667E+00    2      724     4    -5     T
      215  0.7200000E+02  0.50000E+00    2      728     4    -5     T
      217  0.7300000E+02  0.50000E+00    2      732     4    -5     T
      219  0.7400000E+02  0.50000E+00    2      736     4    -5     T
      221  0.7500000E+02  0.50000E+00    2      740     4    -5     T
      223  0.7600000E+02  0.50000E+00    2      744     4    -5     T
      225  0.7700000E+02  0.50000E+00    2      748     4    -5     T
      227  0.7800000E+02  0.50000E+00    2      752     4    -5     T
      229  0.7900000E+02  0.50000E+00    2      756     4    -5     T
      231  0.8000000E+02  0.50000E+00    2      760     4    -5     T
      233  0.8100000E+02  0.50000E+00    2      764     4    -5     T
      235  0.8200000E+02  0.50000E+00    2      768     4    -5     T
      237  0.8300000E+02  0.50000E+00    2      772     4    -5     T
      239  0.8400000E+02  0.50000E+00    2      776     4    -5     T
      241  0.8500000E+02  0.50000E+00    2      780     4    -5     T
      243  0.8600000E+02  0.50000E+00    2      784     4    -5     T
      245  0.8700000E+02  0.50000E+00    3      791     4    -5     T
      247  0.8800000E+02  0.50000E+00    2      796     4    -5     T
      249  0.8900000E+02  0.50000E+00    2      801     4    -5     T
      251  0.9000000E+02  0.50000E+00    3      806     4    -5     T
      253  0.9100000E+02  0.50000E+00    8      820    -4    -5     T
      257  0.9200000E+02  0.22222E+00    3      839    -4    -5     T
      260  0.9300000E+02  0.33333E+00    2      849    -4    -5     T
      262  0.9400000E+02  0.50000E+00    2      853    -4    -5     T
      264  0.9500000E+02  0.50000E+00    2      857    -4    -5     T
      266  0.9600000E+02  0.50000E+00    2      861    -4    -5     T
      268  0.9700000E+02  0.50000E+00    2      865    -4    -5     T
      270  0.9800000E+02  0.50000E+00    2      869    -4    -5     T
      272  0.9900000E+02  0.50000E+00    2      873    -4    -5     T
      274  0.1000000E+03  0.50000E+00    2      877    -4    -5     T
      276  0.1010000E+03  0.50000E+00    2      881    -4    -5     T
      278  0.1020000E+03  0.50000E+00    2      885    -4    -5     T
      280  0.1030000E+03  0.50000E+00    2      889    -4    -5     T
      282  0.1040000E+03  0.50000E+00    2      893    -4    -5     T
      284  0.1050000E+03  0.50000E+00    2      897    -4    -5     T
      286  0.1060000E+03  0.50000E+00    2      901    -4    -5     T
      288  0.1070000E+03  0.50000E+00    2      905    -4    -5     T
      290  0.1080000E+03  0.50000E+00    2      909    -4    -5     T
      292  0.1090000E+03  0.50000E+00    2      913    -4    -5     T
      294  0.1100000E+03  0.50000E+00    2      917    -4    -5     T
      296  0.1110000E+03  0.50000E+00    2      921    -4    -5     T
      298  0.1120000E+03  0.50000E+00    2      925    -4    -5     T
      300  0.1130000E+03  0.50000E+00    2      929    -4    -5     T
      302  0.1140000E+03  0.50000E+00    2      933    -4    -5     T
      304  0.1150000E+03  0.50000E+00    2      937    -4    -5     T
      306  0.1160000E+03  0.50000E+00    2      941    -4    -5     T
      308  0.1170000E+03  0.50000E+00    2      945    -4    -5     T
      310  0.1180000E+03  0.50000E+00    2      949    -4    -5     T
      312  0.1190000E+03  0.50000E+00    2      953    -4    -5     T
      314  0.1200000E+03  0.50000E+00    2      957    -4    -5     T
      316  0.1210000E+03  0.50000E+00    2      961    -4    -5     T
      318  0.1220000E+03  0.50000E+00    2      965    -4    -5     T
      320  0.1230000E+03  0.50000E+00    2      969    -4    -5     T
      322  0.1240000E+03  0.50000E+00    2      973    -4    -5     T
      324  0.1250000E+03  0.50000E+00    2      977    -4    -5     T
      326  0.1260000E+03  0.50000E+00    2      981    -4    -5     T
      328  0.1270000E+03  0.50000E+00    2      985    -4    -5     T
      330  0.1280000E+03  0.50000E+00    2      989    -4    -5     T
      332  0.1290000E+03  0.50000E+00    2      993    -4    -5     T
      334  0.1300000E+03  0.50000E+00    2      997    -4    -5     T
      336  0.1310000E+03  0.50000E+00    2     1001    -4    -5     T
      338  0.1320000E+03  0.50000E+00    2     1005    -4    -5     T
      340  0.1330000E+03  0.50000E+00    2     1009    -4    -5     T
      342  0.1340000E+03  0.50000E+00    2     1013    -4    -5     T
      344  0.1350000E+03  0.50000E+00    2     1017    -4    -5     T
      346  0.1360000E+03  0.50000E+00    2     1021    -4    -5     T
      348  0.1370000E+03  0.50000E+00    2     1025    -4    -5     T
      350  0.1380000E+03  0.50000E+00    2     1029    -4    -5     T
      352  0.1390000E+03  0.50000E+00    2     1033    -4    -5     T
      354  0.1400000E+03  0.50000E+00    2     1037    -4    -5     T
      356  0.1410000E+03  0.50000E+00    2     1041    -4    -5     T
      358  0.1420000E+03  0.50000E+00    2     1045    -4    -5     T
      360  0.1430000E+03  0.50000E+00    2     1049    -4    -5     T
      362  0.1440000E+03  0.50000E+00    2     1053    -4    -5     T
      364  0.1450000E+03  0.50000E+00    2     1057    -4    -5     T
      366  0.1460000E+03  0.50000E+00    2     1061    -4    -5     T
      368  0.1470000E+03  0.50000E+00    2     1065    -4    -5     T
      370  0.1480000E+03  0.50000E+00    2     1069    -4    -5     T
      372  0.1490000E+03  0.50000E+00    2     1073    -4    -5     T
      374  0.1500000E+03  0.50000E+00    2     1077    -4    -5     T
      376  0.1510000E+03  0.50000E+00    2     1081    -4    -5     T
      378  0.1520000E+03  0.50000E+00    2     1085    -4    -5     T
      380  0.1530000E+03  0.50000E+00    2     1089    -4    -5     T
      382  0.1540000E+03  0.50000E+00    2     1093    -4    -5     T
      384  0.1550000E+03  0.50000E+00    2     1097    -4    -5     T
      386  0.1560000E+03  0.50000E+00    2     1101    -4    -5     T
      388  0.1570000E+03  0.50000E+00    2     1105    -4    -5     T
      390  0.1580000E+03  0.50000E+00    2     1109    -4    -5     T
      392  0.1590000E+03  0.50000E+00    2     1113    -4    -5     T
      394  0.1600000E+03  0.50000E+00    2     1117    -4    -5     T
      396  0.1610000E+03  0.50000E+00    2     1121    -4    -5     T
      398  0.1620000E+03  0.50000E+00    2     1125    -4    -5     T
      400  0.1630000E+03  0.50000E+00    2     1129    -4    -5     T
      402  0.1640000E+03  0.50000E+00    2     1133    -4    -5     T
      404  0.1650000E+03  0.50000E+00    2     1137    -4    -5     T
      406  0.1660000E+03  0.50000E+00    2     1141    -4    -5     T
      408  0.1670000E+03  0.50000E+00    2     1145    -4    -5     T
      410  0.1680000E+03  0.50000E+00    2     1149    -4    -5     T
      412  0.1690000E+03  0.50000E+00    2     1153    -4    -5     T
      414  0.1700000E+03  0.50000E+00    2     1157    -4    -5     T
      416  0.1710000E+03  0.50000E+00    2     1161    -4    -5     T
      418  0.1720000E+03  0.50000E+00    2     1165    -4    -5     T
      420  0.1730000E+03  0.50000E+00    2     1169    -4    -5     T
      422  0.1740000E+03  0.50000E+00    2     1173    -4    -5     T
      424  0.1750000E+03  0.50000E+00    2     1177    -4    -5     T
      475  0.1760000E+03  0.30305E-01    4     1425    -4    -5     T
      496  0.1770000E+03  0.71775E-01    5     1507    -4    -5     T
      512  0.1780000E+03  0.61510E-01    5     1575    -4    -5     T
      526  0.1790000E+03  0.86113E-01    4     1630    -4    -5     T
      540  0.1800000E+03  0.14563E+00    9     1697    -4    -5     T
      554  0.1810000E+03  0.72376E-01    4     1764    -4    -5     T
      568  0.1820000E+03  0.97873E-01    3     1820    -4    -5     T
      578  0.1830000E+03  0.95238E-01    4     1871    -4    -5     T
      587  0.1840000E+03  0.13383E+00    4     1910    -4    -5     T
      595  0.1850000E+03  0.12500E+00    4     1943    -4    -5     T
      603  0.1860000E+03  0.12500E+00    3     1973    -4    -5     T
      609  0.1870000E+03  0.16667E+00    3     1996    -4    -5     T
      613  0.1880000E+03  0.30000E+00    5     2013    -4    -5     T
      616  0.1890000E+03  0.37500E+00    4     2024    -4    -5     T
      619  0.1900000E+03  0.33333E+00    3     2033    -4    -5     T
      621  0.1910000E+03  0.50000E+00    4     2041    -4    -5     T
      623  0.1920000E+03  0.50000E+00    3     2048    -4    -5     T
      625  0.1930000E+03  0.50000E+00    3     2054    -4    -5     T
      640  0.1940000E+03  0.71852E-01    3     2137    -4    -5     T
      648  0.1950000E+03  0.14593E+00    3     2165    -4    -5     T
      653  0.1960000E+03  0.20000E+00    3     2182    -4    -5     T
      656  0.1970000E+03  0.33333E+00    4     2194    -4    -5     T
      659  0.1980000E+03  0.33333E+00    3     2203    -4    -5     T
      662  0.1990000E+03  0.33333E+00    7     2223    -4    -5     T
      667  0.2000000E+03  0.20000E+00    3     2242    -4    -5     T
      671  0.2010000E+03  0.25000E+00    3     2259    -4    -5     T
      674  0.2020000E+03  0.33333E+00    2     2268    -4    -5     T
      676  0.2030000E+03  0.50000E+00    3     2274    -4    -5     T
      678  0.2040000E+03  0.50000E+00    3     2280    -4    -5     T
      680  0.2050000E+03  0.50000E+00    3     2286    -4    -5     T
      682  0.2060000E+03  0.50000E+00    3     2292    -4    -5     T
      684  0.2070000E+03  0.50000E+00    3     2298    -4    -5     T
      686  0.2080000E+03  0.50000E+00    3     2304    -4    -5     T
      688  0.2090000E+03  0.50000E+00    3     2310    -4    -5     T
      690  0.2100000E+03  0.50000E+00    3     2315    -4    -5     T
      692  0.2110000E+03  0.50000E+00    2     2319    -4    -5     T
      694  0.2120000E+03  0.50000E+00    2     2323    -4    -5     T
      696  0.2130000E+03  0.50000E+00    2     2327    -4    -5     T
      698  0.2140000E+03  0.50000E+00    2     2331    -4    -5     T
      700  0.2150000E+03  0.50000E+00    2     2335    -4    -5     T
      702  0.2160000E+03  0.50000E+00    2     2339    -4    -5     T
      704  0.2170000E+03  0.50000E+00    3     2344    -4    -5     T
      706  0.2180000E+03  0.50000E+00    2     2348    -4    -5     T
      708  0.2190000E+03  0.50000E+00    3     2353    -4    -5     T
      710  0.2200000E+03  0.50000E+00    2     2357    -4    -5     T
      712  0.2210000E+03  0.50000E+00    2     2361    -4    -5     T
      714  0.2220000E+03  0.50000E+00    2     2365    -4    -5     T
      716  0.2230000E+03  0.50000E+00    2     2369    -4    -5     T
      718  0.2240000E+03  0.50000E+00    2     2373    -4    -5     T
      720  0.2250000E+03  0.50000E+00    2     2377    -4    -5     T
      722  0.2260000E+03  0.50000E+00    2     2381    -4    -5     T
      724  0.2270000E+03  0.50000E+00    2     2385    -4    -5     T
      726  0.2280000E+03  0.50000E+00    2     2389    -4    -5     T
      728  0.2290000E+03  0.50000E+00    2     2393    -4    -5     T
      730  0.2300000E+03  0.50000E+00    2     2397    -4    -5     T
      732  0.2310000E+03  0.50000E+00    2     2401    -4    -5     T
      734  0.2320000E+03  0.50000E+00    2     2405    -4    -5     T
      736  0.2330000E+03  0.50000E+00    2     2409    -4    -5     T
      738  0.2340000E+03  0.50000E+00    2     2413    -4    -5     T
      740  0.2350000E+03  0.50000E+00    2     2417    -4    -5     T
      742  0.2360000E+03  0.50000E+00    2     2421    -4    -5     T
      744  0.2370000E+03  0.50000E+00    2     2425    -4    -5     T
      746  0.2380000E+03  0.50000E+00    2     2429    -4    -5     T
      748  0.2390000E+03  0.50000E+00    2     2433    -4    -5     T
      750  0.2400000E+03  0.50000E+00    2     2437    -4    -5     T
      752  0.2410000E+03  0.50000E+00    2     2441    -4    -5     T
      754  0.2420000E+03  0.50000E+00    2     2445    -4    -5     T
      756  0.2430000E+03  0.50000E+00    2     2449    -4    -5     T
      758  0.2440000E+03  0.50000E+00    2     2453    -4    -5     T
      760  0.2450000E+03  0.50000E+00    5     2460    -4    -5     T
      762  0.2460000E+03  0.50000E+00    3     2465    -4    -5     T
      764  0.2470000E+03  0.50000E+00    2     2469    -4    -5     T
      766  0.2480000E+03  0.50000E+00    2     2473    -4    -5     T
      768  0.2490000E+03  0.50000E+00    2     2477    -4    -5     T
      770  0.2500000E+03  0.50000E+00    2     2481    -4    -5     T
      772  0.2510000E+03  0.50000E+00    2     2485    -4    -5     T
      774  0.2520000E+03  0.50000E+00    2     2489    -4    -5     T
      776  0.2530000E+03  0.50000E+00    2     2493    -4    -5     T
      778  0.2540000E+03  0.50000E+00    2     2497    -4    -5     T
      780  0.2550000E+03  0.50000E+00    2     2501    -4    -5     T
      782  0.2560000E+03  0.50000E+00    2     2505    -4    -5     T
      784  0.2570000E+03  0.50000E+00    2     2509    -4    -5     T
      786  0.2580000E+03  0.50000E+00    2     2513    -4    -5     T
      788  0.2590000E+03  0.50000E+00    2     2517    -4    -5     T
      790  0.2600000E+03  0.50000E+00    2     2521    -4    -5     T
      792  0.2610000E+03  0.50000E+00    2     2525    -4    -5     T
      794  0.2620000E+03  0.50000E+00    2     2529    -4    -5     T
      796  0.2630000E+03  0.50000E+00    2     2533    -4    -5     T
      798  0.2640000E+03  0.50000E+00    2     2537    -4    -5     T
      800  0.2650000E+03  0.50000E+00    2     2541    -4    -5     T
      802  0.2660000E+03  0.50000E+00    2     2545    -4    -5     T
      804  0.2670000E+03  0.50000E+00    2     2549    -4    -5     T
      806  0.2680000E+03  0.50000E+00    2     2553    -4    -5     T
      808  0.2690000E+03  0.50000E+00    2     2557    -4    -5     T
      810  0.2700000E+03  0.50000E+00    2     2561    -4    -5     T
      812  0.2710000E+03  0.50000E+00    2     2565    -4    -5     T
      814  0.2720000E+03  0.50000E+00    2     2569    -4    -5     T
      816  0.2730000E+03  0.50000E+00    2     2573    -4    -5     T
      818  0.2740000E+03  0.50000E+00    2     2579    -4    -5     T
      830  0.2750000E+03  0.11357E+00    2     2643     4    -5     T
      834  0.2760000E+03  0.26667E+00    2     2651     4    -5     T
      836  0.2770000E+03  0.50000E+00    2     2655     4    -5     T
      838  0.2780000E+03  0.50000E+00    2     2659     4    -5     T
      840  0.2790000E+03  0.50000E+00    2     2663     4    -5     T
      842  0.2800000E+03  0.50000E+00    2     2667     4    -5     T
      844  0.2810000E+03  0.50000E+00    2     2671     4    -5     T
      846  0.2820000E+03  0.50000E+00    2     2675     4    -5     T
      848  0.2830000E+03  0.50000E+00    2     2679     4    -5     T
      850  0.2840000E+03  0.50000E+00    2     2683     4    -5     T
      852  0.2850000E+03  0.50000E+00    2     2687     4    -5     T
      854  0.2860000E+03  0.50000E+00    2     2691     4    -5     T
      856  0.2870000E+03  0.50000E+00    2     2695     4    -5     T
      858  0.2880000E+03  0.50000E+00    2     2699     4    -5     T
      860  0.2890000E+03  0.50000E+00    2     2703     4    -5     T
      862  0.2900000E+03  0.50000E+00    2     2707     4    -5     T
      864  0.2910000E+03  0.50000E+00    2     2711     4    -5     T
      866  0.2920000E+03  0.50000E+00    2     2715     4    -5     T
      868  0.2930000E+03  0.50000E+00    2     2719     4    -5     T
      870  0.2940000E+03  0.50000E+00    2     2723     4    -5     T
      872  0.2950000E+03  0.50000E+00    2     2727     4    -5     T
      874  0.2960000E+03  0.50000E+00    2     2731     4    -5     T
      876  0.2970000E+03  0.50000E+00    2     2735     4    -5     T
      878  0.2980000E+03  0.50000E+00    2     2739     4    -5     T
      880  0.2990000E+03  0.50000E+00    2     2743     4    -5     T
      882  0.3000000E+03  0.50000E+00    2     2747     4    -5     T
      884  0.3010000E+03  0.50000E+00    2     2751     4    -5     T
      886  0.3020000E+03  0.50000E+00    2     2755     4    -5     T
      888  0.3030000E+03  0.50000E+00    2     2759     4    -5     T
      890  0.3040000E+03  0.50000E+00    2     2763     4    -5     T
      892  0.3050000E+03  0.50000E+00    2     2767     4    -5     T
      894  0.3060000E+03  0.50000E+00    2     2771     4    -5     T
      896  0.3070000E+03  0.50000E+00    2     2775     4    -5     T
      898  0.3080000E+03  0.50000E+00    2     2779     4    -5     T
      900  0.3090000E+03  0.50000E+00    2     2783     4    -5     T
      902  0.3100000E+03  0.50000E+00    2     2787     4    -5     T
      904  0.3110000E+03  0.50000E+00    2     2791     4    -5     T
      906  0.3120000E+03  0.50000E+00    2     2795     4    -5     T
      908  0.3130000E+03  0.50000E+00    2     2799     4    -5     T
      910  0.3140000E+03  0.50000E+00    2     2803     4    -5     T
      912  0.3150000E+03  0.50000E+00    2     2807     4    -5     T
      914  0.3160000E+03  0.50000E+00    2     2811     4    -5     T
      916  0.3170000E+03  0.50000E+00    2     2815     4    -5     T
      918  0.3180000E+03  0.50000E+00    2     2819     4    -5     T
      920  0.3190000E+03  0.50000E+00    2     2823     4    -5     T
      922  0.3200000E+03  0.50000E+00    2     2827     4    -5     T
      924  0.3210000E+03  0.50000E+00    2     2831     4    -5     T
      926  0.3220000E+03  0.50000E+00    2     2835     4    -5     T
      928  0.3230000E+03  0.50000E+00    2     2839     4    -5     T
      930  0.3240000E+03  0.50000E+00    2     2843     4    -5     T
      932  0.3250000E+03  0.50000E+00    2     2847     4    -5     T
      934  0.3260000E+03  0.50000E+00    2     2851     4    -5     T
      936  0.3270000E+03  0.50000E+00    2     2855     4    -5     T
      938  0.3280000E+03  0.50000E+00    2     2859     4    -5     T
      940  0.3290000E+03  0.50000E+00    2     2863     4    -5     T
      942  0.3300000E+03  0.50000E+00    2     2867     4    -5     T
      944  0.3310000E+03  0.50000E+00    2     2871     4    -5     T
      946  0.3320000E+03  0.50000E+00    2     2875     4    -5     T
      948  0.3330000E+03  0.50000E+00    2     2879     4    -5     T
      950  0.3340000E+03  0.50000E+00    2     2883     4    -5     T
      952  0.3350000E+03  0.50000E+00    2     2887     4    -5     T
      954  0.3360000E+03  0.50000E+00    2     2891     4    -5     T
      956  0.3370000E+03  0.50000E+00    2     2895     4    -5     T
      958  0.3380000E+03  0.50000E+00    2     2899     4    -5     T
      960  0.3390000E+03  0.50000E+00    2     2903     4    -5     T
      962  0.3400000E+03  0.50000E+00    2     2907     4    -5     T
      964  0.3410000E+03  0.50000E+00    2     2911     4    -5     T
      966  0.3420000E+03  0.50000E+00    2     2915     4    -5     T
      968  0.3430000E+03  0.50000E+00    2     2919     4    -5     T
      970  0.3440000E+03  0.50000E+00    2     2923     4    -5     T
      972  0.3450000E+03  0.50000E+00    2     2927     4    -5     T
      974  0.3460000E+03  0.50000E+00    2     2931     4    -5     T
      976  0.3470000E+03  0.50000E+00    2     2935     4    -5     T
      978  0.3480000E+03  0.50000E+00    2     2939     4    -5     T
      980  0.3490000E+03  0.50000E+00    2     2943     4    -5     T
      982  0.3500000E+03  0.50000E+00    2     2947     4    -5     T
      984  0.3510000E+03  0.50000E+00    2     2951     4    -5     T
      986  0.3520000E+03  0.50000E+00    2     2955     4    -5     T
      988  0.3530000E+03  0.50000E+00    2     2959     4    -5     T
      990  0.3540000E+03  0.50000E+00    2     2963     4    -5     T
      992  0.3550000E+03  0.50000E+00    2     2967     4    -5     T
      994  0.3560000E+03  0.50000E+00    2     2971     4    -5     T
      996  0.3570000E+03  0.50000E+00    2     2975     4    -5     T
      998  0.3580000E+03  0.50000E+00    2     2979     4    -5     T
     1000  0.3590000E+03  0.50000E+00    2     2983     4    -5     T
     1002  0.3600000E+03  0.50000E+00    2     2987     4    -5     T
     1004  0.3610000E+03  0.50000E+00    2     2991     4    -5     T
     1006  0.3620000E+03  0.50000E+00    2     2995     4    -5     T
     1008  0.3630000E+03  0.50000E+00    2     2999     4    -5     T
     1010  0.3640000E+03  0.50000E+00    2     3003     4    -5     T
     1012  0.3650000E+03  0.50000E+00    2     3007     4    -5     T
     1014  0.3660000E+03  0.50000E+00    2     3011     4    -5     T
     1016  0.3670000E+03  0.50000E+00    2     3015     4    -5     T
     1018  0.3680000E+03  0.50000E+00    2     3019     4    -5     T
     1020  0.3690000E+03  0.50000E+00    2     3023     4    -5     T
     1022  0.3700000E+03  0.50000E+00    2     3027     4    -5     T
     1024  0.3710000E+03  0.50000E+00    2     3031     4    -5     T
     1026  0.3720000E+03  0.50000E+00    2     3035     4    -5     T
     1028  0.3730000E+03  0.50000E+00    2     3039     4    -5     T
     1030  0.3740000E+03  0.50000E+00    2     3043     4    -5     T
     1032  0.3750000E+03  0.50000E+00    2     3047     4    -5     T
     1034  0.3760000E+03  0.50000E+00    2     3051     4    -5     T
     1036  0.3770000E+03  0.50000E+00    2     3055     4    -5     T
     1038  0.3780000E+03  0.50000E+00    2     3059     4    -5     T
     1040  0.3790000E+03  0.50000E+00    2     3063     4    -5     T
     1042  0.3800000E+03  0.50000E+00    2     3067     4    -5     T
     1044  0.3810000E+03  0.50000E+00    2     3071     4    -5     T
     1046  0.3820000E+03  0.50000E+00    2     3075     4    -5     T
     1048  0.3830000E+03  0.50000E+00    2     3079     4    -5     T
     1050  0.3840000E+03  0.50000E+00    2     3083     4    -5     T
     1052  0.3850000E+03  0.50000E+00    2     3087     4    -5     T
     1054  0.3860000E+03  0.50000E+00    2     3091     4    -5     T
     1056  0.3870000E+03  0.50000E+00    2     3095     4    -5     T
     1058  0.3880000E+03  0.50000E+00    2     3099     4    -5     T
     1060  0.3890000E+03  0.50000E+00    2     3103     4    -5     T
     1062  0.3900000E+03  0.50000E+00    2     3107     4    -5     T
     1064  0.3910000E+03  0.50000E+00    2     3111     4    -5     T
     1066  0.3920000E+03  0.50000E+00    2     3115     4    -5     T
     1068  0.3930000E+03  0.50000E+00    2     3119     4    -5     T
     1070  0.3940000E+03  0.50000E+00    2     3123     4    -5     T
     1072  0.3950000E+03  0.50000E+00    2     3127     4    -5     T
     1074  0.3960000E+03  0.50000E+00    2     3131     4    -5     T
     1076  0.3970000E+03  0.50000E+00    2     3135     4    -5     T
     1078  0.3980000E+03  0.50000E+00    2     3139     4    -5     T
     1080  0.3990000E+03  0.50000E+00    2     3143     4    -5     T
     1082  0.4000000E+03  0.50000E+00    2     3147     4    -5     T
     1084  0.4010000E+03  0.50000E+00    2     3151     4    -5     T
     1086  0.4020000E+03  0.50000E+00    2     3155     4    -5     T
     1088  0.4030000E+03  0.50000E+00    2     3159     4    -5     T
     1090  0.4040000E+03  0.50000E+00    2     3163     4    -5     T
     1092  0.4050000E+03  0.50000E+00    2     3167     4    -5     T
     1094  0.4060000E+03  0.50000E+00    2     3171     4    -5     T
     1096  0.4070000E+03  0.50000E+00    2     3175     4    -5     T
     1098  0.4080000E+03  0.50000E+00    2     3179     4    -5     T
     1100  0.4090000E+03  0.50000E+00    2     3183     4    -5     T
     1102  0.4100000E+03  0.50000E+00    2     3187     4    -5     T
     1104  0.4110000E+03  0.50000E+00    2     3191     4    -5     T
     1106  0.4120000E+03  0.50000E+00    2     3195     4    -5     T
     1108  0.4130000E+03  0.50000E+00    2     3199     4    -5     T
     1110  0.4140000E+03  0.50000E+00    2     3203     4    -5     T
     1112  0.4150000E+03  0.50000E+00    2     3207     4    -5     T
     1114  0.4160000E+03  0.50000E+00    2     3211     4    -5     T
     1116  0.4170000E+03  0.50000E+00    2     3215     4    -5     T
     1118  0.4180000E+03  0.50000E+00    2     3219     4    -5     T
     1120  0.4190000E+03  0.50000E+00    2     3223     4    -5     T
     1122  0.4200000E+03  0.50000E+00    2     3227     4    -5     T
     1124  0.4210000E+03  0.50000E+00    2     3231     4    -5     T
     1126  0.4220000E+03  0.50000E+00    2     3235     4    -5     T
     1128  0.4230000E+03  0.50000E+00    2     3239     4    -5     T
     1130  0.4240000E+03  0.50000E+00    2     3243     4    -5     T
     1132  0.4250000E+03  0.50000E+00    2     3247     4    -5     T
     1134  0.4260000E+03  0.50000E+00    2     3251     4    -5     T
     1136  0.4270000E+03  0.50000E+00    2     3255     4    -5     T
     1138  0.4280000E+03  0.50000E+00    2     3259     4    -5     T
     1140  0.4290000E+03  0.50000E+00    2     3263     4    -5     T
     1142  0.4300000E+03  0.50000E+00    2     3267     4    -5     T
     1144  0.4310000E+03  0.50000E+00    2     3271     4    -5     T
     1146  0.4320000E+03  0.50000E+00    2     3275     4    -5     T
     1148  0.4330000E+03  0.50000E+00    2     3279     4    -5     T
     1150  0.4340000E+03  0.50000E+00    2     3283     4    -5     T
     1152  0.4350000E+03  0.50000E+00    2     3287     4    -5     T
     1154  0.4360000E+03  0.50000E+00    2     3291     4    -5     T
     1156  0.4370000E+03  0.50000E+00    2     3295     4    -5     T
     1158  0.4380000E+03  0.50000E+00    2     3299     4    -5     T
     1160  0.4390000E+03  0.50000E+00    2     3303     4    -5     T
     1162  0.4400000E+03  0.50000E+00    2     3307     4    -5     T
     1164  0.4410000E+03  0.50000E+00    2     3311     4    -5     T
     1166  0.4420000E+03  0.50000E+00    2     3315     4    -5     T
     1168  0.4430000E+03  0.50000E+00    2     3319     4    -5     T
     1170  0.4440000E+03  0.50000E+00    2     3323     4    -5     T
     1172  0.4450000E+03  0.50000E+00    2     3327     4    -5     T
     1174  0.4460000E+03  0.50000E+00    2     3331     4    -5     T
     1176  0.4470000E+03  0.50000E+00    2     3335     4    -5     T
     1178  0.4480000E+03  0.50000E+00    2     3339     4    -5     T
     1180  0.4490000E+03  0.50000E+00    2     3343     4    -5     T
     1182  0.4500000E+03  0.50000E+00    2     3347     4    -5     T
     1184  0.4510000E+03  0.50000E+00    2     3351     4    -5     T
     1186  0.4520000E+03  0.50000E+00    2     3355     4    -5     T
     1188  0.4530000E+03  0.50000E+00    2     3359     4    -5     T
     1190  0.4540000E+03  0.50000E+00    2     3363     4    -5     T
     1192  0.4550000E+03  0.50000E+00    2     3367     4    -5     T
     1194  0.4560000E+03  0.50000E+00    2     3371     4    -5     T
     1196  0.4570000E+03  0.50000E+00    2     3375    -4    -5     T
     1198  0.4580000E+03  0.50000E+00    2     3379    -4    -5     T
     1200  0.4590000E+03  0.50000E+00    2     3383    -4    -5     T
     1202  0.4600000E+03  0.50000E+00    2     3387    -4    -5     T
     1204  0.4610000E+03  0.50000E+00    2     3391    -4    -5     T
     1206  0.4620000E+03  0.50000E+00    2     3395    -4    -5     T
     1208  0.4630000E+03  0.50000E+00    2     3399    -4    -5     T
     1210  0.4640000E+03  0.50000E+00    2     3403    -4    -5     T
     1212  0.4650000E+03  0.50000E+00    2     3407    -4    -5     T
     1214  0.4660000E+03  0.50000E+00    2     3411    -4    -5     T
     1216  0.4670000E+03  0.50000E+00    2     3415    -4    -5     T
     1218  0.4680000E+03  0.50000E+00    2     3419    -4    -5     T
     1220  0.4690000E+03  0.50000E+00    2     3423    -4    -5     T
     1222  0.4700000E+03  0.50000E+00    2     3427    -4    -5     T
     1224  0.4710000E+03  0.50000E+00    2     3431    -4    -5     T
     1226  0.4720000E+03  0.50000E+00    2     3435    -4    -5     T
     1228  0.4730000E+03  0.50000E+00    2     3439    -4    -5     T
     1230  0.4740000E+03  0.50000E+00    2     3443    -4    -5     T
     1232  0.4750000E+03  0.50000E+00    2     3447    -4    -5     T
     1234  0.4760000E+03  0.50000E+00    2     3451    -4    -5     T
     1236  0.4770000E+03  0.50000E+00    2     3455    -4    -5     T
     1238  0.4780000E+03  0.50000E+00    2     3459    -4    -5     T
     1240  0.4790000E+03  0.50000E+00    2     3463    -4    -5     T
     1242  0.4800000E+03  0.50000E+00    2     3467    -4    -5     T
     1244  0.4810000E+03  0.50000E+00    2     3471    -4    -5     T
     1246  0.4820000E+03  0.50000E+00    2     3475    -4    -5     T
     1248  0.4830000E+03  0.50000E+00    2     3479    -4    -5     T
     1250  0.4840000E+03  0.50000E+00    2     3483    -4    -5     T
     1252  0.4850000E+03  0.50000E+00    2     3487    -4    -5     T
     1254  0.4860000E+03  0.50000E+00    2     3491    -4    -5     T
     1256  0.4870000E+03  0.50000E+00    2     3495    -4    -5     T
     1258  0.4880000E+03  0.50000E+00    2     3499    -4    -5     T
     1260  0.4890000E+03  0.50000E+00    2     3503    -4    -5     T
     1262  0.4900000E+03  0.50000E+00    2     3507    -4    -5     T
     1264  0.4910000E+03  0.50000E+00    2     3511    -4    -5     T
     1266  0.4920000E+03  0.50000E+00    2     3515    -4    -5     T
     1268  0.4930000E+03  0.50000E+00    2     3519    -4    -5     T
     1270  0.4940000E+03  0.50000E+00    2     3523    -4    -5     T
     1272  0.4950000E+03  0.50000E+00    2     3527    -4    -5     T
     1274  0.4960000E+03  0.50000E+00    2     3531    -4    -5     T
     1276  0.4970000E+03  0.50000E+00    2     3535    -4    -5     T
     1278  0.4980000E+03  0.50000E+00    2     3539    -4    -5     T
     1280  0.4990000E+03  0.50000E+00    2     3543    -4    -5     T
     1282  0.5000000E+03  0.50000E+00    2     3547    -4    -5     T
     1284  0.5010000E+03  0.50000E+00    2     3551    -4    -5     T
     1286  0.5020000E+03  0.50000E+00    2     3555    -4    -5     T
     1288  0.5030000E+03  0.50000E+00    2     3559    -4    -5     T
     1290  0.5040000E+03  0.50000E+00    2     3563    -4    -5     T
     1292  0.5050000E+03  0.50000E+00    2     3567    -4    -5     T
     1294  0.5060000E+03  0.50000E+00    2     3571    -4    -5     T
     1296  0.5070000E+03  0.50000E+00    2     3575    -4    -5     T
     1298  0.5080000E+03  0.50000E+00    2     3579    -4    -5     T
     1300  0.5090000E+03  0.50000E+00    2     3583    -4    -5     T
     1302  0.5100000E+03  0.50000E+00    2     3587    -4    -5     T
     1304  0.5110000E+03  0.50000E+00    2     3591    -4    -5     T
     1306  0.5120000E+03  0.50000E+00    2     3595    -4    -5     T
     1308  0.5130000E+03  0.50000E+00    2     3599    -4    -5     T
     1310  0.5140000E+03  0.50000E+00    2     3603    -4    -5     T
     1312  0.5150000E+03  0.50000E+00    2     3607    -4    -5     T
     1314  0.5160000E+03  0.50000E+00    2     3611    -4    -5     T
     1316  0.5170000E+03  0.50000E+00    2     3615    -4    -5     T
     1318  0.5180000E+03  0.50000E+00    2     3619    -4    -5     T
     1320  0.5190000E+03  0.50000E+00    2     3623    -4    -5     T
     1322  0.5200000E+03  0.50000E+00    2     3627    -4    -5     T
     1324  0.5210000E+03  0.50000E+00    2     3631    -4    -5     T
     1326  0.5220000E+03  0.50000E+00    2     3635    -4    -5     T
     1328  0.5230000E+03  0.50000E+00    2     3639    -4    -5     T
     1330  0.5240000E+03  0.50000E+00    2     3643    -4    -5     T
     1332  0.5250000E+03  0.50000E+00    2     3647    -4    -5     T
     1334  0.5260000E+03  0.50000E+00    2     3651    -4    -5     T
     1336  0.5270000E+03  0.50000E+00    2     3655    -4    -5     T
     1338  0.5280000E+03  0.50000E+00    2     3659    -4    -5     T
     1388  0.5290000E+03  0.49986E-01    6     3908    -4    -5     T
     1410  0.5300000E+03  0.64902E-01    6     3998    -4    -5     T
     1426  0.5310000E+03  0.81922E-01    5     4066    -4    -5     T
     1440  0.5320000E+03  0.70499E-01    5     4125    -4    -5     T
     1454  0.5330000E+03  0.70499E-01    4     4184    -4    -5     T
     1472  0.5340000E+03  0.37768E-01    6     4286    -4    -5     T
     1497  0.5350000E+03  0.49930E-01    3     4399    -4    -5     T
     1509  0.5360000E+03  0.11336E+00    4     4445    -4    -5     T
     1516  0.5370000E+03  0.17143E+00    4     4471    -4    -5     T
     1521  0.5380000E+03  0.20833E+00    3     4488    -4    -5     T
     1524  0.5390000E+03  0.33333E+00    4     4500    -4    -5     T
     1527  0.5400000E+03  0.33333E+00    3     4509    -4    -5     T
     1529  0.5410000E+03  0.50000E+00    4     4517    -4    -5     T
     1531  0.5420000E+03  0.50000E+00    3     4523    -4    -5     T
     1533  0.5430000E+03  0.50000E+00    2     4528    -4    -5     T
     1535  0.5440000E+03  0.50000E+00    3     4533    -4    -5     T
     1537  0.5450000E+03  0.50000E+00    3     4538    -4    -5     T
     1539  0.5460000E+03  0.50000E+00    3     4543    -4    -5     T
     1541  0.5470000E+03  0.50000E+00    3     4548    -4    -5     T
     1543  0.5480000E+03  0.50000E+00    3     4553    -4    -5     T
     1575  0.5490000E+03  0.57980E-01    5     4716    -4    -5     T
     1585  0.5500000E+03  0.28206E+00    4     4752    -4    -5     T
     1610  0.5510000E+03  0.42572E-01    4     4875    -4    -5     T
     1621  0.5520000E+03  0.28084E+00    4     4913    -4    -5     T
     1630  0.5530000E+03  0.95566E-01    4     4963    -4    -5     T
     1638  0.5540000E+03  0.16000E+00    3     4993    -4    -5     T
     1647  0.5550000E+03  0.12749E+00    4     5036    -4    -5     T
     1653  0.5560000E+03  0.19048E+00    3     5059    -4    -5     T
     1660  0.5570000E+03  0.23810E+00    6     5095    -4    -5     T
     1665  0.5580000E+03  0.25200E+00    4     5115    -4    -5     T
     1670  0.5590000E+03  0.20000E+00    4     5135    -4    -5     T
     1675  0.5600000E+03  0.20000E+00    4     5155    -4    -5     T
     1679  0.5610000E+03  0.30000E+00    4     5170    -4    -5     T
     1683  0.5620000E+03  0.25000E+00    3     5185    -4    -5     T
     1686  0.5630000E+03  0.33333E+00    4     5197    -4    -5     T
     1689  0.5640000E+03  0.33333E+00    3     5207    -4    -5     T
     1691  0.5650000E+03  0.50000E+00    4     5215    -4    -5     T
     1693  0.5660000E+03  0.50000E+00    4     5223    -4    -5     T
     1695  0.5670000E+03  0.50000E+00    3     5229    -4    -5     T
     1697  0.5680000E+03  0.50000E+00    3     5235    -4    -5     T
     1699  0.5690000E+03  0.50000E+00    3     5241    -4    -5     T
     1701  0.5700000E+03  0.50000E+00    3     5246    -4    -5     T
     1703  0.5710000E+03  0.50000E+00    2     5250    -4    -5     T
     1705  0.5720000E+03  0.50000E+00    2     5254    -4    -5     T
     1707  0.5730000E+03  0.50000E+00    2     5258    -4    -5     T
     1709  0.5740000E+03  0.50000E+00    2     5262    -4    -5     T
     1711  0.5750000E+03  0.50000E+00    2     5266    -4    -5     T
     1713  0.5760000E+03  0.50000E+00    2     5270    -4    -5     T
     1715  0.5770000E+03  0.50000E+00    2     5274    -4    -5     T
     1717  0.5780000E+03  0.50000E+00    2     5278    -4    -5     T
     1719  0.5790000E+03  0.50000E+00    2     5282    -4    -5     T
     1721  0.5800000E+03  0.50000E+00    2     5286    -4    -5     T
     1723  0.5810000E+03  0.50000E+00    2     5290    -4    -5     T
     1725  0.5820000E+03  0.50000E+00    3     5295    -4    -5     T
     1727  0.5830000E+03  0.50000E+00    3     5300    -4    -5     T
     1729  0.5840000E+03  0.50000E+00    2     5304    -4    -5     T
     1731  0.5850000E+03  0.50000E+00    2     5308    -4    -5     T
     1733  0.5860000E+03  0.50000E+00    2     5312    -4    -5     T
     1735  0.5870000E+03  0.50000E+00    2     5316    -4    -5     T
     1737  0.5880000E+03  0.50000E+00    2     5320    -4    -5     T
     1739  0.5890000E+03  0.50000E+00    2     5324    -4    -5     T
     1741  0.5900000E+03  0.50000E+00    2     5328    -4    -5     T
     1743  0.5910000E+03  0.50000E+00    2     5332    -4    -5     T
     1745  0.5920000E+03  0.50000E+00    2     5336    -4    -5     T
     1747  0.5930000E+03  0.50000E+00    2     5340    -4    -5     T
     1749  0.5940000E+03  0.50000E+00    2     5344    -4    -5     T
     1751  0.5950000E+03  0.50000E+00    2     5348    -4    -5     T
     1753  0.5960000E+03  0.50000E+00    2     5352    -4    -5     T
     1755  0.5970000E+03  0.50000E+00    2     5356    -4    -5     T
     1757  0.5980000E+03  0.50000E+00    2     5360    -4    -5     T
     1759  0.5990000E+03  0.50000E+00    2     5364    -4    -5     T
     1761  0.6000000E+03  0.50000E+00    2     5368    -4    -5     T
     1763  0.6010000E+03  0.50000E+00    2     5372    -4    -5     T
     1765  0.6020000E+03  0.50000E+00    2     5376    -4    -5     T
     1767  0.6030000E+03  0.50000E+00    2     5380    -4    -5     T
     1769  0.6040000E+03  0.50000E+00    2     5384    -4    -5     T
     1771  0.6050000E+03  0.50000E+00    2     5388    -4    -5     T
     1773  0.6060000E+03  0.50000E+00    2     5392    -4    -5     T
     1775  0.6070000E+03  0.50000E+00    2     5396    -4    -5     T
     1777  0.6080000E+03  0.50000E+00    2     5400    -4    -5     T
     1779  0.6090000E+03  0.50000E+00    2     5404    -4    -5     T
     1781  0.6100000E+03  0.50000E+00    2     5408    -4    -5     T
     1783  0.6110000E+03  0.50000E+00    2     5415    -4    -5     T
     1785  0.6120000E+03  0.50000E+00    2     5420    -4    -5     T
     1787  0.6130000E+03  0.50000E+00    2     5424    -4    -5     T
     1789  0.6140000E+03  0.50000E+00    2     5428    -4    -5     T
     1791  0.6150000E+03  0.50000E+00    2     5432    -4    -5     T
     1793  0.6160000E+03  0.50000E+00    2     5436    -4    -5     T
     1795  0.6170000E+03  0.50000E+00    2     5440    -4    -5     T
     1797  0.6180000E+03  0.50000E+00    2     5444    -4    -5     T
     1799  0.6190000E+03  0.50000E+00    2     5448    -4    -5     T
     1801  0.6200000E+03  0.50000E+00    2     5452    -4    -5     T
     1803  0.6210000E+03  0.50000E+00    2     5456    -4    -5     T
     1805  0.6220000E+03  0.50000E+00    2     5460    -4    -5     T
     1807  0.6230000E+03  0.50000E+00    2     5464    -4    -5     T
     1809  0.6240000E+03  0.50000E+00    2     5468    -4    -5     T
     1811  0.6250000E+03  0.50000E+00    2     5472    -4    -5     T
     1813  0.6260000E+03  0.50000E+00    2     5476    -4    -5     T
     1815  0.6270000E+03  0.50000E+00    2     5480    -4    -5     T
     1817  0.6280000E+03  0.50000E+00    2     5484    -4    -5     T
     1819  0.6290000E+03  0.50000E+00    2     5488    -4    -5     T
     1821  0.6300000E+03  0.50000E+00    2     5492    -4    -5     T
     1823  0.6310000E+03  0.50000E+00    2     5496    -4    -5     T
     1825  0.6320000E+03  0.50000E+00    2     5500    -4    -5     T
     1827  0.6330000E+03  0.50000E+00    2     5504    -4    -5     T
     1829  0.6340000E+03  0.50000E+00    2     5508    -4    -5     T
     1831  0.6350000E+03  0.50000E+00    2     5512    -4    -5     T
     1833  0.6360000E+03  0.50000E+00    2     5516    -4    -5     T
     1835  0.6370000E+03  0.50000E+00    2     5520    -4    -5     T
     1837  0.6380000E+03  0.50000E+00    2     5524    -4    -5     T
     1839  0.6390000E+03  0.50000E+00    2     5528    -4    -5     T
     1848  0.6400000E+03  0.13481E+00    2     5571     4    -5     T
     1852  0.6410000E+03  0.26667E+00    2     5579     4    -5     T
     1854  0.6420000E+03  0.50000E+00    2     5584     4    -5     T
     1856  0.6430000E+03  0.50000E+00    2     5588     4    -5     T
     1858  0.6440000E+03  0.50000E+00    2     5592     4    -5     T
     1860  0.6450000E+03  0.50000E+00    2     5596     4    -5     T
     1862  0.6460000E+03  0.50000E+00    2     5600     4    -5     T
     1864  0.6470000E+03  0.50000E+00    2     5604     4    -5     T
     1866  0.6480000E+03  0.50000E+00    2     5608     4    -5     T
     1868  0.6490000E+03  0.50000E+00    2     5612     4    -5     T
     1870  0.6500000E+03  0.50000E+00    2     5616     4    -5     T
     1872  0.6510000E+03  0.50000E+00    2     5620     4    -5     T
     1874  0.6520000E+03  0.50000E+00    2     5624     4    -5     T
     1876  0.6530000E+03  0.50000E+00    2     5628     4    -5     T
     1878  0.6540000E+03  0.50000E+00    2     5632     4    -5     T
     1880  0.6550000E+03  0.50000E+00    2     5636     4    -5     T
     1882  0.6560000E+03  0.50000E+00    2     5640     4    -5     T
     1884  0.6570000E+03  0.50000E+00    2     5644     4    -5     T
     1886  0.6580000E+03  0.50000E+00    2     5648     4    -5     T
     1888  0.6590000E+03  0.50000E+00    2     5652     4    -5     T
     1890  0.6600000E+03  0.50000E+00    2     5656     4    -5     T
     1892  0.6610000E+03  0.50000E+00    2     5660     4    -5     T
     1894  0.6620000E+03  0.50000E+00    2     5664     4    -5     T
     1896  0.6630000E+03  0.50000E+00    2     5668     4    -5     T
     1898  0.6640000E+03  0.50000E+00    2     5672     4    -5     T
     1900  0.6650000E+03  0.50000E+00    2     5676     4    -5     T
     1902  0.6660000E+03  0.50000E+00    2     5680     4    -5     T
     1904  0.6670000E+03  0.50000E+00    2     5684     4    -5     T
     1906  0.6680000E+03  0.50000E+00    2     5688     4    -5     T
     1908  0.6690000E+03  0.50000E+00    2     5692     4    -5     T
     1910  0.6700000E+03  0.50000E+00    2     5696     4    -5     T
     1912  0.6710000E+03  0.50000E+00    2     5700     4    -5     T
     1914  0.6720000E+03  0.50000E+00    2     5704     4    -5     T
     1916  0.6730000E+03  0.50000E+00    2     5708     4    -5     T
     1918  0.6740000E+03  0.50000E+00    2     5712     4    -5     T
     1920  0.6750000E+03  0.50000E+00    2     5716     4    -5     T
     1922  0.6760000E+03  0.50000E+00    2     5720     4    -5     T
     1924  0.6770000E+03  0.50000E+00    2     5724     4    -5     T
     1926  0.6780000E+03  0.50000E+00    2     5728     4    -5     T
     1928  0.6790000E+03  0.50000E+00    2     5732     4    -5     T
     1930  0.6800000E+03  0.50000E+00    2     5736     4    -5     T
     1932  0.6810000E+03  0.50000E+00    2     5740     4    -5     T
     1934  0.6820000E+03  0.50000E+00    2     5744     4    -5     T
     1936  0.6830000E+03  0.50000E+00    2     5748     4    -5     T
     1938  0.6840000E+03  0.50000E+00    2     5752     4    -5     T
     1940  0.6850000E+03  0.50000E+00    2     5756     4    -5     T
     1942  0.6860000E+03  0.50000E+00    2     5760     4    -5     T
     1944  0.6870000E+03  0.50000E+00    2     5764     4    -5     T
     1946  0.6880000E+03  0.50000E+00    2     5768     4    -5     T
     1948  0.6890000E+03  0.50000E+00    2     5772     4    -5     T
     1950  0.6900000E+03  0.50000E+00    2     5776     4    -5     T
     1952  0.6910000E+03  0.50000E+00    2     5780     4    -5     T
     1954  0.6920000E+03  0.50000E+00    2     5784     4    -5     T
     1956  0.6930000E+03  0.50000E+00    2     5788     4    -5     T
     1958  0.6940000E+03  0.50000E+00    2     5792     4    -5     T
     1960  0.6950000E+03  0.50000E+00    2     5796     4    -5     T
     1962  0.6960000E+03  0.50000E+00    2     5800     4    -5     T
     1964  0.6970000E+03  0.50000E+00    2     5804     4    -5     T
     1966  0.6980000E+03  0.50000E+00    2     5808     4    -5     T
     1968  0.6990000E+03  0.50000E+00    2     5812     4    -5     T
     1970  0.7000000E+03  0.50000E+00    2     5816     4    -5     T
     1972  0.7010000E+03  0.50000E+00    2     5820     4    -5     T
     1974  0.7020000E+03  0.50000E+00    2     5824     4    -5     T
     1976  0.7030000E+03  0.50000E+00    2     5828     4    -5     T
     1978  0.7040000E+03  0.50000E+00    2     5832     4    -5     T
     1980  0.7050000E+03  0.50000E+00    2     5836     4    -5     T
     1982  0.7060000E+03  0.50000E+00    2     5840     4    -5     T
     1984  0.7070000E+03  0.50000E+00    2     5844     4    -5     T
     1986  0.7080000E+03  0.50000E+00    2     5848     4    -5     T
     1988  0.7090000E+03  0.50000E+00    2     5852     4    -5     T
     1990  0.7100000E+03  0.50000E+00    2     5856     4    -5     T
     1992  0.7110000E+03  0.50000E+00    2     5860     4    -5     T
     1994  0.7120000E+03  0.50000E+00    2     5864     4    -5     T
     1996  0.7130000E+03  0.50000E+00    2     5868     4    -5     T
     1998  0.7140000E+03  0.50000E+00    2     5872     4    -5     T
     2000  0.7150000E+03  0.50000E+00    2     5876     4    -5     T
     2002  0.7160000E+03  0.50000E+00    2     5880     4    -5     T
     2004  0.7170000E+03  0.50000E+00    2     5884     4    -5     T
     2006  0.7180000E+03  0.50000E+00    2     5888     4    -5     T
     2008  0.7190000E+03  0.50000E+00    2     5892     4    -5     T
     2010  0.7200000E+03  0.50000E+00    2     5896     4    -5     T
     2012  0.7210000E+03  0.50000E+00    2     5900     4    -5     T
     2014  0.7220000E+03  0.50000E+00    2     5904     4    -5     T
     2016  0.7230000E+03  0.50000E+00    2     5908     4    -5     T
     2018  0.7240000E+03  0.50000E+00    2     5912     4    -5     T
     2020  0.7250000E+03  0.50000E+00    2     5916     4    -5     T
     2022  0.7260000E+03  0.50000E+00    2     5920     4    -5     T
     2024  0.7270000E+03  0.50000E+00    2     5924     4    -5     T
     2026  0.7280000E+03  0.50000E+00    2     5928     4    -5     T
     2028  0.7290000E+03  0.50000E+00    2     5932     4    -5     T
     2030  0.7300000E+03  0.50000E+00    2     5936     4    -5     T
     2032  0.7310000E+03  0.50000E+00    2     5940    -4    -5     T
     2034  0.7320000E+03  0.50000E+00    2     5944     4    -5     T
     2036  0.7330000E+03  0.50000E+00    2     5948     4    -5     T
     2038  0.7340000E+03  0.50000E+00    2     5952     4    -5     T
     2040  0.7350000E+03  0.50000E+00    2     5956     4    -5     T
     2042  0.7360000E+03  0.50000E+00    2     5960     4    -5     T
     2044  0.7370000E+03  0.50000E+00    2     5964     4    -5     T
     2046  0.7380000E+03  0.50000E+00    2     5968     4    -5     T
     2048  0.7390000E+03  0.50000E+00    2     5972     4    -5     T
     2050  0.7400000E+03  0.50000E+00    2     5976     4    -5     T
     2052  0.7410000E+03  0.50000E+00    2     5980     4    -5     T
     2054  0.7420000E+03  0.50000E+00    2     5984     4    -5     T
     2056  0.7430000E+03  0.50000E+00    2     5988     4    -5     T
     2058  0.7440000E+03  0.50000E+00    2     5992     4    -5     T
     2060  0.7450000E+03  0.50000E+00    2     5996     4    -5     T
     2062  0.7460000E+03  0.50000E+00    2     6000     4    -5     T
     2064  0.7470000E+03  0.50000E+00    2     6004     4    -5     T
     2066  0.7480000E+03  0.50000E+00    2     6008     4    -5     T
     2068  0.7490000E+03  0.50000E+00    2     6012     4    -5     T
     2070  0.7500000E+03  0.50000E+00    2     6016     4    -5     T
     2072  0.7510000E+03  0.50000E+00    2     6020     4    -5     T
     2074  0.7520000E+03  0.50000E+00    2     6024     4    -5     T
     2076  0.7530000E+03  0.50000E+00    2     6028     4    -5     T
     2078  0.7540000E+03  0.50000E+00    2     6032     4    -5     T
     2080  0.7550000E+03  0.50000E+00    2     6036     4    -5     T
     2082  0.7560000E+03  0.50000E+00    2     6040     4    -5     T
end
